
.Version 8.0.3 of ABINIT 
.(MPI version, prepared for a x86_64_linux_gnu5.3 computer) 

.Copyright (C) 1998-2018 ABINIT group . 
 ABINIT comes with ABSOLUTELY NO WARRANTY.
 It is free software, and you are welcome to redistribute it
 under certain conditions (GNU General Public License,
 see ~abinit/COPYING or http://www.gnu.org/copyleft/gpl.txt).

 ABINIT is a project of the Universite Catholique de Louvain,
 Corning Inc. and other collaborators, see ~abinit/doc/developers/contributors.txt .
 Please read ~abinit/doc/users/acknowledgments.html for suggested
 acknowledgments of the ABINIT effort.
 For more information, see https://www.abinit.org .

.Starting date : Mon  4 Apr 2016.
- ( at 06h18 )
  
- input  file    -> t23.in
- output file    -> t23.out
- root for input  files -> t23i
- root for output files -> t23o


 Symmetries : space group P1 (#  1); Bravais aP (primitive triclinic)
================================================================================
 Values of the parameters that define the memory need of the present run
     intxc =       1    ionmov =       0      iscf =      -2    lmnmax =       2
     lnmax =       2     mgfft =      24  mpssoang =       3    mqgrid =    3001
     natom =       2  nloc_mem =       1    nspden =       2   nspinor =       1
    nsppol =       2      nsym =       1    n1xccc =    2501    ntypat =       1
    occopt =       2   xclevel =       1
-    mband =           8        mffmem =           1         mkmem =           2
       mpw =         162          nfft =        6144          nkpt =           2
================================================================================
P This job should need less than                       1.684 Mbytes of memory.
P Max. in main chain + fourwf.f
P            9 blocks of mpw  integer numbers, for      0.006 Mbytes.
P          103 blocks of mpw  real(dp)  numbers, for      0.127 Mbytes.
P           21 blocks of nfft real(dp)  numbers, for      0.984 Mbytes.
P              Additional     real(dp)  numbers, for      0.330 Mbytes.
P              With residue estimated to be             0.237 Mbytes.
P
P Comparison of the memory needs of different chains
P Main chain + fourwf.f                 1.684 Mbytes.
P Main chain + nonlop.f + opernl.f      1.549 Mbytes.
P XC chain                              1.664 Mbytes.
P mkrho chain                           1.139 Mbytes.
P fourdp chain                          1.139 Mbytes.
- parallel k-point chain                1.327 Mbytes.
P newvtr chain                          1.139 Mbytes.
  Rough estimation (10% accuracy) of disk space for files :
_ WF disk file :      0.081 Mbytes ; DEN or POT disk file :      0.096 Mbytes.
================================================================================

--------------------------------------------------------------------------------
------------- Echo of variables that govern the present computation ------------
--------------------------------------------------------------------------------
-
- outvars: echo of selected default values                                      
-   accesswff0 =  0 , fftalg0 =312 , wfoptalg0 =  0
-
- outvars: echo of global parameters not present in the input file              
-  max_nthreads =    0
-
 -outvars: echo values of preprocessed input variables --------
            acell      1.0000000000E+01  6.0000000000E+00  6.0000000000E+00 Bohr
              amu      2.80855000E+01
             ecut      7.00000000E+00 Hartree
           enunit           2
-          fftalg         312
            intxc           1
           irdwfk           1
             iscf          -2
           istwfk        2    3
              kpt      0.00000000E+00  0.00000000E+00  0.00000000E+00
                       5.00000000E-01  0.00000000E+00  0.00000000E+00
           kptopt           0
P           mkmem           2
            natom           2
            nband           8       8       8       8
            ngfft          24      16      16
             nkpt           2
            nline           8
           nspden           2
           nsppol           2
            nstep          50
             nsym           1
            ntime          10
           ntypat           1
           occopt           2
           prtvol          10
          spgroup           1
           timopt          -1
           tolwfr      1.00000000E-10
            typat      1  1
           xangst     -1.1229140366E+00  0.0000000000E+00  0.0000000000E+00
                       1.1229140366E+00  0.0000000000E+00  0.0000000000E+00
            xcart     -2.1220000000E+00  0.0000000000E+00  0.0000000000E+00
                       2.1220000000E+00  0.0000000000E+00  0.0000000000E+00
             xred     -2.1220000000E-01  0.0000000000E+00  0.0000000000E+00
                       2.1220000000E-01  0.0000000000E+00  0.0000000000E+00
            znucl       14.00000

================================================================================

 chkinp: Checking input parameters for consistency.

================================================================================
== DATASET  1 ==================================================================
-   nproc =    1

 Exchange-correlation functional for the present dataset will be:
  LDA: new Teter (4/93) with spin-polarized option - ixc=1
 Citation for XC functional:
  S. Goedecker, M. Teter, J. Huetter, PRB 54, 1703 (1996)

 Real(R)+Recip(G) space primitive vectors, cartesian coordinates (Bohr,Bohr^-1):
 R(1)= 10.0000000  0.0000000  0.0000000  G(1)=  0.1000000  0.0000000  0.0000000
 R(2)=  0.0000000  6.0000000  0.0000000  G(2)=  0.0000000  0.1666667  0.0000000
 R(3)=  0.0000000  0.0000000  6.0000000  G(3)=  0.0000000  0.0000000  0.1666667
 Unit cell volume ucvol=  3.6000000E+02 bohr^3
 Angles (23,13,12)=  9.00000000E+01  9.00000000E+01  9.00000000E+01 degrees

 getcut: wavevector=  0.0000  0.0000  0.0000  ngfft=  24  16  16
         ecut(hartree)=      7.000   => boxcut(ratio)=   2.01510

--- Pseudopotential description ------------------------------------------------
- pspini: atom type   1  psp file is /home/gonze/ABINIT/ABINITv8.0.3/gonze/8.0.3-private/tests/Psps_for_tests/14si.pspnc
- pspatm: opening atomic psp file    /home/gonze/ABINIT/ABINITv8.0.3/gonze/8.0.3-private/tests/Psps_for_tests/14si.pspnc
-  Troullier-Martins psp for element  Si        Thu Oct 27 17:31:21 EDT 1994
- 14.00000   4.00000    940714                znucl, zion, pspdat
    1    1    2    2      2001   0.00000      pspcod,pspxc,lmax,lloc,mmax,r2well
    0   5.907  14.692    1   2.0872718        l,e99.0,e99.9,nproj,rcpsp
   0.00000000   0.00000000   0.00000000   0.00000000     rms, ekb1, ekb2, epsatm
    1   2.617   4.181    1   2.0872718        l,e99.0,e99.9,nproj,rcpsp
   0.00000000   0.00000000   0.00000000   0.00000000     rms, ekb1, ekb2, epsatm
    2   0.000   0.000    0   2.0872718        l,e99.0,e99.9,nproj,rcpsp
   0.00000000   0.00000000   0.00000000   0.00000000     rms, ekb1, ekb2, epsatm
    1.80626423934776    0.22824404341771    1.17378968127746   rchrg,fchrg,qchrg
 pspatm : epsatm=    1.43386982
         --- l  ekb(1:nproj) -->
             0    3.287949
             1    1.849886
 pspatm: atomic psp has been read  and splines computed

--------------------------------------------------------------------------------

-inwffil : will read wavefunctions from disk file t23i_WFK
- newkpt: read input wf with ikpt,npw=   1     152, make ikpt,npw=   1     152
- newkpt: read input wf with ikpt,npw=   1     152, make ikpt,npw=   2     162
- newkpt: read input wf with ikpt,npw=   1     152, make ikpt,npw=   1     152
- newkpt: read input wf with ikpt,npw=   1     152, make ikpt,npw=   2     162

================================================================================
 prteigrs : about to open file t23o_EIG

 SPIN UP channel
 Non-SCF case, kpt    1 (  0.00000  0.00000  0.00000), residuals and eigenvalues=
  5.41E-14  2.53E-13  2.77E-13  2.21E-13  2.24E-13  6.16E-11  1.74E-11  8.79E-11
 -2.7817E-01 -9.9960E-02 -2.6743E-02  2.0067E-01  2.0067E-01  3.2987E-01
  3.2987E-01  3.3381E-01
 Non-SCF case, kpt    2 (  0.50000  0.00000  0.00000), residuals and eigenvalues=
  3.45E-11  4.32E-11  2.78E-11  8.07E-12  2.35E-11  5.72E-11  2.54E-11  7.04E-11
 -2.6261E-01 -1.7170E-01  1.1636E-01  2.0760E-01  2.1353E-01  2.1353E-01
  2.9008E-01  2.9008E-01

 SPIN DOWN channel
 Non-SCF case, kpt    1 (  0.00000  0.00000  0.00000), residuals and eigenvalues=
  5.65E-14  3.95E-13  3.97E-13  3.57E-11  2.75E-11  3.36E-11  9.79E-11  5.72E-11
 -2.4114E-01 -6.5878E-02 -4.3157E-03  2.4494E-01  2.4494E-01  3.5990E-01
  3.6244E-01  3.7125E-01
 Non-SCF case, kpt    2 (  0.50000  0.00000  0.00000), residuals and eigenvalues=
  5.46E-11  8.42E-11  2.47E-11  9.25E-11  5.02E-11  4.59E-11  4.36E-11  9.61E-11
 -2.2225E-01 -1.4607E-01  1.4417E-01  2.3575E-01  2.6060E-01  2.6060E-01
  3.2573E-01  3.2573E-01

 Integrated electronic and magnetization densities in atomic spheres:
 ---------------------------------------------------------------------
 Note: Diff(up-dn) is a rough approximation of local magnetic moment
 Atom    Radius    up_density   dn_density  Total(up+dn)  Diff(up-dn)
    1   2.00000     1.016613     0.569849      1.586462     0.446765
    2   2.00000     1.016616     0.569849      1.586465     0.446767
 ---------------------------------------------------------------------
  Sum:              2.033229     1.139698      3.172927     0.893532
 Total magnetization (from the atomic spheres):             0.893532
 Total magnetization (exact up - dn):                       2.000000
================================================================================

 ----iterations are completed or convergence reached----

 Mean square residual over all n,k,spin=   3.7570E-11; max=  9.7903E-11
   0.0000  0.0000  0.0000    1  8.78680E-11 kpt; spin; max resid(k); each band:
  5.41E-14 2.53E-13 2.77E-13 2.21E-13 2.24E-13 6.16E-11 1.74E-11 8.79E-11
   0.5000  0.0000  0.0000    1  7.03594E-11 kpt; spin; max resid(k); each band:
  3.45E-11 4.32E-11 2.78E-11 8.07E-12 2.35E-11 5.72E-11 2.54E-11 7.04E-11
   0.0000  0.0000  0.0000    2  9.79029E-11 kpt; spin; max resid(k); each band:
  5.65E-14 3.95E-13 3.97E-13 3.57E-11 2.75E-11 3.36E-11 9.79E-11 5.72E-11
   0.5000  0.0000  0.0000    2  9.60561E-11 kpt; spin; max resid(k); each band:
  5.46E-11 8.42E-11 2.47E-11 9.25E-11 5.02E-11 4.59E-11 4.36E-11 9.61E-11
 reduced coordinates (array xred) for    2 atoms
      -0.212200000000      0.000000000000      0.000000000000
       0.212200000000      0.000000000000      0.000000000000

 cartesian coordinates (angstrom) at end:
    1     -1.12291403662798     0.00000000000000     0.00000000000000
    2      1.12291403662798     0.00000000000000     0.00000000000000
 length scales= 10.000000000000  6.000000000000  6.000000000000 bohr
              =  5.291772085900  3.175063251540  3.175063251540 angstroms
 prteigrs : about to open file t23o_EIG
 Eigenvalues (hartree) for nkpt=   2  k points, SPIN UP:
 kpt#   1, nband=  8, wtk=  1.00000, kpt=  0.0000  0.0000  0.0000 (reduced coord)
  -0.27817   -0.09996   -0.02674    0.20067    0.20067    0.32987    0.32987    0.33381
 kpt#   2, nband=  8, wtk=  1.00000, kpt=  0.5000  0.0000  0.0000 (reduced coord)
  -0.26261   -0.17170    0.11636    0.20760    0.21353    0.21353    0.29008    0.29008
 Eigenvalues (hartree) for nkpt=   2  k points, SPIN DOWN:
 kpt#   1, nband=  8, wtk=  1.00000, kpt=  0.0000  0.0000  0.0000 (reduced coord)
  -0.24114   -0.06588   -0.00432    0.24494    0.24494    0.35990    0.36244    0.37125
 kpt#   2, nband=  8, wtk=  1.00000, kpt=  0.5000  0.0000  0.0000 (reduced coord)
  -0.22225   -0.14607    0.14417    0.23575    0.26060    0.26060    0.32573    0.32573
 Eigenvalues (   eV  ) for nkpt=   2  k points, SPIN UP:
 kpt#   1, nband=  8, wtk=  1.00000, kpt=  0.0000  0.0000  0.0000 (reduced coord)
  -7.56937   -2.72005   -0.72771    5.46063    5.46063    8.97631    8.97631    9.08341
 kpt#   2, nband=  8, wtk=  1.00000, kpt=  0.5000  0.0000  0.0000 (reduced coord)
  -7.14601   -4.67225    3.16620    5.64905    5.81051    5.81051    7.89349    7.89349
 Eigenvalues (   eV  ) for nkpt=   2  k points, SPIN DOWN:
 kpt#   1, nband=  8, wtk=  1.00000, kpt=  0.0000  0.0000  0.0000 (reduced coord)
  -6.56188   -1.79264   -0.11744    6.66503    6.66503    9.79327    9.86237   10.10216
 kpt#   2, nband=  8, wtk=  1.00000, kpt=  0.5000  0.0000  0.0000 (reduced coord)
  -6.04772   -3.97464    3.92317    6.41509    7.09141    7.09141    8.86344    8.86344
 Total charge density [el/Bohr^3]
      Maximum=    7.7261E-02  at reduced coord.    0.0000    0.0000    0.0000
 Next maximum=    7.5218E-02  at reduced coord.    0.0417    0.0000    0.0000
      Minimum=    2.6458E-03  at reduced coord.    0.0000    0.5000    0.5000
 Next minimum=    2.7199E-03  at reduced coord.    0.0417    0.5000    0.5000
   Integrated=    8.0000E+00
 Spin up density      [el/Bohr^3]
      Maximum=    4.1065E-02  at reduced coord.    0.1250    0.8750    0.1250
 Next maximum=    4.1065E-02  at reduced coord.    0.1250    0.8750    0.8750
      Minimum=    1.2642E-03  at reduced coord.    0.0000    0.5000    0.5000
 Next minimum=    1.3014E-03  at reduced coord.    0.0417    0.5000    0.5000
   Integrated=    5.0000E+00
 Spin down density    [el/Bohr^3]
      Maximum=    3.8888E-02  at reduced coord.    0.0000    0.0000    0.0000
 Next maximum=    3.7834E-02  at reduced coord.    0.0417    0.0000    0.0000
      Minimum=    1.3816E-03  at reduced coord.    0.0000    0.5000    0.5000
 Next minimum=    1.4184E-03  at reduced coord.    0.0417    0.5000    0.5000
   Integrated=    3.0000E+00
 Magnetization (spin up - spin down) [el/Bohr^3]
      Maximum=    2.4887E-02  at reduced coord.    0.1667    0.1250    0.8125
 Next maximum=    2.4887E-02  at reduced coord.    0.1667    0.8125    0.1250
      Minimum=   -1.3129E-03  at reduced coord.    0.3750    0.0000    0.0000
 Next minimum=   -1.3129E-03  at reduced coord.    0.6250    0.0000    0.0000
   Integrated=    2.0000E+00
 Relative magnetization (=zeta, between -1 and 1)
      Maximum=    4.7898E-01  at reduced coord.    0.1250    0.2500    0.7500
 Next maximum=    4.7898E-01  at reduced coord.    0.1250    0.2500    0.2500
      Minimum=   -4.4372E-02  at reduced coord.    0.0000    0.5000    0.5000
 Next minimum=   -4.3020E-02  at reduced coord.    0.0417    0.5000    0.5000

== END DATASET(S) ==============================================================
================================================================================
  
 -outvars: echo values of variables after computation  --------
            acell      1.0000000000E+01  6.0000000000E+00  6.0000000000E+00 Bohr
              amu      2.80855000E+01
             ecut      7.00000000E+00 Hartree
           enunit           2
-          fftalg         312
            intxc           1
           irdwfk           1
             iscf          -2
           istwfk        2    3
              kpt      0.00000000E+00  0.00000000E+00  0.00000000E+00
                       5.00000000E-01  0.00000000E+00  0.00000000E+00
           kptopt           0
P           mkmem           2
            natom           2
            nband           8       8       8       8
            ngfft          24      16      16
             nkpt           2
            nline           8
           nspden           2
           nsppol           2
            nstep          50
             nsym           1
            ntime          10
           ntypat           1
           occopt           2
           prtvol          10
          spgroup           1
           timopt          -1
           tolwfr      1.00000000E-10
            typat      1  1
           xangst     -1.1229140366E+00  0.0000000000E+00  0.0000000000E+00
                       1.1229140366E+00  0.0000000000E+00  0.0000000000E+00
            xcart     -2.1220000000E+00  0.0000000000E+00  0.0000000000E+00
                       2.1220000000E+00  0.0000000000E+00  0.0000000000E+00
             xred     -2.1220000000E-01  0.0000000000E+00  0.0000000000E+00
                       2.1220000000E-01  0.0000000000E+00  0.0000000000E+00
            znucl       14.00000

================================================================================

 Test the timer : 
  a combined call timab(*,1,tsec) + timab(*,2,tsec) is 
- CPU time =    8.8040E-05 sec,    Wall time =    1.1008E-05 sec

- Total cpu        time (s,m,h):          2.3        0.04      0.001
- Total wall clock time (s,m,h):          0.8        0.01      0.000
-
- For major independent code sections, cpu and wall times (sec),
-  as well as % of the time and number of calls for node 0-
-<BEGIN_TIMER mpi_nprocs = 1, omp_nthreads = 1, mpi_rank = 0>
- cpu_time =            2.3, wall_time =            0.8
-
- routine                        cpu     %       wall     %      number of calls  Gflops 
-                                                                  (-1=no count)
- fourwf%(pot)                   0.660  28.9      0.086  11.1            634      -1.00    
- pspini                         0.350  15.3      0.351  45.5              1      -1.00    
- vtowfk(ssdiag)                 0.149   6.5      0.019   2.5             -1      -1.00    
- timing timab                   0.132   5.8      0.017   2.1              2      -1.00    
- projbd                         0.101   4.4      0.013   1.7            948      -1.00    
- invars2                        0.098   4.3      0.098  12.7              1      -1.00    
- getghc-other                   0.095   4.2      0.012   1.6             -1      -1.00    
- nonlop(apply)                  0.091   4.0      0.014   1.8            634      -1.00    
- abinit(2)                      0.029   1.3      0.029   3.7              1      -1.00    
- ewald                          0.004   0.2      0.004   0.5              1      -1.00    
- vtowfk(contrib)                0.003   0.1      0.000   0.0              4      -1.00    
- xc:pot/=fourdp                 0.003   0.1      0.003   0.4              1      -1.00    
- fourdp                         0.002   0.1      0.002   0.3             11      -1.00    
- newkpt(excl. rwwf   )          0.001   0.1      0.001   0.1             -1      -1.00    
- mkcore                         0.001   0.0      0.001   0.1              1      -1.00    
- vtowfk  (1)                    0.001   0.0      0.000   0.0              4      -1.00    
- inwffil(excl. calls)           0.000   0.0      0.000   0.0              1      -1.00    
- wfsinp(excl. calls)            0.000   0.0      0.000   0.0              1      -1.00    
- kpgsph                         0.000   0.0      0.000   0.0              9      -1.00    
- status                         0.000   0.0      0.000   0.0              1      -1.00    
- initwf(after rwwf)             0.000   0.0      0.000   0.0              2      -1.00    
- initwf(before rwwf)            0.000   0.0      0.000   0.0              2      -1.00    
- dfpt_vtowfk(contrib)           0.000   0.0      0.000   0.0             -1      -1.00    
- dfpt_cgwf-O(npw)               0.000   0.0      0.000   0.0             -1      -1.00    
- others (88)                    0.000   0.0      0.000   0.0             -1      -1.00    
-<END_TIMER>
-
- subtotal                       1.719  75.2      0.650  84.3

- For major independent code sections, cpu and wall times (sec),
- as well as % of the total time and number of calls 

-<BEGIN_TIMER mpi_nprocs = 1, omp_nthreads = 1, mpi_rank = world>
- cpu_time =           2.3, wall_time =           0.8
-
- routine                         cpu     %       wall     %      number of calls Gflops 
-                                                                  (-1=no count)
- fourwf%(pot)                   0.660  28.9      0.086  11.1            634      -1.00    
- pspini                         0.350  15.3      0.351  45.5              1      -1.00    
- vtowfk(ssdiag)                 0.149   6.5      0.019   2.5             -1      -1.00    
- timing timab                   0.132   5.8      0.017   2.1              2      -1.00    
- projbd                         0.101   4.4      0.013   1.7            948      -1.00    
- invars2                        0.098   4.3      0.098  12.7              1      -1.00    
- getghc-other                   0.095   4.2      0.012   1.6             -1      -1.00    
- nonlop(apply)                  0.091   4.0      0.014   1.8            634      -1.00    
- abinit(2)                      0.029   1.3      0.029   3.7              1      -1.00    
- ewald                          0.004   0.2      0.004   0.5              1      -1.00    
- vtowfk(contrib)                0.003   0.1      0.000   0.0              4      -1.00    
- xc:pot/=fourdp                 0.003   0.1      0.003   0.4              1      -1.00    
- fourdp                         0.002   0.1      0.002   0.3             11      -1.00    
- newkpt(excl. rwwf   )          0.001   0.1      0.001   0.1             -1      -1.00    
- mkcore                         0.001   0.0      0.001   0.1              1      -1.00    
- vtowfk  (1)                    0.001   0.0      0.000   0.0              4      -1.00    
- inwffil(excl. calls)           0.000   0.0      0.000   0.0              1      -1.00    
- wfsinp(excl. calls)            0.000   0.0      0.000   0.0              1      -1.00    
- kpgsph                         0.000   0.0      0.000   0.0              9      -1.00    
- status                         0.000   0.0      0.000   0.0              1      -1.00    
- initwf(after rwwf)             0.000   0.0      0.000   0.0              2      -1.00    
- initwf(before rwwf)            0.000   0.0      0.000   0.0              2      -1.00    
- dfpt_vtowfk(contrib)           0.000   0.0      0.000   0.0             -1      -1.00    
- dfpt_cgwf-O(npw)               0.000   0.0      0.000   0.0             -1      -1.00    
- others (88)                    0.000   0.0      0.000   0.0             -1      -1.00    
-<END_TIMER>

- subtotal                       1.719  75.2      0.650  84.3

 Partitioning of abinit
- abinit                         2.285 100.0      0.771 100.0              1
 
- abinit(1)                      0.010   0.4      0.010   1.3              1
- abinit(2)                      0.029   1.3      0.029   3.7              1
- indefo+macroin+invars2m        0.098   4.3      0.098  12.7              1
- abinit(4)                      0.010   0.5      0.029   3.8              1
- abinit(5)                      0.006   0.3      0.006   0.8              1
- driver                         1.942  85.0      0.574  74.5              1
- abinit(6)                      0.058   2.5      0.008   1.0              1
- timing timab                   0.132   5.8      0.017   2.1              2

- subtotal                       2.285 100.0      0.771 100.0

 Partitioning of driver
- driver                         1.942  85.0      0.574  74.5              1
 
- driver(bef. select case)       0.000   0.0      0.000   0.0              1
- gstateimg                      1.941  84.9      0.574  74.4              1

- subtotal                       1.942  85.0      0.574  74.5

 Partitioning of gstateimg+gstate
- gstateimg                      1.941  84.9      0.574  74.4              1
 
- gstate->kpgsph                 0.002   0.1      0.001   0.2              2
- gstate(pspini)                 0.350  15.3      0.351  45.6              1
- gstate  (2)                    0.001   0.0      0.001   0.2              1
- gstate(...scfcv)               1.304  57.1      0.179  23.3              1
- gstate  (3)                    0.284  12.4      0.040   5.2              1

- subtotal                       1.941  84.9      0.574  74.4

 Partitioning of scfcv
- scfcv                          1.304  57.1      0.179  23.3              1
 
- scfcv(iniloop, setvtr  )       0.010   0.4      0.010   1.3              1
- scfcv(vtorho(f))               1.260  55.1      0.165  21.4              1
- scfcv(outscfcv)                0.032   1.4      0.004   0.5              1

- subtotal                       1.304  57.1      0.179  23.3

 Partitioning of vtorho
- vtorho                         1.260  55.1      0.165  21.4              1
 
- vtorho(bef. vtowfk)            0.001   0.1      0.000   0.0              4
- vtowfk                         1.256  54.9      0.165  21.3              4
- vtorho(mkrho 2)                0.002   0.1      0.000   0.0              1

- subtotal                       1.260  55.1      0.165  21.4

 Partitioning of vtowfk
- vtowfk                         1.256  54.9      0.165  21.3              4
 
- cgwf                           1.103  48.2      0.145  18.8             20
- vtowfk(subdiago)               0.078   3.4      0.010   1.3             20
- vtowfk(pw_orthon)              0.064   2.8      0.008   1.1             20
- vtowfk(2)                      0.007   0.3      0.001   0.1             -1
- vtowfk(3)                      0.003   0.1      0.000   0.0             -1

- subtotal                       1.256  54.9      0.165  21.3

 Partitioning of cgwf
- cgwf                           1.103  48.2      0.145  18.8             20
 
- getghc%cgwf                    0.846  37.0      0.111  14.4            634
- cgwf-O(npw)                    0.156   6.8      0.020   2.6             -1
- projbd%cgwf                    0.101   4.4      0.013   1.7            948

- subtotal                       1.103  48.2      0.145  18.8

 Partitioning of getghc
- getghc                         0.846  37.0      0.111  14.4            634
 
- fourwf%getghc                  0.660  28.9      0.086  11.1            634
- nonlop%getghc                  0.091   4.0      0.014   1.8            634
- getghc-other                   0.095   4.2      0.012   1.6             -1

- subtotal                       0.846  37.0      0.111  14.4

 Partitioning of fourwf (upwards partitioning)
- fourwf                         0.660  28.9      0.086  11.1            634
 
- fourwf%getghc                  0.660  28.9      0.086  11.1            634

- subtotal                       0.660  28.9      0.086  11.1

 Partitioning of inwffil
- inwffil                        0.002   0.1      0.001   0.2              1
 
- inwffil(read header)           0.000   0.0      0.000   0.0              1
- inwffil(call newkpt)           0.001   0.1      0.001   0.1              1

- subtotal                       0.002   0.1      0.001   0.2

 Partitioning of wfsinp
- wfsinp                         0.000   0.0      0.000   0.0              1
 

- subtotal                       0.000   0.0      0.000   0.0

 Partitioning of initwf
- initwf                         0.000   0.0      0.000   0.0              2
 

- subtotal                       0.000   0.0      0.000   0.0

 Partitioning of newkpt
- newkpt                         0.001   0.1      0.001   0.1              1
 
- newkpt(call wfconv)            0.001   0.1      0.001   0.1              4

- subtotal                       0.001   0.1      0.001   0.1

 Partitioning of  fourdp (upwards partitioning)
- fourdp                         0.002   0.1      0.002   0.3             11
 
- fourdp%(other)                 0.002   0.1      0.002   0.3             11

- subtotal                       0.002   0.1      0.002   0.3

 Partitioning of afterscfloop
- afterscfloop                   0.001   0.0      0.000   0.0              1
 

- subtotal                       0.000   0.0      0.000   0.0

 Partitioning of outscfcv
- outscfcv                       0.032   1.4      0.004   0.5              1
 
- outscfcv([PAW]prtden)          0.001   0.1      0.000   0.1              1
- outscfcv(prtelf)               0.026   1.1      0.003   0.4              1

- subtotal                       0.029   1.3      0.004   0.5
-
-Synchronisation (=leave_test) and MPI calls 
- communic.MPI                   0.052   2.3      0.006   0.8           1341
-
- wfsinp:synchro                 0.000   0.0      0.000   0.0              1
-
- subtotal                       0.000   0.0      0.000   0.0

 Additional information
- timana(1)                      0.000   0.0      0.000   0.0              1
- total timab                    0.580  25.4      0.073   9.4           6591
- fourwf                         0.660  28.9      0.086  11.1            634
- status                         0.000   0.0      0.000   0.0              1
- nonlop(total)                  0.091   4.0      0.014   1.8            634
- xc:fourdp                      0.001   0.0      0.001   0.1              8


 Detailed analysis of some time consuming routines 
                                  tcpu    ncalls  tcpu/ncalls    ndata tcpu/ncalls/ndata
                                 (sec)                (msec)              (microsec)
- fourwf%(pot)                   0.660       634       1.041     12288       0.085
- fourwf%(den)                   0.000         0
- fourdp                         0.002        11       0.168      6144       0.027
- nonlop(apply)                  0.091       634       0.143       626       0.229
- nonlop(forces)                 0.000         0
- nonlop(forstr)                 0.000         0
- projbd                         0.101       948       0.106      2508       0.042
- xc:pot/=fourdp                 0.003         1       3.131     12288       0.255

================================================================================

 Suggested references for the acknowledgment of ABINIT usage.

 The users of ABINIT have little formal obligations with respect to the ABINIT group
 (those specified in the GNU General Public License, http://www.gnu.org/copyleft/gpl.txt).
 However, it is common practice in the scientific literature,
 to acknowledge the efforts of people that have made the research possible.
 In this spirit, please find below suggested citations of work written by ABINIT developers,
 corresponding to implementations inside of ABINIT that you have used in the present run.
 Note also that it will be of great value to readers of publications presenting these results,
 to read papers enabling them to understand the theoretical formalism and details
 of the ABINIT implementation.
 For information on why they are suggested, see also https://www.abinit.org/about/?text=acknowledgments.
-
- [1] ABINIT : First-principles approach of materials and nanosystem properties.
- X. Gonze, B. Amadon, P.-M. Anglade, J.-M. Beuken, F. Bottin, P. Boulanger, F. Bruneval,
- D. Caliste, R. Caracas, M. Cote, T. Deutsch, L. Genovese, Ph. Ghosez, M. Giantomassi
- S. Goedecker, D.R. Hamann, P. Hermet, F. Jollet, G. Jomard, S. Leroux, M. Mancini, S. Mazevet,
- M.J.T. Oliveira, G. Onida, Y. Pouillon, T. Rangel, G.-M. Rignanese, D. Sangalli, R. Shaltaf,
- M. Torrent, M.J. Verstraete, G. Zerah, J.W. Zwanziger
- Computer Phys. Comm. 180, 2582-2615 (2009).
- Comment : the third generic paper describing the ABINIT project.
- Note that a version of this paper, that is not formatted for Computer Phys. Comm. 
- is available at https://www.abinit.org/about/ABINIT_CPC_v10.pdf .
- The licence allows the authors to put it on the Web.
-
- [2] A brief introduction to the ABINIT software package.
- X. Gonze, G.-M. Rignanese, M. Verstraete, J.-M. Beuken, Y. Pouillon, R. Caracas, F. Jollet,
- M. Torrent, G. Zerah, M. Mikami, Ph. Ghosez, M. Veithen, J.-Y. Raty, V. Olevano, F. Bruneval,
- L. Reining, R. Godby, G. Onida, D.R. Hamann, and D.C. Allan.
- Z. Kristallogr. 220, 558-562 (2005).
- Comment : the second generic paper describing the ABINIT project. Note that this paper
- should be cited especially if you are using the GW part of ABINIT, as several authors
- of this part are not in the list of authors of the first or third paper.
- The .pdf of the latter paper is available at https://www.abinit.org/about/zfk_0505-06_558-562.pdf.
- Note that it should not redistributed (Copyright by Oldenburg Wissenshaftverlag,
- the licence allows the authors to put it on the Web).
-
- And optionally:
-
- [3] First-principles computation of material properties : the ABINIT software project. 
- X. Gonze, J.-M. Beuken, R. Caracas, F. Detraux, M. Fuchs, G.-M. Rignanese, L. Sindic,
- M. Verstraete, G. Zerah, F. Jollet, M. Torrent, A. Roy, M. Mikami, Ph. Ghosez, J.-Y. Raty, D.C. Allan.
- Computational Materials Science 25, 478-492 (2002). http://dx.doi.org/10.1016/S0927-0256(02)00325-7
- Comment : the original paper describing the ABINIT project.
-
- [4] Fast radix 2, 3, 4 and 5 kernels for Fast Fourier Transformations
- on computers with overlapping multiply-add instructions.
- S. Goedecker, SIAM J. on Scientific Computing 18, 1605 (1997).
-
- Proc.   0 individual time (sec): cpu=          2.3  wall=          0.8

================================================================================

 Calculation completed.
.Delivered   2 WARNINGs and   3 COMMENTs to log file.
+Overall time at end (sec) : cpu=          2.3  wall=          0.8
