
.Version 8.0.3 of ABINIT 
.(MPI version, prepared for a x86_64_linux_gnu5.3 computer) 

.Copyright (C) 1998-2018 ABINIT group . 
 ABINIT comes with ABSOLUTELY NO WARRANTY.
 It is free software, and you are welcome to redistribute it
 under certain conditions (GNU General Public License,
 see ~abinit/COPYING or http://www.gnu.org/copyleft/gpl.txt).

 ABINIT is a project of the Universite Catholique de Louvain,
 Corning Inc. and other collaborators, see ~abinit/doc/developers/contributors.txt .
 Please read https://docs.abinit.org/theory/acknowledgments for suggested
 acknowledgments of the ABINIT effort.
 For more information, see https://www.abinit.org .

.Starting date : Mon  4 Apr 2016.
- ( at 06h18 )
  
- input  file    -> t25.in
- output file    -> t25.out
- root for input  files -> t25i
- root for output files -> t25o


 Symmetries : space group F-4 3 m (#216); Bravais cF (face-center cubic)
================================================================================
 Values of the parameters that define the memory need of the present run
     intxc =       1    ionmov =       0      iscf =       7    lmnmax =       2
     lnmax =       2     mgfft =      24  mpssoang =       3    mqgrid =    3001
     natom =       2  nloc_mem =       1    nspden =       1   nspinor =       1
    nsppol =       1      nsym =      24    n1xccc =    2501    ntypat =       2
    occopt =       0   xclevel =       1
-    mband =           7        mffmem =           1         mkmem =           2
       mpw =         637          nfft =       13824          nkpt =           2
================================================================================
P This job should need less than                       4.996 Mbytes of memory.
  Rough estimation (10% accuracy) of disk space for files :
_ WF disk file :      0.138 Mbytes ; DEN or POT disk file :      0.107 Mbytes.
================================================================================

--------------------------------------------------------------------------------
------------- Echo of variables that govern the present computation ------------
--------------------------------------------------------------------------------
-
- outvars: echo of selected default values                                      
-   accesswff0 =  0 , fftalg0 =312 , wfoptalg0 =  0
-
- outvars: echo of global parameters not present in the input file              
-  max_nthreads =    0
-
 -outvars: echo values of preprocessed input variables --------
            acell      1.1890000000E+01  1.1890000000E+01  1.1890000000E+01 Bohr
              amu      3.90983000E+01  3.54527000E+01
             ecut      1.00000000E+01 Hartree
           enunit           2
-          fftalg         312
            intxc           1
              kpt      1.00000000E+00  1.00000000E+00  1.00000000E+00
                       1.00000000E+00  2.00000000E+00  2.00000000E+00
           kptnrm      4.00000000E+00
           kptopt           0
P           mkmem           2
            natom           2
            nband           7
            ngfft          24      24      24
             nkpt           2
            nline          12
             nsym          24
           ntypat           2
              occ      2.000000  2.000000  2.000000  2.000000  2.000000  2.000000
                       2.000000
           occopt           0
            rprim      0.0000000000E+00  5.0000000000E-01  5.0000000000E-01
                       5.0000000000E-01  0.0000000000E+00  5.0000000000E-01
                       5.0000000000E-01  5.0000000000E-01  0.0000000000E+00
          spgroup         216
           symrel      1  0  0   0  1  0   0  0  1       0  1 -1   1  0 -1   0  0 -1
                       0 -1  1   0 -1  0   1 -1  0      -1  0  0  -1  0  1  -1  1  0
                       0  1  0   0  0  1   1  0  0       1  0 -1   0  0 -1   0  1 -1
                       0 -1  0   1 -1  0   0 -1  1      -1  0  1  -1  1  0  -1  0  0
                       0  0  1   1  0  0   0  1  0       0  0 -1   0  1 -1   1  0 -1
                       1 -1  0   0 -1  1   0 -1  0      -1  1  0  -1  0  0  -1  0  1
                       1  0 -1   0  1 -1   0  0 -1       0  1  0   1  0  0   0  0  1
                      -1  0  1  -1  0  0  -1  1  0       0 -1  0   0 -1  1   1 -1  0
                      -1  1  0  -1  0  1  -1  0  0       1 -1  0   0 -1  0   0 -1  1
                       0  0 -1   1  0 -1   0  1 -1       0  0  1   0  1  0   1  0  0
                       0 -1  1   1 -1  0   0 -1  0      -1  0  0  -1  1  0  -1  0  1
                       1  0  0   0  0  1   0  1  0       0  1 -1   0  0 -1   1  0 -1
           tolwfr      1.00000000E-15
            typat      1  2
              wtk        0.25000    0.75000
           xangst      0.0000000000E+00  0.0000000000E+00  0.0000000000E+00
                       3.1459585051E+00  3.1459585051E+00  3.1459585051E+00
            xcart      0.0000000000E+00  0.0000000000E+00  0.0000000000E+00
                       5.9450000000E+00  5.9450000000E+00  5.9450000000E+00
             xred      0.0000000000E+00  0.0000000000E+00  0.0000000000E+00
                       5.0000000000E-01  5.0000000000E-01  5.0000000000E-01
            znucl       19.00000   17.00000

================================================================================

 chkinp: Checking input parameters for consistency.

================================================================================
== DATASET  1 ==================================================================
-   nproc =    1

 Exchange-correlation functional for the present dataset will be:
  LDA: new Teter (4/93) with spin-polarized option - ixc=1
 Citation for XC functional:
  S. Goedecker, M. Teter, J. Huetter, PRB 54, 1703 (1996)

 Real(R)+Recip(G) space primitive vectors, cartesian coordinates (Bohr,Bohr^-1):
 R(1)=  0.0000000  5.9450000  5.9450000  G(1)= -0.0841043  0.0841043  0.0841043
 R(2)=  5.9450000  0.0000000  5.9450000  G(2)=  0.0841043 -0.0841043  0.0841043
 R(3)=  5.9450000  5.9450000  0.0000000  G(3)=  0.0841043  0.0841043 -0.0841043
 Unit cell volume ucvol=  4.2022857E+02 bohr^3
 Angles (23,13,12)=  6.00000000E+01  6.00000000E+01  6.00000000E+01 degrees

 getcut: wavevector=  0.0000  0.0000  0.0000  ngfft=  24  24  24
         ecut(hartree)=     10.000   => boxcut(ratio)=   2.00530

--- Pseudopotential description ------------------------------------------------
- pspini: atom type   1  psp file is /home/gonze/ABINIT/ABINITv8.0.3/gonze/8.0.3-private/tests/Psps_for_tests/19k.pspnc
- pspatm: opening atomic psp file    /home/gonze/ABINIT/ABINITv8.0.3/gonze/8.0.3-private/tests/Psps_for_tests/19k.pspnc
-  Troullier-Martins psp for element  K         Thu Oct 27 17:32:43 EDT 1994
- 19.00000   7.00000    940714                znucl, zion, pspdat
    1    1    2    0      2001   0.00000      pspcod,pspxc,lmax,lloc,mmax,r2well
    0   2.017   4.951    0   3.1756741        l,e99.0,e99.9,nproj,rcpsp
   0.00000000   0.00000000   0.00000000   0.00000000     rms, ekb1, ekb2, epsatm
    1   8.562  11.578    1   2.0248520        l,e99.0,e99.9,nproj,rcpsp
   0.00000000   0.00000000   0.00000000   0.00000000     rms, ekb1, ekb2, epsatm
    2  13.022  17.050    1   2.2944752        l,e99.0,e99.9,nproj,rcpsp
   0.00000000   0.00000000   0.00000000   0.00000000     rms, ekb1, ekb2, epsatm
    1.21940820299569    1.35146748512357    2.13845404453136   rchrg,fchrg,qchrg
 pspatm : epsatm=   99.37320054
         --- l  ekb(1:nproj) -->
             1   -3.733361
             2   -4.430113
 pspatm: atomic psp has been read  and splines computed

- pspini: atom type   2  psp file is /home/gonze/ABINIT/ABINITv8.0.3/gonze/8.0.3-private/tests/Psps_for_tests/17cl.pspnc
- pspatm: opening atomic psp file    /home/gonze/ABINIT/ABINITv8.0.3/gonze/8.0.3-private/tests/Psps_for_tests/17cl.pspnc
-  Troullier-Martins psp for element  Cl        Thu Oct 27 17:32:09 EDT 1994
- 17.00000   7.00000    940714                znucl, zion, pspdat
    1    1    2    2      2001   0.00000      pspcod,pspxc,lmax,lloc,mmax,r2well
    0  10.493  25.212    1   1.6350894        l,e99.0,e99.9,nproj,rcpsp
   0.00000000   0.00000000   0.00000000   0.00000000     rms, ekb1, ekb2, epsatm
    1   5.554   8.510    1   1.6350894        l,e99.0,e99.9,nproj,rcpsp
   0.00000000   0.00000000   0.00000000   0.00000000     rms, ekb1, ekb2, epsatm
    2   0.000   0.000    0   1.6350894        l,e99.0,e99.9,nproj,rcpsp
   0.00000000   0.00000000   0.00000000   0.00000000     rms, ekb1, ekb2, epsatm
    1.23315314129373    1.11669953786602    1.82740311420084   rchrg,fchrg,qchrg
 pspatm : epsatm=    2.73037554
         --- l  ekb(1:nproj) -->
             0    6.290146
             1    3.746067
 pspatm: atomic psp has been read  and splines computed

   1.42945007E+03                                ecore*ucvol(ha*bohr**3)
--------------------------------------------------------------------------------

_setup2: Arith. and geom. avg. npw (full set) are     635.500     635.495

================================================================================

     iter   Etot(hartree)      deltaE(h)  residm     vres2
 ETOT  1  -33.671813890240    -3.367E+01 2.332E-03 2.146E+02
 ETOT  2  -33.790083515269    -1.183E-01 3.811E-07 5.009E+00
 ETOT  3  -33.795046945180    -4.963E-03 2.892E-05 2.609E+00
 ETOT  4  -33.796599249673    -1.552E-03 2.104E-05 1.861E-02
 ETOT  5  -33.796612711819    -1.346E-05 2.393E-07 1.629E-03
 ETOT  6  -33.796613917819    -1.206E-06 6.712E-09 3.900E-05
 ETOT  7  -33.796613923445    -5.626E-09 3.866E-10 4.121E-07
 ETOT  8  -33.796613923671    -2.258E-10 1.889E-12 4.498E-09
 ETOT  9  -33.796613923673    -2.117E-12 6.130E-14 3.675E-10
 ETOT 10  -33.796613923674    -7.745E-13 5.022E-15 1.383E-12
 ETOT 11  -33.796613923674     7.105E-15 8.302E-16 3.191E-13

 At SCF step   11   max residual=  8.30E-16 < tolwfr=  1.00E-15 =>converged.

 Cartesian components of stress tensor (hartree/bohr^3)
  sigma(1 1)=  3.86330324E-04  sigma(3 2)=  0.00000000E+00
  sigma(2 2)=  3.86330324E-04  sigma(3 1)=  0.00000000E+00
  sigma(3 3)=  3.86330324E-04  sigma(2 1)=  0.00000000E+00

 Integrated electronic density in atomic spheres:
 ------------------------------------------------
 Atom  Sphere_radius  Integrated_density
    1        2.00000          5.00938737
    2        2.00000          4.99104920
================================================================================

 ----iterations are completed or convergence reached----

 Mean square residual over all n,k,spin=   2.2235E-16; max=  8.3016E-16
 reduced coordinates (array xred) for    2 atoms
       0.000000000000      0.000000000000      0.000000000000
       0.500000000000      0.500000000000      0.500000000000
 rms dE/dt=  0.0000E+00; max dE/dt=  0.0000E+00; dE/dt below (all hartree)
    1       0.000000000000      0.000000000000      0.000000000000
    2       0.000000000000      0.000000000000      0.000000000000

 cartesian coordinates (angstrom) at end:
    1      0.00000000000000     0.00000000000000     0.00000000000000
    2      3.14595850506755     3.14595850506755     3.14595850506755

 cartesian forces (hartree/bohr) at end:
    1     -0.00000000000000    -0.00000000000000    -0.00000000000000
    2     -0.00000000000000    -0.00000000000000    -0.00000000000000
 frms,max,avg= 0.0000000E+00 0.0000000E+00   0.000E+00  0.000E+00  0.000E+00 h/b

 cartesian forces (eV/Angstrom) at end:
    1     -0.00000000000000    -0.00000000000000    -0.00000000000000
    2     -0.00000000000000    -0.00000000000000    -0.00000000000000
 frms,max,avg= 0.0000000E+00 0.0000000E+00   0.000E+00  0.000E+00  0.000E+00 e/A
 length scales= 11.890000000000 11.890000000000 11.890000000000 bohr
              =  6.291917010135  6.291917010135  6.291917010135 angstroms
 prteigrs : about to open file t25o_EIG
 Fermi (or HOMO) energy (hartree) =  -0.23664   Average Vxc (hartree)=  -0.29667
 Eigenvalues (hartree) for nkpt=   2  k points:
 kpt#   1, nband=  7, wtk=  0.25000, kpt=  0.2500  0.2500  0.2500 (reduced coord)
  -0.67207   -0.58324   -0.58324   -0.58044   -0.25670   -0.23664   -0.23664
 prteigrs : prtvol=0 or 1, do not print more k-points.

 Fermi (or HOMO) energy (eV) =  -6.43930   Average Vxc (eV)=  -8.07289
 Eigenvalues (   eV  ) for nkpt=   2  k points:
 kpt#   1, nband=  7, wtk=  0.25000, kpt=  0.2500  0.2500  0.2500 (reduced coord)
 -18.28800  -15.87079  -15.87079  -15.79456   -6.98522   -6.43930   -6.43930
 prteigrs : prtvol=0 or 1, do not print more k-points.


--------------------------------------------------------------------------------
 Components of total free energy (in Hartree) :

    Kinetic energy  =  1.41782843795815E+01
    Hartree energy  =  6.57316579463088E+00
    XC energy       = -9.08943293503088E+00
    Ewald energy    = -2.33856310335660E+01
    PspCore energy  =  3.40160135824301E+00
    Loc. psp. energy= -1.30943737586355E+01
    NL   psp  energy= -1.23802277288969E+01
    >>>>>>>>> Etotal= -3.37966139236739E+01

 Other information on the energy :
    Total energy(eV)= -9.19652634645312E+02 ; Band energy (Ha)=  -6.3282406693E+00
--------------------------------------------------------------------------------

 Cartesian components of stress tensor (hartree/bohr^3)
  sigma(1 1)=  3.86330324E-04  sigma(3 2)=  0.00000000E+00
  sigma(2 2)=  3.86330324E-04  sigma(3 1)=  0.00000000E+00
  sigma(3 3)=  3.86330324E-04  sigma(2 1)=  0.00000000E+00

-Cartesian components of stress tensor (GPa)         [Pressure= -1.1366E+01 GPa]
- sigma(1 1)=  1.13662286E+01  sigma(3 2)=  0.00000000E+00
- sigma(2 2)=  1.13662286E+01  sigma(3 1)=  0.00000000E+00
- sigma(3 3)=  1.13662286E+01  sigma(2 1)=  0.00000000E+00

== END DATASET(S) ==============================================================
================================================================================
  
 -outvars: echo values of variables after computation  --------
            acell      1.1890000000E+01  1.1890000000E+01  1.1890000000E+01 Bohr
              amu      3.90983000E+01  3.54527000E+01
             ecut      1.00000000E+01 Hartree
           enunit           2
           etotal     -3.3796613924E+01
            fcart     -0.0000000000E+00 -0.0000000000E+00 -0.0000000000E+00
                      -0.0000000000E+00 -0.0000000000E+00 -0.0000000000E+00
-          fftalg         312
            intxc           1
              kpt      1.00000000E+00  1.00000000E+00  1.00000000E+00
                       1.00000000E+00  2.00000000E+00  2.00000000E+00
           kptnrm      4.00000000E+00
           kptopt           0
P           mkmem           2
            natom           2
            nband           7
            ngfft          24      24      24
             nkpt           2
            nline          12
             nsym          24
           ntypat           2
              occ      2.000000  2.000000  2.000000  2.000000  2.000000  2.000000
                       2.000000
           occopt           0
            rprim      0.0000000000E+00  5.0000000000E-01  5.0000000000E-01
                       5.0000000000E-01  0.0000000000E+00  5.0000000000E-01
                       5.0000000000E-01  5.0000000000E-01  0.0000000000E+00
          spgroup         216
           strten      3.8633032385E-04  3.8633032385E-04  3.8633032385E-04
                       0.0000000000E+00  0.0000000000E+00  0.0000000000E+00
           symrel      1  0  0   0  1  0   0  0  1       0  1 -1   1  0 -1   0  0 -1
                       0 -1  1   0 -1  0   1 -1  0      -1  0  0  -1  0  1  -1  1  0
                       0  1  0   0  0  1   1  0  0       1  0 -1   0  0 -1   0  1 -1
                       0 -1  0   1 -1  0   0 -1  1      -1  0  1  -1  1  0  -1  0  0
                       0  0  1   1  0  0   0  1  0       0  0 -1   0  1 -1   1  0 -1
                       1 -1  0   0 -1  1   0 -1  0      -1  1  0  -1  0  0  -1  0  1
                       1  0 -1   0  1 -1   0  0 -1       0  1  0   1  0  0   0  0  1
                      -1  0  1  -1  0  0  -1  1  0       0 -1  0   0 -1  1   1 -1  0
                      -1  1  0  -1  0  1  -1  0  0       1 -1  0   0 -1  0   0 -1  1
                       0  0 -1   1  0 -1   0  1 -1       0  0  1   0  1  0   1  0  0
                       0 -1  1   1 -1  0   0 -1  0      -1  0  0  -1  1  0  -1  0  1
                       1  0  0   0  0  1   0  1  0       0  1 -1   0  0 -1   1  0 -1
           tolwfr      1.00000000E-15
            typat      1  2
              wtk        0.25000    0.75000
           xangst      0.0000000000E+00  0.0000000000E+00  0.0000000000E+00
                       3.1459585051E+00  3.1459585051E+00  3.1459585051E+00
            xcart      0.0000000000E+00  0.0000000000E+00  0.0000000000E+00
                       5.9450000000E+00  5.9450000000E+00  5.9450000000E+00
             xred      0.0000000000E+00  0.0000000000E+00  0.0000000000E+00
                       5.0000000000E-01  5.0000000000E-01  5.0000000000E-01
            znucl       19.00000   17.00000

================================================================================


- Timing analysis has been suppressed with timopt=0



================================================================================

 Suggested references for the acknowledgment of ABINIT usage.

 The users of ABINIT have little formal obligations with respect to the ABINIT group
 (those specified in the GNU General Public License, http://www.gnu.org/copyleft/gpl.txt).
 However, it is common practice in the scientific literature,
 to acknowledge the efforts of people that have made the research possible.
 In this spirit, please find below suggested citations of work written by ABINIT developers,
 corresponding to implementations inside of ABINIT that you have used in the present run.
 Note also that it will be of great value to readers of publications presenting these results,
 to read papers enabling them to understand the theoretical formalism and details
 of the ABINIT implementation.
 For information on why they are suggested, see also https://docs.abinit.org/theory/acknowledgments.
-
- [1] ABINIT : First-principles approach of materials and nanosystem properties.
- X. Gonze, B. Amadon, P.-M. Anglade, J.-M. Beuken, F. Bottin, P. Boulanger, F. Bruneval,
- D. Caliste, R. Caracas, M. Cote, T. Deutsch, L. Genovese, Ph. Ghosez, M. Giantomassi
- S. Goedecker, D.R. Hamann, P. Hermet, F. Jollet, G. Jomard, S. Leroux, M. Mancini, S. Mazevet,
- M.J.T. Oliveira, G. Onida, Y. Pouillon, T. Rangel, G.-M. Rignanese, D. Sangalli, R. Shaltaf,
- M. Torrent, M.J. Verstraete, G. Zerah, J.W. Zwanziger
- Computer Phys. Comm. 180, 2582-2615 (2009).
- Comment : the third generic paper describing the ABINIT project.
- Note that a version of this paper, that is not formatted for Computer Phys. Comm. 
- is available at https://www.abinit.org/about/ABINIT_CPC_v10.pdf .
- The licence allows the authors to put it on the Web.
-
- [2] A brief introduction to the ABINIT software package.
- X. Gonze, G.-M. Rignanese, M. Verstraete, J.-M. Beuken, Y. Pouillon, R. Caracas, F. Jollet,
- M. Torrent, G. Zerah, M. Mikami, Ph. Ghosez, M. Veithen, J.-Y. Raty, V. Olevano, F. Bruneval,
- L. Reining, R. Godby, G. Onida, D.R. Hamann, and D.C. Allan.
- Z. Kristallogr. 220, 558-562 (2005).
- Comment : the second generic paper describing the ABINIT project. Note that this paper
- should be cited especially if you are using the GW part of ABINIT, as several authors
- of this part are not in the list of authors of the first or third paper.
- The .pdf of the latter paper is available at https://www.abinit.org/about/zfk_0505-06_558-562.pdf.
- Note that it should not redistributed (Copyright by Oldenburg Wissenshaftverlag,
- the licence allows the authors to put it on the Web).
-
- And optionally:
-
- [3] First-principles computation of material properties : the ABINIT software project. 
- X. Gonze, J.-M. Beuken, R. Caracas, F. Detraux, M. Fuchs, G.-M. Rignanese, L. Sindic,
- M. Verstraete, G. Zerah, F. Jollet, M. Torrent, A. Roy, M. Mikami, Ph. Ghosez, J.-Y. Raty, D.C. Allan.
- Computational Materials Science 25, 478-492 (2002). http://dx.doi.org/10.1016/S0927-0256(02)00325-7
- Comment : the original paper describing the ABINIT project.
-
- [4] Fast radix 2, 3, 4 and 5 kernels for Fast Fourier Transformations
- on computers with overlapping multiply-add instructions.
- S. Goedecker, SIAM J. on Scientific Computing 18, 1605 (1997).
-
- Proc.   0 individual time (sec): cpu=          5.8  wall=          1.7

================================================================================

 Calculation completed.
.Delivered   5 WARNINGs and   2 COMMENTs to log file.
+Overall time at end (sec) : cpu=          5.8  wall=          1.7
