
.Version 8.0.3 of ABINIT 
.(MPI version, prepared for a x86_64_linux_gnu5.3 computer) 

.Copyright (C) 1998-2017 ABINIT group . 
 ABINIT comes with ABSOLUTELY NO WARRANTY.
 It is free software, and you are welcome to redistribute it
 under certain conditions (GNU General Public License,
 see ~abinit/COPYING or http://www.gnu.org/copyleft/gpl.txt).

 ABINIT is a project of the Universite Catholique de Louvain,
 Corning Inc. and other collaborators, see ~abinit/doc/developers/contributors.txt .
 Please read ~abinit/doc/users/acknowledgments.html for suggested
 acknowledgments of the ABINIT effort.
 For more information, see https://www.abinit.org .

.Starting date : Mon  4 Apr 2016.
- ( at 06h19 )
  
- input  file    -> t03.in
- output file    -> t03.out
- root for input  files -> t03i
- root for output files -> t03o


 Symmetries : space group F-4 3 m (#216); Bravais cF (face-center cubic)
================================================================================
 Values of the parameters that define the memory need of the present run
     intxc =       1    ionmov =       0      iscf =       7    lmnmax =       3
     lnmax =       3     mgfft =      16  mpssoang =       2    mqgrid =    3001
     natom =       1  nloc_mem =       1    nspden =       1   nspinor =       1
    nsppol =       1      nsym =      24    n1xccc =       0    ntypat =       1
    occopt =       6   xclevel =       1
-    mband =           4        mffmem =           1         mkmem =           2
       mpw =         171          nfft =        4096          nkpt =           2
================================================================================
P This job should need less than                       2.392 Mbytes of memory.
P Max. in main chain + fourwf.f
P            9 blocks of mpw  integer numbers, for      0.006 Mbytes.
P           57 blocks of mpw  real(dp)  numbers, for      0.074 Mbytes.
P            2 blocks of nfft integer numbers, for      0.031 Mbytes.
P           34 blocks of nfft real(dp)  numbers, for      1.063 Mbytes.
P              Additional     real(dp)  numbers, for      0.249 Mbytes.
P              With residue estimated to be             0.969 Mbytes.
P
P Comparison of the memory needs of different chains
P Main chain + fourwf.f                 2.392 Mbytes.
P Main chain + nonlop.f + opernl.f      2.320 Mbytes.
P XC chain                              2.295 Mbytes.
P mkrho chain                           2.216 Mbytes.
P fourdp chain                          2.178 Mbytes.
- parallel k-point chain                2.100 Mbytes.
P newvtr chain                          2.162 Mbytes.
  Rough estimation (10% accuracy) of disk space for files :
_ WF disk file :      0.023 Mbytes ; DEN or POT disk file :      0.033 Mbytes.
================================================================================

--------------------------------------------------------------------------------
------------- Echo of variables that govern the present computation ------------
--------------------------------------------------------------------------------
-
- outvars: echo of selected default values                                      
-   accesswff0 =  0 , fftalg0 =312 , wfoptalg0 =  0
-
- outvars: echo of global parameters not present in the input file              
-  max_nthreads =    0
-
 -outvars: echo values of preprocessed input variables --------
            acell      7.6000000000E+00  7.6000000000E+00  7.6000000000E+00 Bohr
              amu      2.69815390E+01
             ecut      1.00000000E+01 Hartree
           enunit           2
-          fftalg         312
            intxc           1
           istatr           2
              kpt      1.00000000E+00  1.00000000E+00  1.00000000E+00
                       1.00000000E+00  2.00000000E+00  2.00000000E+00
           kptnrm      4.00000000E+00
           kptopt           0
P           mkmem           2
            natom           1
            nband           4
            ngfft          16      16      16
             nkpt           2
            nline           3
            nstep           8
             nsym          24
           ntypat           1
              occ      2.000000  1.000000  0.000000  0.000000
                       2.000000  1.000000  0.000000  0.000000
           occopt           6
           prtvol          10
            rprim      0.0000000000E+00  5.0000000000E-01  5.0000000000E-01
                       5.0000000000E-01  0.0000000000E+00  5.0000000000E-01
                       5.0000000000E-01  5.0000000000E-01  0.0000000000E+00
          spgroup         216
           symrel      1  0  0   0  1  0   0  0  1       0  1 -1   1  0 -1   0  0 -1
                      -1  0  0  -1  0  1  -1  1  0       0 -1  1   0 -1  0   1 -1  0
                      -1  0  1  -1  0  0  -1  1  0       0 -1  0   0 -1  1   1 -1  0
                       0 -1  1   1 -1  0   0 -1  0       0  1 -1   0  0 -1   1  0 -1
                       0  0 -1   1  0 -1   0  1 -1      -1  1  0  -1  0  1  -1  0  0
                       1  0 -1   0  1 -1   0  0 -1       1 -1  0   0 -1  0   0 -1  1
                      -1  0  0  -1  1  0  -1  0  1       0  1  0   1  0  0   0  0  1
                       0  0  1   0  1  0   1  0  0       1  0  0   0  0  1   0  1  0
                       0  0  1   1  0  0   0  1  0       0  1  0   0  0  1   1  0  0
                      -1  0  1  -1  1  0  -1  0  0       0  0 -1   0  1 -1   1  0 -1
                       1  0 -1   0  0 -1   0  1 -1       1 -1  0   0 -1  1   0 -1  0
                       0 -1  0   1 -1  0   0 -1  1      -1  1  0  -1  0  0  -1  0  1
           tolwfr      1.00000000E-16
           tsmear      5.00000000E-02 Hartree
            typat      1
              wtk        0.25000    0.75000
            znucl       13.00000

================================================================================

 chkinp: Checking input parameters for consistency.

================================================================================
== DATASET  1 ==================================================================
-   nproc =    1

 Exchange-correlation functional for the present dataset will be:
  LDA: new Teter (4/93) with spin-polarized option - ixc=1
 Citation for XC functional:
  S. Goedecker, M. Teter, J. Huetter, PRB 54, 1703 (1996)

 Real(R)+Recip(G) space primitive vectors, cartesian coordinates (Bohr,Bohr^-1):
 R(1)=  0.0000000  3.8000000  3.8000000  G(1)= -0.1315789  0.1315789  0.1315789
 R(2)=  3.8000000  0.0000000  3.8000000  G(2)=  0.1315789 -0.1315789  0.1315789
 R(3)=  3.8000000  3.8000000  0.0000000  G(3)=  0.1315789  0.1315789 -0.1315789
 Unit cell volume ucvol=  1.0974400E+02 bohr^3
 Angles (23,13,12)=  6.00000000E+01  6.00000000E+01  6.00000000E+01 degrees

 getcut: wavevector=  0.0000  0.0000  0.0000  ngfft=  16  16  16
         ecut(hartree)=     10.000   => boxcut(ratio)=   2.09149

--- Pseudopotential description ------------------------------------------------
- pspini: atom type   1  psp file is /home/gonze/ABINIT/ABINITv8.0.3/gonze/8.0.3-private/tests/Psps_for_tests/13al.pspgth
- pspatm: opening atomic psp file    /home/gonze/ABINIT/ABINITv8.0.3/gonze/8.0.3-private/tests/Psps_for_tests/13al.pspgth
- Goedecker-Teter-Hutter  Tue May 28 09:24:05 EDT 1996
- 13.00000   3.00000    960528                znucl, zion, pspdat
    2    1    1    0      2001   0.00000      pspcod,pspxc,lmax,lloc,mmax,r2well
 rloc=   0.4500000
  cc1=  -6.8340578; cc2=   0.0000000; cc3=   0.0000000; cc4=   0.0000000
  rrs=   0.4654363; h1s=   2.8140777; h2s=   1.9395165
  rrp=   0.5462433; h1p=   1.9160118
-  Local part computed in reciprocal space.

 pspatm : COMMENT -
  the projectors are not normalized,
  so that the KB energies are not consistent with 
  definition in PRB44, 8503 (1991). 
  However, this does not influence the results obtained hereafter.
 pspatm : epsatm=   -5.99108991
         --- l  ekb(1:nproj) -->
             0    1.005823    0.184862
             1    0.220213
 pspatm: atomic psp has been read  and splines computed

  -1.79732697E+01                                ecore*ucvol(ha*bohr**3)
--------------------------------------------------------------------------------

P newkpt: treating      4 bands with npw=     162 for ikpt=   1 by node    0
P newkpt: treating      4 bands with npw=     171 for ikpt=   2 by node    0
_setup2: Arith. and geom. avg. npw (full set) are     168.750     168.704

================================================================================

     iter   Etot(hartree)      deltaE(h)  residm     vres2

 ETOT  1  -2.0935738458310    -2.094E+00 2.467E-02 7.984E-01

 prteigrs : about to open file t03o_EIG
 Fermi (or HOMO) energy (hartree) =   0.32881   Average Vxc (hartree)=  -0.34518
 Eigenvalues (hartree) for nkpt=   2  k points:
 kpt#   1, nband=  4, wtk=  0.25000, kpt=  0.2500  0.2500  0.2500 (reduced coord)
  -0.00409    0.47540    0.75394    0.76724
      occupation numbers for kpt#   1
   2.00000   -0.00027    0.00000    0.00000
 kpt#   2, nband=  4, wtk=  0.75000, kpt=  0.2500  0.5000  0.5000 (reduced coord)
   0.15864    0.31874    0.48330    0.61039
      occupation numbers for kpt#   2
   2.00002    1.33352   -0.00011   -0.00000
 Fermi (or HOMO) energy (eV) =   8.94744   Average Vxc (eV)=  -9.39275
 Eigenvalues (   eV  ) for nkpt=   2  k points:
 kpt#   1, nband=  4, wtk=  0.25000, kpt=  0.2500  0.2500  0.2500 (reduced coord)
  -0.11120   12.93623   20.51566   20.87769
 kpt#   2, nband=  4, wtk=  0.75000, kpt=  0.2500  0.5000  0.5000 (reduced coord)
   4.31684    8.67326   13.15134   16.60948

 ETOT  2  -2.0944430826349    -8.692E-04 1.292E-05 1.729E-02

 prteigrs : about to open file t03o_EIG
 Fermi (or HOMO) energy (hartree) =   0.32856   Average Vxc (hartree)=  -0.34514
 Eigenvalues (hartree) for nkpt=   2  k points:
 kpt#   1, nband=  4, wtk=  0.25000, kpt=  0.2500  0.2500  0.2500 (reduced coord)
  -0.00444    0.47492    0.75140    0.75140
      occupation numbers for kpt#   1
   2.00000   -0.00028    0.00000    0.00000
 kpt#   2, nband=  4, wtk=  0.75000, kpt=  0.2500  0.5000  0.5000 (reduced coord)
   0.15873    0.31848    0.48264    0.60545
      occupation numbers for kpt#   2
   2.00002    1.33353   -0.00012   -0.00000
 Fermi (or HOMO) energy (eV) =   8.94058   Average Vxc (eV)=  -9.39179
 Eigenvalues (   eV  ) for nkpt=   2  k points:
 kpt#   1, nband=  4, wtk=  0.25000, kpt=  0.2500  0.2500  0.2500 (reduced coord)
  -0.12074   12.92333   20.44657   20.44660
 kpt#   2, nband=  4, wtk=  0.75000, kpt=  0.2500  0.5000  0.5000 (reduced coord)
   4.31932    8.66639   13.13321   16.47505

 ETOT  3  -2.0944487251922    -5.643E-06 1.356E-06 2.219E-05

 prteigrs : about to open file t03o_EIG
 Fermi (or HOMO) energy (hartree) =   0.32830   Average Vxc (hartree)=  -0.34513
 Eigenvalues (hartree) for nkpt=   2  k points:
 kpt#   1, nband=  4, wtk=  0.25000, kpt=  0.2500  0.2500  0.2500 (reduced coord)
  -0.00467    0.47462    0.75074    0.75074
      occupation numbers for kpt#   1
   2.00000   -0.00028    0.00000    0.00000
 kpt#   2, nband=  4, wtk=  0.75000, kpt=  0.2500  0.5000  0.5000 (reduced coord)
   0.15851    0.31822    0.48230    0.60486
      occupation numbers for kpt#   2
   2.00002    1.33353   -0.00012   -0.00000
 Fermi (or HOMO) energy (eV) =   8.93351   Average Vxc (eV)=  -9.39148
 Eigenvalues (   eV  ) for nkpt=   2  k points:
 kpt#   1, nband=  4, wtk=  0.25000, kpt=  0.2500  0.2500  0.2500 (reduced coord)
  -0.12696   12.91495   20.42873   20.42873
 kpt#   2, nband=  4, wtk=  0.75000, kpt=  0.2500  0.5000  0.5000 (reduced coord)
   4.31332    8.65932   13.12398   16.45908

 ETOT  4  -2.0944487384605    -1.327E-08 4.874E-08 2.238E-07

 prteigrs : about to open file t03o_EIG
 Fermi (or HOMO) energy (hartree) =   0.32830   Average Vxc (hartree)=  -0.34513
 Eigenvalues (hartree) for nkpt=   2  k points:
 kpt#   1, nband=  4, wtk=  0.25000, kpt=  0.2500  0.2500  0.2500 (reduced coord)
  -0.00466    0.47462    0.75074    0.75074
      occupation numbers for kpt#   1
   2.00000   -0.00028    0.00000    0.00000
 kpt#   2, nband=  4, wtk=  0.75000, kpt=  0.2500  0.5000  0.5000 (reduced coord)
   0.15852    0.31823    0.48230    0.60486
      occupation numbers for kpt#   2
   2.00002    1.33353   -0.00012   -0.00000
 Fermi (or HOMO) energy (eV) =   8.93361   Average Vxc (eV)=  -9.39145
 Eigenvalues (   eV  ) for nkpt=   2  k points:
 kpt#   1, nband=  4, wtk=  0.25000, kpt=  0.2500  0.2500  0.2500 (reduced coord)
  -0.12680   12.91501   20.42863   20.42863
 kpt#   2, nband=  4, wtk=  0.75000, kpt=  0.2500  0.5000  0.5000 (reduced coord)
   4.31347    8.65942   13.12416   16.45898

 ETOT  5  -2.0944487385642    -1.037E-10 4.143E-09 3.515E-09

 prteigrs : about to open file t03o_EIG
 Fermi (or HOMO) energy (hartree) =   0.32830   Average Vxc (hartree)=  -0.34513
 Eigenvalues (hartree) for nkpt=   2  k points:
 kpt#   1, nband=  4, wtk=  0.25000, kpt=  0.2500  0.2500  0.2500 (reduced coord)
  -0.00466    0.47462    0.75074    0.75074
      occupation numbers for kpt#   1
   2.00000   -0.00028    0.00000    0.00000
 kpt#   2, nband=  4, wtk=  0.75000, kpt=  0.2500  0.5000  0.5000 (reduced coord)
   0.15852    0.31823    0.48230    0.60486
      occupation numbers for kpt#   2
   2.00002    1.33353   -0.00012   -0.00000
 Fermi (or HOMO) energy (eV) =   8.93361   Average Vxc (eV)=  -9.39145
 Eigenvalues (   eV  ) for nkpt=   2  k points:
 kpt#   1, nband=  4, wtk=  0.25000, kpt=  0.2500  0.2500  0.2500 (reduced coord)
  -0.12679   12.91501   20.42861   20.42861
 kpt#   2, nband=  4, wtk=  0.75000, kpt=  0.2500  0.5000  0.5000 (reduced coord)
   4.31348    8.65942   13.12417   16.45897

 ETOT  6  -2.0944487385661    -1.913E-12 1.830E-10 1.590E-11

 prteigrs : about to open file t03o_EIG
 Fermi (or HOMO) energy (hartree) =   0.32830   Average Vxc (hartree)=  -0.34513
 Eigenvalues (hartree) for nkpt=   2  k points:
 kpt#   1, nband=  4, wtk=  0.25000, kpt=  0.2500  0.2500  0.2500 (reduced coord)
  -0.00466    0.47462    0.75074    0.75074
      occupation numbers for kpt#   1
   2.00000   -0.00028    0.00000    0.00000
 kpt#   2, nband=  4, wtk=  0.75000, kpt=  0.2500  0.5000  0.5000 (reduced coord)
   0.15852    0.31823    0.48230    0.60486
      occupation numbers for kpt#   2
   2.00002    1.33353   -0.00012   -0.00000
 Fermi (or HOMO) energy (eV) =   8.93361   Average Vxc (eV)=  -9.39144
 Eigenvalues (   eV  ) for nkpt=   2  k points:
 kpt#   1, nband=  4, wtk=  0.25000, kpt=  0.2500  0.2500  0.2500 (reduced coord)
  -0.12678   12.91501   20.42861   20.42861
 kpt#   2, nband=  4, wtk=  0.75000, kpt=  0.2500  0.5000  0.5000 (reduced coord)
   4.31348    8.65942   13.12417   16.45897

 ETOT  7  -2.0944487385661    -2.087E-14 1.440E-11 4.180E-14

 prteigrs : about to open file t03o_EIG
 Fermi (or HOMO) energy (hartree) =   0.32830   Average Vxc (hartree)=  -0.34513
 Eigenvalues (hartree) for nkpt=   2  k points:
 kpt#   1, nband=  4, wtk=  0.25000, kpt=  0.2500  0.2500  0.2500 (reduced coord)
  -0.00466    0.47462    0.75074    0.75074
      occupation numbers for kpt#   1
   2.00000   -0.00028    0.00000    0.00000
 kpt#   2, nband=  4, wtk=  0.75000, kpt=  0.2500  0.5000  0.5000 (reduced coord)
   0.15852    0.31823    0.48230    0.60486
      occupation numbers for kpt#   2
   2.00002    1.33353   -0.00012   -0.00000
 Fermi (or HOMO) energy (eV) =   8.93361   Average Vxc (eV)=  -9.39144
 Eigenvalues (   eV  ) for nkpt=   2  k points:
 kpt#   1, nband=  4, wtk=  0.25000, kpt=  0.2500  0.2500  0.2500 (reduced coord)
  -0.12678   12.91501   20.42861   20.42861
 kpt#   2, nband=  4, wtk=  0.75000, kpt=  0.2500  0.5000  0.5000 (reduced coord)
   4.31348    8.65942   13.12417   16.45897

 ETOT  8  -2.0944487385661    -1.066E-14 6.632E-13 6.068E-16

 prteigrs : about to open file t03o_EIG
 Fermi (or HOMO) energy (hartree) =   0.32830   Average Vxc (hartree)=  -0.34513
 Eigenvalues (hartree) for nkpt=   2  k points:
 kpt#   1, nband=  4, wtk=  0.25000, kpt=  0.2500  0.2500  0.2500 (reduced coord)
  -0.00466    0.47462    0.75074    0.75074
      occupation numbers for kpt#   1
   2.00000   -0.00028    0.00000    0.00000
 kpt#   2, nband=  4, wtk=  0.75000, kpt=  0.2500  0.5000  0.5000 (reduced coord)
   0.15852    0.31823    0.48230    0.60486
      occupation numbers for kpt#   2
   2.00002    1.33353   -0.00012   -0.00000
 Fermi (or HOMO) energy (eV) =   8.93361   Average Vxc (eV)=  -9.39144
 Eigenvalues (   eV  ) for nkpt=   2  k points:
 kpt#   1, nband=  4, wtk=  0.25000, kpt=  0.2500  0.2500  0.2500 (reduced coord)
  -0.12678   12.91501   20.42861   20.42861
 kpt#   2, nband=  4, wtk=  0.75000, kpt=  0.2500  0.5000  0.5000 (reduced coord)
   4.31348    8.65942   13.12417   16.45897

 Cartesian components of stress tensor (hartree/bohr^3)
  sigma(1 1)= -1.39065140E-05  sigma(3 2)=  0.00000000E+00
  sigma(2 2)= -1.39065140E-05  sigma(3 1)=  0.00000000E+00
  sigma(3 3)= -1.39065140E-05  sigma(2 1)=  0.00000000E+00


 scprqt:  WARNING -
  nstep=    8 was not enough SCF cycles to converge;
  maximum residual=  6.632E-13 exceeds tolwfr=  1.000E-16

 Integrated electronic density in atomic spheres:
 ------------------------------------------------
 Atom  Sphere_radius  Integrated_density
    1        2.00000          0.91127079
================================================================================

 ----iterations are completed or convergence reached----

 Mean square residual over all n,k,spin=   8.2929E-14; max=  6.6319E-13
   0.2500  0.2500  0.2500    1  6.66525E-17 kpt; spin; max resid(k); each band:
  6.67E-17 3.86E-17 6.25E-17 4.33E-17
   0.2500  0.5000  0.5000    1  6.63190E-13 kpt; spin; max resid(k); each band:
  6.34E-18 1.31E-17 1.37E-17 6.63E-13
 reduced coordinates (array xred) for    1 atoms
       0.000000000000      0.000000000000      0.000000000000
 rms dE/dt=  0.0000E+00; max dE/dt=  0.0000E+00; dE/dt below (all hartree)
    1       0.000000000000      0.000000000000      0.000000000000

 cartesian coordinates (angstrom) at end:
    1      0.00000000000000     0.00000000000000     0.00000000000000

 cartesian forces (hartree/bohr) at end:
    1     -0.00000000000000    -0.00000000000000    -0.00000000000000
 frms,max,avg= 0.0000000E+00 0.0000000E+00   0.000E+00  0.000E+00  0.000E+00 h/b

 cartesian forces (eV/Angstrom) at end:
    1     -0.00000000000000    -0.00000000000000    -0.00000000000000
 frms,max,avg= 0.0000000E+00 0.0000000E+00   0.000E+00  0.000E+00  0.000E+00 e/A
 length scales=  7.600000000000  7.600000000000  7.600000000000 bohr
              =  4.021746785284  4.021746785284  4.021746785284 angstroms
 prteigrs : about to open file t03o_EIG
 Fermi (or HOMO) energy (hartree) =   0.32830   Average Vxc (hartree)=  -0.34513
 Eigenvalues (hartree) for nkpt=   2  k points:
 kpt#   1, nband=  4, wtk=  0.25000, kpt=  0.2500  0.2500  0.2500 (reduced coord)
  -0.00466    0.47462    0.75074    0.75074
      occupation numbers for kpt#   1
   2.00000   -0.00028    0.00000    0.00000
 kpt#   2, nband=  4, wtk=  0.75000, kpt=  0.2500  0.5000  0.5000 (reduced coord)
   0.15852    0.31823    0.48230    0.60486
      occupation numbers for kpt#   2
   2.00002    1.33353   -0.00012   -0.00000
 Fermi (or HOMO) energy (eV) =   8.93361   Average Vxc (eV)=  -9.39144
 Eigenvalues (   eV  ) for nkpt=   2  k points:
 kpt#   1, nband=  4, wtk=  0.25000, kpt=  0.2500  0.2500  0.2500 (reduced coord)
  -0.12678   12.91501   20.42861   20.42861
 kpt#   2, nband=  4, wtk=  0.75000, kpt=  0.2500  0.5000  0.5000 (reduced coord)
   4.31348    8.65942   13.12417   16.45897
 Total charge density [el/Bohr^3]
      Maximum=    3.2763E-02  at reduced coord.    0.0625    0.2500    0.6250
 Next maximum=    3.2763E-02  at reduced coord.    0.2500    0.0625    0.6250
      Minimum=    7.7257E-05  at reduced coord.    0.0000    0.0000    0.0000
 Next minimum=    1.0520E-03  at reduced coord.    0.0625    0.0000    0.0000
   Integrated=    3.0000E+00

--------------------------------------------------------------------------------
 Components of total free energy (in Hartree) :

    Kinetic energy  =  8.93995396410133E-01
    Hartree energy  =  4.31078576647976E-03
    XC energy       = -8.05668021521167E-01
    Ewald energy    = -2.71472096493581E+00
    PspCore energy  = -1.63774509167489E-01
    Loc. psp. energy=  3.24109370791811E-01
    NL   psp  energy=  3.76604127114213E-01
    >>>>> Internal E= -2.08514381554183E+00

    -kT*entropy     = -9.30492302431910E-03
    >>>>>>>>> Etotal= -2.09444873856615E+00

 Other information on the energy :
    Total energy(eV)= -5.69928486002162E+01 ; Band energy (Ha)=   5.5364701018E-01
--------------------------------------------------------------------------------

          ===> extra information on forces <===
 ewald contribution to reduced grads
    1       0.000000000000      0.000000000000     -0.000000000000
 nonlocal contribution to red. grads
    1       0.000000000000      0.000000000000     -0.000000000000
 local psp contribution to red. grads
    1      -0.000000000000     -0.000000000000      0.000000000000
 residual contribution to red. grads
    1       0.000000000000      0.000000000000      0.000000000000

 Cartesian components of stress tensor (hartree/bohr^3)
  sigma(1 1)= -1.39065140E-05  sigma(3 2)=  0.00000000E+00
  sigma(2 2)= -1.39065140E-05  sigma(3 1)=  0.00000000E+00
  sigma(3 3)= -1.39065140E-05  sigma(2 1)=  0.00000000E+00

-Cartesian components of stress tensor (GPa)         [Pressure=  4.0914E-01 GPa]
- sigma(1 1)= -4.09143698E-01  sigma(3 2)=  0.00000000E+00
- sigma(2 2)= -4.09143698E-01  sigma(3 1)=  0.00000000E+00
- sigma(3 3)= -4.09143698E-01  sigma(2 1)=  0.00000000E+00

== END DATASET(S) ==============================================================
================================================================================
  
 -outvars: echo values of variables after computation  --------
            acell      7.6000000000E+00  7.6000000000E+00  7.6000000000E+00 Bohr
              amu      2.69815390E+01
             ecut      1.00000000E+01 Hartree
           enunit           2
           etotal     -2.0944487386E+00
            fcart     -0.0000000000E+00 -0.0000000000E+00 -0.0000000000E+00
-          fftalg         312
            intxc           1
           istatr           2
              kpt      1.00000000E+00  1.00000000E+00  1.00000000E+00
                       1.00000000E+00  2.00000000E+00  2.00000000E+00
           kptnrm      4.00000000E+00
           kptopt           0
P           mkmem           2
            natom           1
            nband           4
            ngfft          16      16      16
             nkpt           2
            nline           3
            nstep           8
             nsym          24
           ntypat           1
              occ      2.000000 -0.000280  0.000000  0.000000
                       2.000017  1.333528 -0.000119 -0.000000
           occopt           6
           prtvol          10
            rprim      0.0000000000E+00  5.0000000000E-01  5.0000000000E-01
                       5.0000000000E-01  0.0000000000E+00  5.0000000000E-01
                       5.0000000000E-01  5.0000000000E-01  0.0000000000E+00
          spgroup         216
           strten     -1.3906513979E-05 -1.3906513979E-05 -1.3906513979E-05
                       0.0000000000E+00  0.0000000000E+00  0.0000000000E+00
           symrel      1  0  0   0  1  0   0  0  1       0  1 -1   1  0 -1   0  0 -1
                      -1  0  0  -1  0  1  -1  1  0       0 -1  1   0 -1  0   1 -1  0
                      -1  0  1  -1  0  0  -1  1  0       0 -1  0   0 -1  1   1 -1  0
                       0 -1  1   1 -1  0   0 -1  0       0  1 -1   0  0 -1   1  0 -1
                       0  0 -1   1  0 -1   0  1 -1      -1  1  0  -1  0  1  -1  0  0
                       1  0 -1   0  1 -1   0  0 -1       1 -1  0   0 -1  0   0 -1  1
                      -1  0  0  -1  1  0  -1  0  1       0  1  0   1  0  0   0  0  1
                       0  0  1   0  1  0   1  0  0       1  0  0   0  0  1   0  1  0
                       0  0  1   1  0  0   0  1  0       0  1  0   0  0  1   1  0  0
                      -1  0  1  -1  1  0  -1  0  0       0  0 -1   0  1 -1   1  0 -1
                       1  0 -1   0  0 -1   0  1 -1       1 -1  0   0 -1  1   0 -1  0
                       0 -1  0   1 -1  0   0 -1  1      -1  1  0  -1  0  0  -1  0  1
           tolwfr      1.00000000E-16
           tsmear      5.00000000E-02 Hartree
            typat      1
              wtk        0.25000    0.75000
            znucl       13.00000

================================================================================


- Timing analysis has been suppressed with timopt=0



================================================================================

 Suggested references for the acknowledgment of ABINIT usage.

 The users of ABINIT have little formal obligations with respect to the ABINIT group
 (those specified in the GNU General Public License, http://www.gnu.org/copyleft/gpl.txt).
 However, it is common practice in the scientific literature,
 to acknowledge the efforts of people that have made the research possible.
 In this spirit, please find below suggested citations of work written by ABINIT developers,
 corresponding to implementations inside of ABINIT that you have used in the present run.
 Note also that it will be of great value to readers of publications presenting these results,
 to read papers enabling them to understand the theoretical formalism and details
 of the ABINIT implementation.
 For information on why they are suggested, see also https://www.abinit.org/about/?text=acknowledgments.
-
- [1] ABINIT : First-principles approach of materials and nanosystem properties.
- X. Gonze, B. Amadon, P.-M. Anglade, J.-M. Beuken, F. Bottin, P. Boulanger, F. Bruneval,
- D. Caliste, R. Caracas, M. Cote, T. Deutsch, L. Genovese, Ph. Ghosez, M. Giantomassi
- S. Goedecker, D.R. Hamann, P. Hermet, F. Jollet, G. Jomard, S. Leroux, M. Mancini, S. Mazevet,
- M.J.T. Oliveira, G. Onida, Y. Pouillon, T. Rangel, G.-M. Rignanese, D. Sangalli, R. Shaltaf,
- M. Torrent, M.J. Verstraete, G. Zerah, J.W. Zwanziger
- Computer Phys. Comm. 180, 2582-2615 (2009).
- Comment : the third generic paper describing the ABINIT project.
- Note that a version of this paper, that is not formatted for Computer Phys. Comm. 
- is available at https://www.abinit.org/about/ABINIT_CPC_v10.pdf .
- The licence allows the authors to put it on the Web.
-
- [2] A brief introduction to the ABINIT software package.
- X. Gonze, G.-M. Rignanese, M. Verstraete, J.-M. Beuken, Y. Pouillon, R. Caracas, F. Jollet,
- M. Torrent, G. Zerah, M. Mikami, Ph. Ghosez, M. Veithen, J.-Y. Raty, V. Olevano, F. Bruneval,
- L. Reining, R. Godby, G. Onida, D.R. Hamann, and D.C. Allan.
- Z. Kristallogr. 220, 558-562 (2005).
- Comment : the second generic paper describing the ABINIT project. Note that this paper
- should be cited especially if you are using the GW part of ABINIT, as several authors
- of this part are not in the list of authors of the first or third paper.
- The .pdf of the latter paper is available at https://www.abinit.org/about/zfk_0505-06_558-562.pdf.
- Note that it should not redistributed (Copyright by Oldenburg Wissenshaftverlag,
- the licence allows the authors to put it on the Web).
-
- And optionally:
-
- [3] First-principles computation of material properties : the ABINIT software project. 
- X. Gonze, J.-M. Beuken, R. Caracas, F. Detraux, M. Fuchs, G.-M. Rignanese, L. Sindic,
- M. Verstraete, G. Zerah, F. Jollet, M. Torrent, A. Roy, M. Mikami, Ph. Ghosez, J.-Y. Raty, D.C. Allan.
- Computational Materials Science 25, 478-492 (2002). http://dx.doi.org/10.1016/S0927-0256(02)00325-7
- Comment : the original paper describing the ABINIT project.
-
- [4] Fast radix 2, 3, 4 and 5 kernels for Fast Fourier Transformations
- on computers with overlapping multiply-add instructions.
- S. Goedecker, SIAM J. on Scientific Computing 18, 1605 (1997).
-
- Proc.   0 individual time (sec): cpu=          0.6  wall=          0.4

================================================================================

 Calculation completed.
.Delivered   1 WARNINGs and   2 COMMENTs to log file.
+Overall time at end (sec) : cpu=          0.6  wall=          0.4
