
.Version 8.0.3 of ABINIT 
.(MPI version, prepared for a x86_64_linux_gnu5.3 computer) 

.Copyright (C) 1998-2017 ABINIT group . 
 ABINIT comes with ABSOLUTELY NO WARRANTY.
 It is free software, and you are welcome to redistribute it
 under certain conditions (GNU General Public License,
 see ~abinit/COPYING or http://www.gnu.org/copyleft/gpl.txt).

 ABINIT is a project of the Universite Catholique de Louvain,
 Corning Inc. and other collaborators, see ~abinit/doc/developers/contributors.txt .
 Please read ~abinit/doc/users/acknowledgments.html for suggested
 acknowledgments of the ABINIT effort.
 For more information, see https://www.abinit.org .

.Starting date : Mon  4 Apr 2016.
- ( at 06h20 )
  
- input  file    -> t38.in
- output file    -> t38.out
- root for input  files -> t38i
- root for output files -> t38o


 Symmetries : space group F-4 3 m (#216); Bravais cF (face-center cubic)
================================================================================
 Values of the parameters that define the memory need of the present run
     intxc =       1    ionmov =       0      iscf =       7    lmnmax =       4
     lnmax =       4     mgfft =      18  mpssoang =       4    mqgrid =    3001
     natom =       1  nloc_mem =       1    nspden =       1   nspinor =       1
    nsppol =       1      nsym =      24    n1xccc =    2501    ntypat =       1
    occopt =       0   xclevel =       1
-    mband =           8        mffmem =           1         mkmem =           2
       mpw =         274          nfft =        5832          nkpt =           2
================================================================================
P This job should need less than                       2.416 Mbytes of memory.
P Max. in main chain + fourwf.f
P            9 blocks of mpw  integer numbers, for      0.009 Mbytes.
P           75 blocks of mpw  real(dp)  numbers, for      0.157 Mbytes.
P            2 blocks of nfft integer numbers, for      0.044 Mbytes.
P           35 blocks of nfft real(dp)  numbers, for      1.557 Mbytes.
P              Additional     real(dp)  numbers, for      0.416 Mbytes.
P              With residue estimated to be             0.231 Mbytes.
P
P Comparison of the memory needs of different chains
P Main chain + fourwf.f                 2.416 Mbytes.
P Main chain + nonlop.f + opernl.f      2.289 Mbytes.
P XC chain                              2.308 Mbytes.
P mkrho chain                           2.100 Mbytes.
P fourdp chain                          2.096 Mbytes.
- parallel k-point chain                1.987 Mbytes.
P newvtr chain                          2.076 Mbytes.
  Rough estimation (10% accuracy) of disk space for files :
_ WF disk file :      0.069 Mbytes ; DEN or POT disk file :      0.046 Mbytes.
================================================================================

--------------------------------------------------------------------------------
------------- Echo of variables that govern the present computation ------------
--------------------------------------------------------------------------------
-
- outvars: echo of selected default values                                      
-   accesswff0 =  0 , fftalg0 =312 , wfoptalg0 =  0
-
- outvars: echo of global parameters not present in the input file              
-  max_nthreads =    0
-
 -outvars: echo values of preprocessed input variables --------
            acell      1.0000000000E+01  1.0000000000E+01  1.0000000000E+01 Bohr
              amu      1.73040000E+02
           dielng      8.00000000E-01 Bohr
             ecut      8.00000000E+00 Hartree
           enunit           2
-          fftalg         312
            intxc           1
              kpt      1.00000000E+00  1.00000000E+00  1.00000000E+00
                       1.00000000E+00  2.00000000E+00  2.00000000E+00
           kptnrm      4.00000000E+00
           kptopt           0
P           mkmem           2
            natom           1
            nband           8
            ngfft          18      18      18
             nkpt           2
            nline           3
            nstep           1
             nsym          24
           ntypat           1
              occ      2.000000  2.000000  2.000000  2.000000  2.000000  2.000000
                       2.000000  2.000000
           occopt           0
           prtvol          10
            rprim      0.0000000000E+00  5.0000000000E-01  5.0000000000E-01
                       5.0000000000E-01  0.0000000000E+00  5.0000000000E-01
                       5.0000000000E-01  5.0000000000E-01  0.0000000000E+00
          spgroup         216
           symrel      1  0  0   0  1  0   0  0  1       0  1 -1   1  0 -1   0  0 -1
                       0 -1  1   0 -1  0   1 -1  0      -1  0  0  -1  0  1  -1  1  0
                       0  1  0   0  0  1   1  0  0       1  0 -1   0  0 -1   0  1 -1
                       0 -1  0   1 -1  0   0 -1  1      -1  0  1  -1  1  0  -1  0  0
                       0  0  1   1  0  0   0  1  0       0  0 -1   0  1 -1   1  0 -1
                       1 -1  0   0 -1  1   0 -1  0      -1  1  0  -1  0  0  -1  0  1
                       1  0 -1   0  1 -1   0  0 -1       0  1  0   1  0  0   0  0  1
                      -1  0  1  -1  0  0  -1  1  0       0 -1  0   0 -1  1   1 -1  0
                      -1  1  0  -1  0  1  -1  0  0       1 -1  0   0 -1  0   0 -1  1
                       0  0 -1   1  0 -1   0  1 -1       0  0  1   0  1  0   1  0  0
                       0 -1  1   1 -1  0   0 -1  0      -1  0  0  -1  1  0  -1  0  1
                       1  0  0   0  0  1   0  1  0       0  1 -1   0  0 -1   1  0 -1
           tolwfr      1.00000000E-14
            typat      1
              wtk        0.25000    0.75000
            znucl       70.00000

================================================================================

 chkinp: Checking input parameters for consistency.

================================================================================
== DATASET  1 ==================================================================
-   nproc =    1

 Exchange-correlation functional for the present dataset will be:
  LDA: new Teter (4/93) with spin-polarized option - ixc=1
 Citation for XC functional:
  S. Goedecker, M. Teter, J. Huetter, PRB 54, 1703 (1996)

 Real(R)+Recip(G) space primitive vectors, cartesian coordinates (Bohr,Bohr^-1):
 R(1)=  0.0000000  5.0000000  5.0000000  G(1)= -0.1000000  0.1000000  0.1000000
 R(2)=  5.0000000  0.0000000  5.0000000  G(2)=  0.1000000 -0.1000000  0.1000000
 R(3)=  5.0000000  5.0000000  0.0000000  G(3)=  0.1000000  0.1000000 -0.1000000
 Unit cell volume ucvol=  2.5000000E+02 bohr^3
 Angles (23,13,12)=  6.00000000E+01  6.00000000E+01  6.00000000E+01 degrees

 getcut: wavevector=  0.0000  0.0000  0.0000  ngfft=  18  18  18
         ecut(hartree)=      8.000   => boxcut(ratio)=   2.00546

--- Pseudopotential description ------------------------------------------------
- pspini: atom type   1  psp file is /home/gonze/ABINIT/ABINITv8.0.3/gonze/8.0.3-private/tests/Psps_for_tests/70yb.pho
- pspatm: opening atomic psp file    /home/gonze/ABINIT/ABINITv8.0.3/gonze/8.0.3-private/tests/Psps_for_tests/70yb.pho
- From G. Zerah, transmitted August 99, translated from 70yb.pspnc to format 5.
- 70.00000  16.00000    940714                znucl, zion, pspdat
    5    1    3    0       800   0.00000      pspcod,pspxc,lmax,lloc,mmax,r2well
    2.616520E-04    1.608719E-02              r1 and al (Hamman grid)
    0   0.000   0.000    1   2.6885220        l,e99.0,e99.9,nproj,rcpsp
   0.00000000   0.00000000   0.00000000   0.00000000     rms, ekb1, ekb2, epsatm
    1   0.000   0.000    1   3.4092570        l,e99.0,e99.9,nproj,rcpsp
   0.00000000   0.00000000   0.00000000   0.00000000     rms, ekb1, ekb2, epsatm
    2   0.000   0.000    1   2.4942562        l,e99.0,e99.9,nproj,rcpsp
   0.00000000   0.00000000   0.00000000   0.00000000     rms, ekb1, ekb2, epsatm
    3   0.000   0.000    1   2.7912571        l,e99.0,e99.9,nproj,rcpsp
   0.00000000   0.00000000   0.00000000   0.00000000     rms, ekb1, ekb2, epsatm
    3.64900785408910    0.04847921662178    2.05554491768585   rchrg,fchrg,qchrg
 pspatm : epsatm=  122.42823458
         --- l  ekb(1:nproj) -->
             0    0.000000
             1    0.714859
             2   -2.528312
             3  -10.177023
 pspatm: atomic psp has been read  and splines computed

   1.95885175E+03                                ecore*ucvol(ha*bohr**3)
--------------------------------------------------------------------------------

P newkpt: treating      8 bands with npw=     274 for ikpt=   1 by node    0
P newkpt: treating      8 bands with npw=     265 for ikpt=   2 by node    0
_setup2: Arith. and geom. avg. npw (full set) are     267.250     267.222

================================================================================

     iter   Etot(hartree)      deltaE(h)  residm     vres2

 ETOT  1  -70.718639974456    -7.072E+01 2.583E-01 1.447E+01

 prteigrs : about to open file t38o_EIG
 Fermi (or HOMO) energy (hartree) =   0.07380   Average Vxc (hartree)=  -0.39820
 Eigenvalues (hartree) for nkpt=   2  k points:
 kpt#   1, nband=  8, wtk=  0.25000, kpt=  0.2500  0.2500  0.2500 (reduced coord)
  -0.68441   -0.66659   -0.66547   -0.66532   -0.65895   -0.65877   -0.15293    0.07380
 kpt#   2, nband=  8, wtk=  0.75000, kpt=  0.2500  0.5000  0.5000 (reduced coord)
  -0.67793   -0.67045   -0.66107   -0.65650   -0.64789   -0.63323   -0.12086   -0.00681
 Fermi (or HOMO) energy (eV) =   2.00814   Average Vxc (eV)= -10.83554
 Eigenvalues (   eV  ) for nkpt=   2  k points:
 kpt#   1, nband=  8, wtk=  0.25000, kpt=  0.2500  0.2500  0.2500 (reduced coord)
 -18.62382  -18.13883  -18.10823  -18.10415  -17.93094  -17.92593   -4.16140    2.00814
 kpt#   2, nband=  8, wtk=  0.75000, kpt=  0.2500  0.5000  0.5000 (reduced coord)
 -18.44742  -18.24388  -17.98872  -17.86424  -17.62996  -17.23109   -3.28874   -0.18534

 Cartesian components of stress tensor (hartree/bohr^3)
  sigma(1 1)=  8.85959458E-03  sigma(3 2)=  0.00000000E+00
  sigma(2 2)=  8.85959458E-03  sigma(3 1)=  0.00000000E+00
  sigma(3 3)=  8.85959458E-03  sigma(2 1)=  0.00000000E+00


 scprqt:  WARNING -
  nstep=    1 was not enough SCF cycles to converge;
  maximum residual=  2.583E-01 exceeds tolwfr=  1.000E-14

 Integrated electronic density in atomic spheres:
 ------------------------------------------------
 Atom  Sphere_radius  Integrated_density
    1        2.00000         10.15381056
================================================================================

 ----iterations are completed or convergence reached----

 Mean square residual over all n,k,spin=   2.1140E-02; max=  2.5829E-01
   0.2500  0.2500  0.2500    1  5.04543E-03 kpt; spin; max resid(k); each band:
  6.04E-04 6.28E-04 5.01E-04 9.37E-04 2.80E-03 4.83E-03 5.05E-03 1.08E-03
   0.2500  0.5000  0.5000    1  2.58286E-01 kpt; spin; max resid(k); each band:
  2.68E-04 1.01E-03 2.00E-03 4.35E-03 2.97E-03 2.58E-01 4.40E-02 8.95E-03
 reduced coordinates (array xred) for    1 atoms
       0.000000000000      0.000000000000      0.000000000000
 rms dE/dt=  5.4150E-30; max dE/dt=  9.3790E-30; dE/dt below (all hartree)
    1       0.000000000000      0.000000000000      0.000000000000

 cartesian coordinates (angstrom) at end:
    1      0.00000000000000     0.00000000000000     0.00000000000000

 cartesian forces (hartree/bohr) at end:
    1      0.00000000000000     0.00000000000000     0.00000000000000
 frms,max,avg= 0.0000000E+00 0.0000000E+00   0.000E+00  0.000E+00  0.000E+00 h/b

 cartesian forces (eV/Angstrom) at end:
    1      0.00000000000000     0.00000000000000     0.00000000000000
 frms,max,avg= 0.0000000E+00 0.0000000E+00   0.000E+00  0.000E+00  0.000E+00 e/A
 length scales= 10.000000000000 10.000000000000 10.000000000000 bohr
              =  5.291772085900  5.291772085900  5.291772085900 angstroms
 prteigrs : about to open file t38o_EIG
 Fermi (or HOMO) energy (hartree) =   0.07380   Average Vxc (hartree)=  -0.39820
 Eigenvalues (hartree) for nkpt=   2  k points:
 kpt#   1, nband=  8, wtk=  0.25000, kpt=  0.2500  0.2500  0.2500 (reduced coord)
  -0.68441   -0.66659   -0.66547   -0.66532   -0.65895   -0.65877   -0.15293    0.07380
 kpt#   2, nband=  8, wtk=  0.75000, kpt=  0.2500  0.5000  0.5000 (reduced coord)
  -0.67793   -0.67045   -0.66107   -0.65650   -0.64789   -0.63323   -0.12086   -0.00681
 Fermi (or HOMO) energy (eV) =   2.00814   Average Vxc (eV)= -10.83554
 Eigenvalues (   eV  ) for nkpt=   2  k points:
 kpt#   1, nband=  8, wtk=  0.25000, kpt=  0.2500  0.2500  0.2500 (reduced coord)
 -18.62382  -18.13883  -18.10823  -18.10415  -17.93094  -17.92593   -4.16140    2.00814
 kpt#   2, nband=  8, wtk=  0.75000, kpt=  0.2500  0.5000  0.5000 (reduced coord)
 -18.44742  -18.24388  -17.98872  -17.86424  -17.62996  -17.23109   -3.28874   -0.18534
 Total charge density [el/Bohr^3]
      Maximum=    4.4700E-01  at reduced coord.    0.1111    0.8889    0.8889
 Next maximum=    4.4700E-01  at reduced coord.    0.8889    0.1111    0.8889
      Minimum=    6.4294E-03  at reduced coord.    0.5000    0.5000    0.5000
 Next minimum=    6.7715E-03  at reduced coord.    0.5000    0.5000    0.4444
   Integrated=    1.6000E+01

--------------------------------------------------------------------------------
 Components of total free energy (in Hartree) :

    Kinetic energy  =  2.30215574256962E+01
    Hartree energy  =  1.18666256799791E+01
    XC energy       = -8.71120056458577E+00
    Ewald energy    = -5.86862345486569E+01
    PspCore energy  =  7.83540701326494E+00
    Loc. psp. energy= -2.66398422153377E+01
    NL   psp  energy= -1.94049527648155E+01
    >>>>>>>>> Etotal= -7.07186399744556E+01

 Other information on the energy :
    Total energy(eV)= -1.92435205840205E+03 ; Band energy (Ha)=  -8.1514283078E+00
--------------------------------------------------------------------------------

          ===> extra information on forces <===
 ewald contribution to reduced grads
    1      -0.000000000000     -0.000000000000      0.000000000000
 nonlocal contribution to red. grads
    1       0.000000000000      0.000000000000      0.000000000000
 local psp contribution to red. grads
    1      -0.000000000007     -0.000000000000     -0.000000000007
 core charge xc contribution to reduced grads
    1       0.000000000000      0.000000000000     -0.000000000000
 residual contribution to red. grads
    1       0.000000000007      0.000000000000      0.000000000007

 Cartesian components of stress tensor (hartree/bohr^3)
  sigma(1 1)=  8.85959458E-03  sigma(3 2)=  0.00000000E+00
  sigma(2 2)=  8.85959458E-03  sigma(3 1)=  0.00000000E+00
  sigma(3 3)=  8.85959458E-03  sigma(2 1)=  0.00000000E+00

-Cartesian components of stress tensor (GPa)         [Pressure= -2.6066E+02 GPa]
- sigma(1 1)=  2.60658228E+02  sigma(3 2)=  0.00000000E+00
- sigma(2 2)=  2.60658228E+02  sigma(3 1)=  0.00000000E+00
- sigma(3 3)=  2.60658228E+02  sigma(2 1)=  0.00000000E+00

== END DATASET(S) ==============================================================
================================================================================
  
 -outvars: echo values of variables after computation  --------
            acell      1.0000000000E+01  1.0000000000E+01  1.0000000000E+01 Bohr
              amu      1.73040000E+02
           dielng      8.00000000E-01 Bohr
             ecut      8.00000000E+00 Hartree
           enunit           2
           etotal     -7.0718639974E+01
            fcart      0.0000000000E+00  0.0000000000E+00  0.0000000000E+00
-          fftalg         312
            intxc           1
              kpt      1.00000000E+00  1.00000000E+00  1.00000000E+00
                       1.00000000E+00  2.00000000E+00  2.00000000E+00
           kptnrm      4.00000000E+00
           kptopt           0
P           mkmem           2
            natom           1
            nband           8
            ngfft          18      18      18
             nkpt           2
            nline           3
            nstep           1
             nsym          24
           ntypat           1
              occ      2.000000  2.000000  2.000000  2.000000  2.000000  2.000000
                       2.000000  2.000000
           occopt           0
           prtvol          10
            rprim      0.0000000000E+00  5.0000000000E-01  5.0000000000E-01
                       5.0000000000E-01  0.0000000000E+00  5.0000000000E-01
                       5.0000000000E-01  5.0000000000E-01  0.0000000000E+00
          spgroup         216
           strten      8.8595945819E-03  8.8595945819E-03  8.8595945819E-03
                       0.0000000000E+00  0.0000000000E+00  0.0000000000E+00
           symrel      1  0  0   0  1  0   0  0  1       0  1 -1   1  0 -1   0  0 -1
                       0 -1  1   0 -1  0   1 -1  0      -1  0  0  -1  0  1  -1  1  0
                       0  1  0   0  0  1   1  0  0       1  0 -1   0  0 -1   0  1 -1
                       0 -1  0   1 -1  0   0 -1  1      -1  0  1  -1  1  0  -1  0  0
                       0  0  1   1  0  0   0  1  0       0  0 -1   0  1 -1   1  0 -1
                       1 -1  0   0 -1  1   0 -1  0      -1  1  0  -1  0  0  -1  0  1
                       1  0 -1   0  1 -1   0  0 -1       0  1  0   1  0  0   0  0  1
                      -1  0  1  -1  0  0  -1  1  0       0 -1  0   0 -1  1   1 -1  0
                      -1  1  0  -1  0  1  -1  0  0       1 -1  0   0 -1  0   0 -1  1
                       0  0 -1   1  0 -1   0  1 -1       0  0  1   0  1  0   1  0  0
                       0 -1  1   1 -1  0   0 -1  0      -1  0  0  -1  1  0  -1  0  1
                       1  0  0   0  0  1   0  1  0       0  1 -1   0  0 -1   1  0 -1
           tolwfr      1.00000000E-14
            typat      1
              wtk        0.25000    0.75000
            znucl       70.00000

================================================================================


- Timing analysis has been suppressed with timopt=0



================================================================================

 Suggested references for the acknowledgment of ABINIT usage.

 The users of ABINIT have little formal obligations with respect to the ABINIT group
 (those specified in the GNU General Public License, http://www.gnu.org/copyleft/gpl.txt).
 However, it is common practice in the scientific literature,
 to acknowledge the efforts of people that have made the research possible.
 In this spirit, please find below suggested citations of work written by ABINIT developers,
 corresponding to implementations inside of ABINIT that you have used in the present run.
 Note also that it will be of great value to readers of publications presenting these results,
 to read papers enabling them to understand the theoretical formalism and details
 of the ABINIT implementation.
 For information on why they are suggested, see also https://www.abinit.org/about/?text=acknowledgments.
-
- [1] ABINIT : First-principles approach of materials and nanosystem properties.
- X. Gonze, B. Amadon, P.-M. Anglade, J.-M. Beuken, F. Bottin, P. Boulanger, F. Bruneval,
- D. Caliste, R. Caracas, M. Cote, T. Deutsch, L. Genovese, Ph. Ghosez, M. Giantomassi
- S. Goedecker, D.R. Hamann, P. Hermet, F. Jollet, G. Jomard, S. Leroux, M. Mancini, S. Mazevet,
- M.J.T. Oliveira, G. Onida, Y. Pouillon, T. Rangel, G.-M. Rignanese, D. Sangalli, R. Shaltaf,
- M. Torrent, M.J. Verstraete, G. Zerah, J.W. Zwanziger
- Computer Phys. Comm. 180, 2582-2615 (2009).
- Comment : the third generic paper describing the ABINIT project.
- Note that a version of this paper, that is not formatted for Computer Phys. Comm. 
- is available at https://www.abinit.org/about/ABINIT_CPC_v10.pdf .
- The licence allows the authors to put it on the Web.
-
- [2] A brief introduction to the ABINIT software package.
- X. Gonze, G.-M. Rignanese, M. Verstraete, J.-M. Beuken, Y. Pouillon, R. Caracas, F. Jollet,
- M. Torrent, G. Zerah, M. Mikami, Ph. Ghosez, M. Veithen, J.-Y. Raty, V. Olevano, F. Bruneval,
- L. Reining, R. Godby, G. Onida, D.R. Hamann, and D.C. Allan.
- Z. Kristallogr. 220, 558-562 (2005).
- Comment : the second generic paper describing the ABINIT project. Note that this paper
- should be cited especially if you are using the GW part of ABINIT, as several authors
- of this part are not in the list of authors of the first or third paper.
- The .pdf of the latter paper is available at https://www.abinit.org/about/zfk_0505-06_558-562.pdf.
- Note that it should not redistributed (Copyright by Oldenburg Wissenshaftverlag,
- the licence allows the authors to put it on the Web).
-
- And optionally:
-
- [3] First-principles computation of material properties : the ABINIT software project. 
- X. Gonze, J.-M. Beuken, R. Caracas, F. Detraux, M. Fuchs, G.-M. Rignanese, L. Sindic,
- M. Verstraete, G. Zerah, F. Jollet, M. Torrent, A. Roy, M. Mikami, Ph. Ghosez, J.-Y. Raty, D.C. Allan.
- Computational Materials Science 25, 478-492 (2002). http://dx.doi.org/10.1016/S0927-0256(02)00325-7
- Comment : the original paper describing the ABINIT project.
-
- [4] Fast radix 2, 3, 4 and 5 kernels for Fast Fourier Transformations
- on computers with overlapping multiply-add instructions.
- S. Goedecker, SIAM J. on Scientific Computing 18, 1605 (1997).
-
- Proc.   0 individual time (sec): cpu=          1.7  wall=          1.1

================================================================================

 Calculation completed.
.Delivered   2 WARNINGs and   1 COMMENTs to log file.
+Overall time at end (sec) : cpu=          1.7  wall=          1.1
