
.Version 8.0.3 of ABINIT 
.(MPI version, prepared for a x86_64_linux_gnu5.3 computer) 

.Copyright (C) 1998-2018 ABINIT group . 
 ABINIT comes with ABSOLUTELY NO WARRANTY.
 It is free software, and you are welcome to redistribute it
 under certain conditions (GNU General Public License,
 see ~abinit/COPYING or http://www.gnu.org/copyleft/gpl.txt).

 ABINIT is a project of the Universite Catholique de Louvain,
 Corning Inc. and other collaborators, see ~abinit/doc/developers/contributors.txt .
 Please read ~abinit/doc/users/acknowledgments.html for suggested
 acknowledgments of the ABINIT effort.
 For more information, see https://www.abinit.org .

.Starting date : Mon  4 Apr 2016.
- ( at 09h34 )
  
- input  file    -> t06.in
- output file    -> t06.out
- root for input  files -> t06i
- root for output files -> t06o


 Symmetries : space group P1 (#  1); Bravais aP (primitive triclinic)
================================================================================
 Values of the parameters that define the memory need for DATASET  1 (WVL).
  wvl_hgrid =  0.350   nwfshist =      6 wvl_crmult =  5.000 wvl_frmult =  8.000
  tl_radius =  0.000  tl_nprccg =     30
      natom =      3     ntypat =      2    nstates =      4     nsppol =      1
================================================================================
================================================================================

--------------------------------------------------------------------------------
------------- Echo of variables that govern the present computation ------------
--------------------------------------------------------------------------------
-
- outvars: echo of selected default values                                      
-   accesswff0 =  0 , fftalg0 =312 , wfoptalg0 =  0
-
- outvars: echo of global parameters not present in the input file              
-  max_nthreads =    0
-
 -outvars: echo values of preprocessed input variables --------
            acell      5.6691783987E+00  5.6691783987E+00  5.6691783987E+00 Bohr
              amu      1.00794000E+00  1.59994000E+01
-          fftalg         312
         icoulomb           2
             iscf           0
           istwfk        1
              ixc          11
           kptopt           0
            natom           3
            nband           4
            ngfft           2       2       2
             nkpt           1
             nsym           1
           ntypat           2
         nwfshist           6
              occ      2.000000  2.000000  2.000000  2.000000
        optstress           0
           prtden           0
          spgroup           1
           tolwfr      1.00000000E-04
            typat      1  1  2
           usewvl           1
       wvl_crmult      5.00000000E+00
       wvl_frmult      8.00000000E+00
        wvl_hgrid      3.50000000E-01
       wvl_nprccg           7
           xangst      7.2850000000E-01  6.2091900000E-01  1.5000000000E+00
                       2.2715000000E+00  6.2091900000E-01  1.5000000000E+00
                       1.5000000000E+00  0.0000000000E+00  1.5000000000E+00
            xcart      1.3766654878E+00  1.1733668607E+00  2.8345891993E+00
                       4.2925129108E+00  1.1733668607E+00  2.8345891993E+00
                       2.8345891993E+00  0.0000000000E+00  2.8345891993E+00
             xred      2.4283333333E-01  2.0697300000E-01  5.0000000000E-01
                       7.5716666667E-01  2.0697300000E-01  5.0000000000E-01
                       5.0000000000E-01  0.0000000000E+00  5.0000000000E-01
            znucl        1.00000    8.00000

================================================================================

 chkinp: Checking input parameters for consistency.

================================================================================
== DATASET  1 ==================================================================
-   nproc =    1   -> not optimal: autoparal keyword recommended in input file

 Exchange-correlation functional for the present dataset will be:
  GGA: Perdew-Burke-Ernzerhof functional - ixc=11
 Citation for XC functional:
  J.P.Perdew, K.Burke, M.Ernzerhof, PRL 77, 3865 (1996)

 Real(R)+Recip(G) space primitive vectors, cartesian coordinates (Bohr,Bohr^-1):
 R(1)=  5.6691784  0.0000000  0.0000000  G(1)=  0.1763924  0.0000000  0.0000000
 R(2)=  0.0000000  5.6691784  0.0000000  G(2)=  0.0000000  0.1763924  0.0000000
 R(3)=  0.0000000  0.0000000  5.6691784  G(3)=  0.0000000  0.0000000  0.1763924
 Unit cell volume ucvol=  1.8220503E+02 bohr^3
 Angles (23,13,12)=  9.00000000E+01  9.00000000E+01  9.00000000E+01 degrees

--- Pseudopotential description ------------------------------------------------
- pspini: atom type   1  psp file is /home/gonze/ABINIT/ABINITv8.0.3/gonze/8.0.3-private/tests/Psps_for_tests/HGH/1h.1.hgh
- pspatm: opening atomic psp file    /home/gonze/ABINIT/ABINITv8.0.3/gonze/8.0.3-private/tests/Psps_for_tests/HGH/1h.1.hgh
- Hartwigsen-Goedecker-Hutter psp for H,  from PRB58, 3641 (1998)
-  1.00000   1.00000     10605                znucl, zion, pspdat
    3    1    0    0      2001   0.00000      pspcod,pspxc,lmax,lloc,mmax,r2well
 rloc=   0.2000000
 cc1 =  -4.1802370; cc2 =   0.7250750; cc3 =   0.0000000; cc4 =   0.0000000
 rrs =   0.0000000; h11s=   0.0000000; h22s=   0.0000000; h33s=   0.0000000
-
- wvl_descr_psp_fill : COMMENT -
-  the pseudo-potential does not include geometric informations,
-  values have been computed.
  radii_cf(1)=   1.4634185; radii_cf(2)=   0.2000000; rad_cov=   0.2000000
-  Local part computed in reciprocal space.

 pspatm : COMMENT -
  the projectors are not normalized,
  so that the KB energies are not consistent with 
  definition in PRB44, 8503 (1991). 
  However, this does not influence the results obtained hereafter.
 pspatm : epsatm=   -0.00129784
         --- l  ekb(1:nproj) -->
 pspatm: atomic psp has been read  and splines computed

- pspini: atom type   2  psp file is /home/gonze/ABINIT/ABINITv8.0.3/gonze/8.0.3-private/tests/Psps_for_tests/HGH/8o.6.hgh
- pspatm: opening atomic psp file    /home/gonze/ABINIT/ABINITv8.0.3/gonze/8.0.3-private/tests/Psps_for_tests/HGH/8o.6.hgh
- Hartwigsen-Goedecker-Hutter psp for O,  from PRB58, 3641 (1998)
-  8.00000   6.00000     10605                znucl, zion, pspdat
    3    1    1    0      2001   0.00000      pspcod,pspxc,lmax,lloc,mmax,r2well
 rloc=   0.2476210
 cc1 = -16.5803180; cc2 =   2.3957010; cc3 =   0.0000000; cc4 =   0.0000000
 rrs =   0.2217860; h11s=  18.2669170; h22s=   0.0000000; h33s=   0.0000000
 rrp =   0.2568290; h11p=   0.0000000; h22p=   0.0000000; h33p=   0.0000000
                    k11p=   0.0044760; k22p=   0.0000000; k33p=   0.0000000
  radii_cf(1)=   1.2155757; radii_cf(2)=   0.2217860; rad_cov=   0.4815544
-  Local part computed in reciprocal space.

 pspatm : COMMENT -
  the projectors are not normalized,
  so that the KB energies are not consistent with 
  definition in PRB44, 8503 (1991). 
  However, this does not influence the results obtained hereafter.
 pspatm : epsatm=    0.06537478
         --- l  ekb(1:nproj) -->
             0    0.706436
 pspatm: atomic psp has been read  and splines computed

   5.02232778E-01                                ecore*ucvol(ha*bohr**3)
--------------------------------------------------------------------------------

 setup2: nwvl coarse and fine are   13151    1358

================================================================================

     iter   Etot(hartree)      deltaE(h)  grdnorm    vres2
 ETOT  1  -16.940333556593    -1.694E+01 2.925E-01 9.689E+03
 ETOT  2  -17.124582672171    -1.842E-01 1.522E-01 9.818E+02
 ETOT  3  -17.175888801928    -5.131E-02 5.764E-02 6.179E+01
 ETOT  4  -17.181568820886    -5.680E-03 2.888E-02 2.217E+00
 ETOT  5  -17.182950002727    -1.381E-03 1.247E-02 1.539E+00
 ETOT  6  -17.183263860544    -3.139E-04 7.194E-03 4.912E-02
 ETOT  7  -17.183431019412    -1.672E-04 3.472E-03 6.074E-02
 ETOT  8  -17.183470697210    -3.968E-05 1.672E-03 1.659E-02
 ETOT  9  -17.183476335952    -5.639E-06 7.628E-04 3.476E-04
 ETOT 10  -17.183477711503    -1.376E-06 3.774E-04 6.798E-04
 ETOT 11  -17.183478102498    -3.910E-07 1.582E-04 1.067E-05
 ETOT 12  -17.183478145032    -4.253E-08 6.612E-05 1.071E-05

 At SCF step   12   max grdnorm=  6.61E-05 < tolwfr=  1.00E-04 =>converged.
================================================================================

 ----iterations are completed or convergence reached----

 Mean square residual over all n,k,spin=   0.0000E+00; max=  0.0000E+00
 reduced coordinates (array xred) for    3 atoms
       0.242833333333      0.500000000000      0.500000000000
       0.757166666667      0.500000000000      0.500000000000
       0.500000000000      0.418232274515      0.500000000000
 rms dE/dt=  2.8675E-01; max dE/dt=  3.1978E-01; dE/dt below (all hartree)
    1      -0.271768982239      0.319784294922     -0.000001415360
    2       0.271770053263      0.319784135339     -0.000001319302
    3      -0.000000063324     -0.622741696080     -0.000003581028

 cartesian coordinates (angstrom) at end:
    1      0.72850000000000     3.79684647163325     1.50000000000000
    2      2.27150000000000     3.79684647163325     1.50000000000000
    3      1.50000000000000     3.17592747163325     1.50000000000000

 cartesian forces (hartree/bohr) at end:
    1      0.04793804305108    -0.02189375494970    -0.00000012168785
    2     -0.04793811347120    -0.02189374382897    -0.00000013863173
    3      0.00000007042012     0.04378749877867     0.00000026031958
 frms,max,avg= 2.8813840E-02 4.7938113E-02  -5.925E-08 -3.909E-04  3.713E-07 h/b

 cartesian forces (eV/Angstrom) at end:
    1      2.46507307908435    -1.12582205053872    -0.00000625744037
    2     -2.46507670023196    -1.12582147868755    -0.00000712872946
    3      0.00000362114761     2.25164352922627     0.00001338616984
 frms,max,avg= 1.4816671E+00 2.4650767E+00  -3.047E-06 -2.010E-02  1.910E-05 e/A
 length scales=  5.669178398657 14.350000000000  5.669178398657 bohr
              =  3.000000000000  7.593692943266  3.000000000000 angstroms
 prteigrs : about to open file t06o_EIG
 Fermi (or HOMO) energy (hartree) =   0.00000   Average Vxc (hartree)=  -0.10443
 Eigenvalues (hartree) for nkpt=   1  k points:
 kpt#   1, nband=  4, wtk=  1.00000, kpt=  0.0000  0.0000  0.0000 (reduced coord)
  -0.94036   -0.43912   -0.37589   -0.24112

--------------------------------------------------------------------------------
 Components of total free energy (in Hartree) :

    Kinetic energy  =  1.40606203268994E+01
    Hartree energy  = -7.59619059015402E-01
    XC energy       = -4.26425399295169E+00
    Ewald energy    = -1.52158903200519E+01
    PspCore energy  =  0.00000000000000E+00
    Loc. psp. energy= -1.21452392770746E+01
    NL   psp  energy=  1.14090416887351E+00
    >>>>>>>>> Etotal= -1.71834781533207E+01

 "Double-counting" decomposition of free energy:
    Band energy     = -3.99283178967364E+00
    Ewald energy    = -1.52158903200519E+01
    PspCore energy  =  0.00000000000000E+00
    Dble-C XC-energy=  2.02538627751619E+00
    >>>> Etotal (DC)= -1.71833358322094E+01
--------------------------------------------------------------------------------

== END DATASET(S) ==============================================================
================================================================================
  
 -outvars: echo values of variables after computation  --------
            acell      5.6691783987E+00  1.4350000000E+01  5.6691783987E+00 Bohr
              amu      1.00794000E+00  1.59994000E+01
           etotal     -1.7183478145E+01
            fcart      4.7938043051E-02 -2.1893754950E-02 -1.2168785119E-07
                      -4.7938113471E-02 -2.1893743829E-02 -1.3863172771E-07
                       7.0420115175E-08  4.3787498779E-02  2.6031957889E-07
-          fftalg         312
         icoulomb           2
             iscf           0
           istwfk        1
              ixc          11
           kptopt           0
            natom           3
            nband           4
            ngfft           2       2       2
             nkpt           1
             nsym           1
           ntypat           2
         nwfshist           6
              occ      2.000000  2.000000  2.000000  2.000000
        optstress           0
           prtden           0
          spgroup           1
           strten      9.9999999999E+99  9.9999999999E+99  9.9999999999E+99
                       9.9999999999E+99  9.9999999999E+99  9.9999999999E+99
           tolwfr      1.00000000E-04
            typat      1  1  2
           usewvl           1
       wvl_crmult      5.00000000E+00
       wvl_frmult      8.00000000E+00
        wvl_hgrid      3.50000000E-01
       wvl_nprccg           7
           xangst      7.2850000000E-01  3.7968464716E+00  1.5000000000E+00
                       2.2715000000E+00  3.7968464716E+00  1.5000000000E+00
                       1.5000000000E+00  3.1759274716E+00  1.5000000000E+00
            xcart      1.3766654878E+00  7.1750000000E+00  2.8345891993E+00
                       4.2925129108E+00  7.1750000000E+00  2.8345891993E+00
                       2.8345891993E+00  6.0016331393E+00  2.8345891993E+00
             xred      2.4283333333E-01  5.0000000000E-01  5.0000000000E-01
                       7.5716666667E-01  5.0000000000E-01  5.0000000000E-01
                       5.0000000000E-01  4.1823227452E-01  5.0000000000E-01
            znucl        1.00000    8.00000

================================================================================


- Timing analysis has been suppressed with timopt=0



================================================================================

 Suggested references for the acknowledgment of ABINIT usage.

 The users of ABINIT have little formal obligations with respect to the ABINIT group
 (those specified in the GNU General Public License, http://www.gnu.org/copyleft/gpl.txt).
 However, it is common practice in the scientific literature,
 to acknowledge the efforts of people that have made the research possible.
 In this spirit, please find below suggested citations of work written by ABINIT developers,
 corresponding to implementations inside of ABINIT that you have used in the present run.
 Note also that it will be of great value to readers of publications presenting these results,
 to read papers enabling them to understand the theoretical formalism and details
 of the ABINIT implementation.
 For information on why they are suggested, see also https://www.abinit.org/about/?text=acknowledgments.
-
- [1] Daubechies wavelets as a basis set for density functional pseudopotential calculations.
- L. Genovese, A. Neelov, S. Goedecker, T. Deutsch, S.A. Ghasemi, A. Willand, D. Caliste, O. Zilberberg, M. Rayson, A. Bergman et R. Schneider,
- J. Chem. Phys. 129, 014109 (2008).
- Comment : to be cited in case BigDFT project is used, i.e. usewvl=1.
-
- [2] ABINIT : First-principles approach of materials and nanosystem properties.
- X. Gonze, B. Amadon, P.-M. Anglade, J.-M. Beuken, F. Bottin, P. Boulanger, F. Bruneval,
- D. Caliste, R. Caracas, M. Cote, T. Deutsch, L. Genovese, Ph. Ghosez, M. Giantomassi
- S. Goedecker, D.R. Hamann, P. Hermet, F. Jollet, G. Jomard, S. Leroux, M. Mancini, S. Mazevet,
- M.J.T. Oliveira, G. Onida, Y. Pouillon, T. Rangel, G.-M. Rignanese, D. Sangalli, R. Shaltaf,
- M. Torrent, M.J. Verstraete, G. Zerah, J.W. Zwanziger
- Computer Phys. Comm. 180, 2582-2615 (2009).
- Comment : the third generic paper describing the ABINIT project.
- Note that a version of this paper, that is not formatted for Computer Phys. Comm. 
- is available at https://www.abinit.org/about/ABINIT_CPC_v10.pdf .
- The licence allows the authors to put it on the Web.
-
- [3] A brief introduction to the ABINIT software package.
- X. Gonze, G.-M. Rignanese, M. Verstraete, J.-M. Beuken, Y. Pouillon, R. Caracas, F. Jollet,
- M. Torrent, G. Zerah, M. Mikami, Ph. Ghosez, M. Veithen, J.-Y. Raty, V. Olevano, F. Bruneval,
- L. Reining, R. Godby, G. Onida, D.R. Hamann, and D.C. Allan.
- Z. Kristallogr. 220, 558-562 (2005).
- Comment : the second generic paper describing the ABINIT project. Note that this paper
- should be cited especially if you are using the GW part of ABINIT, as several authors
- of this part are not in the list of authors of the first or third paper.
- The .pdf of the latter paper is available at https://www.abinit.org/about/zfk_0505-06_558-562.pdf.
- Note that it should not redistributed (Copyright by Oldenburg Wissenshaftverlag,
- the licence allows the authors to put it on the Web).
-
- And optionally:
-
- [4] First-principles computation of material properties : the ABINIT software project. 
- X. Gonze, J.-M. Beuken, R. Caracas, F. Detraux, M. Fuchs, G.-M. Rignanese, L. Sindic,
- M. Verstraete, G. Zerah, F. Jollet, M. Torrent, A. Roy, M. Mikami, Ph. Ghosez, J.-Y. Raty, D.C. Allan.
- Computational Materials Science 25, 478-492 (2002). http://dx.doi.org/10.1016/S0927-0256(02)00325-7
- Comment : the original paper describing the ABINIT project.
-
- [5] Fast radix 2, 3, 4 and 5 kernels for Fast Fourier Transformations
- on computers with overlapping multiply-add instructions.
- S. Goedecker, SIAM J. on Scientific Computing 18, 1605 (1997).
-
- Proc.   0 individual time (sec): cpu=        407.3  wall=         24.9

================================================================================

 Calculation completed.
.Delivered   3 WARNINGs and   9 COMMENTs to log file.
+Overall time at end (sec) : cpu=        407.3  wall=         24.9
