
.Version 8.0.3 of AIM 
.(MPI version, prepared for a x86_64_linux_gnu5.3 computer) 

.Copyright (C) 1998-2017 ABINIT group . 
 AIM comes with ABSOLUTELY NO WARRANTY.
 It is free software, and you are welcome to redistribute it
 under certain conditions (GNU General Public License,
 see ~abinit/COPYING or http://www.gnu.org/copyleft/gpl.txt).

 ABINIT is a project of the Universite Catholique de Louvain,
 Corning Inc. and other collaborators, see ~abinit/doc/developers/contributors.txt .
 Please read ~abinit/doc/users/acknowledgments.html for suggested
 acknowledgments of the ABINIT effort.
 For more information, see https://www.abinit.org .

.Starting date : Mon  4 Apr 2016.
- ( at 11h58 )
  
 ECHO of the INPUT
 ************************
 ATOM                 1
 CRIT                 2
 SURF                 1
 GPSURF               1
 IRHO                 1
 INPT                50
 NTHETA               8
 NPHI                 4
 THETAMAX   3.1415926536E+00
 PHIMAX     1.5707963268E+00
 MAXATD     1.0900000000E+01
 MAXCPD     8.0000000000E+00
 LGRAD2     1.0000000000E-04
 LSTEP2     1.0000000000E-04
 DPCLIM     5.0000000000E-02
 ===============================================================================
 ECHO of the ABINIT file header 
 
 First record :
.codvsn,headform,fform = 8.0.3    80   52
 
 Second record :
 bantot,intxc,ixc,natom  =     5     0     1     2
 ngfft(1:3),nkpt         =    40    40    60     1
 nspden,nspinor          =     1     1
 nsppol,nsym,npsp,ntypat =     1     8     2     2
 occopt,pertcase,usepaw  =     7     0     0
 ecut,ecutdg,ecutsm      =  3.0000000000E+01  3.0000000000E+01  0.0000000000E+00
 ecut_eff                =  3.0000000000E+01
 qptn(1:3)               =  0.0000000000E+00  0.0000000000E+00  0.0000000000E+00
 rprimd(1:3,1)           =  8.0000000000E+00  0.0000000000E+00  0.0000000000E+00
 rprimd(1:3,2)           =  0.0000000000E+00  8.0000000000E+00  0.0000000000E+00
 rprimd(1:3,3)           =  0.0000000000E+00  0.0000000000E+00  1.1000000000E+01
 stmbias,tphysel,tsmear  =  0.0000000000E+00  0.0000000000E+00  1.0000000000E-02

 Third record :
 istwfk=   2
 nband =   5
 npwarr= 2728
 so_psp=   1   1
 symafm=
          1  1  1  1  1  1  1  1
 symrel=
           1   0   0   0   1   0   0   0   1     1   0   0   0  -1   0   0   0   1
          -1   0   0   0  -1   0   0   0   1    -1   0   0   0   1   0   0   0   1
           0   1   0   1   0   0   0   0   1     0   1   0  -1   0   0   0   0   1
           0  -1   0  -1   0   0   0   0   1     0  -1   0   1   0   0   0   0   1
 type  =   1   2
 kptns =                 (max 50 k-points will be written)
            0.000000E+00    0.000000E+00    0.000000E+00
 wtk =
          1.00
   occ =
          2.00  2.00  1.47  1.47  1.05
 tnons =
          0.000000  0.000000  0.000000    0.000000  0.000000  0.000000
          0.000000  0.000000  0.000000    0.000000  0.000000  0.000000
          0.000000  0.000000  0.000000    0.000000  0.000000  0.000000
          0.000000  0.000000  0.000000    0.000000  0.000000  0.000000
  znucl=  8.00 12.00

 Pseudopotential info :
 title= Troullier-Martins psp for element  O         Thu Oct 27 17:29:57 EDT 1994
  znuclpsp=  8.00, zionpsp=  6.00, pspso=  0, pspdat=940714, pspcod=  1, pspxc=  1
  lmnmax  =  2
 title= Troullier-Martins psp for element  Mg        Thu Oct 27 17:30:49 EDT 1994
  znuclpsp= 12.00, zionpsp=  2.00, pspso=  0, pspdat=940714, pspcod=  1, pspxc=  1
  lmnmax  =  2
 
 Last record :
 residm,etot,fermie=    2.437649E-09   -1.753316931924E+01   -1.328240E-01
 xred =
            0.000000E+00    0.000000E+00    0.000000E+00
            0.000000E+00    0.000000E+00    3.290909E-01
 End the ECHO of the ABINIT file header 
 ===============================================================================
 INVERSE OF RPRIMD: 
      0.12500000      0.00000000      0.00000000
      0.00000000      0.12500000      0.00000000
      0.00000000      0.00000000      0.09090909

 ATOMS (index,at.number,Zionic,position(xcart.))
 =======================================
   1  8.000000  6.000000      0.00000000      0.00000000      0.00000000
   2 12.000000  2.000000      0.00000000      0.00000000      3.62000000

 CRITICAL POINTS ANALYSIS
 ========================

 ATOM:
 inxat :           1 inxcell :         172
    0.000000E+00    0.000000E+00    0.000000E+00

 NEIGHBORING ATOMS (atindex,cellindex,distance(in bohr)):
           2   172      3.62000000
           2   171      7.38000000
           1   123      8.00000000
           1   165      8.00000000
           1   179      8.00000000
           1   221      8.00000000
           2   123      8.78091111
           2   165      8.78091111
           2   179      8.78091111
           2   221      8.78091111
           2   122     10.88413524
           2   164     10.88413524
           2   178     10.88413524
           2   220     10.88413524

 BONDING CRITICAL POINTS (BCP)
 =============================

 Bonded atom (BAT) (indxatm,indxcell,position): 
     2   172      0.00000000      0.00000000      3.62000000
%Bonding CP:      -0.00040371     -0.00040371      2.00746355
%Eigenval. of Hessian:       0.58002845     -0.10214884     -0.10351504
 Eigenvec. of Hessian:
-      0.03199290     -0.70710678      0.70638265
-      0.03199290      0.70710678      0.70638265
-      0.99897593     -0.00000000     -0.04524479

%Density and laplacian in CP:       0.06710396      0.37436457
%Relative position of BCP (AT-CP,BAT-CP,AT-BAT,relative(AT): 
      2.00746364      1.61253655      3.62000000      0.55454797
 ********************************************************************
 Bonded atom (BAT) (indxatm,indxcell,position): 
     2   171      0.00000000      0.00000000     -7.38000000
%Bonding CP:       0.00402104      0.00402104     -3.56571183
%Eigenval. of Hessian:       0.00676996     -0.00070662     -0.00072303
 Eigenvec. of Hessian:
-      0.01282003      0.70710678      0.70699056
-      0.01282003     -0.70710678      0.70699056
-      0.99983563     -0.00000000     -0.01813026

%Density and laplacian in CP:       0.00248854      0.00534032
%Relative position of BCP (AT-CP,BAT-CP,AT-BAT,relative(AT): 
      3.56571636      3.81429241      7.38000000      0.48315940
 ********************************************************************
 Number of BCP found:    2

 RING CRITICAL POINTS (RCP)
 =============================

;Ring CP:      -4.00063581      1.51137005     -0.80729446
%Eigenval. of Hessian:       0.00123125      0.00019569     -0.00018485
 Eigenvec. of Hessian:
-      0.97937309     -0.13757526      0.14799120
-     -0.15127256     -0.01365140      0.98839782
-      0.13395880      0.99039724      0.03418117

%Density and laplacian in CP:       0.00024459      0.00124209
 ********************************************************************
;Ring CP:      -3.99936419     -1.51137005     -0.80729446
%Eigenval. of Hessian:       0.00120007      0.00020629     -0.00016428
 Eigenvec. of Hessian:
-      0.99180741     -0.08723460     -0.09331769
-      0.09337807     -0.00339724      0.99562493
-      0.08716997      0.99618200     -0.00477639

%Density and laplacian in CP:       0.00024459      0.00124209
 ********************************************************************
;Ring CP:      -1.51137005     -3.99936419     -0.80729446
%Eigenval. of Hessian:       0.00120007      0.00020629     -0.00016428
 Eigenvec. of Hessian:
-      0.09337807     -0.00339724      0.99562493
-      0.99180741     -0.08723460     -0.09331769
-      0.08716997      0.99618200     -0.00477639

%Density and laplacian in CP:       0.00024459      0.00124209
 ********************************************************************
;Ring CP:      -1.51137005      4.00063581     -0.80729446
%Eigenval. of Hessian:       0.00120007      0.00020629     -0.00016428
 Eigenvec. of Hessian:
-      0.09337807     -0.00339724      0.99562493
-      0.99180741     -0.08723460     -0.09331769
-      0.08716997      0.99618200     -0.00477639

%Density and laplacian in CP:       0.00024459      0.00124209
 ********************************************************************
;Ring CP:       1.51137005     -4.00063581     -0.80729446
%Eigenval. of Hessian:       0.00123125      0.00019569     -0.00018485
 Eigenvec. of Hessian:
-     -0.15127256     -0.01365140      0.98839782
-      0.97937309     -0.13757526      0.14799120
-      0.13395880      0.99039724      0.03418117

%Density and laplacian in CP:       0.00024459      0.00124209
 ********************************************************************
;Ring CP:       1.51137005      3.99936419     -0.80729446
%Eigenval. of Hessian:       0.00123125      0.00019569     -0.00018485
 Eigenvec. of Hessian:
-     -0.15127256     -0.01365140      0.98839782
-      0.97937309     -0.13757525      0.14799120
-      0.13395880      0.99039724      0.03418117

%Density and laplacian in CP:       0.00024459      0.00124209
 ********************************************************************
;Ring CP:       4.00063581     -1.51137005     -0.80729446
%Eigenval. of Hessian:       0.00120007      0.00020629     -0.00016428
 Eigenvec. of Hessian:
-      0.99180741     -0.08723460     -0.09331769
-      0.09337807     -0.00339724      0.99562493
-      0.08716997      0.99618200     -0.00477639

%Density and laplacian in CP:       0.00024459      0.00124209
 ********************************************************************
;Ring CP:       4.00063581      1.51137005     -0.80729446
%Eigenval. of Hessian:       0.00120041      0.00020765     -0.00016597
 Eigenvec. of Hessian:
-      0.99148320     -0.09535040      0.08870949
-     -0.09467743     -0.05999544      0.99369851
-      0.08942738      0.99363416      0.06851200

%Density and laplacian in CP:       0.00024459      0.00124209
 ********************************************************************
 Number of RCP found:    8

 CAGE CRITICAL POINTS (CCP)
 =============================

%Cage CP:      -4.00002688     -4.00002688     -0.90892543
%Eigenval. of Hessian:       0.00014968      0.00014947      0.00008721
 Eigenvec. of Hessian:
-      0.70705138      0.70710679      0.00885109
-      0.70705139     -0.70710678      0.00885109
-     -0.01251733     -0.00000000      0.99992166

%Density and laplacian in CP:       0.00011449      0.00038636
 ********************************************************************
%Cage CP:      -4.00024497     -0.00675616     -0.49995552
%Eigenval. of Hessian:       0.00323282      0.00023365      0.00006465
 Eigenvec. of Hessian:
-      0.99838101     -0.05667164     -0.00486758
-      0.00105564     -0.06710030      0.99774568
-      0.05687050      0.99613547      0.06693184

%Density and laplacian in CP:       0.00020518      0.00353112
 ********************************************************************
%Cage CP:      -4.00002668      4.00002668     -0.90892330
%Eigenval. of Hessian:       0.00014971      0.00014957      0.00008708
 Eigenvec. of Hessian:
-      0.23828073      0.97115615      0.00883273
-      0.97006857     -0.23843235      0.04601070
-     -0.04678958      0.00239510      0.99890190

%Density and laplacian in CP:       0.00011449      0.00038636
 ********************************************************************
%Cage CP:      -0.00676362     -4.00024441     -0.49995854
%Eigenval. of Hessian:       0.00323282      0.00023365      0.00006466
 Eigenvec. of Hessian:
-      0.00105657     -0.06709201      0.99774623
-      0.99838097     -0.05667229     -0.00486809
-      0.05687117      0.99613599      0.06692350

%Density and laplacian in CP:       0.00020518      0.00353112
 ********************************************************************
%Cage CP:      -0.00702177      4.00026172     -0.50047193
%Eigenval. of Hessian:       0.00322371      0.00024208      0.00006482
 Eigenvec. of Hessian:
-      0.00006632     -0.06284425      0.99802334
-      0.99977936     -0.02095953     -0.00138623
-      0.02100521      0.99780324      0.06282899

%Density and laplacian in CP:       0.00020518      0.00353061
 ********************************************************************
%Cage CP:       3.99997722     -3.99997720     -0.90892225
%Eigenval. of Hessian:       0.00014971      0.00014957      0.00008708
 Eigenvec. of Hessian:
-      0.23813992      0.97119065      0.00883749
-      0.97010326     -0.23829193      0.04600681
-     -0.04678729      0.00238278      0.99890203

%Density and laplacian in CP:       0.00011449      0.00038637
 ********************************************************************
%Cage CP:       4.00025747     -0.00700016     -0.50045144
%Eigenval. of Hessian:       0.00322376      0.00024208      0.00006481
 Eigenvec. of Hessian:
-      0.99977943     -0.02095657     -0.00138596
-      0.00006589     -0.06286042      0.99802233
-      0.02100224      0.99780228      0.06284517

%Density and laplacian in CP:       0.00020518      0.00353065
 ********************************************************************
%Cage CP:       4.00002675      4.00002675     -0.90892122
%Eigenval. of Hessian:       0.00014972      0.00014969      0.00008695
 Eigenvec. of Hessian:
-      0.70561176     -0.70710681      0.04595653
-      0.70561182      0.70710675      0.04595653
-     -0.06499235      0.00000000      0.99788576

%Density and laplacian in CP:       0.00011449      0.00038636
 ********************************************************************
 Number of CCP found:    8

BCP-RCP-CCP       2       8       8

 ===============================
 END OF CRITICAL POINTS ANALYSIS


 BADER SURFACE DETERMINATION
 ===========================

 Atom:    1   0.0000000000   0.0000000000   0.0000000000
 Theta:   8   0.0000000000   3.1415926536
 Phi:     4   0.0000000000   1.5707963268

 DEVELOPMENT OF THE RADII DETERMINATIONS
 ========================================

 Determination near the CPs:

 BCP: (index,theta,phi)   1  0.28440367E-03 -0.23561945E+01
 ATOMIC RADII (ith,iph,theta,phi,radius)
-    1  1  0.28275706E+00  0.10906329E+00  0.21246130E+01
-    1  2  0.28275706E+00  0.51837768E+00  0.21247778E+01
-    2  1  0.64903658E+00  0.10906329E+00  0.28688500E+01
-    2  2  0.64903658E+00  0.51837768E+00  0.28729779E+01

 BCP: (index,theta,phi)   2  0.31399979E+01  0.78539816E+00
 ATOMIC RADII (ith,iph,theta,phi,radius)
-   -1 -1  0.24925561E+01  0.10906329E+00  0.41247012E+01
-   -1  0  0.24925561E+01  0.51837768E+00  0.41423648E+01
-   -1  1  0.24925561E+01  0.10524187E+01  0.41423672E+01
-   -1  2  0.24925561E+01  0.14617330E+01  0.41246792E+01
-    0 -1  0.28588356E+01  0.10906329E+00  0.36703020E+01
-    0  0  0.28588356E+01  0.51837768E+00  0.36743773E+01
-    0  1  0.28588356E+01  0.10524187E+01  0.36743752E+01
-    0  2  0.28588356E+01  0.14617330E+01  0.36702999E+01

;RCP: (index,theta,phi)   1  0.17573709E+01  0.27803848E+01
 ATOMIC RADIUS (ith,iph,theta,phi,radius)
-   -1 -1  0.13863171E+01  0.10524187E+01  0.45284983E+01
-   -1  0  0.13863171E+01  0.14617330E+01  0.40830923E+01
-    0 -1  0.17552756E+01  0.10524187E+01  0.46847512E+01
-    0  0  0.17552756E+01  0.14617330E+01  0.40933734E+01
-    1 -1  0.21241371E+01  0.10524187E+01  0.47514871E+01
-    1  0  0.21241371E+01  0.14617330E+01  0.45071682E+01
-    2 -1  0.24925561E+01  0.10524187E+01  0.41423672E+01
-    2  0  0.24925561E+01  0.14617330E+01  0.41246792E+01

;RCP: (index,theta,phi)   2  0.17574216E+01 -0.27802797E+01
 ATOMIC RADIUS (ith,iph,theta,phi,radius)
-   -1  1  0.13863171E+01  0.10906329E+00  0.40830996E+01
-   -1  2  0.13863171E+01  0.51837768E+00  0.45285137E+01
-    0  1  0.17552756E+01  0.10906329E+00  0.40934194E+01
-    0  2  0.17552756E+01  0.51837768E+00  0.46840379E+01
-    1  1  0.21241371E+01  0.10906329E+00  0.45071668E+01
-    1  2  0.21241371E+01  0.51837768E+00  0.47514613E+01
-    2  1  0.24925561E+01  0.10906329E+00  0.41247012E+01
-    2  2  0.24925561E+01  0.51837768E+00  0.41423648E+01

;RCP: (index,theta,phi)   3  0.17574216E+01 -0.19321093E+01
 ATOMIC RADIUS (ith,iph,theta,phi,radius)
-   -1  1  0.13863171E+01  0.10906329E+00  0.40830996E+01
-   -1  2  0.13863171E+01  0.51837768E+00  0.45285137E+01
-    0  1  0.17552756E+01  0.10906329E+00  0.40934194E+01
-    0  2  0.17552756E+01  0.51837768E+00  0.46840379E+01
-    1  1  0.21241371E+01  0.10906329E+00  0.45071668E+01
-    1  2  0.21241371E+01  0.51837768E+00  0.47514613E+01
-    2  1  0.24925561E+01  0.10906329E+00  0.41247012E+01
-    2  2  0.24925561E+01  0.51837768E+00  0.41423648E+01

;RCP: (index,theta,phi)   4  0.17573709E+01  0.19320042E+01
 ATOMIC RADIUS (ith,iph,theta,phi,radius)
-   -1 -1  0.13863171E+01  0.10524187E+01  0.45284983E+01
-   -1  0  0.13863171E+01  0.14617330E+01  0.40830923E+01
-    0 -1  0.17552756E+01  0.10524187E+01  0.46847512E+01
-    0  0  0.17552756E+01  0.14617330E+01  0.40933734E+01
-    1 -1  0.21241371E+01  0.10524187E+01  0.47514871E+01
-    1  0  0.21241371E+01  0.14617330E+01  0.45071682E+01
-    2 -1  0.24925561E+01  0.10524187E+01  0.41423672E+01
-    2  0  0.24925561E+01  0.14617330E+01  0.41246792E+01

;RCP: (index,theta,phi)   5  0.17573709E+01 -0.12095885E+01
 ATOMIC RADIUS (ith,iph,theta,phi,radius)
-   -1  1  0.13863171E+01  0.10906329E+00  0.40830996E+01
-   -1  2  0.13863171E+01  0.51837768E+00  0.45285137E+01
-    0  1  0.17552756E+01  0.10906329E+00  0.40934194E+01
-    0  2  0.17552756E+01  0.51837768E+00  0.46840379E+01
-    1  1  0.21241371E+01  0.10906329E+00  0.45071668E+01
-    1  2  0.21241371E+01  0.51837768E+00  0.47514613E+01
-    2  1  0.24925561E+01  0.10906329E+00  0.41247012E+01
-    2  2  0.24925561E+01  0.51837768E+00  0.41423648E+01

;RCP: (index,theta,phi)   6  0.17574216E+01  0.12094834E+01
 ATOMIC RADIUS (ith,iph,theta,phi,radius)
-   -1 -1  0.13863171E+01  0.51837768E+00  0.45285137E+01
-   -1  0  0.13863171E+01  0.10524187E+01  0.45284983E+01
-   -1  1  0.13863171E+01  0.14617330E+01  0.40830923E+01
-    0 -1  0.17552756E+01  0.51837768E+00  0.46840379E+01
-    0  0  0.17552756E+01  0.10524187E+01  0.46847512E+01
-    0  1  0.17552756E+01  0.14617330E+01  0.40933734E+01
-    1 -1  0.21241371E+01  0.51837768E+00  0.47514613E+01
-    1  0  0.21241371E+01  0.10524187E+01  0.47514871E+01
-    1  1  0.21241371E+01  0.14617330E+01  0.45071682E+01
-    2 -1  0.24925561E+01  0.51837768E+00  0.41423648E+01
-    2  0  0.24925561E+01  0.10524187E+01  0.41423672E+01
-    2  1  0.24925561E+01  0.14617330E+01  0.41246792E+01

;RCP: (index,theta,phi)   7  0.17573709E+01 -0.36120785E+00
 ATOMIC RADIUS (ith,iph,theta,phi,radius)
-   -1  1  0.13863171E+01  0.10906329E+00  0.40830996E+01
-   -1  2  0.13863171E+01  0.51837768E+00  0.45285137E+01
-    0  1  0.17552756E+01  0.10906329E+00  0.40934194E+01
-    0  2  0.17552756E+01  0.51837768E+00  0.46840379E+01
-    1  1  0.21241371E+01  0.10906329E+00  0.45071668E+01
-    1  2  0.21241371E+01  0.51837768E+00  0.47514613E+01
-    2  1  0.24925561E+01  0.10906329E+00  0.41247012E+01
-    2  2  0.24925561E+01  0.51837768E+00  0.41423648E+01

;RCP: (index,theta,phi)   8  0.17573709E+01  0.36120786E+00
 ATOMIC RADIUS (ith,iph,theta,phi,radius)
-   -1  0  0.13863171E+01  0.10906329E+00  0.40830996E+01
-   -1  1  0.13863171E+01  0.51837768E+00  0.45285137E+01
-   -1  2  0.13863171E+01  0.10524187E+01  0.45284983E+01
-    0  0  0.17552756E+01  0.10906329E+00  0.40934194E+01
-    0  1  0.17552756E+01  0.51837768E+00  0.46840379E+01
-    0  2  0.17552756E+01  0.10524187E+01  0.46847512E+01
-    1  0  0.21241371E+01  0.10906329E+00  0.45071668E+01
-    1  1  0.21241371E+01  0.51837768E+00  0.47514613E+01
-    1  2  0.21241371E+01  0.10524187E+01  0.47514871E+01
-    2  0  0.24925561E+01  0.10906329E+00  0.41247012E+01
-    2  1  0.24925561E+01  0.51837768E+00  0.41423648E+01
-    2  2  0.24925561E+01  0.10524187E+01  0.41423672E+01

 The boundary angles:
 ====================
 ATOMIC RADIUS (ith,iph,theta,phi,radius)

 The complete Bader surface:
 ===========================
 ATOMIC RADIUS (ith,iph,theta,phi,radius)
     1  1  0.28275706E+00  0.10906329E+00  0.21246130E+01
     1  2  0.28275706E+00  0.51837768E+00  0.21247778E+01
     1  3  0.28275706E+00  0.10524187E+01  0.21247808E+01
     1  4  0.28275706E+00  0.14617330E+01  0.21246160E+01
     2  1  0.64903658E+00  0.10906329E+00  0.28688500E+01
     2  2  0.64903658E+00  0.51837768E+00  0.28729779E+01
     2  3  0.64903658E+00  0.10524187E+01  0.28729708E+01
     2  4  0.64903658E+00  0.14617330E+01  0.28688355E+01
     3  1  0.10174555E+01  0.10906329E+00  0.38942373E+01
     3  2  0.10174555E+01  0.51837768E+00  0.40111929E+01
     3  3  0.10174555E+01  0.10524187E+01  0.40112051E+01
     3  4  0.10174555E+01  0.14617330E+01  0.38942495E+01
     4  1  0.13863171E+01  0.10906329E+00  0.40830996E+01
     4  2  0.13863171E+01  0.51837768E+00  0.45285137E+01
     4  3  0.13863171E+01  0.10524187E+01  0.45284983E+01
     4  4  0.13863171E+01  0.14617330E+01  0.40830923E+01
     5  1  0.17552756E+01  0.10906329E+00  0.40934194E+01
     5  2  0.17552756E+01  0.51837768E+00  0.46840379E+01
     5  3  0.17552756E+01  0.10524187E+01  0.46847512E+01
     5  4  0.17552756E+01  0.14617330E+01  0.40933734E+01
     6  1  0.21241371E+01  0.10906329E+00  0.45071668E+01
     6  2  0.21241371E+01  0.51837768E+00  0.47514613E+01
     6  3  0.21241371E+01  0.10524187E+01  0.47514871E+01
     6  4  0.21241371E+01  0.14617330E+01  0.45071682E+01
     7  1  0.24925561E+01  0.10906329E+00  0.41247012E+01
     7  2  0.24925561E+01  0.51837768E+00  0.41423648E+01
     7  3  0.24925561E+01  0.10524187E+01  0.41423672E+01
     7  4  0.24925561E+01  0.14617330E+01  0.41246792E+01
     8  1  0.28588356E+01  0.10906329E+00  0.36703020E+01
     8  2  0.28588356E+01  0.51837768E+00  0.36743773E+01
     8  3  0.28588356E+01  0.10524187E+01  0.36743752E+01
     8  4  0.28588356E+01  0.14617330E+01  0.36702999E+01

 The minimal and maximal radii:

        2.1246129892   4.7514870737

 CHARGE INTEGRATION
 ==================
 Core density contribution: 

          2.00000397

 Different density contributions: Core (only spherical part) and the rest 

            2.00000397      6.64123723

 For atom number    1, the number of electrons in the Bader volume is     8.64124120
 The nuclear charge is      8.0000000, so that the Bader charge is       -0.64124120


 TIME ANALYSIS
 ============

 Time needed (seconds) - total, CP analyse, SURF determination:

-               3.51417788      0.19050301      3.30446905

+Total cpu time      3.514  and wall time      3.521 sec

 aim : the run completed succesfully.
