
.Version 8.0.3 of ABINIT 
.(MPI version, prepared for a x86_64_linux_gnu5.3 computer) 

.Copyright (C) 1998-2017 ABINIT group . 
 ABINIT comes with ABSOLUTELY NO WARRANTY.
 It is free software, and you are welcome to redistribute it
 under certain conditions (GNU General Public License,
 see ~abinit/COPYING or http://www.gnu.org/copyleft/gpl.txt).

 ABINIT is a project of the Universite Catholique de Louvain,
 Corning Inc. and other collaborators, see ~abinit/doc/developers/contributors.txt .
 Please read ~abinit/doc/users/acknowledgments.html for suggested
 acknowledgments of the ABINIT effort.
 For more information, see https://www.abinit.org .

.Starting date : Mon  4 Apr 2016.
- ( at 11h58 )
  
- input  file    -> t35.in
- output file    -> t35.out
- root for input  files -> t35i
- root for output files -> t35o


 DATASET    1 : space group Pm -3 m (#221); Bravais cP (primitive cubic)
================================================================================
 Values of the parameters that define the memory need for DATASET  1.
     intxc =       0    ionmov =       0      iscf =       7    lmnmax =       1
     lnmax =       1     mgfft =      24  mpssoang =       1    mqgrid =    3001
     natom =       1  nloc_mem =       1    nspden =       1   nspinor =       1
    nsppol =       1      nsym =      48    n1xccc =       0    ntypat =       1
    occopt =       1   xclevel =       1
-    mband =           1        mffmem =           1         mkmem =           1
       mpw =         738          nfft =       13824          nkpt =           1
================================================================================
P This job should need less than                       4.336 Mbytes of memory.
  Rough estimation (10% accuracy) of disk space for files :
_ WF disk file :      0.013 Mbytes ; DEN or POT disk file :      0.107 Mbytes.
================================================================================


 DATASET    2 : space group Pm -3 m (#221); Bravais cP (primitive cubic)
================================================================================
 Values of the parameters that define the memory need for DATASET  2.
     intxc =       0    ionmov =       0      iscf =      -3    lmnmax =       1
     lnmax =       1     mgfft =      24  mpssoang =       1    mqgrid =    3001
     natom =       1  nloc_mem =       1    nspden =       1   nspinor =       1
    nsppol =       1      nsym =      48    n1xccc =       0    ntypat =       1
    occopt =       1   xclevel =       1
-    mband =           1        mffmem =           1         mkmem =           4
       mpw =         384          nfft =       13824          nkpt =           4
================================================================================
P This job should need less than                       2.566 Mbytes of memory.
  Rough estimation (10% accuracy) of disk space for files :
_ WF disk file :      0.025 Mbytes ; DEN or POT disk file :      0.107 Mbytes.
================================================================================


 DATASET    3 : space group Pm -3 m (#221); Bravais cP (primitive cubic)
================================================================================
 Values of the parameters that define the memory need for DATASET  3.
     intxc =       0    ionmov =       0      iscf =      -3    lmnmax =       1
     lnmax =       1     mgfft =      24  mpssoang =       1    mqgrid =    3001
     natom =       1  nloc_mem =       1    nspden =       1   nspinor =       1
    nsppol =       1      nsym =      48    n1xccc =       0    ntypat =       1
    occopt =       1   xclevel =       1
-    mband =           1        mffmem =           1         mkmem =           4
       mpw =         384          nfft =       13824          nkpt =           4
================================================================================
P This job should need less than                       2.566 Mbytes of memory.
  Rough estimation (10% accuracy) of disk space for files :
_ WF disk file :      0.025 Mbytes ; DEN or POT disk file :      0.107 Mbytes.
================================================================================

--------------------------------------------------------------------------------
------------- Echo of variables that govern the present computation ------------
--------------------------------------------------------------------------------
-
- outvars: echo of selected default values                                      
-   accesswff0 =  0 , fftalg0 =312 , wfoptalg0 =  0
-
- outvars: echo of global parameters not present in the input file              
-  max_nthreads =    0
-
 -outvars: echo values of preprocessed input variables --------
            acell      5.0000000000E+00  5.0000000000E+00  5.0000000000E+00 Bohr
              amu      4.00260200E+00
           diemac      1.00000000E+00
           diemix      5.00000000E-01
             ecut      2.50000000E+01 Hartree
-          fftalg         312
           getden1          0
           getden2          1
           getden3          1
           getwfk1          0
           getwfk2          1
           getwfk3          1
           iatsph3       1
             iscf1          7
             iscf2         -3
             iscf3         -3
           istwfk2       2    3    7    9
           istwfk3       2    3    7    9
           jdtset        1    2    3
              kpt1     2.50000000E-01  2.50000000E-01  2.50000000E-01
              kpt2     0.00000000E+00  0.00000000E+00  0.00000000E+00
                       5.00000000E-01  0.00000000E+00  0.00000000E+00
                       5.00000000E-01  5.00000000E-01  0.00000000E+00
                       5.00000000E-01  5.00000000E-01  5.00000000E-01
              kpt3     0.00000000E+00  0.00000000E+00  0.00000000E+00
                       5.00000000E-01  0.00000000E+00  0.00000000E+00
                       5.00000000E-01  5.00000000E-01  0.00000000E+00
                       5.00000000E-01  5.00000000E-01  5.00000000E-01
         kptrlatt        2    0    0      0    2    0      0    0    2
          kptrlen      1.00000000E+01
P           mkmem1          1
P           mkmem2          4
P           mkmem3          4
            natom           1
           natsph3       1
            nband1          1
            nband2          1
            nband3          1
           nbdbuf1          0
           nbdbuf2          2
           nbdbuf3          2
           ndtset           3
            ngfft          24      24      24
             nkpt1          1
             nkpt2          4
             nkpt3          4
            nline           3
            nstep          10
             nsym          48
           ntypat           1
              occ1     2.000000
              occ2     2.000000
              occ3     2.000000
           prtdos1          0
           prtdos2          2
           prtdos3          3
           shiftk1     5.00000000E-01  5.00000000E-01  5.00000000E-01
           shiftk2     0.00000000E+00  0.00000000E+00  0.00000000E+00
           shiftk3     0.00000000E+00  0.00000000E+00  0.00000000E+00
          spgroup         221
           symrel      1  0  0   0  1  0   0  0  1      -1  0  0   0 -1  0   0  0 -1
                      -1  0  0   0  1  0   0  0 -1       1  0  0   0 -1  0   0  0  1
                      -1  0  0   0 -1  0   0  0  1       1  0  0   0  1  0   0  0 -1
                       1  0  0   0 -1  0   0  0 -1      -1  0  0   0  1  0   0  0  1
                       0  1  0   1  0  0   0  0  1       0 -1  0  -1  0  0   0  0 -1
                       0 -1  0   1  0  0   0  0 -1       0  1  0  -1  0  0   0  0  1
                       0 -1  0  -1  0  0   0  0  1       0  1  0   1  0  0   0  0 -1
                       0  1  0  -1  0  0   0  0 -1       0 -1  0   1  0  0   0  0  1
                       0  0  1   1  0  0   0  1  0       0  0 -1  -1  0  0   0 -1  0
                       0  0 -1   1  0  0   0 -1  0       0  0  1  -1  0  0   0  1  0
                       0  0 -1  -1  0  0   0  1  0       0  0  1   1  0  0   0 -1  0
                       0  0  1  -1  0  0   0 -1  0       0  0 -1   1  0  0   0  1  0
                       1  0  0   0  0  1   0  1  0      -1  0  0   0  0 -1   0 -1  0
                      -1  0  0   0  0  1   0 -1  0       1  0  0   0  0 -1   0  1  0
                      -1  0  0   0  0 -1   0  1  0       1  0  0   0  0  1   0 -1  0
                       1  0  0   0  0 -1   0 -1  0      -1  0  0   0  0  1   0  1  0
                       0  1  0   0  0  1   1  0  0       0 -1  0   0  0 -1  -1  0  0
                       0 -1  0   0  0  1  -1  0  0       0  1  0   0  0 -1   1  0  0
                       0 -1  0   0  0 -1   1  0  0       0  1  0   0  0  1  -1  0  0
                       0  1  0   0  0 -1  -1  0  0       0 -1  0   0  0  1   1  0  0
                       0  0  1   0  1  0   1  0  0       0  0 -1   0 -1  0  -1  0  0
                       0  0 -1   0  1  0  -1  0  0       0  0  1   0 -1  0   1  0  0
                       0  0 -1   0 -1  0   1  0  0       0  0  1   0  1  0  -1  0  0
                       0  0  1   0 -1  0  -1  0  0       0  0 -1   0  1  0   1  0  0
           tolwfr      1.00000000E-14
            typat      1
              wtk1       1.00000
              wtk2       0.12500    0.37500    0.37500    0.12500
              wtk3       0.12500    0.37500    0.37500    0.12500
            znucl        2.00000

================================================================================

 chkinp: Checking input parameters for consistency, jdtset=   1.

 chkinp: Checking input parameters for consistency, jdtset=   2.

 chkinp: Checking input parameters for consistency, jdtset=   3.

================================================================================
== DATASET  1 ==================================================================
-   nproc =    1

 Exchange-correlation functional for the present dataset will be:
  LDA: new Teter (4/93) with spin-polarized option - ixc=1
 Citation for XC functional:
  S. Goedecker, M. Teter, J. Huetter, PRB 54, 1703 (1996)

 Real(R)+Recip(G) space primitive vectors, cartesian coordinates (Bohr,Bohr^-1):
 R(1)=  5.0000000  0.0000000  0.0000000  G(1)=  0.2000000  0.0000000  0.0000000
 R(2)=  0.0000000  5.0000000  0.0000000  G(2)=  0.0000000  0.2000000  0.0000000
 R(3)=  0.0000000  0.0000000  5.0000000  G(3)=  0.0000000  0.0000000  0.2000000
 Unit cell volume ucvol=  1.2500000E+02 bohr^3
 Angles (23,13,12)=  9.00000000E+01  9.00000000E+01  9.00000000E+01 degrees

 getcut: wavevector=  0.0000  0.0000  0.0000  ngfft=  24  24  24
         ecut(hartree)=     25.000   => boxcut(ratio)=   2.13258

--- Pseudopotential description ------------------------------------------------
- pspini: atom type   1  psp file is /home/buildbot/bb/ABINIT/abiref_gnu_5.3_openmpi/gonze_8.0.3-public/tests/Psps_for_tests/2he_ca_30t.psp
- pspatm: opening atomic psp file    /home/buildbot/bb/ABINIT/abiref_gnu_5.3_openmpi/gonze_8.0.3-public/tests/Psps_for_tests/2he_ca_30t.psp
- Helium, fhi98PP : TM-type, LDA, l=0 local
-  2.00000   2.00000       211                znucl, zion, pspdat
    6    1    0    0       415   0.00000      pspcod,pspxc,lmax,lloc,mmax,r2well
  No XC core correction.
  1.024700          amesh (Hamman grid)
 Note: local psp for atom with Z=  2.0
 pspatm : epsatm=   11.14564823
         --- l  ekb(1:nproj) -->
 pspatm: atomic psp has been read  and splines computed

   2.22912965E+01                                ecore*ucvol(ha*bohr**3)
--------------------------------------------------------------------------------

_setup2: Arith. and geom. avg. npw (full set) are     738.000     738.000

================================================================================

     iter   Etot(hartree)      deltaE(h)  residm     vres2
 ETOT  1  -2.5288610690640    -2.529E+00 2.569E-05 7.430E+00
 ETOT  2  -2.5315635154522    -2.702E-03 1.136E-08 1.301E+00
 ETOT  3  -2.5321447438709    -5.812E-04 1.017E-05 1.547E-02
 ETOT  4  -2.5321456243350    -8.805E-07 7.705E-09 2.822E-05
 ETOT  5  -2.5321456255059    -1.171E-09 1.962E-11 8.084E-07
 ETOT  6  -2.5321456255201    -1.417E-11 8.111E-14 4.750E-09
 ETOT  7  -2.5321456255214    -1.279E-12 2.018E-14 1.658E-11
 ETOT  8  -2.5321456255214     0.000E+00 1.374E-15 9.241E-13

 At SCF step    8   max residual=  1.37E-15 < tolwfr=  1.00E-14 =>converged.

 Cartesian components of stress tensor (hartree/bohr^3)
  sigma(1 1)= -6.20474738E-05  sigma(3 2)=  0.00000000E+00
  sigma(2 2)= -6.20474738E-05  sigma(3 1)=  0.00000000E+00
  sigma(3 3)= -6.20474738E-05  sigma(2 1)=  0.00000000E+00

 Integrated electronic density in atomic spheres:
 ------------------------------------------------
 Atom  Sphere_radius  Integrated_density
    1        2.00000          1.87212237
================================================================================

 ----iterations are completed or convergence reached----

 Mean square residual over all n,k,spin=   1.3737E-15; max=  1.3737E-15
 reduced coordinates (array xred) for    1 atoms
       0.000000000000      0.000000000000      0.000000000000
 rms dE/dt=  0.0000E+00; max dE/dt=  0.0000E+00; dE/dt below (all hartree)
    1       0.000000000000      0.000000000000      0.000000000000

 cartesian coordinates (angstrom) at end:
    1      0.00000000000000     0.00000000000000     0.00000000000000

 cartesian forces (hartree/bohr) at end:
    1     -0.00000000000000    -0.00000000000000    -0.00000000000000
 frms,max,avg= 0.0000000E+00 0.0000000E+00   0.000E+00  0.000E+00  0.000E+00 h/b

 cartesian forces (eV/Angstrom) at end:
    1     -0.00000000000000    -0.00000000000000    -0.00000000000000
 frms,max,avg= 0.0000000E+00 0.0000000E+00   0.000E+00  0.000E+00  0.000E+00 e/A
 length scales=  5.000000000000  5.000000000000  5.000000000000 bohr
              =  2.645886042950  2.645886042950  2.645886042950 angstroms
 prteigrs : about to open file t35o_DS1_EIG
 Fermi (or HOMO) energy (hartree) =  -0.60637   Average Vxc (hartree)=  -0.19580
 Eigenvalues (hartree) for nkpt=   1  k points:
 kpt#   1, nband=  1, wtk=  1.00000, kpt=  0.2500  0.2500  0.2500 (reduced coord)
  -0.60637

--------------------------------------------------------------------------------
 Components of total free energy (in Hartree) :

    Kinetic energy  =  1.56989753822825E+00
    Hartree energy  =  6.11338490257439E-01
    XC energy       = -8.06697898038979E-01
    Ewald energy    = -1.13491899179226E+00
    PspCore energy  =  1.78330371614686E-01
    Loc. psp. energy= -2.95009513579049E+00
    NL   psp  energy=  0.00000000000000E+00
    >>>>>>>>> Etotal= -2.53214562552135E+00

 Other information on the energy :
    Total energy(eV)= -6.89031866054814E+01 ; Band energy (Ha)=  -1.2127432256E+00
--------------------------------------------------------------------------------

 Cartesian components of stress tensor (hartree/bohr^3)
  sigma(1 1)= -6.20474738E-05  sigma(3 2)=  0.00000000E+00
  sigma(2 2)= -6.20474738E-05  sigma(3 1)=  0.00000000E+00
  sigma(3 3)= -6.20474738E-05  sigma(2 1)=  0.00000000E+00

-Cartesian components of stress tensor (GPa)         [Pressure=  1.8255E+00 GPa]
- sigma(1 1)= -1.82549940E+00  sigma(3 2)=  0.00000000E+00
- sigma(2 2)= -1.82549940E+00  sigma(3 1)=  0.00000000E+00
- sigma(3 3)= -1.82549940E+00  sigma(2 1)=  0.00000000E+00

================================================================================
== DATASET  2 ==================================================================
-   nproc =    1

 mkfilename : getwfk/=0, take file _WFK from output of DATASET   1.

 mkfilename : getden/=0, take file _DEN from output of DATASET   1.

 Exchange-correlation functional for the present dataset will be:
  LDA: new Teter (4/93) with spin-polarized option - ixc=1
 Citation for XC functional:
  S. Goedecker, M. Teter, J. Huetter, PRB 54, 1703 (1996)

 Real(R)+Recip(G) space primitive vectors, cartesian coordinates (Bohr,Bohr^-1):
 R(1)=  5.0000000  0.0000000  0.0000000  G(1)=  0.2000000  0.0000000  0.0000000
 R(2)=  0.0000000  5.0000000  0.0000000  G(2)=  0.0000000  0.2000000  0.0000000
 R(3)=  0.0000000  0.0000000  5.0000000  G(3)=  0.0000000  0.0000000  0.2000000
 Unit cell volume ucvol=  1.2500000E+02 bohr^3
 Angles (23,13,12)=  9.00000000E+01  9.00000000E+01  9.00000000E+01 degrees

 getcut: wavevector=  0.0000  0.0000  0.0000  ngfft=  24  24  24
         ecut(hartree)=     25.000   => boxcut(ratio)=   2.13258
--------------------------------------------------------------------------------

-inwffil : will read wavefunctions from disk file t35o_DS1_WFK

================================================================================

     iter   Etot(hartree)      deltaE(h)  residm     vres2
 prteigrs : about to open file t35o_DS2_EIG
 Non-SCF case, kpt    1 (  0.00000  0.00000  0.00000), residuals and eigenvalues=
  1.07E-15
 -6.3732E-01
 prteigrs : prtvol=0 or 1, do not print more k-points.


 Integrated electronic density in atomic spheres:
 ------------------------------------------------
 Atom  Sphere_radius  Integrated_density
    1        2.00000          0.00000000
================================================================================

 ----iterations are completed or convergence reached----

 Mean square residual over all n,k,spin=   4.2288E-15; max=  8.7617E-15
 reduced coordinates (array xred) for    1 atoms
       0.000000000000      0.000000000000      0.000000000000

 cartesian coordinates (angstrom) at end:
    1      0.00000000000000     0.00000000000000     0.00000000000000
 length scales=  5.000000000000  5.000000000000  5.000000000000 bohr
              =  2.645886042950  2.645886042950  2.645886042950 angstroms
 prteigrs : about to open file t35o_DS2_EIG
 Eigenvalues (hartree) for nkpt=   4  k points:
 kpt#   1, nband=  1, wtk=  0.12500, kpt=  0.0000  0.0000  0.0000 (reduced coord)
  -0.63732
 prteigrs : prtvol=0 or 1, do not print more k-points.


--------------------------------------------------------------------------------
 Components of total free energy (in Hartree) :

    Kinetic energy  =  1.58468956194253E+00
    Hartree energy  =  6.11338490257439E-01
    XC energy       = -8.06697898038979E-01
    Ewald energy    = -1.13491899179226E+00
    PspCore energy  =  1.78330371614686E-01
    Loc. psp. energy= -2.95009513579049E+00
    NL   psp  energy=  0.00000000000000E+00
    >>>>>>>>> Etotal= -2.51735360180708E+00

 "Double-counting" decomposition of free energy:
    Band energy     = -1.21087845563713E+00
    Ewald energy    = -1.13491899179226E+00
    PspCore energy  =  1.78330371614686E-01
    Dble-C XC-energy= -3.62813776720038E-01
    >>>> Etotal (DC)= -2.53028085253474E+00
--------------------------------------------------------------------------------

================================================================================
== DATASET  3 ==================================================================
-   nproc =    1

 mkfilename : getwfk/=0, take file _WFK from output of DATASET   1.

 mkfilename : getden/=0, take file _DEN from output of DATASET   1.

 Exchange-correlation functional for the present dataset will be:
  LDA: new Teter (4/93) with spin-polarized option - ixc=1
 Citation for XC functional:
  S. Goedecker, M. Teter, J. Huetter, PRB 54, 1703 (1996)

 Real(R)+Recip(G) space primitive vectors, cartesian coordinates (Bohr,Bohr^-1):
 R(1)=  5.0000000  0.0000000  0.0000000  G(1)=  0.2000000  0.0000000  0.0000000
 R(2)=  0.0000000  5.0000000  0.0000000  G(2)=  0.0000000  0.2000000  0.0000000
 R(3)=  0.0000000  0.0000000  5.0000000  G(3)=  0.0000000  0.0000000  0.2000000
 Unit cell volume ucvol=  1.2500000E+02 bohr^3
 Angles (23,13,12)=  9.00000000E+01  9.00000000E+01  9.00000000E+01 degrees

 getcut: wavevector=  0.0000  0.0000  0.0000  ngfft=  24  24  24
         ecut(hartree)=     25.000   => boxcut(ratio)=   2.13258
--------------------------------------------------------------------------------

-inwffil : will read wavefunctions from disk file t35o_DS1_WFK

================================================================================

     iter   Etot(hartree)      deltaE(h)  residm     vres2
 prteigrs : about to open file t35o_DS3_EIG
 Non-SCF case, kpt    1 (  0.00000  0.00000  0.00000), residuals and eigenvalues=
  1.07E-15
 -6.3732E-01
 prteigrs : prtvol=0 or 1, do not print more k-points.


 Integrated electronic density in atomic spheres:
 ------------------------------------------------
 Atom  Sphere_radius  Integrated_density
    1        2.00000          0.00000000
================================================================================

 ----iterations are completed or convergence reached----

 Mean square residual over all n,k,spin=   4.2288E-15; max=  8.7617E-15
 reduced coordinates (array xred) for    1 atoms
       0.000000000000      0.000000000000      0.000000000000

 cartesian coordinates (angstrom) at end:
    1      0.00000000000000     0.00000000000000     0.00000000000000
 length scales=  5.000000000000  5.000000000000  5.000000000000 bohr
              =  2.645886042950  2.645886042950  2.645886042950 angstroms
 prteigrs : about to open file t35o_DS3_EIG
 Eigenvalues (hartree) for nkpt=   4  k points:
 kpt#   1, nband=  1, wtk=  0.12500, kpt=  0.0000  0.0000  0.0000 (reduced coord)
  -0.63732
 prteigrs : prtvol=0 or 1, do not print more k-points.


--------------------------------------------------------------------------------
 Components of total free energy (in Hartree) :

    Kinetic energy  =  1.58468956194253E+00
    Hartree energy  =  6.11338490257439E-01
    XC energy       = -8.06697898038979E-01
    Ewald energy    = -1.13491899179226E+00
    PspCore energy  =  1.78330371614686E-01
    Loc. psp. energy= -2.95009513579049E+00
    NL   psp  energy=  0.00000000000000E+00
    >>>>>>>>> Etotal= -2.51735360180708E+00

 "Double-counting" decomposition of free energy:
    Band energy     = -1.21087845563713E+00
    Ewald energy    = -1.13491899179226E+00
    PspCore energy  =  1.78330371614686E-01
    Dble-C XC-energy= -3.62813776720038E-01
    >>>> Etotal (DC)= -2.53028085253474E+00
--------------------------------------------------------------------------------

== END DATASET(S) ==============================================================
================================================================================
  
 -outvars: echo values of variables after computation  --------
            acell      5.0000000000E+00  5.0000000000E+00  5.0000000000E+00 Bohr
              amu      4.00260200E+00
           diemac      1.00000000E+00
           diemix      5.00000000E-01
             ecut      2.50000000E+01 Hartree
           etotal1    -2.5321456255E+00
           etotal2    -2.5321456255E+00
           etotal3    -2.5321456255E+00
            fcart1    -0.0000000000E+00 -0.0000000000E+00 -0.0000000000E+00
-          fftalg         312
           getden1          0
           getden2          1
           getden3          1
           getwfk1          0
           getwfk2          1
           getwfk3          1
           iatsph3       1
             iscf1          7
             iscf2         -3
             iscf3         -3
           istwfk2       2    3    7    9
           istwfk3       2    3    7    9
           jdtset        1    2    3
              kpt1     2.50000000E-01  2.50000000E-01  2.50000000E-01
              kpt2     0.00000000E+00  0.00000000E+00  0.00000000E+00
                       5.00000000E-01  0.00000000E+00  0.00000000E+00
                       5.00000000E-01  5.00000000E-01  0.00000000E+00
                       5.00000000E-01  5.00000000E-01  5.00000000E-01
              kpt3     0.00000000E+00  0.00000000E+00  0.00000000E+00
                       5.00000000E-01  0.00000000E+00  0.00000000E+00
                       5.00000000E-01  5.00000000E-01  0.00000000E+00
                       5.00000000E-01  5.00000000E-01  5.00000000E-01
         kptrlatt        2    0    0      0    2    0      0    0    2
          kptrlen      1.00000000E+01
P           mkmem1          1
P           mkmem2          4
P           mkmem3          4
            natom           1
           natsph3       1
            nband1          1
            nband2          1
            nband3          1
           nbdbuf1          0
           nbdbuf2          2
           nbdbuf3          2
           ndtset           3
            ngfft          24      24      24
             nkpt1          1
             nkpt2          4
             nkpt3          4
            nline           3
            nstep          10
             nsym          48
           ntypat           1
              occ1     2.000000
              occ2     2.000000
              occ3     2.000000
           prtdos1          0
           prtdos2          2
           prtdos3          3
           shiftk1     5.00000000E-01  5.00000000E-01  5.00000000E-01
           shiftk2     0.00000000E+00  0.00000000E+00  0.00000000E+00
           shiftk3     0.00000000E+00  0.00000000E+00  0.00000000E+00
          spgroup         221
           strten1    -6.2047473844E-05 -6.2047473844E-05 -6.2047473844E-05
                       0.0000000000E+00  0.0000000000E+00  0.0000000000E+00
           symrel      1  0  0   0  1  0   0  0  1      -1  0  0   0 -1  0   0  0 -1
                      -1  0  0   0  1  0   0  0 -1       1  0  0   0 -1  0   0  0  1
                      -1  0  0   0 -1  0   0  0  1       1  0  0   0  1  0   0  0 -1
                       1  0  0   0 -1  0   0  0 -1      -1  0  0   0  1  0   0  0  1
                       0  1  0   1  0  0   0  0  1       0 -1  0  -1  0  0   0  0 -1
                       0 -1  0   1  0  0   0  0 -1       0  1  0  -1  0  0   0  0  1
                       0 -1  0  -1  0  0   0  0  1       0  1  0   1  0  0   0  0 -1
                       0  1  0  -1  0  0   0  0 -1       0 -1  0   1  0  0   0  0  1
                       0  0  1   1  0  0   0  1  0       0  0 -1  -1  0  0   0 -1  0
                       0  0 -1   1  0  0   0 -1  0       0  0  1  -1  0  0   0  1  0
                       0  0 -1  -1  0  0   0  1  0       0  0  1   1  0  0   0 -1  0
                       0  0  1  -1  0  0   0 -1  0       0  0 -1   1  0  0   0  1  0
                       1  0  0   0  0  1   0  1  0      -1  0  0   0  0 -1   0 -1  0
                      -1  0  0   0  0  1   0 -1  0       1  0  0   0  0 -1   0  1  0
                      -1  0  0   0  0 -1   0  1  0       1  0  0   0  0  1   0 -1  0
                       1  0  0   0  0 -1   0 -1  0      -1  0  0   0  0  1   0  1  0
                       0  1  0   0  0  1   1  0  0       0 -1  0   0  0 -1  -1  0  0
                       0 -1  0   0  0  1  -1  0  0       0  1  0   0  0 -1   1  0  0
                       0 -1  0   0  0 -1   1  0  0       0  1  0   0  0  1  -1  0  0
                       0  1  0   0  0 -1  -1  0  0       0 -1  0   0  0  1   1  0  0
                       0  0  1   0  1  0   1  0  0       0  0 -1   0 -1  0  -1  0  0
                       0  0 -1   0  1  0  -1  0  0       0  0  1   0 -1  0   1  0  0
                       0  0 -1   0 -1  0   1  0  0       0  0  1   0  1  0  -1  0  0
                       0  0  1   0 -1  0  -1  0  0       0  0 -1   0  1  0   1  0  0
           tolwfr      1.00000000E-14
            typat      1
              wtk1       1.00000
              wtk2       0.12500    0.37500    0.37500    0.12500
              wtk3       0.12500    0.37500    0.37500    0.12500
            znucl        2.00000

================================================================================


- Timing analysis has been suppressed with timopt=0



================================================================================

 Suggested references for the acknowledgment of ABINIT usage.

 The users of ABINIT have little formal obligations with respect to the ABINIT group
 (those specified in the GNU General Public License, http://www.gnu.org/copyleft/gpl.txt).
 However, it is common practice in the scientific literature,
 to acknowledge the efforts of people that have made the research possible.
 In this spirit, please find below suggested citations of work written by ABINIT developers,
 corresponding to implementations inside of ABINIT that you have used in the present run.
 Note also that it will be of great value to readers of publications presenting these results,
 to read papers enabling them to understand the theoretical formalism and details
 of the ABINIT implementation.
 For information on why they are suggested, see also https://www.abinit.org/about/?text=acknowledgments.
-
- [1] Ab initio pseudopotentials for electronic structure calculations of poly-atomic systems, 
- using density-functional theory.
- M. Fuchs, M. Scheffler, Comput. Phys. Commun. 119, 67 (1999).
- Comment : Some pseudopotential generated using the FHI code were used.
-
- [2] ABINIT : First-principles approach of materials and nanosystem properties.
- X. Gonze, B. Amadon, P.-M. Anglade, J.-M. Beuken, F. Bottin, P. Boulanger, F. Bruneval,
- D. Caliste, R. Caracas, M. Cote, T. Deutsch, L. Genovese, Ph. Ghosez, M. Giantomassi
- S. Goedecker, D.R. Hamann, P. Hermet, F. Jollet, G. Jomard, S. Leroux, M. Mancini, S. Mazevet,
- M.J.T. Oliveira, G. Onida, Y. Pouillon, T. Rangel, G.-M. Rignanese, D. Sangalli, R. Shaltaf,
- M. Torrent, M.J. Verstraete, G. Zerah, J.W. Zwanziger
- Computer Phys. Comm. 180, 2582-2615 (2009).
- Comment : the third generic paper describing the ABINIT project.
- Note that a version of this paper, that is not formatted for Computer Phys. Comm. 
- is available at https://www.abinit.org/about/ABINIT_CPC_v10.pdf .
- The licence allows the authors to put it on the Web.
-
- [3] A brief introduction to the ABINIT software package.
- X. Gonze, G.-M. Rignanese, M. Verstraete, J.-M. Beuken, Y. Pouillon, R. Caracas, F. Jollet,
- M. Torrent, G. Zerah, M. Mikami, Ph. Ghosez, M. Veithen, J.-Y. Raty, V. Olevano, F. Bruneval,
- L. Reining, R. Godby, G. Onida, D.R. Hamann, and D.C. Allan.
- Z. Kristallogr. 220, 558-562 (2005).
- Comment : the second generic paper describing the ABINIT project. Note that this paper
- should be cited especially if you are using the GW part of ABINIT, as several authors
- of this part are not in the list of authors of the first or third paper.
- The .pdf of the latter paper is available at https://www.abinit.org/about/zfk_0505-06_558-562.pdf.
- Note that it should not redistributed (Copyright by Oldenburg Wissenshaftverlag,
- the licence allows the authors to put it on the Web).
-
- And optionally:
-
- [4] First-principles computation of material properties : the ABINIT software project. 
- X. Gonze, J.-M. Beuken, R. Caracas, F. Detraux, M. Fuchs, G.-M. Rignanese, L. Sindic,
- M. Verstraete, G. Zerah, F. Jollet, M. Torrent, A. Roy, M. Mikami, Ph. Ghosez, J.-Y. Raty, D.C. Allan.
- Computational Materials Science 25, 478-492 (2002). http://dx.doi.org/10.1016/S0927-0256(02)00325-7
- Comment : the original paper describing the ABINIT project.
-
- [5] Fast radix 2, 3, 4 and 5 kernels for Fast Fourier Transformations
- on computers with overlapping multiply-add instructions.
- S. Goedecker, SIAM J. on Scientific Computing 18, 1605 (1997).
-
- Proc.   0 individual time (sec): cpu=          0.8  wall=          0.9

================================================================================

 Calculation completed.
.Delivered   9 WARNINGs and   1 COMMENTs to log file.
+Overall time at end (sec) : cpu=          0.8  wall=          0.9
