
.Version 8.0.3 of ABINIT 
.(MPI version, prepared for a x86_64_linux_gnu5.3 computer) 

.Copyright (C) 1998-2017 ABINIT group . 
 ABINIT comes with ABSOLUTELY NO WARRANTY.
 It is free software, and you are welcome to redistribute it
 under certain conditions (GNU General Public License,
 see ~abinit/COPYING or http://www.gnu.org/copyleft/gpl.txt).

 ABINIT is a project of the Universite Catholique de Louvain,
 Corning Inc. and other collaborators, see ~abinit/doc/developers/contributors.txt .
 Please read ~abinit/doc/users/acknowledgments.html for suggested
 acknowledgments of the ABINIT effort.
 For more information, see https://www.abinit.org .

.Starting date : Mon  4 Apr 2016.
- ( at 11h58 )
  
- input  file    -> t89.in
- output file    -> t89.out
- root for input  files -> t89i
- root for output files -> t89o


 DATASET    1 : space group P4/m m m (#123); Bravais tP (primitive tetrag.)
================================================================================
 Values of the parameters that define the memory need for DATASET  1.
     intxc =       0    ionmov =       0      iscf =       7    lmnmax =       2
     lnmax =       2     mgfft =      32  mpssoang =       3    mqgrid =    3001
     natom =       1  nloc_mem =       1    nspden =       1   nspinor =       1
    nsppol =       1      nsym =      16    n1xccc =    2501    ntypat =       1
    occopt =       4   xclevel =       1
-    mband =          10        mffmem =           1         mkmem =           4
       mpw =         480          nfft =        8192          nkpt =           4
================================================================================
P This job should need less than                       4.008 Mbytes of memory.
  Rough estimation (10% accuracy) of disk space for files :
_ WF disk file :      0.295 Mbytes ; DEN or POT disk file :      0.065 Mbytes.
================================================================================


 DATASET    2 : space group P4/m m m (#123); Bravais tP (primitive tetrag.)
================================================================================
 Values of the parameters that define the memory need for DATASET  2.
     intxc =       0    ionmov =       0      iscf =      -2    lmnmax =       2
     lnmax =       2     mgfft =      32  mpssoang =       3    mqgrid =    3001
     natom =       1  nloc_mem =       1    nspden =       1   nspinor =       1
    nsppol =       1      nsym =      16    n1xccc =    2501    ntypat =       1
    occopt =       4   xclevel =       1
-    mband =          10        mffmem =           1         mkmem =           4
       mpw =         492          nfft =        8192          nkpt =           4
================================================================================
P This job should need less than                       3.019 Mbytes of memory.
  Rough estimation (10% accuracy) of disk space for files :
_ WF disk file :      0.302 Mbytes ; DEN or POT disk file :      0.065 Mbytes.
================================================================================

--------------------------------------------------------------------------------
------------- Echo of variables that govern the present computation ------------
--------------------------------------------------------------------------------
-
- outvars: echo of selected default values                                      
-   accesswff0 =  0 , fftalg0 =312 , wfoptalg0 =  0
-
- outvars: echo of global parameters not present in the input file              
-  max_nthreads =    0
-
 -outvars: echo values of preprocessed input variables --------
            acell      2.0000000000E+01  2.0000000000E+01  2.0000000000E+01 Bohr
              amu      1.96966540E+02
             ecut      3.00000000E+00 Hartree
-          fftalg         312
           getden1          0
           getden2         -1
             iscf1          7
             iscf2         -2
           istwfk1       0    0    0    0
           istwfk2       1    0    1    0
           jdtset        1    2
              kpt1     0.00000000E+00  0.00000000E+00  6.25000000E-02
                       0.00000000E+00  0.00000000E+00  1.87500000E-01
                       0.00000000E+00  0.00000000E+00  3.12500000E-01
                       0.00000000E+00  0.00000000E+00  4.37500000E-01
              kpt2     0.00000000E+00  0.00000000E+00  0.00000000E+00
                       0.00000000E+00  0.00000000E+00  2.50000000E-01
                       0.00000000E+00  0.00000000E+00  5.00000000E-01
                       0.00000000E+00  0.00000000E+00  7.50000000E-01
           kptopt1          1
           kptopt2         -1
         kptrlatt        1    0    0      0    1    0      0    0    8
          kptrlen1     3.77920000E+01
          kptrlen2     3.00000000E+01
P           mkmem           4
            natom           1
            nband          10
           nbdbuf1          0
           nbdbuf2          2
           ndtset           2
            ngfft          32      32       8
             nkpt           4
            nstep1         35
            nstep2         25
             nsym          16
           ntypat           1
              occ      2.000000  2.000000  2.000000  2.000000  2.000000  1.000000
                       0.000000  0.000000  0.000000  0.000000
                       2.000000  2.000000  2.000000  2.000000  2.000000  1.000000
                       0.000000  0.000000  0.000000  0.000000
                       2.000000  2.000000  2.000000  2.000000  2.000000  1.000000
                       0.000000  0.000000  0.000000  0.000000
                       2.000000  2.000000  2.000000  2.000000  2.000000  1.000000
                       0.000000  0.000000  0.000000  0.000000
           occopt           4
          prtwant1          0
          prtwant2          1
            rprim      1.0000000000E+00  0.0000000000E+00  0.0000000000E+00
                       0.0000000000E+00  1.0000000000E+00  0.0000000000E+00
                       0.0000000000E+00  0.0000000000E+00  2.3620000000E-01
           shiftk1     0.00000000E+00  0.00000000E+00  5.00000000E-01
           shiftk2     5.00000000E-01  5.00000000E-01  5.00000000E-01
          spgroup         123
           symrel      1  0  0   0  1  0   0  0  1      -1  0  0   0 -1  0   0  0 -1
                      -1  0  0   0  1  0   0  0 -1       1  0  0   0 -1  0   0  0  1
                      -1  0  0   0 -1  0   0  0  1       1  0  0   0  1  0   0  0 -1
                       1  0  0   0 -1  0   0  0 -1      -1  0  0   0  1  0   0  0  1
                       0  1  0   1  0  0   0  0  1       0 -1  0  -1  0  0   0  0 -1
                       0 -1  0   1  0  0   0  0 -1       0  1  0  -1  0  0   0  0  1
                       0 -1  0  -1  0  0   0  0  1       0  1  0   1  0  0   0  0 -1
                       0  1  0  -1  0  0   0  0 -1       0 -1  0   1  0  0   0  0  1
           toldfe1     1.00000000E-06 Hartree
           toldfe2     0.00000000E+00 Hartree
           tolwfr1     0.00000000E+00
           tolwfr2     1.00000000E-12
           tsmear      5.00000000E-02 Hartree
            typat      1
              wtk1       0.25000    0.25000    0.25000    0.25000
              wtk2       1.00000    1.00000    1.00000    1.00000
            znucl       79.00000

================================================================================

 chkinp: Checking input parameters for consistency, jdtset=   1.

 chkinp: Checking input parameters for consistency, jdtset=   2.

================================================================================
== DATASET  1 ==================================================================
-   nproc =    1

 Exchange-correlation functional for the present dataset will be:
  LDA: new Teter (4/93) with spin-polarized option - ixc=1
 Citation for XC functional:
  S. Goedecker, M. Teter, J. Huetter, PRB 54, 1703 (1996)

 Real(R)+Recip(G) space primitive vectors, cartesian coordinates (Bohr,Bohr^-1):
 R(1)= 20.0000000  0.0000000  0.0000000  G(1)=  0.0500000  0.0000000  0.0000000
 R(2)=  0.0000000 20.0000000  0.0000000  G(2)=  0.0000000  0.0500000  0.0000000
 R(3)=  0.0000000  0.0000000  4.7240000  G(3)=  0.0000000  0.0000000  0.2116850
 Unit cell volume ucvol=  1.8896000E+03 bohr^3
 Angles (23,13,12)=  9.00000000E+01  9.00000000E+01  9.00000000E+01 degrees

 getcut: wavevector=  0.0000  0.0000  0.0000  ngfft=  32  32   8
         ecut(hartree)=      3.000   => boxcut(ratio)=   2.05208

--- Pseudopotential description ------------------------------------------------
- pspini: atom type   1  psp file is /home/buildbot/bb/ABINIT/abiref_gnu_5.3_openmpi/gonze_8.0.3-public/tests/Psps_for_tests/79au.pspnc
- pspatm: opening atomic psp file    /home/buildbot/bb/ABINIT/abiref_gnu_5.3_openmpi/gonze_8.0.3-public/tests/Psps_for_tests/79au.pspnc
-  Troullier-Martins psp for element  Au        Thu Oct 27 17:58:22 EDT 1994
- 79.00000  11.00000    940714                znucl, zion, pspdat
    1    1    2    0      2001   0.00000      pspcod,pspxc,lmax,lloc,mmax,r2well
    0   7.710  12.096    0   2.0761953        l,e99.0,e99.9,nproj,rcpsp
   0.00000000   0.00000000   0.00000000   0.00000000     rms, ekb1, ekb2, epsatm
    1   2.329   4.015    1   3.0973349        l,e99.0,e99.9,nproj,rcpsp
   0.00000000   0.00000000   0.00000000   0.00000000     rms, ekb1, ekb2, epsatm
    2  13.861  18.519    1   1.9261744        l,e99.0,e99.9,nproj,rcpsp
   0.00000000   0.00000000   0.00000000   0.00000000     rms, ekb1, ekb2, epsatm
    1.84225747565994    1.72828030557005    9.43000986633162   rchrg,fchrg,qchrg
 pspatm : epsatm=   90.81237674
         --- l  ekb(1:nproj) -->
             1    0.637337
             2   -5.866564
 pspatm: atomic psp has been read  and splines computed

   9.98936144E+02                                ecore*ucvol(ha*bohr**3)
--------------------------------------------------------------------------------

_setup2: Arith. and geom. avg. npw (full set) are     465.750     465.500

================================================================================

     iter   Etot(hartree)      deltaE(h)  residm     vres2
 ETOT  1  -30.708901990102    -3.071E+01 2.883E-03 1.131E+03
 ETOT  2  -32.987476938993    -2.279E+00 1.652E-03 4.335E+00
 ETOT  3  -32.993508137860    -6.031E-03 1.217E-04 4.316E+00
 ETOT  4  -32.993505538809     2.599E-06 9.949E-06 3.227E+00
 ETOT  5  -32.993560064961    -5.453E-05 8.332E-04 2.133E+00
 ETOT  6  -32.993713780791    -1.537E-04 2.605E-04 3.849E-01
 ETOT  7  -32.993737625945    -2.385E-05 1.668E-05 1.462E-01
 ETOT  8  -32.993739424258    -1.798E-06 6.745E-06 3.931E-02
 ETOT  9  -32.993739662564    -2.383E-07 1.634E-06 6.554E-03
 ETOT 10  -32.993739753095    -9.053E-08 4.766E-07 4.922E-04

 At SCF step   10, etot is converged : 
  for the second time, diff in etot=  9.053E-08 < toldfe=  1.000E-06

 Cartesian components of stress tensor (hartree/bohr^3)
  sigma(1 1)=  8.61064535E-04  sigma(3 2)=  0.00000000E+00
  sigma(2 2)=  8.61064535E-04  sigma(3 1)=  0.00000000E+00
  sigma(3 3)=  1.05856367E-03  sigma(2 1)=  0.00000000E+00

 Integrated electronic density in atomic spheres:
 ------------------------------------------------
 Atom  Sphere_radius  Integrated_density
    1        2.00000          4.28688500
================================================================================

 ----iterations are completed or convergence reached----

 Mean square residual over all n,k,spin=   1.6073E-08; max=  4.7656E-07
 reduced coordinates (array xred) for    1 atoms
       0.000000000000      0.000000000000      0.000000000000
 rms dE/dt=  0.0000E+00; max dE/dt=  0.0000E+00; dE/dt below (all hartree)
    1       0.000000000000      0.000000000000      0.000000000000

 cartesian coordinates (angstrom) at end:
    1      0.00000000000000     0.00000000000000     0.00000000000000

 cartesian forces (hartree/bohr) at end:
    1     -0.00000000000000    -0.00000000000000    -0.00000000000000
 frms,max,avg= 0.0000000E+00 0.0000000E+00   0.000E+00  0.000E+00  0.000E+00 h/b

 cartesian forces (eV/Angstrom) at end:
    1     -0.00000000000000    -0.00000000000000    -0.00000000000000
 frms,max,avg= 0.0000000E+00 0.0000000E+00   0.000E+00  0.000E+00  0.000E+00 e/A
 length scales= 20.000000000000 20.000000000000 20.000000000000 bohr
              = 10.583544171800 10.583544171800 10.583544171800 angstroms
 prteigrs : about to open file t89o_DS1_EIG
 Fermi (or HOMO) energy (hartree) =  -0.20220   Average Vxc (hartree)=  -0.09137
 Eigenvalues (hartree) for nkpt=   4  k points:
 kpt#   1, nband= 10, wtk=  0.25000, kpt=  0.0000  0.0000  0.0625 (reduced coord)
  -0.89046   -0.38374   -0.38374   -0.34590   -0.24439   -0.23746   -0.06864   -0.06864
  -0.02650    0.02671
      occupation numbers for kpt#   1
   2.00000    2.00001    2.00001    2.00101    2.03383    1.92278    0.00064    0.00064
   0.00001    0.00000
 prteigrs : prtvol=0 or 1, do not print more k-points.


--------------------------------------------------------------------------------
 Components of total free energy (in Hartree) :

    Kinetic energy  =  7.31640190299442E+00
    Hartree energy  =  2.40548046804511E+01
    XC energy       = -1.13310007778034E+01
    Ewald energy    =  4.25496183779813E-01
    PspCore energy  =  5.28649525898789E-01
    Loc. psp. energy= -5.30903508684144E+01
    NL   psp  energy= -8.77852682267153E-01
    >>>>> Internal E= -3.29738520353609E+01

    -kT*entropy     = -1.98877177345450E-02
    >>>>>>>>> Etotal= -3.29937397530954E+01

 Other information on the energy :
    Total energy(eV)= -8.97805317398421E+02 ; Band energy (Ha)=  -4.5925787348E+00
--------------------------------------------------------------------------------

 Cartesian components of stress tensor (hartree/bohr^3)
  sigma(1 1)=  8.61064535E-04  sigma(3 2)=  0.00000000E+00
  sigma(2 2)=  8.61064535E-04  sigma(3 1)=  0.00000000E+00
  sigma(3 3)=  1.05856367E-03  sigma(2 1)=  0.00000000E+00

-Cartesian components of stress tensor (GPa)         [Pressure= -2.7270E+01 GPa]
- sigma(1 1)=  2.53333890E+01  sigma(3 2)=  0.00000000E+00
- sigma(2 2)=  2.53333890E+01  sigma(3 1)=  0.00000000E+00
- sigma(3 3)=  3.11440132E+01  sigma(2 1)=  0.00000000E+00

================================================================================
== DATASET  2 ==================================================================
-   nproc =    1

 mkfilename : getden/=0, take file _DEN from output of DATASET   1.

 Exchange-correlation functional for the present dataset will be:
  LDA: new Teter (4/93) with spin-polarized option - ixc=1
 Citation for XC functional:
  S. Goedecker, M. Teter, J. Huetter, PRB 54, 1703 (1996)

 Real(R)+Recip(G) space primitive vectors, cartesian coordinates (Bohr,Bohr^-1):
 R(1)= 20.0000000  0.0000000  0.0000000  G(1)=  0.0500000  0.0000000  0.0000000
 R(2)=  0.0000000 20.0000000  0.0000000  G(2)=  0.0000000  0.0500000  0.0000000
 R(3)=  0.0000000  0.0000000  4.7240000  G(3)=  0.0000000  0.0000000  0.2116850
 Unit cell volume ucvol=  1.8896000E+03 bohr^3
 Angles (23,13,12)=  9.00000000E+01  9.00000000E+01  9.00000000E+01 degrees

 getcut: wavevector=  0.0000  0.0000  0.0000  ngfft=  32  32   8
         ecut(hartree)=      3.000   => boxcut(ratio)=   2.05208
--------------------------------------------------------------------------------


================================================================================
 prteigrs : about to open file t89o_DS2_EIG
 Non-SCF case, kpt    1 (  0.00000  0.00000  0.00000), residuals and eigenvalues=
  4.19E-13  5.43E-13  5.58E-13  1.19E-13  2.21E-13  6.17E-13  6.03E-13  4.96E-13
  5.59E-13  4.06E-10
 -8.9644E-01 -3.8414E-01 -3.8414E-01 -3.4564E-01 -2.4418E-01 -2.4162E-01
 -5.9950E-02 -5.9950E-02 -2.2465E-02  2.9278E-02
  prteigrs : nnsclo,ikpt=   25    1 max resid (incl. the buffer)=  4.06146E-10
 Non-SCF case, kpt    2 (  0.00000  0.00000  0.25000), residuals and eigenvalues=
  2.53E-13  4.86E-13  4.34E-13  3.35E-13  4.65E-13  4.23E-13  5.54E-13  7.06E-13
  1.75E-13  2.78E-13
 -8.1365E-01 -4.0463E-01 -3.7632E-01 -3.7632E-01 -2.1363E-01 -2.0511E-01
 -1.4763E-01 -1.4763E-01 -6.2255E-02  5.7566E-02
 Non-SCF case, kpt    3 (  0.00000  0.00000  0.50000), residuals and eigenvalues=
  1.98E-13  7.53E-13  1.48E-13  5.29E-13  5.54E-13  8.61E-13  1.36E-13  4.82E-13
  4.27E-12  5.46E-12
 -6.7048E-01 -5.2722E-01 -3.7108E-01 -3.7108E-01 -2.2979E-01 -2.2979E-01
 -1.7119E-01 -1.6311E-01 -2.3410E-02  1.5283E-01
  prteigrs : nnsclo,ikpt=   25    3 max resid (incl. the buffer)=  5.46490E-12
 Non-SCF case, kpt    4 (  0.00000  0.00000  0.75000), residuals and eigenvalues=
  9.73E-13  2.93E-13  3.97E-13  4.35E-13  9.99E-13  6.91E-13  7.45E-13  6.94E-13
  2.80E-13  1.36E-11
 -8.1365E-01 -4.0463E-01 -3.7632E-01 -3.7632E-01 -2.1363E-01 -2.0511E-01
 -1.4763E-01 -1.4763E-01 -6.2255E-02  5.7566E-02
  prteigrs : nnsclo,ikpt=   25    4 max resid (incl. the buffer)=  1.35960E-11

 Integrated electronic density in atomic spheres:
 ------------------------------------------------
 Atom  Sphere_radius  Integrated_density
    1        2.00000          4.28688500
================================================================================

 ----iterations are completed or convergence reached----

 Mean square residual over all n,k,spin=   1.1172E-11; max=  4.0615E-10
 reduced coordinates (array xred) for    1 atoms
       0.000000000000      0.000000000000      0.000000000000

 cartesian coordinates (angstrom) at end:
    1      0.00000000000000     0.00000000000000     0.00000000000000
 length scales= 20.000000000000 20.000000000000 20.000000000000 bohr
              = 10.583544171800 10.583544171800 10.583544171800 angstroms
 prteigrs : about to open file t89o_DS2_EIG
 Eigenvalues (hartree) for nkpt=   4  k points:
 kpt#   1, nband= 10, wtk=  1.00000, kpt=  0.0000  0.0000  0.0000 (reduced coord)
  -0.89644   -0.38414   -0.38414   -0.34564   -0.24418   -0.24162   -0.05995   -0.05995
  -0.02247    0.02928
 kpt#   2, nband= 10, wtk=  1.00000, kpt=  0.0000  0.0000  0.2500 (reduced coord)
  -0.81365   -0.40463   -0.37632   -0.37632   -0.21363   -0.20511   -0.14763   -0.14763
  -0.06225    0.05757
 kpt#   3, nband= 10, wtk=  1.00000, kpt=  0.0000  0.0000  0.5000 (reduced coord)
  -0.67048   -0.52722   -0.37108   -0.37108   -0.22979   -0.22979   -0.17119   -0.16311
  -0.02341    0.15283
 kpt#   4, nband= 10, wtk=  1.00000, kpt=  0.0000  0.0000  0.7500 (reduced coord)
  -0.81365   -0.40463   -0.37632   -0.37632   -0.21363   -0.20511   -0.14763   -0.14763
  -0.06225    0.05757

== END DATASET(S) ==============================================================
================================================================================
  
 -outvars: echo values of variables after computation  --------
            acell      2.0000000000E+01  2.0000000000E+01  2.0000000000E+01 Bohr
              amu      1.96966540E+02
             ecut      3.00000000E+00 Hartree
           etotal1    -3.2993739753E+01
            fcart1    -0.0000000000E+00 -0.0000000000E+00 -0.0000000000E+00
-          fftalg         312
           getden1          0
           getden2         -1
             iscf1          7
             iscf2         -2
           istwfk1       0    0    0    0
           istwfk2       1    0    1    0
           jdtset        1    2
              kpt1     0.00000000E+00  0.00000000E+00  6.25000000E-02
                       0.00000000E+00  0.00000000E+00  1.87500000E-01
                       0.00000000E+00  0.00000000E+00  3.12500000E-01
                       0.00000000E+00  0.00000000E+00  4.37500000E-01
              kpt2     0.00000000E+00  0.00000000E+00  0.00000000E+00
                       0.00000000E+00  0.00000000E+00  2.50000000E-01
                       0.00000000E+00  0.00000000E+00  5.00000000E-01
                       0.00000000E+00  0.00000000E+00  7.50000000E-01
           kptopt1          1
           kptopt2         -1
         kptrlatt        1    0    0      0    1    0      0    0    8
          kptrlen1     3.77920000E+01
          kptrlen2     3.00000000E+01
P           mkmem           4
            natom           1
            nband          10
           nbdbuf1          0
           nbdbuf2          2
           ndtset           2
            ngfft          32      32       8
             nkpt           4
            nstep1         35
            nstep2         25
             nsym          16
           ntypat           1
              occ      2.000000  2.000011  2.000011  2.001010  2.033830  1.922782
                       0.000638  0.000638  0.000008  0.000000
                       2.000000  2.000023  2.000023  2.000123  1.365623  1.165795
                       0.004232  0.004232  0.000212  0.000000
                       2.000000  2.000000  2.000037  2.000037  0.807467  0.748989
                       0.290974  0.290974  0.000182  0.000000
                       2.000000  2.000000  2.000172  2.000172  1.583165  1.583165
                       0.142214  0.053258  0.000002  0.000000
           occopt           4
          prtwant1          0
          prtwant2          1
            rprim      1.0000000000E+00  0.0000000000E+00  0.0000000000E+00
                       0.0000000000E+00  1.0000000000E+00  0.0000000000E+00
                       0.0000000000E+00  0.0000000000E+00  2.3620000000E-01
           shiftk1     0.00000000E+00  0.00000000E+00  5.00000000E-01
           shiftk2     5.00000000E-01  5.00000000E-01  5.00000000E-01
          spgroup         123
           strten1     8.6106453481E-04  8.6106453481E-04  1.0585636693E-03
                       0.0000000000E+00  0.0000000000E+00  0.0000000000E+00
           symrel      1  0  0   0  1  0   0  0  1      -1  0  0   0 -1  0   0  0 -1
                      -1  0  0   0  1  0   0  0 -1       1  0  0   0 -1  0   0  0  1
                      -1  0  0   0 -1  0   0  0  1       1  0  0   0  1  0   0  0 -1
                       1  0  0   0 -1  0   0  0 -1      -1  0  0   0  1  0   0  0  1
                       0  1  0   1  0  0   0  0  1       0 -1  0  -1  0  0   0  0 -1
                       0 -1  0   1  0  0   0  0 -1       0  1  0  -1  0  0   0  0  1
                       0 -1  0  -1  0  0   0  0  1       0  1  0   1  0  0   0  0 -1
                       0  1  0  -1  0  0   0  0 -1       0 -1  0   1  0  0   0  0  1
           toldfe1     1.00000000E-06 Hartree
           toldfe2     0.00000000E+00 Hartree
           tolwfr1     0.00000000E+00
           tolwfr2     1.00000000E-12
           tsmear      5.00000000E-02 Hartree
            typat      1
              wtk1       0.25000    0.25000    0.25000    0.25000
              wtk2       1.00000    1.00000    1.00000    1.00000
            znucl       79.00000

================================================================================


- Timing analysis has been suppressed with timopt=0



================================================================================

 Suggested references for the acknowledgment of ABINIT usage.

 The users of ABINIT have little formal obligations with respect to the ABINIT group
 (those specified in the GNU General Public License, http://www.gnu.org/copyleft/gpl.txt).
 However, it is common practice in the scientific literature,
 to acknowledge the efforts of people that have made the research possible.
 In this spirit, please find below suggested citations of work written by ABINIT developers,
 corresponding to implementations inside of ABINIT that you have used in the present run.
 Note also that it will be of great value to readers of publications presenting these results,
 to read papers enabling them to understand the theoretical formalism and details
 of the ABINIT implementation.
 For information on why they are suggested, see also https://www.abinit.org/about/?text=acknowledgments.
-
- [1] ABINIT : First-principles approach of materials and nanosystem properties.
- X. Gonze, B. Amadon, P.-M. Anglade, J.-M. Beuken, F. Bottin, P. Boulanger, F. Bruneval,
- D. Caliste, R. Caracas, M. Cote, T. Deutsch, L. Genovese, Ph. Ghosez, M. Giantomassi
- S. Goedecker, D.R. Hamann, P. Hermet, F. Jollet, G. Jomard, S. Leroux, M. Mancini, S. Mazevet,
- M.J.T. Oliveira, G. Onida, Y. Pouillon, T. Rangel, G.-M. Rignanese, D. Sangalli, R. Shaltaf,
- M. Torrent, M.J. Verstraete, G. Zerah, J.W. Zwanziger
- Computer Phys. Comm. 180, 2582-2615 (2009).
- Comment : the third generic paper describing the ABINIT project.
- Note that a version of this paper, that is not formatted for Computer Phys. Comm. 
- is available at https://www.abinit.org/about/ABINIT_CPC_v10.pdf .
- The licence allows the authors to put it on the Web.
-
- [2] A brief introduction to the ABINIT software package.
- X. Gonze, G.-M. Rignanese, M. Verstraete, J.-M. Beuken, Y. Pouillon, R. Caracas, F. Jollet,
- M. Torrent, G. Zerah, M. Mikami, Ph. Ghosez, M. Veithen, J.-Y. Raty, V. Olevano, F. Bruneval,
- L. Reining, R. Godby, G. Onida, D.R. Hamann, and D.C. Allan.
- Z. Kristallogr. 220, 558-562 (2005).
- Comment : the second generic paper describing the ABINIT project. Note that this paper
- should be cited especially if you are using the GW part of ABINIT, as several authors
- of this part are not in the list of authors of the first or third paper.
- The .pdf of the latter paper is available at https://www.abinit.org/about/zfk_0505-06_558-562.pdf.
- Note that it should not redistributed (Copyright by Oldenburg Wissenshaftverlag,
- the licence allows the authors to put it on the Web).
-
- And optionally:
-
- [3] First-principles computation of material properties : the ABINIT software project. 
- X. Gonze, J.-M. Beuken, R. Caracas, F. Detraux, M. Fuchs, G.-M. Rignanese, L. Sindic,
- M. Verstraete, G. Zerah, F. Jollet, M. Torrent, A. Roy, M. Mikami, Ph. Ghosez, J.-Y. Raty, D.C. Allan.
- Computational Materials Science 25, 478-492 (2002). http://dx.doi.org/10.1016/S0927-0256(02)00325-7
- Comment : the original paper describing the ABINIT project.
-
- [4] Fast radix 2, 3, 4 and 5 kernels for Fast Fourier Transformations
- on computers with overlapping multiply-add instructions.
- S. Goedecker, SIAM J. on Scientific Computing 18, 1605 (1997).
-
- Proc.   0 individual time (sec): cpu=          1.8  wall=          1.9

================================================================================

 Calculation completed.
.Delivered  15 WARNINGs and   1 COMMENTs to log file.
+Overall time at end (sec) : cpu=          1.8  wall=          1.9
