
.Version 8.0.3 of ABINIT 
.(MPI version, prepared for a x86_64_linux_gnu5.3 computer) 

.Copyright (C) 1998-2018 ABINIT group . 
 ABINIT comes with ABSOLUTELY NO WARRANTY.
 It is free software, and you are welcome to redistribute it
 under certain conditions (GNU General Public License,
 see ~abinit/COPYING or http://www.gnu.org/copyleft/gpl.txt).

 ABINIT is a project of the Universite Catholique de Louvain,
 Corning Inc. and other collaborators, see ~abinit/doc/developers/contributors.txt .
 Please read ~abinit/doc/users/acknowledgments.html for suggested
 acknowledgments of the ABINIT effort.
 For more information, see https://www.abinit.org .

.Starting date : Mon  4 Apr 2016.
- ( at 11h58 )
  
- input  file    -> t93.in
- output file    -> t93.out
- root for input  files -> t93i
- root for output files -> t93o


 Symmetries : space group Pm m m (# 47); Bravais oP (primitive ortho.)
================================================================================
 Values of the parameters that define the memory need of the present run
     intxc =       0    ionmov =       0      iscf =       7    lmnmax =       6
     lnmax =       6     mgfft =      10  mpssoang =       3    mqgrid =    3001
     natom =       1  nloc_mem =       1    nspden =       1   nspinor =       1
    nsppol =       1      nsym =       8    n1xccc =       0    ntypat =       1
    occopt =       7   xclevel =       1
-    mband =           6        mffmem =           1         mkmem =           2
       mpw =          28          nfft =         640          nkpt =           2
================================================================================
P This job should need less than                       1.571 Mbytes of memory.
  Rough estimation (10% accuracy) of disk space for files :
_ WF disk file :      0.007 Mbytes ; DEN or POT disk file :      0.007 Mbytes.
================================================================================

--------------------------------------------------------------------------------
------------- Echo of variables that govern the present computation ------------
--------------------------------------------------------------------------------
-
- outvars: echo of selected default values                                      
-   accesswff0 =  0 , fftalg0 =312 , wfoptalg0 =  0
-
- outvars: echo of global parameters not present in the input file              
-  max_nthreads =    0
-
 -outvars: echo values of preprocessed input variables --------
            acell      3.0000000000E+00  3.5000000000E+00  4.0000000000E+00 Bohr
              amu      4.00780000E+01
     densfor_pred           0
             ecut      3.00000000E+00 Hartree
-          fftalg         400
           istwfk        2    0
              ixc           7
              kpt      0.00000000E+00  0.00000000E+00  0.00000000E+00
                       3.00000000E-01  3.00000000E-01  3.00000000E-01
           kptopt           0
P           mkmem           2
            natom           1
            nband           6
         nbdblock           2
            ngfft           8       8      10
             nkpt           2
            nline           8
            nstep          25
             nsym           8
            ntime           5
           ntypat           1
              occ      2.000000  0.000000  0.000000  0.000000  0.000000  0.000000
                       2.000000  0.000000  0.000000  0.000000  0.000000  0.000000
           occopt           7
           ortalg           1
            rprim      1.4000000000E+00  0.0000000000E+00  0.0000000000E+00
                       0.0000000000E+00  1.4000000000E+00  0.0000000000E+00
                       0.0000000000E+00  0.0000000000E+00  1.4000000000E+00
          spgroup          47
           symrel      1  0  0   0  1  0   0  0  1      -1  0  0   0 -1  0   0  0 -1
                      -1  0  0   0  1  0   0  0 -1       1  0  0   0 -1  0   0  0  1
                      -1  0  0   0 -1  0   0  0  1       1  0  0   0  1  0   0  0 -1
                       1  0  0   0 -1  0   0  0 -1      -1  0  0   0  1  0   0  0  1
           toldfe      1.00000000E-08 Hartree
           tsmear      2.00000000E-02 Hartree
            typat      1
         wfoptalg           4
              wtk        0.50000    0.50000
            znucl       20.00000

================================================================================

 chkinp: Checking input parameters for consistency.

================================================================================
== DATASET  1 ==================================================================
-   nproc =    1

 Exchange-correlation functional for the present dataset will be:
  LDA: Perdew-Wang 92 LSD fit to Ceperley-Alder data - ixc=7
 Citation for XC functional:
  J.P.Perdew and Y.Wang, PRB 45, 13244 (1992)

 Real(R)+Recip(G) space primitive vectors, cartesian coordinates (Bohr,Bohr^-1):
 R(1)=  4.2000000  0.0000000  0.0000000  G(1)=  0.2380952  0.0000000  0.0000000
 R(2)=  0.0000000  4.9000000  0.0000000  G(2)=  0.0000000  0.2040816  0.0000000
 R(3)=  0.0000000  0.0000000  5.6000000  G(3)=  0.0000000  0.0000000  0.1785714
 Unit cell volume ucvol=  1.1524800E+02 bohr^3
 Angles (23,13,12)=  9.00000000E+01  9.00000000E+01  9.00000000E+01 degrees

 getcut: wavevector=  0.0000  0.0000  0.0000  ngfft=   8   8  10
         ecut(hartree)=      3.000   => boxcut(ratio)=   2.09396

--- Pseudopotential description ------------------------------------------------
- pspini: atom type   1  psp file is /home/buildbot/bb/ABINIT/abiref_gnu_5.3_openmpi/gonze_8.0.3-public/tests/Psps_for_tests/20ca.2.hgh
- pspatm: opening atomic psp file    /home/buildbot/bb/ABINIT/abiref_gnu_5.3_openmpi/gonze_8.0.3-public/tests/Psps_for_tests/20ca.2.hgh
- Hartwigsen-Goedecker-Hutter psp for Ca,  from PRB58, 3641 (1998)
- 20.00000   2.00000     10605                znucl, zion, pspdat
    3    1    2    0      2001   0.00000      pspcod,pspxc,lmax,lloc,mmax,r2well
 rloc=   0.8000000
 cc1 =   0.0000000; cc2 =   0.0000000; cc3 =   0.0000000; cc4 =   0.0000000
 rrs =   0.6697370; h11s=   1.6450140; h22s=   1.5234910; h33s=   0.2959960
 rrp =   0.9464740; h11p=   0.5854790; h22p=   0.1263290; h33p=   0.0000000
                    k11p=  -0.0033620; k22p=   0.0127790; k33p=   0.0000000
 rrd =   0.5265500; h11d=  -3.0323210; h22d=   0.0000000; h33d=   0.0000000
                    k11d=   0.0008140; k22d=   0.0000000; k33d=   0.0000000
-  Local part computed in reciprocal space.

 pspatm : COMMENT -
  the projectors are not normalized,
  so that the KB energies are not consistent with 
  definition in PRB44, 8503 (1991). 
  However, this does not influence the results obtained hereafter.
 pspatm : epsatm=    8.04247719
         --- l  ekb(1:nproj) -->
             0    0.285490    1.067209    2.336725
             1    0.647287    3.185734
             2   -0.482522
 pspatm: atomic psp has been read  and splines computed

   1.60849544E+01                                ecore*ucvol(ha*bohr**3)
--------------------------------------------------------------------------------

_setup2: Arith. and geom. avg. npw (full set) are      28.500      28.496

================================================================================

     iter   Etot(hartree)      deltaE(h)  residm     vres2
 ETOT  1 -0.66012034228684    -6.601E-01 9.453E-09 4.647E-01
 ETOT  2 -0.66201350490847    -1.893E-03 3.021E-14 1.298E-02
 ETOT  3 -0.66205483882013    -4.133E-05 1.066E-09 1.155E-04
 ETOT  4 -0.66205522435141    -3.855E-07 3.953E-12 1.240E-06
 ETOT  5 -0.66205522742972    -3.078E-09 6.429E-16 1.927E-08
 ETOT  6 -0.66205522749293    -6.321E-11 5.475E-18 2.110E-10

 At SCF step    6, etot is converged : 
  for the second time, diff in etot=  6.321E-11 < toldfe=  1.000E-08

 Cartesian components of stress tensor (hartree/bohr^3)
  sigma(1 1)= -4.45633717E-03  sigma(3 2)=  0.00000000E+00
  sigma(2 2)= -2.33296895E-03  sigma(3 1)=  0.00000000E+00
  sigma(3 3)= -1.07730375E-04  sigma(2 1)=  0.00000000E+00

 Integrated electronic density in atomic spheres:
 ------------------------------------------------
 Atom  Sphere_radius  Integrated_density
    1        2.00000          0.26568513
================================================================================

 ----iterations are completed or convergence reached----

 Mean square residual over all n,k,spin=   7.4179E-19; max=  5.4747E-18
 reduced coordinates (array xred) for    1 atoms
       0.000000000000      0.000000000000      0.000000000000
 rms dE/dt=  0.0000E+00; max dE/dt=  0.0000E+00; dE/dt below (all hartree)
    1       0.000000000000      0.000000000000      0.000000000000

 cartesian coordinates (angstrom) at end:
    1      0.00000000000000     0.00000000000000     0.00000000000000

 cartesian forces (hartree/bohr) at end:
    1     -0.00000000000000    -0.00000000000000    -0.00000000000000
 frms,max,avg= 0.0000000E+00 0.0000000E+00   0.000E+00  0.000E+00  0.000E+00 h/b

 cartesian forces (eV/Angstrom) at end:
    1     -0.00000000000000    -0.00000000000000    -0.00000000000000
 frms,max,avg= 0.0000000E+00 0.0000000E+00   0.000E+00  0.000E+00  0.000E+00 e/A
 length scales=  3.000000000000  3.500000000000  4.000000000000 bohr
              =  1.587531625770  1.852120230065  2.116708834360 angstroms
 prteigrs : about to open file t93o_EIG
 Fermi (or HOMO) energy (hartree) =   0.28059   Average Vxc (hartree)=  -0.29187
 Eigenvalues (hartree) for nkpt=   2  k points:
 kpt#   1, nband=  6, wtk=  0.50000, kpt=  0.0000  0.0000  0.0000 (reduced coord)
   0.00453    0.34948    0.46154    0.63794    0.80174    0.91297
      occupation numbers for kpt#   1
   2.00000    0.00000    0.00000    0.00000    0.00000    0.00000
 prteigrs : prtvol=0 or 1, do not print more k-points.


--------------------------------------------------------------------------------
 Components of total free energy (in Hartree) :

    Kinetic energy  =  4.19420994155562E-01
    Hartree energy  =  2.39524123262859E-02
    XC energy       = -4.84860488323020E-01
    Ewald energy    = -1.14105110477720E+00
    PspCore energy  =  1.39568186748401E-01
    Loc. psp. energy=  1.78428951163448E-01
    NL   psp  energy=  2.02485915884667E-01
    >>>>> Internal E= -6.62055132821860E-01

    -kT*entropy     = -9.46710689177166E-08
    >>>>>>>>> Etotal= -6.62055227492928E-01

 Other information on the energy :
    Total energy(eV)= -1.80154389318297E+01 ; Band energy (Ha)=   2.1671654190E-01
--------------------------------------------------------------------------------

 Cartesian components of stress tensor (hartree/bohr^3)
  sigma(1 1)= -4.45633717E-03  sigma(3 2)=  0.00000000E+00
  sigma(2 2)= -2.33296895E-03  sigma(3 1)=  0.00000000E+00
  sigma(3 3)= -1.07730375E-04  sigma(2 1)=  0.00000000E+00

-Cartesian components of stress tensor (GPa)         [Pressure=  6.7639E+01 GPa]
- sigma(1 1)= -1.31109944E+02  sigma(3 2)=  0.00000000E+00
- sigma(2 2)= -6.86383048E+01  sigma(3 1)=  0.00000000E+00
- sigma(3 3)= -3.16953652E+00  sigma(2 1)=  0.00000000E+00

== END DATASET(S) ==============================================================
================================================================================
  
 -outvars: echo values of variables after computation  --------
            acell      3.0000000000E+00  3.5000000000E+00  4.0000000000E+00 Bohr
              amu      4.00780000E+01
     densfor_pred           0
             ecut      3.00000000E+00 Hartree
           etotal     -6.6205522749E-01
            fcart     -0.0000000000E+00 -0.0000000000E+00 -0.0000000000E+00
-          fftalg         400
           istwfk        2    0
              ixc           7
              kpt      0.00000000E+00  0.00000000E+00  0.00000000E+00
                       3.00000000E-01  3.00000000E-01  3.00000000E-01
           kptopt           0
P           mkmem           2
            natom           1
            nband           6
         nbdblock           2
            ngfft           8       8      10
             nkpt           2
            nline           8
            nstep          25
             nsym           8
            ntime           5
           ntypat           1
              occ      2.000000  0.000001  0.000000  0.000000  0.000000  0.000000
                       1.999999  0.000000  0.000000  0.000000  0.000000  0.000000
           occopt           7
           ortalg           1
            rprim      1.4000000000E+00  0.0000000000E+00  0.0000000000E+00
                       0.0000000000E+00  1.4000000000E+00  0.0000000000E+00
                       0.0000000000E+00  0.0000000000E+00  1.4000000000E+00
          spgroup          47
           strten     -4.4563371741E-03 -2.3329689524E-03 -1.0773037477E-04
                       0.0000000000E+00  0.0000000000E+00  0.0000000000E+00
           symrel      1  0  0   0  1  0   0  0  1      -1  0  0   0 -1  0   0  0 -1
                      -1  0  0   0  1  0   0  0 -1       1  0  0   0 -1  0   0  0  1
                      -1  0  0   0 -1  0   0  0  1       1  0  0   0  1  0   0  0 -1
                       1  0  0   0 -1  0   0  0 -1      -1  0  0   0  1  0   0  0  1
           toldfe      1.00000000E-08 Hartree
           tsmear      2.00000000E-02 Hartree
            typat      1
         wfoptalg           4
              wtk        0.50000    0.50000
            znucl       20.00000

================================================================================


- Timing analysis has been suppressed with timopt=0



================================================================================

 Suggested references for the acknowledgment of ABINIT usage.

 The users of ABINIT have little formal obligations with respect to the ABINIT group
 (those specified in the GNU General Public License, http://www.gnu.org/copyleft/gpl.txt).
 However, it is common practice in the scientific literature,
 to acknowledge the efforts of people that have made the research possible.
 In this spirit, please find below suggested citations of work written by ABINIT developers,
 corresponding to implementations inside of ABINIT that you have used in the present run.
 Note also that it will be of great value to readers of publications presenting these results,
 to read papers enabling them to understand the theoretical formalism and details
 of the ABINIT implementation.
 For information on why they are suggested, see also https://www.abinit.org/about/?text=acknowledgments.
-
- [1] ABINIT : First-principles approach of materials and nanosystem properties.
- X. Gonze, B. Amadon, P.-M. Anglade, J.-M. Beuken, F. Bottin, P. Boulanger, F. Bruneval,
- D. Caliste, R. Caracas, M. Cote, T. Deutsch, L. Genovese, Ph. Ghosez, M. Giantomassi
- S. Goedecker, D.R. Hamann, P. Hermet, F. Jollet, G. Jomard, S. Leroux, M. Mancini, S. Mazevet,
- M.J.T. Oliveira, G. Onida, Y. Pouillon, T. Rangel, G.-M. Rignanese, D. Sangalli, R. Shaltaf,
- M. Torrent, M.J. Verstraete, G. Zerah, J.W. Zwanziger
- Computer Phys. Comm. 180, 2582-2615 (2009).
- Comment : the third generic paper describing the ABINIT project.
- Note that a version of this paper, that is not formatted for Computer Phys. Comm. 
- is available at https://www.abinit.org/about/ABINIT_CPC_v10.pdf .
- The licence allows the authors to put it on the Web.
-
- [2] A brief introduction to the ABINIT software package.
- X. Gonze, G.-M. Rignanese, M. Verstraete, J.-M. Beuken, Y. Pouillon, R. Caracas, F. Jollet,
- M. Torrent, G. Zerah, M. Mikami, Ph. Ghosez, M. Veithen, J.-Y. Raty, V. Olevano, F. Bruneval,
- L. Reining, R. Godby, G. Onida, D.R. Hamann, and D.C. Allan.
- Z. Kristallogr. 220, 558-562 (2005).
- Comment : the second generic paper describing the ABINIT project. Note that this paper
- should be cited especially if you are using the GW part of ABINIT, as several authors
- of this part are not in the list of authors of the first or third paper.
- The .pdf of the latter paper is available at https://www.abinit.org/about/zfk_0505-06_558-562.pdf.
- Note that it should not redistributed (Copyright by Oldenburg Wissenshaftverlag,
- the licence allows the authors to put it on the Web).
-
- And optionally:
-
- [3] First-principles computation of material properties : the ABINIT software project. 
- X. Gonze, J.-M. Beuken, R. Caracas, F. Detraux, M. Fuchs, G.-M. Rignanese, L. Sindic,
- M. Verstraete, G. Zerah, F. Jollet, M. Torrent, A. Roy, M. Mikami, Ph. Ghosez, J.-Y. Raty, D.C. Allan.
- Computational Materials Science 25, 478-492 (2002). http://dx.doi.org/10.1016/S0927-0256(02)00325-7
- Comment : the original paper describing the ABINIT project.
-
- [4] Fast radix 2, 3, 4 and 5 kernels for Fast Fourier Transformations
- on computers with overlapping multiply-add instructions.
- S. Goedecker, SIAM J. on Scientific Computing 18, 1605 (1997).
-
- Proc.   0 individual time (sec): cpu=          0.3  wall=          0.3

================================================================================

 Calculation completed.
.Delivered   1 WARNINGs and   2 COMMENTs to log file.
+Overall time at end (sec) : cpu=          0.3  wall=          0.3
