
.Version 8.11.12 of FFTPROF 
.(MPI version, prepared for a x86_64_linux_gnu9.2 computer) 

.Copyright (C) 1998-2020 ABINIT group . 
 FFTPROF comes with ABSOLUTELY NO WARRANTY.
 It is free software, and you are welcome to redistribute it
 under certain conditions (GNU General Public License,
 see ~abinit/COPYING or http://www.gnu.org/copyleft/gpl.txt).

 ABINIT is a project of the Universite Catholique de Louvain,
 Corning Inc. and other collaborators, see ~abinit/doc/developers/contributors.txt .
 Please read https://docs.abinit.org/theory/acknowledgments for suggested
 acknowledgments of the ABINIT effort.
 For more information, see https://www.abinit.org .

.Starting date : Mon 25 Nov 2019.
- ( at 08h24 )
  
 Tool for profiling and testing the FFT libraries used in ABINIT.
 Allowed options are: 
   fourdp --> Test FFT transforms of density and potentials on the full box.
   fourwf --> Test FFT transforms of wavefunctions using the zero-pad algorithm.
   gw_fft --> Test the FFT transforms used in the GW code.
   all    --> Test all FFT routines.
 
 Real(R)+Recip(G) space primitive vectors, cartesian coordinates (Bohr,Bohr^-1):
 R(1)= 12.0000000  0.0000000  0.0000000  G(1)=  0.0833333  0.0000000  0.0000000
 R(2)=  0.0000000 11.0000000  0.0000000  G(2)=  0.0000000  0.0909091  0.0000000
 R(3)=  0.0000000  0.0000000 13.0000000  G(3)=  0.0000000  0.0000000  0.0769231
 Unit cell volume ucvol=  1.7160000E+03 bohr^3
 Unit cell volume ucvol=  1.7160000E+03 bohr^3
 Angles (23,13,12)=  9.00000000E+01  9.00000000E+01  9.00000000E+01 degrees
 Angles (23,13,12)=  9.00000000E+01  9.00000000E+01  9.00000000E+01 degrees

 ==== FFT setup for fftalg 110 ====
  FFT mesh divisions ........................    75   72   80
  Augmented FFT divisions ...................    75   73   80
  FFT algorithm .............................   110
  FFT cache size ............................    16

 ==== FFT setup for fftalg 111 ====
  FFT mesh divisions ........................    75   72   80
  Augmented FFT divisions ...................    75   73   80
  FFT algorithm .............................   111
  FFT cache size ............................    16

 ==== FFT setup for fftalg 112 ====
  FFT mesh divisions ........................    75   72   80
  Augmented FFT divisions ...................    75   73   80
  FFT algorithm .............................   112
  FFT cache size ............................    16

 ==== FFT setup for fftalg 410 ====
  FFT mesh divisions ........................    75   72   80
  Augmented FFT divisions ...................    75   73   80
  FFT algorithm .............................   410
  FFT cache size ............................    16

 ==== FFT setup for fftalg 411 ====
  FFT mesh divisions ........................    75   72   80
  Augmented FFT divisions ...................    75   73   80
  FFT algorithm .............................   411
  FFT cache size ............................    16

 ==== FFT setup for fftalg 412 ====
  FFT mesh divisions ........................    75   72   80
  Augmented FFT divisions ...................    75   73   80
  FFT algorithm .............................   412
  FFT cache size ............................    16

 ==== FFT setup for fftalg 312 ====
  FFT mesh divisions ........................    75   72   80
  Augmented FFT divisions ...................    75   73   80
  FFT algorithm .............................   312
  FFT cache size ............................    16

 ==== FFT setup for fftalg 512 ====
  FFT mesh divisions ........................    75   72   80
  Augmented FFT divisions ...................    75   73   80
  FFT algorithm .............................   512
  FFT cache size ............................    16

==============================================================
==== fourwf with option  0, cplex  0, ndat  1, istwf_k  6 ====
==============================================================
        Library        CPU-time   WALL-time   nthreads  ncalls  Max_|Err|   <|Err|>
- Goedecker (110)       0.0177     0.0180      1 (100%) 5     0.00E+00    0.00E+00
- Goedecker (111)       0.0116     0.0117      1 (100%) 5     0.00E+00    0.00E+00
- Goedecker (112)         N/A        N/A        N/A     N/A       N/A        N/A
- Goedecker2002 (410)   0.0391     0.0392      1 (100%) 5     3.87E-14    1.67E-15
- Goedecker2002 (411)   0.0095     0.0096      1 (100%) 5     3.87E-14    1.67E-15
- Goedecker2002 (412)     N/A        N/A        N/A     N/A       N/A        N/A
- FFTW3 (312)             N/A        N/A        N/A     N/A       N/A        N/A
- DFTI (512)              N/A        N/A        N/A     N/A       N/A        N/A

 Consistency check: MAX(Max_|Err|) =  3.87E-14, Max(<|Err|>) =  1.67E-15, reference_lib: Goedecker (110)


==============================================================
==== fourwf with option  1, cplex  1, ndat  1, istwf_k  6 ====
==============================================================
        Library        CPU-time   WALL-time   nthreads  ncalls  Max_|Err|   <|Err|>
- Goedecker (110)       0.0144     0.0144      1 (100%) 5     0.00E+00    0.00E+00
- Goedecker (111)       0.0110     0.0111      1 (100%) 5     0.00E+00    0.00E+00
- Goedecker (112)       0.0052     0.0052      1 (100%) 5     2.96E-12    9.04E-15
- Goedecker2002 (410)   0.0383     0.0389      1 (100%) 5     2.27E-12    9.19E-15
- Goedecker2002 (411)   0.0106     0.0107      1 (100%) 5     2.27E-12    9.22E-15
- Goedecker2002 (412)   0.0098     0.0099      1 (100%) 5     2.27E-12    9.19E-15
- FFTW3 (312)           0.0046     0.0046      1 (100%) 5     3.18E-12    9.20E-15
- DFTI (512)              N/A        N/A        N/A     N/A       N/A        N/A

 Consistency check: MAX(Max_|Err|) =  3.18E-12, Max(<|Err|>) =  9.22E-15, reference_lib: Goedecker (110)


==============================================================
==== fourwf with option  2, cplex  1, ndat  1, istwf_k  6 ====
==============================================================
        Library        CPU-time   WALL-time   nthreads  ncalls  Max_|Err|   <|Err|>
- Goedecker (110)       0.0271     0.0271      1 (100%) 5     0.00E+00    0.00E+00
- Goedecker (111)       0.0171     0.0171      1 (100%) 5     5.75E-17    5.58E-20
- Goedecker (112)       0.0080     0.0080      1 (100%) 5     1.82E-16    9.58E-20
- Goedecker2002 (410)   0.0591     0.0598      1 (100%) 5     3.18E-16    1.50E-19
- Goedecker2002 (411)   0.0183     0.0184      1 (100%) 5     2.66E-16    1.34E-19
- Goedecker2002 (412)   0.0169     0.0171      1 (100%) 5     2.66E-16    1.34E-19
- FFTW3 (312)           0.0079     0.0080      1 (100%) 5     2.49E-16    1.26E-19
- DFTI (512)              N/A        N/A        N/A     N/A       N/A        N/A

 Consistency check: MAX(Max_|Err|) =  3.18E-16, Max(<|Err|>) =  1.50E-19, reference_lib: Goedecker (110)


==============================================================
==== fourwf with option  3, cplex  0, ndat  1, istwf_k  6 ====
==============================================================
        Library        CPU-time   WALL-time   nthreads  ncalls  Max_|Err|   <|Err|>
- Goedecker (110)       0.0148     0.0153      1 (100%) 5     0.00E+00    0.00E+00
- Goedecker (111)       0.0084     0.0085      1 (100%) 5     3.33E-16    4.05E-20
- Goedecker (112)       0.0083     0.0083      1 (100%) 5     3.33E-16    4.05E-20
- Goedecker2002 (410)   0.0265     0.0265      1 (100%) 5     3.61E-16    8.20E-20
- Goedecker2002 (411)     N/A        N/A        N/A     N/A       N/A        N/A
- Goedecker2002 (412)     N/A        N/A        N/A     N/A       N/A        N/A
- FFTW3 (312)           0.0091     0.0091      1 (100%) 5     3.33E-16    7.22E-20
- DFTI (512)              N/A        N/A        N/A     N/A       N/A        N/A

 Consistency check: MAX(Max_|Err|) =  3.61E-16, Max(<|Err|>) =  8.20E-20, reference_lib: Goedecker (110)


 Analysis completed.
