
.Version 8.7.3 of ABINIT 
.(MPI version, prepared for a x86_64_linux_gnu5.3 computer) 

.Copyright (C) 1998-2018 ABINIT group . 
 ABINIT comes with ABSOLUTELY NO WARRANTY.
 It is free software, and you are welcome to redistribute it
 under certain conditions (GNU General Public License,
 see ~abinit/COPYING or http://www.gnu.org/copyleft/gpl.txt).

 ABINIT is a project of the Universite Catholique de Louvain,
 Corning Inc. and other collaborators, see ~abinit/doc/developers/contributors.txt .
 Please read ~abinit/doc/users/acknowledgments.html for suggested
 acknowledgments of the ABINIT effort.
 For more information, see https://www.abinit.org .

.Starting date : Wed 21 Feb 2018.
- ( at 17h01 )
  
- input  file    -> t09.in
- output file    -> t09.out
- root for input  files -> t09i
- root for output files -> t09o

- inpspheads : Reading pseudopotential header in XML form from /home/buildbot/bb/ABINIT/abiref_gnu_5.3_openmpi/pouillon_15-new-psml-api-is-not-supported/tests/Psps_for_tests/14_Si_atom.psml
- psxml2ab: ps_Number_of_Projectors not relativistic     4
- psxml2ab: ps_Number_of_Projectors scalar relativistic     0
- psxml2ab: ps_Projector_L     0
- psxml2ab: ps_Projector_Ekb     0.2330670221E+01
- psxml2ab: ps_Projector_L     1
- psxml2ab: ps_Projector_Ekb     0.7471191667E+00
- psxml2ab: ps_Projector_L     2
- psxml2ab: ps_Projector_Ekb    -0.1404517383E+01
- psxml2ab: ps_Projector_L     3
- psxml2ab: ps_Projector_Ekb    -0.4796933731E+00
- psxml2ab: ps_Number_of_Projectors SOC     0
- psxml2ab: Atomic Label:                      Si
- psxml2ab: Atomic Number:                         14.00000
- psxml2ab: Valence charge:                         4.00000
- psxml2ab: Pseudopotential generator code :    ATM4.2.6
- psxml2ab: Date of pseudopotential generation:        0
- psxml2ab: Pseudopotential flavor:             Troullier-Martins
- psxml2ab: Exchange-correlation functional    1 :    XC_LDA_X (   1)
- psxml2ab: Exchange-correlation functional    2 :    XC_LDA_C_PZ (   9)
- psxml2ab: Relativistically generated pseudopotential (not necessarily SOC!):   no
- psxml2ab: Spin-polarized pseudopotential:     no
- psxml2ab: No core corrections.

 Symmetries : space group Fd -3 m (#227); Bravais cF (face-center cubic)
================================================================================
 Values of the parameters that define the memory need of the present run
     intxc =       0    ionmov =       0      iscf =       7    lmnmax =       4
     lnmax =       4     mgfft =      16  mpssoang =       4    mqgrid =    3001
     natom =       2  nloc_mem =       1    nspden =       1   nspinor =       1
    nsppol =       1      nsym =      48    n1xccc =       0    ntypat =       1
    occopt =       1   xclevel =       2
-    mband =           6        mffmem =           1         mkmem =           8
       mpw =         150          nfft =        4096          nkpt =           8
================================================================================
P This job should need less than                       1.899 Mbytes of memory.
  Rough estimation (10% accuracy) of disk space for files :
_ WF disk file :      0.112 Mbytes ; DEN or POT disk file :      0.033 Mbytes.
================================================================================

--------------------------------------------------------------------------------
------------- Echo of variables that govern the present computation ------------
--------------------------------------------------------------------------------
-
- outvars: echo of selected default values                                      
-   iomode0 =  0 , fftalg0 =312 , wfoptalg0 =  0
-
- outvars: echo of global parameters not present in the input file              
-  max_nthreads =    0
-
 -outvars: echo values of preprocessed input variables --------
            acell      1.0263110000E+01  1.0263110000E+01  1.0263110000E+01 Bohr
              amu      2.80855000E+01
           diemac      1.00000000E+01
             ecut      5.00000000E+00 Hartree
-          fftalg         312
           istwfk        2    0    3    0    0    0    7    0
              ixc     -101130
              kpt      0.00000000E+00  0.00000000E+00  0.00000000E+00
                       2.50000000E-01  0.00000000E+00  0.00000000E+00
                       5.00000000E-01  0.00000000E+00  0.00000000E+00
                       2.50000000E-01  2.50000000E-01  0.00000000E+00
                       5.00000000E-01  2.50000000E-01  0.00000000E+00
                      -2.50000000E-01  2.50000000E-01  0.00000000E+00
                       5.00000000E-01  5.00000000E-01  0.00000000E+00
                      -2.50000000E-01  5.00000000E-01  2.50000000E-01
         kptrlatt        4    0    0      0    4    0      0    0    4
          kptrlen      2.90284587E+01
P           mkmem           8
            natom           2
            nband           6
            ngfft          16      16      16
             nkpt           8
            nstep          20
             nsym          48
           ntypat           1
              occ      2.000000  2.000000  2.000000  2.000000  0.000000  0.000000
            rprim      0.0000000000E+00  5.0000000000E-01  5.0000000000E-01
                       5.0000000000E-01  0.0000000000E+00  5.0000000000E-01
                       5.0000000000E-01  5.0000000000E-01  0.0000000000E+00
          spgroup         227
           symrel      1  0  0   0  1  0   0  0  1      -1  0  0   0 -1  0   0  0 -1
                       0 -1  1   0 -1  0   1 -1  0       0  1 -1   0  1  0  -1  1  0
                      -1  0  0  -1  0  1  -1  1  0       1  0  0   1  0 -1   1 -1  0
                       0  1 -1   1  0 -1   0  0 -1       0 -1  1  -1  0  1   0  0  1
                      -1  0  0  -1  1  0  -1  0  1       1  0  0   1 -1  0   1  0 -1
                       0 -1  1   1 -1  0   0 -1  0       0  1 -1  -1  1  0   0  1  0
                       1  0  0   0  0  1   0  1  0      -1  0  0   0  0 -1   0 -1  0
                       0  1 -1   0  0 -1   1  0 -1       0 -1  1   0  0  1  -1  0  1
                      -1  0  1  -1  1  0  -1  0  0       1  0 -1   1 -1  0   1  0  0
                       0 -1  0   1 -1  0   0 -1  1       0  1  0  -1  1  0   0  1 -1
                       1  0 -1   0  0 -1   0  1 -1      -1  0  1   0  0  1   0 -1  1
                       0  1  0   0  0  1   1  0  0       0 -1  0   0  0 -1  -1  0  0
                       1  0 -1   0  1 -1   0  0 -1      -1  0  1   0 -1  1   0  0  1
                       0 -1  0   0 -1  1   1 -1  0       0  1  0   0  1 -1  -1  1  0
                      -1  0  1  -1  0  0  -1  1  0       1  0 -1   1  0  0   1 -1  0
                       0  1  0   1  0  0   0  0  1       0 -1  0  -1  0  0   0  0 -1
                       0  0 -1   0  1 -1   1  0 -1       0  0  1   0 -1  1  -1  0  1
                       1 -1  0   0 -1  1   0 -1  0      -1  1  0   0  1 -1   0  1  0
                       0  0  1   1  0  0   0  1  0       0  0 -1  -1  0  0   0 -1  0
                      -1  1  0  -1  0  0  -1  0  1       1 -1  0   1  0  0   1  0 -1
                       0  0  1   0  1  0   1  0  0       0  0 -1   0 -1  0  -1  0  0
                       1 -1  0   0 -1  0   0 -1  1      -1  1  0   0  1  0   0  1 -1
                       0  0 -1   1  0 -1   0  1 -1       0  0  1  -1  0  1   0 -1  1
                      -1  1  0  -1  0  1  -1  0  0       1 -1  0   1  0 -1   1  0  0
            tnons      0.0000000  0.0000000  0.0000000     0.2500000  0.2500000  0.2500000
                       0.0000000  0.0000000  0.0000000     0.2500000  0.2500000  0.2500000
                       0.0000000  0.0000000  0.0000000     0.2500000  0.2500000  0.2500000
                       0.0000000  0.0000000  0.0000000     0.2500000  0.2500000  0.2500000
                       0.0000000  0.0000000  0.0000000     0.2500000  0.2500000  0.2500000
                       0.0000000  0.0000000  0.0000000     0.2500000  0.2500000  0.2500000
                       0.0000000  0.0000000  0.0000000     0.2500000  0.2500000  0.2500000
                       0.0000000  0.0000000  0.0000000     0.2500000  0.2500000  0.2500000
                       0.0000000  0.0000000  0.0000000     0.2500000  0.2500000  0.2500000
                       0.0000000  0.0000000  0.0000000     0.2500000  0.2500000  0.2500000
                       0.0000000  0.0000000  0.0000000     0.2500000  0.2500000  0.2500000
                       0.0000000  0.0000000  0.0000000     0.2500000  0.2500000  0.2500000
                       0.0000000  0.0000000  0.0000000     0.2500000  0.2500000  0.2500000
                       0.0000000  0.0000000  0.0000000     0.2500000  0.2500000  0.2500000
                       0.0000000  0.0000000  0.0000000     0.2500000  0.2500000  0.2500000
                       0.0000000  0.0000000  0.0000000     0.2500000  0.2500000  0.2500000
                       0.0000000  0.0000000  0.0000000     0.2500000  0.2500000  0.2500000
                       0.0000000  0.0000000  0.0000000     0.2500000  0.2500000  0.2500000
                       0.0000000  0.0000000  0.0000000     0.2500000  0.2500000  0.2500000
                       0.0000000  0.0000000  0.0000000     0.2500000  0.2500000  0.2500000
                       0.0000000  0.0000000  0.0000000     0.2500000  0.2500000  0.2500000
                       0.0000000  0.0000000  0.0000000     0.2500000  0.2500000  0.2500000
                       0.0000000  0.0000000  0.0000000     0.2500000  0.2500000  0.2500000
                       0.0000000  0.0000000  0.0000000     0.2500000  0.2500000  0.2500000
           tolwfr      1.00000000E-13
            typat      1  1
              wtk        0.01563    0.12500    0.06250    0.09375    0.37500    0.18750
                         0.04688    0.09375
           xangst      0.0000000000E+00  0.0000000000E+00  0.0000000000E+00
                       1.3577509753E+00  1.3577509753E+00  1.3577509753E+00
            xcart      0.0000000000E+00  0.0000000000E+00  0.0000000000E+00
                       2.5657775000E+00  2.5657775000E+00  2.5657775000E+00
             xred      0.0000000000E+00  0.0000000000E+00  0.0000000000E+00
                       2.5000000000E-01  2.5000000000E-01  2.5000000000E-01
            znucl       14.00000

================================================================================

 chkinp: Checking input parameters for consistency.

================================================================================
== DATASET  1 ==================================================================
-   nproc =    1

 Real(R)+Recip(G) space primitive vectors, cartesian coordinates (Bohr,Bohr^-1):
 R(1)=  0.0000000  5.1315550  5.1315550  G(1)= -0.0974364  0.0974364  0.0974364
 R(2)=  5.1315550  0.0000000  5.1315550  G(2)=  0.0974364 -0.0974364  0.0974364
 R(3)=  5.1315550  5.1315550  0.0000000  G(3)=  0.0974364  0.0974364 -0.0974364
 Unit cell volume ucvol=  2.7025701E+02 bohr^3
 Angles (23,13,12)=  6.00000000E+01  6.00000000E+01  6.00000000E+01 degrees

 getcut: wavevector=  0.0000  0.0000  0.0000  ngfft=  16  16  16
         ecut(hartree)=      5.000   => boxcut(ratio)=   2.19031

--- Pseudopotential description ------------------------------------------------
- pspini: atom type   1  psp file is /home/buildbot/bb/ABINIT/abiref_gnu_5.3_openmpi/pouillon_15-new-psml-api-is-not-supported/tests/Psps_for_tests/14_Si_atom.psml
- pspatm: opening atomic psp file    /home/buildbot/bb/ABINIT/abiref_gnu_5.3_openmpi/pouillon_15-new-psml-api-is-not-supported/tests/Psps_for_tests/14_Si_atom.psml
- Si    ATM4.2.6
- 14.00000   4.00000         0                znucl, zion, pspdat
    9   -1009    3   -1        -1   0.00000   pspcod,pspxc,lmax,lloc,mmax,r2well
    0.00000000000000    0.00000000000000    0.00000000000000   rchrg,fchrg,qchrg
     nproj     1     1     1     1
  psp9in : mmax, amesh, rad(mmax) =   600    1.000000E-02    5.990000E+00
  pspatm : epsatm=    9.82921487
         --- l  ekb(1:nproj) -->
             0    2.330670
             1    0.747119
             2   -1.404517
             3   -0.479693
 pspatm: atomic psp has been read  and splines computed

   1.57267438E+02                                ecore*ucvol(ha*bohr**3)
--------------------------------------------------------------------------------

_setup2: Arith. and geom. avg. npw (full set) are     144.641     144.601

================================================================================

     iter   Etot(hartree)      deltaE(h)  residm     vres2
 ETOT  1  -7.9058172452479    -7.906E+00 3.182E-03 1.382E+00
 ETOT  2  -7.9083910933255    -2.574E-03 4.317E-05 2.120E-02
 ETOT  3  -7.9084216639698    -3.057E-05 8.723E-06 3.344E-04
 ETOT  4  -7.9084219886668    -3.247E-07 1.895E-06 8.999E-06
 ETOT  5  -7.9084219945417    -5.875E-09 4.406E-07 2.147E-07
 ETOT  6  -7.9084219946348    -9.308E-11 9.252E-08 1.392E-09
 ETOT  7  -7.9084219946351    -2.593E-13 2.374E-08 3.400E-12
 ETOT  8  -7.9084219946351    -8.882E-15 4.879E-09 8.593E-14
 ETOT  9  -7.9084219946351     2.309E-14 1.308E-09 1.299E-15
 ETOT 10  -7.9084219946351    -1.243E-14 2.660E-10 4.460E-17
 ETOT 11  -7.9084219946350     7.283E-14 7.286E-11 2.815E-20
 ETOT 12  -7.9084219946351    -8.704E-14 1.474E-11 3.742E-22
 ETOT 13  -7.9084219946351     9.770E-15 4.082E-12 5.566E-25
 ETOT 14  -7.9084219946351    -8.882E-15 8.228E-13 4.938E-27
 ETOT 15  -7.9084219946351     0.000E+00 2.293E-13 9.234E-28
 ETOT 16  -7.9084219946351     0.000E+00 8.580E-14 6.806E-28

 At SCF step   16   max residual=  8.58E-14 < tolwfr=  1.00E-13 =>converged.

 Cartesian components of stress tensor (hartree/bohr^3)
  sigma(1 1)=  2.21131768E-04  sigma(3 2)=  0.00000000E+00
  sigma(2 2)=  2.21131768E-04  sigma(3 1)=  0.00000000E+00
  sigma(3 3)=  2.21131768E-04  sigma(2 1)=  0.00000000E+00

 Integrated electronic density in atomic spheres:
 ------------------------------------------------
 Atom  Sphere_radius  Integrated_density
    1        2.00000          1.85289025
    2        2.00000          1.85289025
================================================================================

 ----iterations are completed or convergence reached----

 Mean square residual over all n,k,spin=   4.4460E-14; max=  8.5803E-14
 reduced coordinates (array xred) for    2 atoms
       0.000000000000      0.000000000000      0.000000000000
       0.250000000000      0.250000000000      0.250000000000
 rms dE/dt=  0.0000E+00; max dE/dt=  0.0000E+00; dE/dt below (all hartree)
    1       0.000000000000      0.000000000000      0.000000000000
    2       0.000000000000      0.000000000000      0.000000000000

 cartesian coordinates (angstrom) at end:
    1      0.00000000000000     0.00000000000000     0.00000000000000
    2      1.35775097531303     1.35775097531303     1.35775097531303

 cartesian forces (hartree/bohr) at end:
    1     -0.00000000000000    -0.00000000000000    -0.00000000000000
    2     -0.00000000000000    -0.00000000000000    -0.00000000000000
 frms,max,avg= 0.0000000E+00 0.0000000E+00   0.000E+00  0.000E+00  0.000E+00 h/b

 cartesian forces (eV/Angstrom) at end:
    1     -0.00000000000000    -0.00000000000000    -0.00000000000000
    2     -0.00000000000000    -0.00000000000000    -0.00000000000000
 frms,max,avg= 0.0000000E+00 0.0000000E+00   0.000E+00  0.000E+00  0.000E+00 e/A
 length scales= 10.263110000000 10.263110000000 10.263110000000 bohr
              =  5.431003901252  5.431003901252  5.431003901252 angstroms
 prteigrs : about to open file t09o_EIG
 Fermi (or HOMO) energy (hartree) =   0.15123   Average Vxc (hartree)=  -0.32873
 Eigenvalues (hartree) for nkpt=   8  k points:
 kpt#   1, nband=  6, wtk=  0.01563, kpt=  0.0000  0.0000  0.0000 (reduced coord)
  -0.28176    0.15123    0.15123    0.15123    0.24701    0.24701
 prteigrs : prtvol=0 or 1, do not print more k-points.


--------------------------------------------------------------------------------
 Components of total free energy (in Hartree) :

    Kinetic energy  =  3.04197517574264E+00
    Hartree energy  =  5.63924631047788E-01
    XC energy       = -2.41132553801822E+00
    Ewald energy    = -8.39791921808003E+00
    PspCore energy  =  5.81918081634644E-01
    Loc. psp. energy= -2.32146840882530E+00
    NL   psp  energy=  1.03447328186339E+00
    >>>>>>>>> Etotal= -7.90842199463508E+00

 Other information on the energy :
    Total energy(eV)= -2.15199106622882E+02 ; Band energy (Ha)=  -2.5401706766E-01
--------------------------------------------------------------------------------

 Cartesian components of stress tensor (hartree/bohr^3)
  sigma(1 1)=  2.21131768E-04  sigma(3 2)=  0.00000000E+00
  sigma(2 2)=  2.21131768E-04  sigma(3 1)=  0.00000000E+00
  sigma(3 3)=  2.21131768E-04  sigma(2 1)=  0.00000000E+00

-Cartesian components of stress tensor (GPa)         [Pressure= -6.5059E+00 GPa]
- sigma(1 1)=  6.50592013E+00  sigma(3 2)=  0.00000000E+00
- sigma(2 2)=  6.50592013E+00  sigma(3 1)=  0.00000000E+00
- sigma(3 3)=  6.50592013E+00  sigma(2 1)=  0.00000000E+00

== END DATASET(S) ==============================================================
================================================================================
  
 -outvars: echo values of variables after computation  --------
            acell      1.0263110000E+01  1.0263110000E+01  1.0263110000E+01 Bohr
              amu      2.80855000E+01
           diemac      1.00000000E+01
             ecut      5.00000000E+00 Hartree
           etotal     -7.9084219946E+00
            fcart     -0.0000000000E+00 -0.0000000000E+00 -0.0000000000E+00
                      -0.0000000000E+00 -0.0000000000E+00 -0.0000000000E+00
-          fftalg         312
           istwfk        2    0    3    0    0    0    7    0
              ixc     -101130
              kpt      0.00000000E+00  0.00000000E+00  0.00000000E+00
                       2.50000000E-01  0.00000000E+00  0.00000000E+00
                       5.00000000E-01  0.00000000E+00  0.00000000E+00
                       2.50000000E-01  2.50000000E-01  0.00000000E+00
                       5.00000000E-01  2.50000000E-01  0.00000000E+00
                      -2.50000000E-01  2.50000000E-01  0.00000000E+00
                       5.00000000E-01  5.00000000E-01  0.00000000E+00
                      -2.50000000E-01  5.00000000E-01  2.50000000E-01
         kptrlatt        4    0    0      0    4    0      0    0    4
          kptrlen      2.90284587E+01
P           mkmem           8
            natom           2
            nband           6
            ngfft          16      16      16
             nkpt           8
            nstep          20
             nsym          48
           ntypat           1
              occ      2.000000  2.000000  2.000000  2.000000  0.000000  0.000000
            rprim      0.0000000000E+00  5.0000000000E-01  5.0000000000E-01
                       5.0000000000E-01  0.0000000000E+00  5.0000000000E-01
                       5.0000000000E-01  5.0000000000E-01  0.0000000000E+00
          spgroup         227
           strten      2.2113176772E-04  2.2113176772E-04  2.2113176772E-04
                       0.0000000000E+00  0.0000000000E+00  0.0000000000E+00
           symrel      1  0  0   0  1  0   0  0  1      -1  0  0   0 -1  0   0  0 -1
                       0 -1  1   0 -1  0   1 -1  0       0  1 -1   0  1  0  -1  1  0
                      -1  0  0  -1  0  1  -1  1  0       1  0  0   1  0 -1   1 -1  0
                       0  1 -1   1  0 -1   0  0 -1       0 -1  1  -1  0  1   0  0  1
                      -1  0  0  -1  1  0  -1  0  1       1  0  0   1 -1  0   1  0 -1
                       0 -1  1   1 -1  0   0 -1  0       0  1 -1  -1  1  0   0  1  0
                       1  0  0   0  0  1   0  1  0      -1  0  0   0  0 -1   0 -1  0
                       0  1 -1   0  0 -1   1  0 -1       0 -1  1   0  0  1  -1  0  1
                      -1  0  1  -1  1  0  -1  0  0       1  0 -1   1 -1  0   1  0  0
                       0 -1  0   1 -1  0   0 -1  1       0  1  0  -1  1  0   0  1 -1
                       1  0 -1   0  0 -1   0  1 -1      -1  0  1   0  0  1   0 -1  1
                       0  1  0   0  0  1   1  0  0       0 -1  0   0  0 -1  -1  0  0
                       1  0 -1   0  1 -1   0  0 -1      -1  0  1   0 -1  1   0  0  1
                       0 -1  0   0 -1  1   1 -1  0       0  1  0   0  1 -1  -1  1  0
                      -1  0  1  -1  0  0  -1  1  0       1  0 -1   1  0  0   1 -1  0
                       0  1  0   1  0  0   0  0  1       0 -1  0  -1  0  0   0  0 -1
                       0  0 -1   0  1 -1   1  0 -1       0  0  1   0 -1  1  -1  0  1
                       1 -1  0   0 -1  1   0 -1  0      -1  1  0   0  1 -1   0  1  0
                       0  0  1   1  0  0   0  1  0       0  0 -1  -1  0  0   0 -1  0
                      -1  1  0  -1  0  0  -1  0  1       1 -1  0   1  0  0   1  0 -1
                       0  0  1   0  1  0   1  0  0       0  0 -1   0 -1  0  -1  0  0
                       1 -1  0   0 -1  0   0 -1  1      -1  1  0   0  1  0   0  1 -1
                       0  0 -1   1  0 -1   0  1 -1       0  0  1  -1  0  1   0 -1  1
                      -1  1  0  -1  0  1  -1  0  0       1 -1  0   1  0 -1   1  0  0
            tnons      0.0000000  0.0000000  0.0000000     0.2500000  0.2500000  0.2500000
                       0.0000000  0.0000000  0.0000000     0.2500000  0.2500000  0.2500000
                       0.0000000  0.0000000  0.0000000     0.2500000  0.2500000  0.2500000
                       0.0000000  0.0000000  0.0000000     0.2500000  0.2500000  0.2500000
                       0.0000000  0.0000000  0.0000000     0.2500000  0.2500000  0.2500000
                       0.0000000  0.0000000  0.0000000     0.2500000  0.2500000  0.2500000
                       0.0000000  0.0000000  0.0000000     0.2500000  0.2500000  0.2500000
                       0.0000000  0.0000000  0.0000000     0.2500000  0.2500000  0.2500000
                       0.0000000  0.0000000  0.0000000     0.2500000  0.2500000  0.2500000
                       0.0000000  0.0000000  0.0000000     0.2500000  0.2500000  0.2500000
                       0.0000000  0.0000000  0.0000000     0.2500000  0.2500000  0.2500000
                       0.0000000  0.0000000  0.0000000     0.2500000  0.2500000  0.2500000
                       0.0000000  0.0000000  0.0000000     0.2500000  0.2500000  0.2500000
                       0.0000000  0.0000000  0.0000000     0.2500000  0.2500000  0.2500000
                       0.0000000  0.0000000  0.0000000     0.2500000  0.2500000  0.2500000
                       0.0000000  0.0000000  0.0000000     0.2500000  0.2500000  0.2500000
                       0.0000000  0.0000000  0.0000000     0.2500000  0.2500000  0.2500000
                       0.0000000  0.0000000  0.0000000     0.2500000  0.2500000  0.2500000
                       0.0000000  0.0000000  0.0000000     0.2500000  0.2500000  0.2500000
                       0.0000000  0.0000000  0.0000000     0.2500000  0.2500000  0.2500000
                       0.0000000  0.0000000  0.0000000     0.2500000  0.2500000  0.2500000
                       0.0000000  0.0000000  0.0000000     0.2500000  0.2500000  0.2500000
                       0.0000000  0.0000000  0.0000000     0.2500000  0.2500000  0.2500000
                       0.0000000  0.0000000  0.0000000     0.2500000  0.2500000  0.2500000
           tolwfr      1.00000000E-13
            typat      1  1
              wtk        0.01563    0.12500    0.06250    0.09375    0.37500    0.18750
                         0.04688    0.09375
           xangst      0.0000000000E+00  0.0000000000E+00  0.0000000000E+00
                       1.3577509753E+00  1.3577509753E+00  1.3577509753E+00
            xcart      0.0000000000E+00  0.0000000000E+00  0.0000000000E+00
                       2.5657775000E+00  2.5657775000E+00  2.5657775000E+00
             xred      0.0000000000E+00  0.0000000000E+00  0.0000000000E+00
                       2.5000000000E-01  2.5000000000E-01  2.5000000000E-01
            znucl       14.00000

================================================================================


- Timing analysis has been suppressed with timopt=0



================================================================================

 Suggested references for the acknowledgment of ABINIT usage.

 The users of ABINIT have little formal obligations with respect to the ABINIT group
 (those specified in the GNU General Public License, http://www.gnu.org/copyleft/gpl.txt).
 However, it is common practice in the scientific literature,
 to acknowledge the efforts of people that have made the research possible.
 In this spirit, please find below suggested citations of work written by ABINIT developers,
 corresponding to implementations inside of ABINIT that you have used in the present run.
 Note also that it will be of great value to readers of publications presenting these results,
 to read papers enabling them to understand the theoretical formalism and details
 of the ABINIT implementation.
 For information on why they are suggested, see also https://www.abinit.org/about/?text=acknowledgments.
-
- [1] Libxc: A library of exchange and correlation functionals for density functional theory.
- M.A.L. Marques, M.J.T. Oliveira, T. Burnus, Computer Physics Communications 183, 2227 (2012).
- Comment : to be cited when LibXC is used (negative value of ixc)
- Strong suggestion to cite this paper.
-
- [2] Recent developments in the ABINIT software package.
- Computer Phys. Comm. 205, 106 (2016).
- X.Gonze, F.Jollet, F.Abreu Araujo, D.Adams, B.Amadon, T.Applencourt,
- C.Audouze, J.-M.Beuken, J.Bieder, A.Bokhanchuk, E.Bousquet, F.Bruneval
- D.Caliste, M.Cote, F.Dahm, F.Da Pieve, M.Delaveau, M.Di Gennaro,
- B.Dorado, C.Espejo, G.Geneste, L.Genovese, A.Gerossier, M.Giantomassi,
- Y.Gillet, D.R.Hamann, L.He, G.Jomard, J.Laflamme Janssen, S.Le Roux,
- A.Levitt, A.Lherbier, F.Liu, I.Lukacevic, A.Martin, C.Martins,
- M.J.T.Oliveira, S.Ponce, Y.Pouillon, T.Rangel, G.-M.Rignanese,
- A.H.Romero, B.Rousseau, O.Rubel, A.A.Shukri, M.Stankovski, M.Torrent,
- M.J.Van Setten, B.Van Troeye, M.J.Verstraete, D.Waroquier, J.Wiktor,
- B.Xue, A.Zhou, J.W.Zwanziger.
- Comment : the fourth generic paper describing the ABINIT project.
- Note that a version of this paper, that is not formatted for Computer Phys. Comm. 
- is available at https://www.abinit.org/about/ABINIT16.pdf .
- The licence allows the authors to put it on the Web.
-
- [3] ABINIT : First-principles approach of materials and nanosystem properties.
- Computer Phys. Comm. 180, 2582-2615 (2009).
- X. Gonze, B. Amadon, P.-M. Anglade, J.-M. Beuken, F. Bottin, P. Boulanger, F. Bruneval,
- D. Caliste, R. Caracas, M. Cote, T. Deutsch, L. Genovese, Ph. Ghosez, M. Giantomassi
- S. Goedecker, D.R. Hamann, P. Hermet, F. Jollet, G. Jomard, S. Leroux, M. Mancini, S. Mazevet,
- M.J.T. Oliveira, G. Onida, Y. Pouillon, T. Rangel, G.-M. Rignanese, D. Sangalli, R. Shaltaf,
- M. Torrent, M.J. Verstraete, G. Zerah, J.W. Zwanziger
- Comment : the third generic paper describing the ABINIT project.
- Note that a version of this paper, that is not formatted for Computer Phys. Comm. 
- is available at https://www.abinit.org/about/ABINIT_CPC_v10.pdf .
- The licence allows the authors to put it on the Web.
-
- [4] A brief introduction to the ABINIT software package.
- Z. Kristallogr. 220, 558-562 (2005).
- X. Gonze, G.-M. Rignanese, M. Verstraete, J.-M. Beuken, Y. Pouillon, R. Caracas, F. Jollet,
- M. Torrent, G. Zerah, M. Mikami, Ph. Ghosez, M. Veithen, J.-Y. Raty, V. Olevano, F. Bruneval,
- L. Reining, R. Godby, G. Onida, D.R. Hamann, and D.C. Allan.
- Comment : the second generic paper describing the ABINIT project. Note that this paper
- should be cited especially if you are using the GW part of ABINIT, as several authors
- of this part are not in the list of authors of the first or third paper.
- The .pdf of the latter paper is available at https://www.abinit.org/about/zfk_0505-06_558-562.pdf.
- Note that it should not redistributed (Copyright by Oldenburg Wissenshaftverlag,
- the licence allows the authors to put it on the Web).
-
- And optionally:
-
- [5] First-principles computation of material properties : the ABINIT software project. 
- X. Gonze, J.-M. Beuken, R. Caracas, F. Detraux, M. Fuchs, G.-M. Rignanese, L. Sindic,
- M. Verstraete, G. Zerah, F. Jollet, M. Torrent, A. Roy, M. Mikami, Ph. Ghosez, J.-Y. Raty, D.C. Allan.
- Computational Materials Science 25, 478-492 (2002). http://dx.doi.org/10.1016/S0927-0256(02)00325-7
- Comment : the original paper describing the ABINIT project.
-
- Proc.   0 individual time (sec): cpu=          0.8  wall=          0.9

================================================================================

 Calculation completed.
.Delivered   1 WARNINGs and   0 COMMENTs to log file.
+Overall time at end (sec) : cpu=          0.8  wall=          0.9
