
.Version 9.3.2 of ABINIT 
.(MPI version, prepared for a x86_64_linux_gnu10.2 computer) 

.Copyright (C) 1998-2020 ABINIT group . 
 ABINIT comes with ABSOLUTELY NO WARRANTY.
 It is free software, and you are welcome to redistribute it
 under certain conditions (GNU General Public License,
 see ~abinit/COPYING or http://www.gnu.org/copyleft/gpl.txt).

 ABINIT is a project of the Universite Catholique de Louvain,
 Corning Inc. and other collaborators, see ~abinit/doc/developers/contributors.txt .
 Please read https://docs.abinit.org/theory/acknowledgments for suggested
 acknowledgments of the ABINIT effort.
 For more information, see https://www.abinit.org .

.Starting date : Thu 10 Dec 2020.
- ( at 15h11 )
  
- input  file    -> /home/bruneval/devel/abinit/tests/Test_suite/v9_t40/t40.in
- output file    -> t40.out
- root for input  files -> t40i
- root for output files -> t40o


 DATASET    1 : space group Fd -3 m (#227); Bravais cF (face-center cubic)
================================================================================
 Values of the parameters that define the memory need for DATASET  1.
     intxc =       0    ionmov =       0      iscf =       7    lmnmax =       6
     lnmax =       6     mgfft =      24  mpssoang =       3    mqgrid =    3001
     natom =       2  nloc_mem =       1    nspden =       1   nspinor =       1
    nsppol =       1      nsym =      48    n1xccc =    2501    ntypat =       1
    occopt =       1   xclevel =       1
-    mband =          35        mffmem =           1         mkmem =           6
       mpw =         544          nfft =       13824          nkpt =           6
================================================================================
P This job should need less than                       6.538 Mbytes of memory.
  Rough estimation (10% accuracy) of disk space for files :
_ WF disk file :      1.745 Mbytes ; DEN or POT disk file :      0.107 Mbytes.
================================================================================


 DATASET    2 : space group Fd -3 m (#227); Bravais cF (face-center cubic)
================================================================================
 Values of the parameters that define the memory need for DATASET  2.
     intxc =       0    ionmov =       0      iscf =       7    lmnmax =       6
     lnmax =       6     mgfft =      24  mpssoang =       3    mqgrid =    3001
     natom =       2  nloc_mem =       1    nspden =       1   nspinor =       1
    nsppol =       1      nsym =      48    n1xccc =    2501    ntypat =       1
    occopt =       1   xclevel =       1
-    mband =          25        mffmem =           1         mkmem =           6
       mpw =         544          nfft =       13824          nkpt =           6
================================================================================
P This job should need less than                       6.015 Mbytes of memory.
  Rough estimation (10% accuracy) of disk space for files :
_ WF disk file :      1.247 Mbytes ; DEN or POT disk file :      0.107 Mbytes.
================================================================================

--------------------------------------------------------------------------------
------------- Echo of variables that govern the present computation ------------
--------------------------------------------------------------------------------
-
- outvars: echo of selected default values                                      
-   iomode0 =  0 , fftalg0 =512 , wfoptalg0 =  0
-
- outvars: echo of global parameters not present in the input file              
-  max_nthreads =    0
-
 -outvars: echo values of preprocessed input variables --------
            acell      1.0217000000E+01  1.0217000000E+01  1.0217000000E+01 Bohr
              amu      2.80855000E+01
           diemac      1.20000000E+01
             ecut      1.20000000E+01 Hartree
          ecuteps      3.00000000E+00 Hartree
         ecutsigx      3.00000000E+00 Hartree
          ecutwfn      1.20000000E+01 Hartree
-          fftalg         512
           getwfk1          0
           getwfk2          1
           istwfk        0    0    1    0    1    1
              ixc       -1012
           jdtset        1    2
              kpt     -2.50000000E-01 -2.50000000E-01  0.00000000E+00
                      -2.50000000E-01  2.50000000E-01  0.00000000E+00
                       5.00000000E-01  5.00000000E-01  0.00000000E+00
                      -2.50000000E-01  5.00000000E-01  2.50000000E-01
                       5.00000000E-01  0.00000000E+00  0.00000000E+00
                       0.00000000E+00  0.00000000E+00  0.00000000E+00
         kptrlatt        2   -2    2     -2    2    2     -2   -2    2
          kptrlen      2.04340000E+01
P           mkmem           6
            natom           2
            nband1         35
            nband2         25
           nbdbuf1          5
           nbdbuf2          0
           ndtset           2
            ngfft          24      24      24
             nkpt           6
           npweps1          0
           npweps2         59
          npwsigx1          0
          npwsigx2         59
           npwwfn1          0
           npwwfn2        531
            nstep         500
             nsym          48
           ntypat           1
              occ1     2.000000  2.000000  2.000000  2.000000  0.000000  0.000000
                       0.000000  0.000000  0.000000  0.000000  0.000000  0.000000
                       0.000000  0.000000  0.000000  0.000000  0.000000  0.000000
                       0.000000  0.000000  0.000000  0.000000  0.000000  0.000000
                       0.000000  0.000000  0.000000  0.000000  0.000000  0.000000
                       0.000000  0.000000  0.000000  0.000000  0.000000
              occ2     2.000000  2.000000  2.000000  2.000000  0.000000  0.000000
                       0.000000  0.000000  0.000000  0.000000  0.000000  0.000000
                       0.000000  0.000000  0.000000  0.000000  0.000000  0.000000
                       0.000000  0.000000  0.000000  0.000000  0.000000  0.000000
                       0.000000
        optdriver1          0
        optdriver2          3
            rprim      0.0000000000E+00  5.0000000000E-01  5.0000000000E-01
                       5.0000000000E-01  0.0000000000E+00  5.0000000000E-01
                       5.0000000000E-01  5.0000000000E-01  0.0000000000E+00
          spgroup         227
           symrel      1  0  0   0  1  0   0  0  1      -1  0  0   0 -1  0   0  0 -1
                       0 -1  1   0 -1  0   1 -1  0       0  1 -1   0  1  0  -1  1  0
                      -1  0  0  -1  0  1  -1  1  0       1  0  0   1  0 -1   1 -1  0
                       0  1 -1   1  0 -1   0  0 -1       0 -1  1  -1  0  1   0  0  1
                      -1  0  0  -1  1  0  -1  0  1       1  0  0   1 -1  0   1  0 -1
                       0 -1  1   1 -1  0   0 -1  0       0  1 -1  -1  1  0   0  1  0
                       1  0  0   0  0  1   0  1  0      -1  0  0   0  0 -1   0 -1  0
                       0  1 -1   0  0 -1   1  0 -1       0 -1  1   0  0  1  -1  0  1
                      -1  0  1  -1  1  0  -1  0  0       1  0 -1   1 -1  0   1  0  0
                       0 -1  0   1 -1  0   0 -1  1       0  1  0  -1  1  0   0  1 -1
                       1  0 -1   0  0 -1   0  1 -1      -1  0  1   0  0  1   0 -1  1
                       0  1  0   0  0  1   1  0  0       0 -1  0   0  0 -1  -1  0  0
                       1  0 -1   0  1 -1   0  0 -1      -1  0  1   0 -1  1   0  0  1
                       0 -1  0   0 -1  1   1 -1  0       0  1  0   0  1 -1  -1  1  0
                      -1  0  1  -1  0  0  -1  1  0       1  0 -1   1  0  0   1 -1  0
                       0  1  0   1  0  0   0  0  1       0 -1  0  -1  0  0   0  0 -1
                       0  0 -1   0  1 -1   1  0 -1       0  0  1   0 -1  1  -1  0  1
                       1 -1  0   0 -1  1   0 -1  0      -1  1  0   0  1 -1   0  1  0
                       0  0  1   1  0  0   0  1  0       0  0 -1  -1  0  0   0 -1  0
                      -1  1  0  -1  0  0  -1  0  1       1 -1  0   1  0  0   1  0 -1
                       0  0  1   0  1  0   1  0  0       0  0 -1   0 -1  0  -1  0  0
                       1 -1  0   0 -1  0   0 -1  1      -1  1  0   0  1  0   0  1 -1
                       0  0 -1   1  0 -1   0  1 -1       0  0  1  -1  0  1   0 -1  1
                      -1  1  0  -1  0  1  -1  0  0       1 -1  0   1  0 -1   1  0  0
            tnons      0.0000000  0.0000000  0.0000000     0.2500000  0.2500000  0.2500000
                       0.0000000  0.0000000  0.0000000     0.2500000  0.2500000  0.2500000
                       0.0000000  0.0000000  0.0000000     0.2500000  0.2500000  0.2500000
                       0.0000000  0.0000000  0.0000000     0.2500000  0.2500000  0.2500000
                       0.0000000  0.0000000  0.0000000     0.2500000  0.2500000  0.2500000
                       0.0000000  0.0000000  0.0000000     0.2500000  0.2500000  0.2500000
                       0.0000000  0.0000000  0.0000000     0.2500000  0.2500000  0.2500000
                       0.0000000  0.0000000  0.0000000     0.2500000  0.2500000  0.2500000
                       0.0000000  0.0000000  0.0000000     0.2500000  0.2500000  0.2500000
                       0.0000000  0.0000000  0.0000000     0.2500000  0.2500000  0.2500000
                       0.0000000  0.0000000  0.0000000     0.2500000  0.2500000  0.2500000
                       0.0000000  0.0000000  0.0000000     0.2500000  0.2500000  0.2500000
                       0.0000000  0.0000000  0.0000000     0.2500000  0.2500000  0.2500000
                       0.0000000  0.0000000  0.0000000     0.2500000  0.2500000  0.2500000
                       0.0000000  0.0000000  0.0000000     0.2500000  0.2500000  0.2500000
                       0.0000000  0.0000000  0.0000000     0.2500000  0.2500000  0.2500000
                       0.0000000  0.0000000  0.0000000     0.2500000  0.2500000  0.2500000
                       0.0000000  0.0000000  0.0000000     0.2500000  0.2500000  0.2500000
                       0.0000000  0.0000000  0.0000000     0.2500000  0.2500000  0.2500000
                       0.0000000  0.0000000  0.0000000     0.2500000  0.2500000  0.2500000
                       0.0000000  0.0000000  0.0000000     0.2500000  0.2500000  0.2500000
                       0.0000000  0.0000000  0.0000000     0.2500000  0.2500000  0.2500000
                       0.0000000  0.0000000  0.0000000     0.2500000  0.2500000  0.2500000
                       0.0000000  0.0000000  0.0000000     0.2500000  0.2500000  0.2500000
           tolwfr1     1.00000000E-10
           tolwfr2     0.00000000E+00
            typat      1  1
              wtk        0.18750    0.37500    0.09375    0.18750    0.12500    0.03125
           xangst      0.0000000000E+00  0.0000000000E+00  0.0000000000E+00
                       1.3516508850E+00  1.3516508850E+00  1.3516508850E+00
            xcart      0.0000000000E+00  0.0000000000E+00  0.0000000000E+00
                       2.5542500000E+00  2.5542500000E+00  2.5542500000E+00
             xred      0.0000000000E+00  0.0000000000E+00  0.0000000000E+00
                       2.5000000000E-01  2.5000000000E-01  2.5000000000E-01
            znucl       14.00000

================================================================================

 chkinp: Checking input parameters for consistency, jdtset=   1.

 chkinp: Checking input parameters for consistency, jdtset=   2.

================================================================================
== DATASET  1 ==================================================================
-   mpi_nproc: 1, omp_nthreads: -1 (-1 if OMP is not activated)


--- !DatasetInfo
iteration_state: {dtset: 1, }
dimensions: {natom: 2, nkpt: 6, mband: 35, nsppol: 1, nspinor: 1, nspden: 1, mpw: 544, }
cutoff_energies: {ecut:  12.0, pawecutdg:  -1.0, }
electrons: {nelect:   8.00000000E+00, charge:   0.00000000E+00, occopt:   1.00000000E+00, tsmear:   1.00000000E-02, }
meta: {optdriver: 0, ionmov: 0, optcell: 0, iscf: 7, paral_kgb: 0, }
...

 Real(R)+Recip(G) space primitive vectors, cartesian coordinates (Bohr,Bohr^-1):
 R(1)=  0.0000000  5.1085000  5.1085000  G(1)= -0.0978761  0.0978761  0.0978761
 R(2)=  5.1085000  0.0000000  5.1085000  G(2)=  0.0978761 -0.0978761  0.0978761
 R(3)=  5.1085000  5.1085000  0.0000000  G(3)=  0.0978761  0.0978761 -0.0978761
 Unit cell volume ucvol=  2.6663072E+02 bohr^3
 Angles (23,13,12)=  6.00000000E+01  6.00000000E+01  6.00000000E+01 degrees

 getcut: wavevector=  0.0000  0.0000  0.0000  ngfft=  24  24  24
         ecut(hartree)=     12.000   => boxcut(ratio)=   2.13033

--- Pseudopotential description ------------------------------------------------
- pspini: atom type   1  psp file is /home/bruneval/devel/abinit/tests/Psps_for_tests/Pseudodojo_nc_sr_04_pw_standard_psp8/Si.psp8
- pspatm: opening atomic psp file    /home/bruneval/devel/abinit/tests/Psps_for_tests/Pseudodojo_nc_sr_04_pw_standard_psp8/Si.psp8
- Si    ONCVPSP-3.3.0  r_core=   1.60303   1.72197   1.91712
- 14.00000   4.00000    171102                znucl, zion, pspdat
    8   -1012    2    4       600   0.00000   pspcod,pspxc,lmax,lloc,mmax,r2well
    5.99000000000000    4.00000000000000    0.00000000000000   rchrg,fchrg,qchrg
     nproj     2     2     2
     extension_switch     1
  pspatm : epsatm=    6.67004110
         --- l  ekb(1:nproj) -->
             0    5.565958    0.856966
             1    2.726111    0.629828
             2   -2.124804   -0.444604
 pspatm: atomic psp has been read  and splines computed

   1.06720658E+02                                ecore*ucvol(ha*bohr**3)
--------------------------------------------------------------------------------

_setup2: Arith. and geom. avg. npw (full set) are     527.469     527.429

================================================================================

--- !BeginCycle
iteration_state: {dtset: 1, }
solver: {iscf: 7, nstep: 500, nline: 4, wfoptalg: 0, }
tolerances: {tolwfr: 1.00E-10, }
...

     iter   Etot(hartree)      deltaE(h)  residm     vres2
 ETOT  1  -8.5120480715600    -8.512E+00 1.538E-02 6.700E+00
 ETOT  2  -8.5167503552013    -4.702E-03 1.654E-05 1.495E-01
 ETOT  3  -8.5167984145943    -4.806E-05 6.286E-06 2.279E-03
 ETOT  4  -8.5167988208874    -4.063E-07 1.501E-07 5.927E-06
 ETOT  5  -8.5167988217454    -8.579E-10 8.086E-10 1.237E-08
 ETOT  6  -8.5167988217479    -2.490E-12 9.084E-11 7.650E-11

 At SCF step    6   max residual=  9.08E-11 < tolwfr=  1.00E-10 =>converged.

 Cartesian components of stress tensor (hartree/bohr^3)
  sigma(1 1)= -3.78523507E-06  sigma(3 2)=  0.00000000E+00
  sigma(2 2)= -3.78523507E-06  sigma(3 1)=  0.00000000E+00
  sigma(3 3)= -3.78523507E-06  sigma(2 1)=  0.00000000E+00


--- !ResultsGS
iteration_state: {dtset: 1, }
comment   : Summary of ground state results
lattice_vectors:
- [  0.0000000,   5.1085000,   5.1085000, ]
- [  5.1085000,   0.0000000,   5.1085000, ]
- [  5.1085000,   5.1085000,   0.0000000, ]
lattice_lengths: [   7.22451,    7.22451,    7.22451, ]
lattice_angles: [ 60.000,  60.000,  60.000, ] # degrees, (23, 13, 12)
lattice_volume:   2.6663072E+02
convergence: {deltae: -2.490E-12, res2:  7.650E-11, residm:  9.084E-11, diffor: null, }
etotal    :  -8.51679882E+00
entropy   :   0.00000000E+00
fermie    :   1.78886366E-01
cartesian_stress_tensor: # hartree/bohr^3
- [ -3.78523507E-06,   0.00000000E+00,   0.00000000E+00, ]
- [  0.00000000E+00,  -3.78523507E-06,   0.00000000E+00, ]
- [  0.00000000E+00,   0.00000000E+00,  -3.78523507E-06, ]
pressure_GPa:   1.1137E-01
xred      :
- [  0.0000E+00,   0.0000E+00,   0.0000E+00, Si]
- [  2.5000E-01,   2.5000E-01,   2.5000E-01, Si]
cartesian_forces: # hartree/bohr
- [ -0.00000000E+00,  -0.00000000E+00,  -0.00000000E+00, ]
- [ -0.00000000E+00,  -0.00000000E+00,  -0.00000000E+00, ]
force_length_stats: {min:   0.00000000E+00, max:   0.00000000E+00, mean:   0.00000000E+00, }
...

 Integrated electronic density in atomic spheres:
 ------------------------------------------------
 Atom  Sphere_radius  Integrated_density
    1        2.00000          1.81418409
    2        2.00000          1.81418409
================================================================================

 ----iterations are completed or convergence reached----

 Mean square residual over all n,k,spin=   16.413E-12; max=  90.836E-12
 reduced coordinates (array xred) for    2 atoms
       0.000000000000      0.000000000000      0.000000000000
       0.250000000000      0.250000000000      0.250000000000
 rms dE/dt=  0.0000E+00; max dE/dt=  0.0000E+00; dE/dt below (all hartree)
    1       0.000000000000      0.000000000000      0.000000000000
    2       0.000000000000      0.000000000000      0.000000000000

 cartesian coordinates (angstrom) at end:
    1      0.00000000000000     0.00000000000000     0.00000000000000
    2      1.35165088504101     1.35165088504101     1.35165088504101

 cartesian forces (hartree/bohr) at end:
    1     -0.00000000000000    -0.00000000000000    -0.00000000000000
    2     -0.00000000000000    -0.00000000000000    -0.00000000000000
 frms,max,avg= 0.0000000E+00 0.0000000E+00   0.000E+00  0.000E+00  0.000E+00 h/b

 cartesian forces (eV/Angstrom) at end:
    1     -0.00000000000000    -0.00000000000000    -0.00000000000000
    2     -0.00000000000000    -0.00000000000000    -0.00000000000000
 frms,max,avg= 0.0000000E+00 0.0000000E+00   0.000E+00  0.000E+00  0.000E+00 e/A
 length scales= 10.217000000000 10.217000000000 10.217000000000 bohr
              =  5.406603540164  5.406603540164  5.406603540164 angstroms
 prteigrs : about to open file t40o_DS1_EIG
 Fermi (or HOMO) energy (hartree) =   0.17889   Average Vxc (hartree)=  -0.34827
 Eigenvalues (hartree) for nkpt=   6  k points:
 kpt#   1, nband= 35, wtk=  0.18750, kpt= -0.2500 -0.2500  0.0000 (reduced coord)
  -0.22440    0.04892    0.10807    0.10807    0.21616    0.28980    0.39007    0.39007
   0.47418    0.50917    0.59210    0.65494    0.65494    0.67915    0.81750    0.81750
   0.85725    0.92731    0.94527    1.09171    1.14399    1.18425    1.18425    1.26494
   1.26494    1.26857    1.29433    1.45560    1.47848    1.48542    1.48542    1.53762
   1.56090    1.56090    1.69251
 prteigrs : prtvol=0 or 1, do not print more k-points.


--- !EnergyTerms
iteration_state     : {dtset: 1, }
comment             : Components of total free energy in Hartree
kinetic             :  3.12045494430771E+00
hartree             :  5.55616846067382E-01
xc                  : -3.11210245711422E+00
Ewald energy        : -8.43581958561899E+00
psp_core            :  4.00256417160527E-01
local_psp           : -2.35879832379711E+00
non_local_psp       :  1.31359333724685E+00
total_energy        : -8.51679882174785E+00
total_energy_eV     : -2.31753881996976E+02
band_energy         : -6.68808233506465E-02
...


 Cartesian components of stress tensor (hartree/bohr^3)
  sigma(1 1)= -3.78523507E-06  sigma(3 2)=  0.00000000E+00
  sigma(2 2)= -3.78523507E-06  sigma(3 1)=  0.00000000E+00
  sigma(3 3)= -3.78523507E-06  sigma(2 1)=  0.00000000E+00

-Cartesian components of stress tensor (GPa)         [Pressure=  1.1137E-01 GPa]
- sigma(1 1)= -1.11365442E-01  sigma(3 2)=  0.00000000E+00
- sigma(2 2)= -1.11365442E-01  sigma(3 1)=  0.00000000E+00
- sigma(3 3)= -1.11365442E-01  sigma(2 1)=  0.00000000E+00

================================================================================
== DATASET  2 ==================================================================
-   mpi_nproc: 1, omp_nthreads: -1 (-1 if OMP is not activated)


--- !DatasetInfo
iteration_state: {dtset: 2, }
dimensions: {natom: 2, nkpt: 6, mband: 25, nsppol: 1, nspinor: 1, nspden: 1, mpw: 544, }
cutoff_energies: {ecut:  12.0, pawecutdg:  -1.0, }
electrons: {nelect:   8.00000000E+00, charge:   0.00000000E+00, occopt:   1.00000000E+00, tsmear:   1.00000000E-02, }
meta: {optdriver: 3, gwcalctyp: 0, }
...

 mkfilename : getwfk/=0, take file _WFK from output of DATASET   1.

 SCREENING: Calculation of the susceptibility and dielectric matrices 

 Based on a program developped by R.W. Godby, V. Olevano, G. Onida, and L. Reining.
 Incorporated in ABINIT by V. Olevano, G.-M. Rignanese, and M. Torrent.
.Using double precision arithmetic ; gwpc =  8

 Real(R)+Recip(G) space primitive vectors, cartesian coordinates (Bohr,Bohr^-1):
 R(1)=  0.0000000  5.1085000  5.1085000  G(1)= -0.0978761  0.0978761  0.0978761
 R(2)=  5.1085000  0.0000000  5.1085000  G(2)=  0.0978761 -0.0978761  0.0978761
 R(3)=  5.1085000  5.1085000  0.0000000  G(3)=  0.0978761  0.0978761 -0.0978761
 Unit cell volume ucvol=  2.6663072E+02 bohr^3
 Angles (23,13,12)=  6.00000000E+01  6.00000000E+01  6.00000000E+01 degrees
--------------------------------------------------------------------------------

 ==== K-mesh for the wavefunctions ====
 Number of points in the irreducible wedge :     6
 Reduced coordinates and weights : 

     1)    -2.50000000E-01 -2.50000000E-01  0.00000000E+00       0.18750
     2)    -2.50000000E-01  2.50000000E-01  0.00000000E+00       0.37500
     3)     5.00000000E-01  5.00000000E-01  0.00000000E+00       0.09375
     4)    -2.50000000E-01  5.00000000E-01  2.50000000E-01       0.18750
     5)     5.00000000E-01  0.00000000E+00  0.00000000E+00       0.12500
     6)     0.00000000E+00  0.00000000E+00  0.00000000E+00       0.03125

 Together with 48 symmetry operations and time-reversal symmetry 
 yields    32 points in the full Brillouin Zone.


 ==== Q-mesh for the screening function ====
 Number of points in the irreducible wedge :     6
 Reduced coordinates and weights : 

     1)     0.00000000E+00  0.00000000E+00  0.00000000E+00       0.03125
     2)     5.00000000E-01  5.00000000E-01  0.00000000E+00       0.09375
     3)     5.00000000E-01  2.50000000E-01  2.50000000E-01       0.37500
     4)     0.00000000E+00  5.00000000E-01  0.00000000E+00       0.12500
     5)     5.00000000E-01 -2.50000000E-01  2.50000000E-01       0.18750
     6)     0.00000000E+00 -2.50000000E-01 -2.50000000E-01       0.18750

 Together with 48 symmetry operations and time-reversal symmetry 
 yields    32 points in the full Brillouin Zone.


 setmesh: FFT mesh size selected  =    20x   20x   20
          total number of points  =         8000


- screening: taking advantage of time-reversal symmetry 
- Maximum band index for partially occupied states nbvw = 4
- Remaining bands to be divided among processors   nbcw = 21
- Number of bands treated by each node ~21

 Number of electrons calculated from density =    8.0000; Expected =    8.0000
 average of density, n =  0.030004
 r_s =    1.9964
 omega_plasma =   16.7088 [eV]


 calculating chi0 at frequencies [eV] :
  1    0.000000E+00    0.000000E+00
  2    0.000000E+00    1.670881E+01


--------------------------------------------------------------------------------
  q-point number  1        q = ( 0.000000, 0.000000, 0.000000) [r.l.u.]
--------------------------------------------------------------------------------
