
.Version 8.11.0 of MULTIBINIT 
.(MPI version, prepared for a x86_64_linux_gnu7.3 computer) 

.Copyright (C) 1998-2018 ABINIT group . 
 MULTIBINIT comes with ABSOLUTELY NO WARRANTY.
 It is free software, and you are welcome to redistribute it
 under certain conditions (GNU General Public License,
 see ~abinit/COPYING or http://www.gnu.org/copyleft/gpl.txt).

 ABINIT is a project of the Universite Catholique de Louvain,
 Corning Inc. and other collaborators, see ~abinit/doc/developers/contributors.txt .
 Please read https://docs.abinit.org/theory/acknowledgments for suggested
 acknowledgments of the ABINIT effort.
 For more information, see https://www.abinit.org .

.Starting date : Thu 27 Sep 2018.
- ( at 17h49 )
  
-  nproc =    1

================================================================================

 Read the information in the reference structure in 
-tmulti_spin1.xml
 to initialize the multibinit input

================================================================================

 -outvars_multibinit: echo values of input variables ----------------------

 Flags : 
     ifcflag         1
     strcpli        -1
 Spin Dynamics :
     spin_dynamics           1
  spin_temperature    6.00000E+02
        spin_ntime     10000
             ncell        15        15        15
           spin_dt    1.00000E-16  second
    spin_mag_field
                    0.00000E+00 0.00000E+00 0.00000E+00
       spin_qpoint
                    0.00000E+00 0.00000E+00 0.00000E+00
 Miscellaneous information :
         asr         2
 Interatomic Force Constants Inputs :
      dipdip         1
dipdip_range        15        15        15
      ifcana         0
      ifcout   2000000
      natifc         1
       atifc         1
 Description of grid 1 :
        brav         1
       ngqpt         1         1         1
      nqshft         1
      q1shft
                     0.00000000E+00  0.00000000E+00  0.00000000E+00
 First list of wavevector (reduced coord.) :
       nph1l         1
       qph1l
                     0.00000000E+00  0.00000000E+00  0.00000000E+00    0.000E+00

================================================================================

   Begining spin dynamic steps :                                                                     
  ==================================================================================                 
     Iteration          time(s)        average M           Energy                                    
  -----------------------------------------------------------------------------------                
           100      9.90000E-15      6.38643E-01     -6.34928E-17                                    
           200      1.99000E-14      5.49196E-01     -5.56385E-17                                    
           300      2.99000E-14      5.20451E-01     -5.41959E-17                                    
           400      3.99000E-14      4.94333E-01     -5.25889E-17                                    
           500      4.99000E-14      4.93464E-01     -5.23715E-17                                    
           600      5.99000E-14      4.82879E-01     -5.27399E-17                                    
           700      6.99000E-14      4.79476E-01     -5.32407E-17                                    
           800      7.99000E-14      4.72476E-01     -5.24272E-17                                    
           900      8.99000E-14      4.51388E-01     -5.02144E-17                                    
          1000      9.99000E-14      4.83603E-01     -5.22825E-17                                    
          1100      1.09900E-13      4.71299E-01     -5.34174E-17                                    
          1200      1.19900E-13      4.75120E-01     -5.23676E-17                                    
          1300      1.29900E-13      4.76577E-01     -5.20407E-17                                    
          1400      1.39900E-13      4.85335E-01     -5.44781E-17                                    
          1500      1.49900E-13      4.86241E-01     -5.49415E-17                                    
          1600      1.59900E-13      4.77788E-01     -5.38014E-17                                    
          1700      1.69900E-13      4.46248E-01     -5.15934E-17                                    
          1800      1.79900E-13      4.52000E-01     -5.07941E-17                                    
          1900      1.89900E-13      4.34726E-01     -4.95291E-17                                    
          2000      1.99900E-13      4.33204E-01     -5.00420E-17                                    
          2100      2.09900E-13      4.44980E-01     -5.04552E-17                                    
          2200      2.19900E-13      4.47747E-01     -5.29537E-17                                    
          2300      2.29900E-13      4.48809E-01     -5.06196E-17                                    
          2400      2.39900E-13      4.51973E-01     -5.17460E-17                                    
          2500      2.49900E-13      4.43353E-01     -5.15904E-17                                    
          2600      2.59900E-13      4.43843E-01     -5.05575E-17                                    
          2700      2.69900E-13      4.51771E-01     -5.09666E-17                                    
          2800      2.79900E-13      4.67133E-01     -5.22887E-17                                    
          2900      2.89900E-13      4.71509E-01     -5.20363E-17                                    
          3000      2.99900E-13      4.70696E-01     -5.24796E-17                                    
          3100      3.09900E-13      4.41531E-01     -4.99795E-17                                    
          3200      3.19900E-13      4.35080E-01     -5.03694E-17                                    
          3300      3.29900E-13      4.34728E-01     -5.07978E-17                                    
          3400      3.39900E-13      4.44139E-01     -5.00120E-17                                    
          3500      3.49900E-13      4.50018E-01     -5.10198E-17                                    
          3600      3.59900E-13      4.42480E-01     -5.04449E-17                                    
          3700      3.69900E-13      4.47742E-01     -5.05963E-17                                    
          3800      3.79900E-13      4.47212E-01     -5.15816E-17                                    
          3900      3.89900E-13      4.49128E-01     -5.16264E-17                                    
          4000      3.99900E-13      4.57207E-01     -5.27676E-17                                    
          4100      4.09900E-13      4.47609E-01     -5.13953E-17                                    
          4200      4.19900E-13      4.20129E-01     -5.02617E-17                                    
          4300      4.29900E-13      4.01525E-01     -4.93962E-17                                    
          4400      4.39900E-13      4.00650E-01     -4.81863E-17                                    
          4500      4.49900E-13      4.21739E-01     -4.95000E-17                                    
          4600      4.59900E-13      4.30255E-01     -4.94371E-17                                    
          4700      4.69900E-13      4.17986E-01     -4.79392E-17                                    
          4800      4.79900E-13      4.23789E-01     -4.98712E-17                                    
          4900      4.89900E-13      4.32772E-01     -5.18551E-17                                    
          5000      4.99900E-13      4.06787E-01     -5.04077E-17                                    
          5100      5.09900E-13      4.02163E-01     -4.85851E-17                                    
          5200      5.19900E-13      4.18014E-01     -5.03095E-17                                    
          5300      5.29900E-13      4.06794E-01     -4.89106E-17                                    
          5400      5.39900E-13      4.14092E-01     -5.17309E-17                                    
          5500      5.49900E-13      4.27411E-01     -5.13386E-17                                    
          5600      5.59900E-13      4.02077E-01     -4.90286E-17                                    
          5700      5.69900E-13      3.92255E-01     -4.84070E-17                                    
          5800      5.79900E-13      4.07592E-01     -5.02322E-17                                    
          5900      5.89900E-13      4.05550E-01     -5.02103E-17                                    
          6000      5.99900E-13      4.00092E-01     -5.02610E-17                                    
          6100      6.09900E-13      4.03969E-01     -5.00720E-17                                    
          6200      6.19900E-13      4.01160E-01     -5.01282E-17                                    
          6300      6.29900E-13      4.04088E-01     -5.10313E-17                                    
          6400      6.39900E-13      4.05972E-01     -5.06935E-17                                    
          6500      6.49900E-13      4.02953E-01     -5.06448E-17                                    
          6600      6.59900E-13      3.95460E-01     -5.01003E-17                                    
          6700      6.69900E-13      4.07374E-01     -4.95338E-17                                    
          6800      6.79900E-13      4.17995E-01     -5.08996E-17                                    
          6900      6.89900E-13      4.14125E-01     -5.01769E-17                                    
          7000      6.99900E-13      4.27803E-01     -5.01034E-17                                    
          7100      7.09900E-13      4.45529E-01     -5.31583E-17                                    
          7200      7.19900E-13      4.24598E-01     -5.11929E-17                                    
          7300      7.29900E-13      4.35856E-01     -5.03946E-17                                    
          7400      7.39900E-13      4.33572E-01     -5.16540E-17                                    
          7500      7.49900E-13      4.38533E-01     -5.10762E-17                                    
          7600      7.59900E-13      4.17521E-01     -4.88306E-17                                    
          7700      7.69900E-13      4.38835E-01     -5.15030E-17                                    
          7800      7.79900E-13      4.09934E-01     -4.99738E-17                                    
          7900      7.89900E-13      4.11374E-01     -4.86219E-17                                    
          8000      7.99900E-13      4.00409E-01     -4.97103E-17                                    
          8100      8.09900E-13      4.04629E-01     -4.97099E-17                                    
          8200      8.19900E-13      4.07915E-01     -5.09879E-17                                    
          8300      8.29900E-13      4.24976E-01     -5.06234E-17                                    
          8400      8.39900E-13      4.22931E-01     -4.97751E-17                                    
          8500      8.49900E-13      4.41307E-01     -5.18525E-17                                    
          8600      8.59900E-13      4.25925E-01     -5.23458E-17                                    
          8700      8.69900E-13      4.54466E-01     -5.28501E-17                                    
          8800      8.79900E-13      4.44139E-01     -5.08003E-17                                    
          8900      8.89900E-13      4.56505E-01     -5.00220E-17                                    
          9000      8.99900E-13      4.35069E-01     -4.78876E-17                                    
          9100      9.09900E-13      4.32345E-01     -4.84929E-17                                    
          9200      9.19900E-13      4.34091E-01     -5.05322E-17                                    
          9300      9.29900E-13      4.52087E-01     -5.06963E-17                                    
          9400      9.39900E-13      4.51105E-01     -5.16351E-17                                    
          9500      9.49900E-13      4.32537E-01     -5.11530E-17                                    
          9600      9.59900E-13      4.32901E-01     -5.01102E-17                                    
          9700      9.69900E-13      4.49708E-01     -5.03710E-17                                    
          9800      9.79900E-13      4.51606E-01     -5.18641E-17                                    
          9900      9.89900E-13      4.43040E-01     -5.09035E-17                                    
         10000      9.99900E-13      4.34371E-01     -5.02443E-17                                    
  =====================================================================================              

================================================================================

-
- Proc.   0 individual time (sec): cpu=          5.4  wall=          5.4

================================================================================

+Total cpu time      5.355  and wall time      5.355 sec

 multibinit : the run completed succesfully.
