
.Version 8.11.14 of MULTIBINIT 
.(MPI version, prepared for a x86_64_linux_gnu7.4 computer) 

.Copyright (C) 1998-2019 ABINIT group . 
 MULTIBINIT comes with ABSOLUTELY NO WARRANTY.
 It is free software, and you are welcome to redistribute it
 under certain conditions (GNU General Public License,
 see ~abinit/COPYING or http://www.gnu.org/copyleft/gpl.txt).

 ABINIT is a project of the Universite Catholique de Louvain,
 Corning Inc. and other collaborators, see ~abinit/doc/developers/contributors.txt .
 Please read https://docs.abinit.org/theory/acknowledgments for suggested
 acknowledgments of the ABINIT effort.
 For more information, see https://www.abinit.org .

.Starting date : Thu 20 Feb 2020.
- ( at 12h34 )
  
-  nproc =    1

================================================================================

 Read the information in the reference structure in 
-t101.ddb
 to initialize the multibinit input

================================================================================

 -outvars_multibinit: echo values of input variables ----------------------

 Flags : 
     ifcflag         1
     strcpli        -1
 Molecular Dynamics :
    dynamics         2
    dyn_chks         0
        temp     300.0
       ntime        20
       ncell         2         2         1
       dtion        40
   restartxf        -3
      natfix         7
 Miscellaneous information :
         asr         2
 Interatomic Force Constants Inputs :
      dipdip         1
dipdip_range         2         2         1
      ifcana         0
      ifcout   2000000
      natifc         5
       atifc         1   2   3   4   5
 Description of grid 1 :
        brav         1
       ngqpt         2         2         2
      nqshft         1
      q1shft
                     0.00000000E+00  0.00000000E+00  0.00000000E+00
 First list of wavevector (reduced coord.) :
       nph1l         1
       qph1l
                     0.00000000E+00  0.00000000E+00  0.00000000E+00    0.000E+00

================================================================================

 Read the DDB information of the reference system and perform some checks

 Real(R)+Recip(G) space primitive vectors, cartesian coordinates (Bohr,Bohr^-1):
 R(1)=  7.2545078  0.0000000  0.0000000  G(1)=  0.1378453  0.0000000  0.0000000
 R(2)=  0.0000000  7.2545078  0.0000000  G(2)=  0.0000000  0.1378453  0.0000000
 R(3)=  0.0000000  0.0000000  7.2545078  G(3)=  0.0000000  0.0000000  0.1378453
 Unit cell volume ucvol=  3.8178939E+02 bohr^3
 Angles (23,13,12)=  9.00000000E+01  9.00000000E+01  9.00000000E+01 degrees
 Now the whole DDB is in central memory

================================================================================

 Extraction of the energy of the structure (unit: Hartree)

 Energy  =       -1.479666496223E+02

================================================================================

 Dielectric Tensor and Effective Charges 


 anaddb : Zero the imaginary part of the Dynamical Matrix at Gamma,
   and impose the ASR on the effective charges 

 The violation of the charge neutrality conditions
 by the effective charges is as follows :
    atom        electric field
 displacement     direction
       1               1        0.001167        0.000000
       1               2        0.000000        0.000000
       1               3        0.000000        0.000000
       2               1        0.000000        0.000000
       2               2        0.001167        0.000000
       2               3        0.000000        0.000000
       3               1        0.000000        0.000000
       3               2        0.000000        0.000000
       3               3        0.001167        0.000000

 Effective charge tensors after 
 imposition of the charge neutrality,
 and eventual restriction to some part :
   atom    displacement
         1         1    2.577800E+00    0.000000E+00    0.000000E+00
         1         2    0.000000E+00    2.577800E+00    0.000000E+00
         1         3    0.000000E+00    0.000000E+00    2.577800E+00
         2         1    7.212121E+00    0.000000E+00    0.000000E+00
         2         2    0.000000E+00    7.212121E+00    0.000000E+00
         2         3    0.000000E+00    0.000000E+00    7.212121E+00
         3         1   -2.019588E+00    0.000000E+00    0.000000E+00
         3         2    0.000000E+00   -5.750745E+00    0.000000E+00
         3         3    0.000000E+00    0.000000E+00   -2.019588E+00
         4         1   -5.750745E+00    0.000000E+00    0.000000E+00
         4         2    0.000000E+00   -2.019588E+00    0.000000E+00
         4         3    0.000000E+00    0.000000E+00   -2.019588E+00
         5         1   -2.019588E+00    0.000000E+00    0.000000E+00
         5         2    0.000000E+00   -2.019588E+00    0.000000E+00
         5         3    0.000000E+00    0.000000E+00   -5.750745E+00
 Now, the imaginary part of the dynamical matrix is zeroed

================================================================================

 Extraction of the stress tensor (unit: GPa) and forces (unit: Ha/bohr)

 Cartesian components of forces (hartree/bohr)

   1     0.00000000E+00  0.00000000E+00  0.00000000E+00
   2     0.00000000E+00  0.00000000E+00  0.00000000E+00
   3     0.00000000E+00  0.00000000E+00  0.00000000E+00
   4     0.00000000E+00  0.00000000E+00  0.00000000E+00
   5     0.00000000E+00  0.00000000E+00  0.00000000E+00

 Cartesian components of stress tensor (hartree/bohr^3)
  sigma(1 1)=  1.24270477E-08  sigma(3 2)=  0.00000000E+00
  sigma(2 2)=  1.24270477E-08  sigma(3 1)=  0.00000000E+00
  sigma(3 3)=  1.24270477E-08  sigma(2 1)=  0.00000000E+00


================================================================================

 Extraction of the clamped elastic tensor (unit:10^2GPa)

   3.6656606   1.0111729   1.0111729  -0.0000000   0.0000000  -0.0000000
   1.0111729   3.6656606   1.0111729  -0.0000000   0.0000000  -0.0000000
   1.0111729   1.0111729   3.6656606  -0.0000000   0.0000000  -0.0000000
  -0.0000000   0.0000000   0.0000000   0.9855012  -0.0000000  -0.0000000
  -0.0000000  -0.0000000  -0.0000000  -0.0000000   0.9855012  -0.0000000
  -0.0000000  -0.0000000  -0.0000000  -0.0000000   0.0000000   0.9855012

================================================================================

 Calculation of acoustic sum rule


================================================================================

 Calculation of the interatomic forces from DDB

       Homogeneous q point set in the B.Z.
 Grid q points  :        8
  1)   0.00000000E+00  0.00000000E+00  0.00000000E+00
  2)   5.00000000E-01  0.00000000E+00  0.00000000E+00
  3)   0.00000000E+00  5.00000000E-01  0.00000000E+00
  4)   5.00000000E-01  5.00000000E-01  0.00000000E+00
  5)   0.00000000E+00  0.00000000E+00  5.00000000E-01
  6)   5.00000000E-01  0.00000000E+00  5.00000000E-01
  7)   0.00000000E+00  5.00000000E-01  5.00000000E-01
  8)   5.00000000E-01  5.00000000E-01  5.00000000E-01

 The interatomic forces have been obtained

================================================================================

 Calculation of dynamical matrix for each ph1l points

  Phonon at Gamma, with non-analyticity in the
  direction (cartesian coordinates)  0.00000  0.00000  0.00000
 Phonon energies in Hartree :
  -6.310161E-04 -6.310161E-04 -6.310161E-04  0.000000E+00  0.000000E+00
   0.000000E+00  6.855068E-04  6.855068E-04  6.855068E-04  8.214033E-04
   8.214033E-04  8.214033E-04  2.687783E-03  2.687783E-03  2.687783E-03
 Phonon frequencies in cm-1    :
- -1.384920E+02 -1.384920E+02 -1.384920E+02  0.000000E+00  0.000000E+00
-  0.000000E+00  1.504513E+02  1.504513E+02  1.504513E+02  1.802772E+02
-  1.802772E+02  1.802772E+02  5.899002E+02  5.899002E+02  5.899002E+02

================================================================================

 Calculation of the internal-strain  tensor

 Force-response internal strain tensor(Unit:Hartree/bohr)

 Atom dir   strainxx    strainyy    strainzz    strainyz    strainxz    strainxy
  1  x    -0.0000000   0.0000000   0.0000000   0.0000000  -0.0000000  -0.0000000
  1  y     0.0000000  -0.0000000   0.0000000  -0.0000000  -0.0000000  -0.0000000
  1  z     0.0000000   0.0000000  -0.0000000  -0.0000000  -0.0000000   0.0000000
  2  x     0.0000000  -0.0000000  -0.0000000  -0.0000000   0.0000000   0.0000000
  2  y    -0.0000000   0.0000000  -0.0000000   0.0000000  -0.0000000   0.0000000
  2  z    -0.0000000  -0.0000000   0.0000000   0.0000000   0.0000000  -0.0000000
  3  x    -0.0000000  -0.0000000  -0.0000000   0.0000000  -0.0000000  -0.0000000
  3  y     0.0000000  -0.0000000   0.0000000   0.0000000   0.0000000   0.0000000
  3  z    -0.0000000  -0.0000000   0.0000000  -0.0000000   0.0000000   0.0000000
  4  x    -0.0000000   0.0000000   0.0000000  -0.0000000   0.0000000  -0.0000000
  4  y    -0.0000000  -0.0000000  -0.0000000   0.0000000   0.0000000  -0.0000000
  4  z    -0.0000000   0.0000000  -0.0000000   0.0000000  -0.0000000   0.0000000
  5  x    -0.0000000  -0.0000000  -0.0000000   0.0000000  -0.0000000   0.0000000
  5  y    -0.0000000  -0.0000000  -0.0000000  -0.0000000   0.0000000   0.0000000
  5  z     0.0000000   0.0000000  -0.0000000  -0.0000000   0.0000000   0.0000000



 Bound for ifc SR:

 x=[ -1  1], y=[ -1  1] and z=[ -1  1]

================================================================================
 Generation of new ifc

 dipdip is set to one, the dipole-dipole interation is recompute.

 Bound for ifc (LR):

 x=[  0  1], y=[  0  1] and z=[  0  0]

 Computation of new dipole-dipole interaction.

 Impose acoustic sum rule on total ifc

================================================================================

 Read the coefficients of the polynomial fit from XML and perform some checks

-Opening the file t101_coeffs.xml
-Reading the file t101_coeffs.xml with LibXML library

================================================================================

--------------------------------------------------------------------------------
-Monte Carlo / Molecular Dynamics 


 The size of the supercell for the fit is   2   2   1

=== [ionmov= 2] Broyden-Fletcher-Goldfard-Shanno method (forces) with effective potential
================================================================================

--- Iteration: ( 1/20) Internal Cycle: (1/1)
--------------------------------------------------------------------------------

---EFFECTIVE POTENTIAL CALCULATION--------------------------------------------

 The size of the supercell for the fit is   2   2   1

 Calculation of the energy with effective potential
--------------------------------------------------------------------------------
 Components of total energy (in Hartree) :

 Energy of the reference structure         : -5.9186659848935994E+02 Hartree
 Energy of the ifc part                    : -1.0458507008564953E-02 Hartree
 Energy of the fitted coefficient          :  9.2820313820094771E-04 Hartree

    >>>>>>>>> Etotal= -5.91876128793230E+02

--------------------------------------------------------------------------------
 Cartesian components of stress tensor (hartree/bohr^3)
  sigma(1 1)=  1.73831069E-05  sigma(3 2)=  2.83979126E-22
  sigma(2 2)=  1.73831069E-05  sigma(3 1)= -2.01779305E-35
  sigma(3 3)= -3.10085174E-06  sigma(2 1)=  6.45693776E-34

-Cartesian components of stress tensor (GPa)         [Pressure= -3.1054E-01 GPa]
- sigma(1 1)=  5.11428577E-01  sigma(3 2)=  8.35495294E-18
- sigma(2 2)=  5.11428577E-01  sigma(3 1)= -5.93655112E-31
- sigma(3 3)= -9.12301924E-02  sigma(2 1)=  1.89969636E-29
--------------------------------------------------------------------------------


--- Iteration: ( 2/20) Internal Cycle: (1/1)
--------------------------------------------------------------------------------

---EFFECTIVE POTENTIAL CALCULATION--------------------------------------------

 Calculation of the energy with effective potential
 The strain is isostatic type in the direction -1 with delta of  -5.21E-04:
--------------------------------------------------------------------------------
 Components of total energy (in Hartree) :

 Energy of the reference structure         : -5.9186659848935994E+02 Hartree
 Energy of the ifc part                    : -1.0807098698727383E-02 Hartree
 Energy of the elastic part                :  6.1750766429123351E-06 Hartree
 Energy of the fitted coefficient          :  9.6233326179687411E-04 Hartree

    >>>>>>>>> Etotal= -5.91876437079720E+02

--------------------------------------------------------------------------------
 Cartesian components of stress tensor (hartree/bohr^3)
  sigma(1 1)=  4.19857844E-06  sigma(3 2)=  8.06603164E-22
  sigma(2 2)=  4.20556607E-06  sigma(3 1)=  2.40142824E-21
  sigma(3 3)= -5.63613615E-06  sigma(2 1)=  2.69449162E-08

-Cartesian components of stress tensor (GPa)         [Pressure= -2.7146E-02 GPa]
- sigma(1 1)=  1.23526422E-01  sigma(3 2)=  2.37310804E-17
- sigma(2 2)=  1.23732005E-01  sigma(3 1)=  7.06524463E-17
- sigma(3 3)= -1.65820823E-01  sigma(2 1)=  7.92746670E-04
--------------------------------------------------------------------------------


--- Iteration: ( 3/20) Internal Cycle: (1/1)
--------------------------------------------------------------------------------

---EFFECTIVE POTENTIAL CALCULATION--------------------------------------------

 Calculation of the energy with effective potential
--------------------------------------------------------------------------------
 Components of total energy (in Hartree) :

 Energy of the reference structure         : -5.9186659848935994E+02 Hartree
 Energy of the ifc part                    : -2.3294495950883176E-02 Hartree
 Energy of the elastic part                :  1.9895656727383264E-03 Hartree
 Energy of the fitted coefficient          :  3.8217553939459917E-03 Hartree

    >>>>>>>>> Etotal= -5.91884081664244E+02

--------------------------------------------------------------------------------
 Cartesian components of stress tensor (hartree/bohr^3)
  sigma(1 1)= -1.08867558E-04  sigma(3 2)=  1.91949404E-20
  sigma(2 2)= -1.08226358E-04  sigma(3 1)=  2.53778550E-20
  sigma(3 3)= -2.24295031E-05  sigma(2 1)=  7.65402085E-07

-Cartesian components of stress tensor (GPa)         [Pressure=  2.3490E+00 GPa]
- sigma(1 1)= -3.20299361E+00  sigma(3 2)=  5.64734550E-16
- sigma(2 2)= -3.18412884E+00  sigma(3 1)=  7.46642145E-16
- sigma(3 3)= -6.59898654E-01  sigma(2 1)=  2.25189030E-02
--------------------------------------------------------------------------------


--- Iteration: ( 4/20) Internal Cycle: (1/1)
--------------------------------------------------------------------------------

---EFFECTIVE POTENTIAL CALCULATION--------------------------------------------

 Calculation of the energy with effective potential
--------------------------------------------------------------------------------
 Components of total energy (in Hartree) :

 Energy of the reference structure         : -5.9186659848935994E+02 Hartree
 Energy of the ifc part                    : -6.2397342433143238E-02 Hartree
 Energy of the elastic part                :  1.2743958960342788E-02 Hartree
 Energy of the fitted coefficient          :  3.6224548764715217E-02 Hartree

    >>>>>>>>> Etotal= -5.91880027324068E+02

--------------------------------------------------------------------------------
 Cartesian components of stress tensor (hartree/bohr^3)
  sigma(1 1)= -2.23780042E-04  sigma(3 2)=  5.89068667E-20
  sigma(2 2)= -2.14694812E-04  sigma(3 1)=  5.64955176E-20
  sigma(3 3)= -2.41613893E-05  sigma(2 1)=  4.83422784E-06

-Cartesian components of stress tensor (GPa)         [Pressure=  4.5371E+00 GPa]
- sigma(1 1)= -6.58383503E+00  sigma(3 2)=  1.73309956E-15
- sigma(2 2)= -6.31653839E+00  sigma(3 1)=  1.66215523E-15
- sigma(3 3)= -7.10852494E-01  sigma(2 1)=  1.42227869E-01
--------------------------------------------------------------------------------


--- Iteration: ( 5/20) Internal Cycle: (1/1)
--------------------------------------------------------------------------------

---EFFECTIVE POTENTIAL CALCULATION--------------------------------------------

 Calculation of the energy with effective potential
--------------------------------------------------------------------------------
 Components of total energy (in Hartree) :

 Energy of the reference structure         : -5.9186659848935994E+02 Hartree
 Energy of the ifc part                    : -3.4094678015158565E-02 Hartree
 Energy of the elastic part                :  3.2239118957155520E-03 Hartree
 Energy of the fitted coefficient          :  9.1944556951080968E-03 Hartree

    >>>>>>>>> Etotal= -5.91888274799784E+02

--------------------------------------------------------------------------------
 Cartesian components of stress tensor (hartree/bohr^3)
  sigma(1 1)= -1.18225530E-04  sigma(3 2)=  2.72608013E-20
  sigma(2 2)= -1.17059024E-04  sigma(3 1)=  2.40457855E-20
  sigma(3 3)= -5.90158640E-06  sigma(2 1)= -2.15914581E-07

-Cartesian components of stress tensor (GPa)         [Pressure=  2.3653E+00 GPa]
- sigma(1 1)= -3.47831458E+00  sigma(3 2)=  8.02040329E-16
- sigma(2 2)= -3.44399481E+00  sigma(3 1)=  7.07451316E-16
- sigma(3 3)= -1.73630637E-01  sigma(2 1)= -6.35242522E-03
--------------------------------------------------------------------------------


--- Iteration: ( 6/20) Internal Cycle: (1/1)
--------------------------------------------------------------------------------

---EFFECTIVE POTENTIAL CALCULATION--------------------------------------------

 Calculation of the energy with effective potential
--------------------------------------------------------------------------------
 Components of total energy (in Hartree) :

 Energy of the reference structure         : -5.9186659848935994E+02 Hartree
 Energy of the ifc part                    : -3.8529497444149019E-02 Hartree
 Energy of the elastic part                :  3.2097136407604207E-03 Hartree
 Energy of the fitted coefficient          :  1.2378757150040571E-02 Hartree

    >>>>>>>>> Etotal= -5.91889539516013E+02

--------------------------------------------------------------------------------
 Cartesian components of stress tensor (hartree/bohr^3)
  sigma(1 1)= -1.03468588E-04  sigma(3 2)=  2.88829384E-20
  sigma(2 2)= -1.02016117E-04  sigma(3 1)=  2.15655548E-20
  sigma(3 3)=  3.15261471E-06  sigma(2 1)= -7.77461130E-07

-Cartesian components of stress tensor (GPa)         [Pressure=  1.9843E+00 GPa]
- sigma(1 1)= -3.04415045E+00  sigma(3 2)=  8.49765242E-16
- sigma(2 2)= -3.00141727E+00  sigma(3 1)=  6.34480420E-16
- sigma(3 3)=  9.27531113E-02  sigma(2 1)= -2.28736923E-02
--------------------------------------------------------------------------------


--- Iteration: ( 7/20) Internal Cycle: (1/1)
--------------------------------------------------------------------------------

---EFFECTIVE POTENTIAL CALCULATION--------------------------------------------

 Calculation of the energy with effective potential
--------------------------------------------------------------------------------
 Components of total energy (in Hartree) :

 Energy of the reference structure         : -5.9186659848935994E+02 Hartree
 Energy of the ifc part                    : -4.8719089364236474E-02 Hartree
 Energy of the elastic part                :  2.1491575562405849E-03 Hartree
 Energy of the fitted coefficient          :  2.2160898652927721E-02 Hartree

    >>>>>>>>> Etotal= -5.91891007522515E+02

--------------------------------------------------------------------------------
 Cartesian components of stress tensor (hartree/bohr^3)
  sigma(1 1)= -3.35144373E-05  sigma(3 2)=  3.01685806E-20
  sigma(2 2)= -3.13296978E-05  sigma(3 1)=  1.09278984E-20
  sigma(3 3)=  2.37160663E-05  sigma(2 1)= -2.08229861E-06

-Cartesian components of stress tensor (GPa)         [Pressure=  4.0334E-01 GPa]
- sigma(1 1)= -9.86028621E-01  sigma(3 2)=  8.87590136E-16
- sigma(2 2)= -9.21751376E-01  sigma(3 1)=  3.21509817E-16
- sigma(3 3)=  6.97750643E-01  sigma(2 1)= -6.12633300E-02
--------------------------------------------------------------------------------


--- Iteration: ( 8/20) Internal Cycle: (1/1)
--------------------------------------------------------------------------------

---EFFECTIVE POTENTIAL CALCULATION--------------------------------------------

 Calculation of the energy with effective potential
--------------------------------------------------------------------------------
 Components of total energy (in Hartree) :

 Energy of the reference structure         : -5.9186659848935994E+02 Hartree
 Energy of the ifc part                    : -4.6703787752817284E-02 Hartree
 Energy of the elastic part                :  1.4502470014574765E-03 Hartree
 Energy of the fitted coefficient          :  2.0403919624162568E-02 Hartree

    >>>>>>>>> Etotal= -5.91891448110487E+02

--------------------------------------------------------------------------------
 Cartesian components of stress tensor (hartree/bohr^3)
  sigma(1 1)= -1.43562002E-05  sigma(3 2)=  1.70566221E-20
  sigma(2 2)= -1.28620874E-05  sigma(3 1)=  9.81534608E-21
  sigma(3 3)=  2.11726716E-05  sigma(2 1)= -1.64971673E-06

-Cartesian components of stress tensor (GPa)         [Pressure=  5.9289E-02 GPa]
- sigma(1 1)= -4.22373923E-01  sigma(3 2)=  5.01823063E-16
- sigma(2 2)= -3.78415611E-01  sigma(3 1)=  2.88777403E-16
- sigma(3 3)=  6.22921400E-01  sigma(2 1)= -4.85363336E-02
--------------------------------------------------------------------------------


--- Iteration: ( 9/20) Internal Cycle: (1/1)
--------------------------------------------------------------------------------

---EFFECTIVE POTENTIAL CALCULATION--------------------------------------------

 Calculation of the energy with effective potential
--------------------------------------------------------------------------------
 Components of total energy (in Hartree) :

 Energy of the reference structure         : -5.9186659848935994E+02 Hartree
 Energy of the ifc part                    : -4.5606856083068907E-02 Hartree
 Energy of the elastic part                :  5.9684395545359927E-04 Hartree
 Energy of the fitted coefficient          :  1.9791161359492240E-02 Hartree

    >>>>>>>>> Etotal= -5.91891817340128E+02

--------------------------------------------------------------------------------
 Cartesian components of stress tensor (hartree/bohr^3)
  sigma(1 1)=  2.09993623E-05  sigma(3 2)=  3.35851626E-21
  sigma(2 2)=  2.15458267E-05  sigma(3 1)=  1.07769405E-20
  sigma(3 3)=  1.11101944E-05  sigma(2 1)= -4.53095466E-07

-Cartesian components of stress tensor (GPa)         [Pressure= -5.2620E-01 GPa]
- sigma(1 1)=  6.17822465E-01  sigma(3 2)=  9.88109432E-17
- sigma(2 2)=  6.33899999E-01  sigma(3 1)=  3.17068482E-16
- sigma(3 3)=  3.26873149E-01  sigma(2 1)= -1.33305266E-02
--------------------------------------------------------------------------------


--- Iteration: (10/20) Internal Cycle: (1/1)
--------------------------------------------------------------------------------

---EFFECTIVE POTENTIAL CALCULATION--------------------------------------------

 Calculation of the energy with effective potential
--------------------------------------------------------------------------------
 Components of total energy (in Hartree) :

 Energy of the reference structure         : -5.9186659848935994E+02 Hartree
 Energy of the ifc part                    : -4.5522992314926347E-02 Hartree
 Energy of the elastic part                :  4.3396815820173558E-04 Hartree
 Energy of the fitted coefficient          :  1.9708548579109621E-02 Hartree

    >>>>>>>>> Etotal= -5.91891978964937E+02

--------------------------------------------------------------------------------
 Cartesian components of stress tensor (hartree/bohr^3)
  sigma(1 1)=  2.65197558E-05  sigma(3 2)= -2.23494803E-21
  sigma(2 2)=  2.66262568E-05  sigma(3 1)=  1.69819485E-20
  sigma(3 3)=  3.61186738E-07  sigma(2 1)=  3.75344059E-07

-Cartesian components of stress tensor (GPa)         [Pressure= -5.2475E-01 GPa]
- sigma(1 1)=  7.80238023E-01  sigma(3 2)= -6.57544301E-17
- sigma(2 2)=  7.83371390E-01  sigma(3 1)=  4.99626092E-16
- sigma(3 3)=  1.06264789E-02  sigma(2 1)=  1.10430016E-02
--------------------------------------------------------------------------------


--- Iteration: (11/20) Internal Cycle: (1/1)
--------------------------------------------------------------------------------

---EFFECTIVE POTENTIAL CALCULATION--------------------------------------------

 Calculation of the energy with effective potential
--------------------------------------------------------------------------------
 Components of total energy (in Hartree) :

 Energy of the reference structure         : -5.9186659848935994E+02 Hartree
 Energy of the ifc part                    : -4.6217557007190060E-02 Hartree
 Energy of the elastic part                :  2.7233413757212643E-04 Hartree
 Energy of the fitted coefficient          :  2.0040905850467441E-02 Hartree

    >>>>>>>>> Etotal= -5.91892502806379E+02

--------------------------------------------------------------------------------
 Cartesian components of stress tensor (hartree/bohr^3)
  sigma(1 1)=  2.81018297E-05  sigma(3 2)= -2.31565003E-20
  sigma(2 2)=  2.74676781E-05  sigma(3 1)=  3.95440765E-20
  sigma(3 3)= -3.76622486E-05  sigma(2 1)=  2.81103946E-06

-Cartesian components of stress tensor (GPa)         [Pressure= -1.7562E-01 GPa]
- sigma(1 1)=  8.26784235E-01  sigma(3 2)= -6.81287646E-16
- sigma(2 2)=  8.08126855E-01  sigma(3 1)=  1.16342670E-15
- sigma(3 3)= -1.10806142E+00  sigma(2 1)=  8.27036223E-02
--------------------------------------------------------------------------------


--- Iteration: (12/20) Internal Cycle: (1/1)
--------------------------------------------------------------------------------

---EFFECTIVE POTENTIAL CALCULATION--------------------------------------------

 Calculation of the energy with effective potential
--------------------------------------------------------------------------------
 Components of total energy (in Hartree) :

 Energy of the reference structure         : -5.9186659848935994E+02 Hartree
 Energy of the ifc part                    : -4.7580810543012664E-02 Hartree
 Energy of the elastic part                :  3.8783496207793125E-04 Hartree
 Energy of the fitted coefficient          :  2.0794578677205706E-02 Hartree

    >>>>>>>>> Etotal= -5.91892996886264E+02

--------------------------------------------------------------------------------
 Cartesian components of stress tensor (hartree/bohr^3)
  sigma(1 1)=  1.68515268E-05  sigma(3 2)= -3.96362196E-20
  sigma(2 2)=  1.67769432E-05  sigma(3 1)=  6.54393989E-20
  sigma(3 3)= -6.39698459E-05  sigma(2 1)=  4.01428519E-06

-Cartesian components of stress tensor (GPa)         [Pressure=  2.9756E-01 GPa]
- sigma(1 1)=  4.95788953E-01  sigma(3 2)= -1.16613765E-15
- sigma(2 2)=  4.93594627E-01  sigma(3 1)=  1.92529326E-15
- sigma(3 3)= -1.88205753E+00  sigma(2 1)=  1.18104328E-01
--------------------------------------------------------------------------------


--- Iteration: (13/20) Internal Cycle: (1/1)
--------------------------------------------------------------------------------

---EFFECTIVE POTENTIAL CALCULATION--------------------------------------------

 Calculation of the energy with effective potential
--------------------------------------------------------------------------------
 Components of total energy (in Hartree) :

 Energy of the reference structure         : -5.9186659848935994E+02 Hartree
 Energy of the ifc part                    : -4.9697961322374390E-02 Hartree
 Energy of the elastic part                :  6.7617429948415274E-04 Hartree
 Energy of the fitted coefficient          :  2.1907744817920845E-02 Hartree

    >>>>>>>>> Etotal= -5.91893712531565E+02

--------------------------------------------------------------------------------
 Cartesian components of stress tensor (hartree/bohr^3)
  sigma(1 1)= -7.48712750E-06  sigma(3 2)= -5.59198075E-20
  sigma(2 2)= -5.11240462E-06  sigma(3 1)=  9.46568354E-20
  sigma(3 3)= -7.86531959E-05  sigma(2 1)=  3.89551045E-06

-Cartesian components of stress tensor (GPa)         [Pressure=  8.9492E-01 GPa]
- sigma(1 1)= -2.20278859E-01  sigma(3 2)= -1.64521726E-15
- sigma(2 2)= -1.50412112E-01  sigma(3 1)=  2.78489978E-15
- sigma(3 3)= -2.31405652E+00  sigma(2 1)=  1.14609855E-01
--------------------------------------------------------------------------------


--- Iteration: (14/20) Internal Cycle: (1/1)
--------------------------------------------------------------------------------

---EFFECTIVE POTENTIAL CALCULATION--------------------------------------------

 Calculation of the energy with effective potential
--------------------------------------------------------------------------------
 Components of total energy (in Hartree) :

 Energy of the reference structure         : -5.9186659848935994E+02 Hartree
 Energy of the ifc part                    : -5.1008699496525534E-02 Hartree
 Energy of the elastic part                :  9.8356188597833994E-04 Hartree
 Energy of the fitted coefficient          :  2.2205769241004526E-02 Hartree

    >>>>>>>>> Etotal= -5.91894417857729E+02

--------------------------------------------------------------------------------
 Cartesian components of stress tensor (hartree/bohr^3)
  sigma(1 1)= -2.86750595E-05  sigma(3 2)= -6.67502419E-20
  sigma(2 2)= -2.42393362E-05  sigma(3 1)=  8.77906757E-20
  sigma(3 3)= -6.08477891E-05  sigma(2 1)=  1.88879626E-06

-Cartesian components of stress tensor (GPa)         [Pressure=  1.1157E+00 GPa]
- sigma(1 1)= -8.43649235E-01  sigma(3 2)= -1.96385959E-15
- sigma(2 2)= -7.13145772E-01  sigma(3 1)=  2.58289042E-15
- sigma(3 3)= -1.79020346E+00  sigma(2 1)=  5.55702952E-02
--------------------------------------------------------------------------------


--- Iteration: (15/20) Internal Cycle: (1/1)
--------------------------------------------------------------------------------

---EFFECTIVE POTENTIAL CALCULATION--------------------------------------------

 Calculation of the energy with effective potential
--------------------------------------------------------------------------------
 Components of total energy (in Hartree) :

 Energy of the reference structure         : -5.9186659848935994E+02 Hartree
 Energy of the ifc part                    : -5.1086460537524192E-02 Hartree
 Energy of the elastic part                :  1.4014785238779812E-03 Hartree
 Energy of the fitted coefficient          :  2.1148020651991083E-02 Hartree

    >>>>>>>>> Etotal= -5.91895135450722E+02

--------------------------------------------------------------------------------
 Cartesian components of stress tensor (hartree/bohr^3)
  sigma(1 1)= -3.49442053E-05  sigma(3 2)= -6.42797832E-20
  sigma(2 2)= -3.14752639E-05  sigma(3 1)=  5.44388753E-20
  sigma(3 3)= -1.08542400E-05  sigma(2 1)= -1.29198001E-06

-Cartesian components of stress tensor (GPa)         [Pressure=  7.5782E-01 GPa]
- sigma(1 1)= -1.02809384E+00  sigma(3 2)= -1.89117620E-15
- sigma(2 2)= -9.26034081E-01  sigma(3 1)=  1.60164674E-15
- sigma(3 3)= -3.19342713E-01  sigma(2 1)= -3.80113579E-02
--------------------------------------------------------------------------------


--- Iteration: (16/20) Internal Cycle: (1/1)
--------------------------------------------------------------------------------

---EFFECTIVE POTENTIAL CALCULATION--------------------------------------------

 Calculation of the energy with effective potential
--------------------------------------------------------------------------------
 Components of total energy (in Hartree) :

 Energy of the reference structure         : -5.9186659848935994E+02 Hartree
 Energy of the ifc part                    : -5.0329706164903801E-02 Hartree
 Energy of the elastic part                :  1.7078362281935737E-03 Hartree
 Energy of the fitted coefficient          :  1.9540447632569718E-02 Hartree

    >>>>>>>>> Etotal= -5.91895679911664E+02

--------------------------------------------------------------------------------
 Cartesian components of stress tensor (hartree/bohr^3)
  sigma(1 1)= -2.05316368E-05  sigma(3 2)= -5.76336306E-20
  sigma(2 2)= -1.94347733E-05  sigma(3 1)= -9.90645068E-22
  sigma(3 3)=  3.80406284E-05  sigma(2 1)= -3.31137584E-06

-Cartesian components of stress tensor (GPa)         [Pressure=  1.8886E-02 GPa]
- sigma(1 1)= -6.04061507E-01  sigma(3 2)= -1.69563967E-15
- sigma(2 2)= -5.71790675E-01  sigma(3 1)= -2.91457793E-17
- sigma(3 3)=  1.11919374E+00  sigma(2 1)= -9.74240245E-02
--------------------------------------------------------------------------------


--- Iteration: (17/20) Internal Cycle: (1/1)
--------------------------------------------------------------------------------

---EFFECTIVE POTENTIAL CALCULATION--------------------------------------------

 Calculation of the energy with effective potential
--------------------------------------------------------------------------------
 Components of total energy (in Hartree) :

 Energy of the reference structure         : -5.9186659848935994E+02 Hartree
 Energy of the ifc part                    : -4.9533327245864775E-02 Hartree
 Energy of the elastic part                :  1.6599309850093248E-03 Hartree
 Energy of the fitted coefficient          :  1.8349654222108543E-02 Hartree

    >>>>>>>>> Etotal= -5.91896122231399E+02

--------------------------------------------------------------------------------
 Cartesian components of stress tensor (hartree/bohr^3)
  sigma(1 1)= -2.74288287E-06  sigma(3 2)= -5.60608776E-20
  sigma(2 2)= -1.44538083E-06  sigma(3 1)= -1.00020978E-19
  sigma(3 3)=  5.93125777E-05  sigma(2 1)= -3.47339734E-06

-Cartesian components of stress tensor (GPa)         [Pressure= -5.4060E-01 GPa]
- sigma(1 1)= -8.06983865E-02  sigma(3 2)= -1.64936769E-15
- sigma(2 2)= -4.25245651E-02  sigma(3 1)= -2.94271826E-15
- sigma(3 3)=  1.74503599E+00  sigma(2 1)= -1.02190861E-01
--------------------------------------------------------------------------------


--- Iteration: (18/20) Internal Cycle: (1/1)
--------------------------------------------------------------------------------

---EFFECTIVE POTENTIAL CALCULATION--------------------------------------------

 Calculation of the energy with effective potential
--------------------------------------------------------------------------------
 Components of total energy (in Hartree) :

 Energy of the reference structure         : -5.9186659848935994E+02 Hartree
 Energy of the ifc part                    : -4.8431033229262843E-02 Hartree
 Energy of the elastic part                :  1.2714866266387715E-03 Hartree
 Energy of the fitted coefficient          :  1.7073325642636590E-02 Hartree

    >>>>>>>>> Etotal= -5.91896684710320E+02

--------------------------------------------------------------------------------
 Cartesian components of stress tensor (hartree/bohr^3)
  sigma(1 1)=  1.33054978E-05  sigma(3 2)= -6.03315988E-20
  sigma(2 2)=  1.84052025E-05  sigma(3 1)= -2.13865632E-19
  sigma(3 3)=  5.71852016E-05  sigma(2 1)= -2.00016613E-06

-Cartesian components of stress tensor (GPa)         [Pressure= -8.7180E-01 GPa]
- sigma(1 1)=  3.91461193E-01  sigma(3 2)= -1.77501662E-15
- sigma(2 2)=  5.41499661E-01  sigma(3 1)= -6.29214306E-15
- sigma(3 3)=  1.68244643E+00  sigma(2 1)= -5.88469093E-02
--------------------------------------------------------------------------------


--- Iteration: (19/20) Internal Cycle: (1/1)
--------------------------------------------------------------------------------

---EFFECTIVE POTENTIAL CALCULATION--------------------------------------------

 Calculation of the energy with effective potential
--------------------------------------------------------------------------------
 Components of total energy (in Hartree) :

 Energy of the reference structure         : -5.9186659848935994E+02 Hartree
 Energy of the ifc part                    : -4.8095356362609039E-02 Hartree
 Energy of the elastic part                :  7.5637498327685532E-04 Hartree
 Energy of the fitted coefficient          :  1.6821017513953537E-02 Hartree

    >>>>>>>>> Etotal= -5.91897116453225E+02

--------------------------------------------------------------------------------
 Cartesian components of stress tensor (hartree/bohr^3)
  sigma(1 1)=  1.38389705E-05  sigma(3 2)= -6.62503044E-20
  sigma(2 2)=  2.47734350E-05  sigma(3 1)= -2.85991361E-19
  sigma(3 3)=  2.75753099E-05  sigma(2 1)=  2.81532271E-07

-Cartesian components of stress tensor (GPa)         [Pressure= -6.4910E-01 GPa]
- sigma(1 1)=  4.07156500E-01  sigma(3 2)= -1.94915092E-15
- sigma(2 2)=  7.28859498E-01  sigma(3 1)= -8.41415493E-15
- sigma(3 3)=  8.11293491E-01  sigma(2 1)=  8.28296400E-03
--------------------------------------------------------------------------------


--- Iteration: (20/20) Internal Cycle: (1/1)
--------------------------------------------------------------------------------

---EFFECTIVE POTENTIAL CALCULATION--------------------------------------------

 Calculation of the energy with effective potential
--------------------------------------------------------------------------------
 Components of total energy (in Hartree) :

 Energy of the reference structure         : -5.9186659848935994E+02 Hartree
 Energy of the ifc part                    : -4.8706604079626591E-02 Hartree
 Energy of the elastic part                :  4.7802757968470688E-04 Hartree
 Energy of the fitted coefficient          :  1.7433992147408369E-02 Hartree

    >>>>>>>>> Etotal= -5.91897393073712E+02

--------------------------------------------------------------------------------
 Cartesian components of stress tensor (hartree/bohr^3)
  sigma(1 1)=  1.33544465E-06  sigma(3 2)= -6.88932687E-20
  sigma(2 2)=  1.69889991E-05  sigma(3 1)= -3.50108759E-19
  sigma(3 3)= -6.55063917E-06  sigma(2 1)=  1.73305973E-06

-Cartesian components of stress tensor (GPa)         [Pressure= -1.1547E-01 GPa]
- sigma(1 1)=  3.92901314E-02  sigma(3 2)= -2.02690960E-15
- sigma(2 2)=  4.99833527E-01  sigma(3 1)= -1.03005536E-14
- sigma(3 3)= -1.92726426E-01  sigma(2 1)=  5.09883691E-02
--------------------------------------------------------------------------------


 fconv : WARNING -
  ntime=   20 was not enough Broyd/MD steps to converge gradients: 
  max grad (force/stress) = 5.3351E-03 > tolmxf= 2.0000E-05 ha/bohr (free atoms)


================================================================================


================================================================================

-
- Proc.   0 individual time (sec): cpu=          1.2  wall=          1.2

================================================================================

+Total cpu time      1.196  and wall time      1.197 sec

 multibinit : the run completed succesfully.
- MEMORY CONSUMPTION REPORT:
-   There were 198463 allocations and 198463 deallocations
-   Remaining memory at the end of the calculation is 0
- MEMORY CONSUMPTION REPORT:
-   There were 198463 allocations and 198463 deallocations
-   Remaining memory at the end of the calculation is 0
