
.Version 8.0.3 of ABINIT 
.(MPI version, prepared for a x86_64_linux_gnu5.3 computer) 

.Copyright (C) 1998-2018 ABINIT group . 
 ABINIT comes with ABSOLUTELY NO WARRANTY.
 It is free software, and you are welcome to redistribute it
 under certain conditions (GNU General Public License,
 see ~abinit/COPYING or http://www.gnu.org/copyleft/gpl.txt).

 ABINIT is a project of the Universite Catholique de Louvain,
 Corning Inc. and other collaborators, see ~abinit/doc/developers/contributors.txt .
 Please read ~abinit/doc/users/acknowledgments.html for suggested
 acknowledgments of the ABINIT effort.
 For more information, see https://www.abinit.org .

.Starting date : Mon  4 Apr 2016.
- ( at 11h57 )
  
- input  file    -> t15.in
- output file    -> t15.out
- root for input  files -> t15i
- root for output files -> t15o


 DATASET    1 : space group Fm -3 m (#225); Bravais cF (face-center cubic)
================================================================================
 Values of the parameters that define the memory need for DATASET  1.
     intxc =       0    ionmov =       0      iscf =       7    lmnmax =       2
     lnmax =       2     mgfft =      20  mpssoang =       3    mqgrid =    3001
     natom =       1  nloc_mem =       1    nspden =       2   nspinor =       1
    nsppol =       2      nsym =      48    n1xccc =    2501    ntypat =       1
    occopt =       4   xclevel =       1
-    mband =          10        mffmem =           1         mkmem =           1
       mpw =         166          nfft =        8000          nkpt =           1
================================================================================
P This job should need less than                       4.822 Mbytes of memory.
  Rough estimation (10% accuracy) of disk space for files :
_ WF disk file :      0.053 Mbytes ; DEN or POT disk file :      0.124 Mbytes.
================================================================================


 DATASET    2 : space group Fm -3 m (#225); Bravais cF (face-center cubic)
================================================================================
 Values of the parameters that define the memory need for DATASET  2 (RF).
     intxc =       0      iscf =       7    lmnmax =       2     lnmax =       2
     mgfft =      20  mpssoang =       3    mqgrid =    3001     natom =       1
  nloc_mem =       1    nspden =       2   nspinor =       1    nsppol =       2
      nsym =      48    n1xccc =    2501    ntypat =       1    occopt =       4
   xclevel =       1
-    mband =          10        mffmem =           1         mkmem =           1
-   mkqmem =           1        mk1mem =           1           mpw =         331
      nfft =        8000          nkpt =           1
================================================================================
P This job should need less than                       3.618 Mbytes of memory.
  Rough estimation (10% accuracy) of disk space for files :
_ WF disk file :      0.103 Mbytes ; DEN or POT disk file :      0.124 Mbytes.
================================================================================

--------------------------------------------------------------------------------
------------- Echo of variables that govern the present computation ------------
--------------------------------------------------------------------------------
-
- outvars: echo of selected default values                                      
-   accesswff0 =  0 , fftalg0 =312 , wfoptalg0 =  0
-
- outvars: echo of global parameters not present in the input file              
-  max_nthreads =    0
-
 -outvars: echo values of preprocessed input variables --------
            acell      6.5000000000E+00  6.5000000000E+00  6.5000000000E+00 Bohr
              amu      5.58470000E+01
             ecut      2.20000000E+01 Hartree
-          fftalg         312
           getwfk1          0
           getwfk2          1
           istwfk1       2
           istwfk2       1
           jdtset        1    2
           kptopt           0
P           mkmem           1
P          mkqmem           1
P          mk1mem           1
            natom           1
            nband          10
           nbdbuf1          0
           nbdbuf2          2
           ndtset           2
            ngfft          20      20      20
             nkpt           1
             nqpt1          0
             nqpt2          1
           nspden           2
           nsppol           2
            nstep1         30
            nstep2         18
             nsym          48
           ntypat           1
              occ      1.000000  1.000000  1.000000  1.000000  0.000000  0.000000
                       0.000000  0.000000  0.000000  0.000000
                       1.000000  1.000000  1.000000  1.000000  0.000000  0.000000
                       0.000000  0.000000  0.000000  0.000000
           occopt           4
        optdriver1          0
        optdriver2          1
            rfdir1          0       0       0
            rfdir2          1       1       1
           rfphon1          0
           rfphon2          1
            rprim      0.0000000000E+00  5.0000000000E-01  5.0000000000E-01
                       5.0000000000E-01  0.0000000000E+00  5.0000000000E-01
                       5.0000000000E-01  5.0000000000E-01  0.0000000000E+00
          spgroup         225
           spinat      0.0000000000E+00  0.0000000000E+00  4.0000000000E+00
           symrel      1  0  0   0  1  0   0  0  1      -1  0  0   0 -1  0   0  0 -1
                       0 -1  1   0 -1  0   1 -1  0       0  1 -1   0  1  0  -1  1  0
                      -1  0  0  -1  0  1  -1  1  0       1  0  0   1  0 -1   1 -1  0
                       0  1 -1   1  0 -1   0  0 -1       0 -1  1  -1  0  1   0  0  1
                      -1  0  0  -1  1  0  -1  0  1       1  0  0   1 -1  0   1  0 -1
                       0 -1  1   1 -1  0   0 -1  0       0  1 -1  -1  1  0   0  1  0
                       1  0  0   0  0  1   0  1  0      -1  0  0   0  0 -1   0 -1  0
                       0  1 -1   0  0 -1   1  0 -1       0 -1  1   0  0  1  -1  0  1
                      -1  0  1  -1  1  0  -1  0  0       1  0 -1   1 -1  0   1  0  0
                       0 -1  0   1 -1  0   0 -1  1       0  1  0  -1  1  0   0  1 -1
                       1  0 -1   0  0 -1   0  1 -1      -1  0  1   0  0  1   0 -1  1
                       0  1  0   0  0  1   1  0  0       0 -1  0   0  0 -1  -1  0  0
                       1  0 -1   0  1 -1   0  0 -1      -1  0  1   0 -1  1   0  0  1
                       0 -1  0   0 -1  1   1 -1  0       0  1  0   0  1 -1  -1  1  0
                      -1  0  1  -1  0  0  -1  1  0       1  0 -1   1  0  0   1 -1  0
                       0  1  0   1  0  0   0  0  1       0 -1  0  -1  0  0   0  0 -1
                       0  0 -1   0  1 -1   1  0 -1       0  0  1   0 -1  1  -1  0  1
                       1 -1  0   0 -1  1   0 -1  0      -1  1  0   0  1 -1   0  1  0
                       0  0  1   1  0  0   0  1  0       0  0 -1  -1  0  0   0 -1  0
                      -1  1  0  -1  0  0  -1  0  1       1 -1  0   1  0  0   1  0 -1
                       0  0  1   0  1  0   1  0  0       0  0 -1   0 -1  0  -1  0  0
                       1 -1  0   0 -1  0   0 -1  1      -1  1  0   0  1  0   0  1 -1
                       0  0 -1   1  0 -1   0  1 -1       0  0  1  -1  0  1   0 -1  1
                      -1  1  0  -1  0  1  -1  0  0       1 -1  0   1  0 -1   1  0  0
           tolvrs1     1.00000000E-13
           tolvrs2     1.00000000E-10
            typat      1
            znucl       26.00000

================================================================================

 chkinp: Checking input parameters for consistency, jdtset=   1.

 chkinp: Checking input parameters for consistency, jdtset=   2.

================================================================================
== DATASET  1 ==================================================================
-   nproc =    1

 Exchange-correlation functional for the present dataset will be:
  LDA: new Teter (4/93) with spin-polarized option - ixc=1
 Citation for XC functional:
  S. Goedecker, M. Teter, J. Huetter, PRB 54, 1703 (1996)

 Real(R)+Recip(G) space primitive vectors, cartesian coordinates (Bohr,Bohr^-1):
 R(1)=  0.0000000  3.2500000  3.2500000  G(1)= -0.1538462  0.1538462  0.1538462
 R(2)=  3.2500000  0.0000000  3.2500000  G(2)=  0.1538462 -0.1538462  0.1538462
 R(3)=  3.2500000  3.2500000  0.0000000  G(3)=  0.1538462  0.1538462 -0.1538462
 Unit cell volume ucvol=  6.8656250E+01 bohr^3
 Angles (23,13,12)=  6.00000000E+01  6.00000000E+01  6.00000000E+01 degrees

 getcut: wavevector=  0.0000  0.0000  0.0000  ngfft=  20  20  20
         ecut(hartree)=     22.000   => boxcut(ratio)=   2.06089

--- Pseudopotential description ------------------------------------------------
- pspini: atom type   1  psp file is /home/buildbot/bb/ABINIT/abiref_gnu_5.3_openmpi/gonze_8.0.3-public/tests/Psps_for_tests/26fe.pspnc
- pspatm: opening atomic psp file    /home/buildbot/bb/ABINIT/abiref_gnu_5.3_openmpi/gonze_8.0.3-public/tests/Psps_for_tests/26fe.pspnc
-  Troullier-Martins psp for element  Fe        Thu Oct 27 17:35:05 EDT 1994
- 26.00000   8.00000    940714                znucl, zion, pspdat
    1    1    2    0      2001   0.00000      pspcod,pspxc,lmax,lloc,mmax,r2well
    0   4.333  10.868    0   2.2918558        l,e99.0,e99.9,nproj,rcpsp
   0.00000000   0.00000000   0.00000000   0.00000000     rms, ekb1, ekb2, epsatm
    1   1.213   4.197    1   2.8345121        l,e99.0,e99.9,nproj,rcpsp
   0.00000000   0.00000000   0.00000000   0.00000000     rms, ekb1, ekb2, epsatm
    2  18.664  23.972    1   2.2918558        l,e99.0,e99.9,nproj,rcpsp
   0.00000000   0.00000000   0.00000000   0.00000000     rms, ekb1, ekb2, epsatm
    1.56404770202776    2.06158206779471    6.88331421535388   rchrg,fchrg,qchrg
 pspatm : epsatm=   62.03296659
         --- l  ekb(1:nproj) -->
             1    1.561134
             2   -8.115829
 pspatm: atomic psp has been read  and splines computed

   4.96263733E+02                                ecore*ucvol(ha*bohr**3)
--------------------------------------------------------------------------------

_setup2: Arith. and geom. avg. npw (full set) are     331.000     331.000

================================================================================

     iter   Etot(hartree)     deltaE(h) residm    vres2    magn
 ETOT  1  -23.679253150986    -2.37E+01 2.53E-02 3.48E+03 2.000
 ETOT  2  -24.959809813715    -1.28E+00 2.11E-05 9.39E+02 0.005
 ETOT  3  -25.194203837519    -2.34E-01 1.41E-05 3.18E+01 0.016
 ETOT  4  -25.199844218089    -5.64E-03 1.90E-06 6.88E-01 0.009
 ETOT  5  -25.200106001446    -2.62E-04 1.14E-07 2.38E-02 0.122
 ETOT  6  -25.200523590035    -4.18E-04 3.94E-09 8.63E-02 0.269
 ETOT  7  -25.200156445171     3.67E-04 1.93E-09 2.29E-02 0.147
 ETOT  8  -25.199997085722     1.59E-04 3.23E-10 1.29E-05 0.003
 ETOT  9  -25.199997025978     5.97E-08 9.75E-13 2.49E-06 0.001
 ETOT 10  -25.199997010366     1.56E-08 2.65E-13 8.81E-08 0.000
 ETOT 11  -25.199997009800     5.66E-10 3.57E-15 1.85E-09 0.000
 ETOT 12  -25.199997009788     1.19E-11 7.79E-17 1.23E-11 0.000
 ETOT 13  -25.199997009788     1.07E-14 4.74E-18 2.83E-14 0.000

 At SCF step   13       vres2   =  2.83E-14 < tolvrs=  1.00E-13 =>converged.

 Cartesian components of stress tensor (hartree/bohr^3)
  sigma(1 1)=  7.04403823E-03  sigma(3 2)=  0.00000000E+00
  sigma(2 2)=  7.04403823E-03  sigma(3 1)=  0.00000000E+00
  sigma(3 3)=  7.04403823E-03  sigma(2 1)=  0.00000000E+00

 Integrated electronic and magnetization densities in atomic spheres:
 ---------------------------------------------------------------------
 Note: Diff(up-dn) is a rough approximation of local magnetic moment
 Atom    Radius    up_density   dn_density  Total(up+dn)  Diff(up-dn)
    1   2.00000     3.122220     3.122220      6.244440     0.000000
 ---------------------------------------------------------------------
  Sum:              3.122220     3.122220      6.244440     0.000000
 Total magnetization (from the atomic spheres):             0.000000
 Total magnetization (exact up - dn):                       0.000000
================================================================================

 ----iterations are completed or convergence reached----

 Mean square residual over all n,k,spin=   4.3211E-19; max=  4.7440E-18
 reduced coordinates (array xred) for    1 atoms
       0.000000000000      0.000000000000      0.000000000000
 rms dE/dt=  0.0000E+00; max dE/dt=  0.0000E+00; dE/dt below (all hartree)
    1       0.000000000000      0.000000000000      0.000000000000

 cartesian coordinates (angstrom) at end:
    1      0.00000000000000     0.00000000000000     0.00000000000000

 cartesian forces (hartree/bohr) at end:
    1     -0.00000000000000    -0.00000000000000    -0.00000000000000
 frms,max,avg= 0.0000000E+00 0.0000000E+00   0.000E+00  0.000E+00  0.000E+00 h/b

 cartesian forces (eV/Angstrom) at end:
    1     -0.00000000000000    -0.00000000000000    -0.00000000000000
 frms,max,avg= 0.0000000E+00 0.0000000E+00   0.000E+00  0.000E+00  0.000E+00 e/A
 length scales=  6.500000000000  6.500000000000  6.500000000000 bohr
              =  3.439651855835  3.439651855835  3.439651855835 angstroms
 prteigrs : about to open file t15o_DS1_EIG
 Fermi (or HOMO) energy (hartree) =  -0.36591   Average Vxc (hartree)=  -0.55044
 Magnetization (Bohr magneton)=  1.61471124E-07
 Total spin up =  4.00000008E+00   Total spin down =  3.99999992E+00
 Eigenvalues (hartree) for nkpt=   1  k points, SPIN UP:
 kpt#   1, nband= 10, wtk=  1.00000, kpt=  0.0000  0.0000  0.0000 (reduced coord)
  -0.65007   -0.37386   -0.37386   -0.37386   -0.33755   -0.33755    0.64117    0.78284
   0.78284    0.78284
      occupation numbers for kpt#   1
   1.00000    0.99989    0.99989    0.99989    0.00016    0.00016    0.00000    0.00000
   0.00000    0.00000
 Eigenvalues (hartree) for nkpt=   1  k points, SPIN DOWN:
 kpt#   1, nband= 10, wtk=  1.00000, kpt=  0.0000  0.0000  0.0000 (reduced coord)
  -0.65007   -0.37386   -0.37386   -0.37386   -0.33755   -0.33755    0.64117    0.78284
   0.78284    0.78284
      occupation numbers for kpt#   1
   1.00000    0.99989    0.99989    0.99989    0.00016    0.00016    0.00000    0.00000
   0.00000    0.00000

--------------------------------------------------------------------------------
 Components of total free energy (in Hartree) :

    Kinetic energy  =  2.40864863922211E+01
    Hartree energy  =  2.25699626676098E+00
    XC energy       = -1.05650846872696E+01
    Ewald energy    = -2.25716286725603E+01
    PspCore energy  =  7.22823825532573E+00
    Loc. psp. energy=  2.46184156524561E+00
    NL   psp  energy= -2.81005606050433E+01
    >>>>> Internal E= -2.52037114853197E+01

    -kT*entropy     =  3.71447553173095E-03
    >>>>>>>>> Etotal= -2.51999970097880E+01

 Other information on the energy :
    Total energy(eV)= -6.85726791904194E+02 ; Band energy (Ha)=  -3.5432738385E+00
--------------------------------------------------------------------------------

 Cartesian components of stress tensor (hartree/bohr^3)
  sigma(1 1)=  7.04403823E-03  sigma(3 2)=  0.00000000E+00
  sigma(2 2)=  7.04403823E-03  sigma(3 1)=  0.00000000E+00
  sigma(3 3)=  7.04403823E-03  sigma(2 1)=  0.00000000E+00

-Cartesian components of stress tensor (GPa)         [Pressure= -2.0724E+02 GPa]
- sigma(1 1)=  2.07242725E+02  sigma(3 2)=  0.00000000E+00
- sigma(2 2)=  2.07242725E+02  sigma(3 1)=  0.00000000E+00
- sigma(3 3)=  2.07242725E+02  sigma(2 1)=  0.00000000E+00

================================================================================
== DATASET  2 ==================================================================
-   nproc =    1

 mkfilename : getwfk/=0, take file _WFK from output of DATASET   1.

 Exchange-correlation functional for the present dataset will be:
  LDA: new Teter (4/93) with spin-polarized option - ixc=1
 Citation for XC functional:
  S. Goedecker, M. Teter, J. Huetter, PRB 54, 1703 (1996)

 Real(R)+Recip(G) space primitive vectors, cartesian coordinates (Bohr,Bohr^-1):
 R(1)=  0.0000000  3.2500000  3.2500000  G(1)= -0.1538462  0.1538462  0.1538462
 R(2)=  3.2500000  0.0000000  3.2500000  G(2)=  0.1538462 -0.1538462  0.1538462
 R(3)=  3.2500000  3.2500000  0.0000000  G(3)=  0.1538462  0.1538462 -0.1538462
 Unit cell volume ucvol=  6.8656250E+01 bohr^3
 Angles (23,13,12)=  6.00000000E+01  6.00000000E+01  6.00000000E+01 degrees
 setup1 : take into account q-point for computing boxcut.

 getcut: wavevector=  0.0000  0.0000  0.0000  ngfft=  20  20  20
         ecut(hartree)=     22.000   => boxcut(ratio)=   2.06089
--------------------------------------------------------------------------------

-inwffil : will read wavefunctions from disk file t15o_DS1_WFK

 ==>  initialize data related to q vector <== 

 The list of irreducible perturbations for this q vector is:
    1)    idir= 1    ipert=   1

================================================================================

 The perturbation idir=   2  ipert=   1 is
 symmetric of a previously calculated perturbation.
 So, its SCF calculation is not needed.


 The perturbation idir=   3  ipert=   1 is
 symmetric of a previously calculated perturbation.
 So, its SCF calculation is not needed.


--------------------------------------------------------------------------------
 Perturbation wavevector (in red.coord.)   0.000000  0.000000  0.000000
 Perturbation : displacement of atom   1   along direction   1
 Found     4 symmetries that leave the perturbation invariant.
 symkpt : not enough symmetry to change the number of k points.

--------------------------------------------------------------------------------

-inwffil : will read wavefunctions from disk file t15o_DS1_WFK
--------------------------------------------------------------------------------

-inwffil : will read wavefunctions from disk file t15o_DS1_WFK
 dfpt_looppert : total number of electrons, from k and k+q
  fully or partially occupied states are    8.000000E+00 and    8.000000E+00.
 Initialisation of the first-order wave-functions :
  ireadwf=   0

     iter   2DEtotal(Ha)        deltaE(Ha) residm    vres2
-ETOT  1   41.478419058737     -5.356E+03 5.020E+00 1.128E+05
 ETOT  2  0.77950847749250     -4.070E+01 2.550E-02 1.533E+03
 ETOT  3  6.83237113204882E-03 -7.727E-01 2.676E-04 1.921E+01
 ETOT  4  5.77917925483007E-04 -6.254E-03 1.537E-05 3.608E-02
 ETOT  5  5.66833725287097E-04 -1.108E-05 2.016E-07 4.974E-05
 ETOT  6  5.66822338413431E-04 -1.139E-08 1.762E-10 9.360E-08
 ETOT  7  5.66820644024801E-04 -1.694E-09 4.295E-12 1.273E-07
 ETOT  8  5.66821458022559E-04  8.140E-10 2.773E-14 6.991E-08
 ETOT  9  5.66822544868728E-04  1.087E-09 3.675E-15 7.077E-08
 ETOT 10  5.66822412082502E-04 -1.328E-10 1.388E-15 1.233E-10
 ETOT 11  5.66822411173007E-04 -9.095E-13 4.240E-17 3.152E-10
 ETOT 12  5.66822407535028E-04 -3.638E-12 1.520E-17 4.191E-12

 At SCF step   12       vres2   =  4.19E-12 < tolvrs=  1.00E-10 =>converged.
================================================================================

 ----iterations are completed or convergence reached----

 Mean square residual over all n,k,spin=  -2.0000E-02; max=  1.5204E-17

 Thirteen components of 2nd-order total energy (hartree) are
 1,2,3: 0th-order hamiltonian combined with 1st-order wavefunctions
     kin0=   4.36289742E+03 eigvalue=   2.21831067E+02  local=   4.46456183E+02
 4,5,6: 1st-order hamiltonian combined with 1st and 0th-order wfs
 loc psp =   1.57694150E+02  Hartree=   1.46378734E+02     xc=  -5.70525889E+01
 note that "loc psp" includes a xc core correction that could be resolved
 7,8,9: eventually, occupation + non-local contributions
    edocc=   9.57410450E+01     enl0=   1.81497729E+02   enl1=  -1.09531933E+04
 1-9 gives the relaxation energy (to be shifted if some occ is /=2.0)
   erelax=  -5.39774959E+03
 10,11,12 Non-relaxation  contributions : frozen-wavefunctions and Ewald
 fr.local=  -1.03593960E+02 fr.nonlo=   5.47659724E+03  Ewald=   0.00000000E+00
 13,14 Frozen wf xc core corrections (1) and (2)
 frxc 1  =  -5.98124757E+01  frxc 2 =   8.45593555E+01
 Resulting in :
 2DEtotal=    0.5668224075E-03 Ha. Also 2DEtotal=    0.154240221119E-01 eV
    (2DErelax=   -5.3977495929E+03 Ha. 2DEnonrelax=    5.3977501597E+03 Ha)
    (  non-var. 2DEtotal :    5.6682498141E-04 Ha)

================================================================================

 ---- first-order wavefunction calculations are completed ----


 ==> Compute Derivative Database <==
  
  2nd-order matrix (non-cartesian coordinates, masses not included,
   asr not included )
     j1       j2             matrix element
  dir pert dir pert     real part     imaginary part
  
   1    1   1    1         0.0005668250         0.0000000000
   1    1   2    1         0.0002834125         0.0000000000
   1    1   3    1         0.0002834125         0.0000000000
   1    1   2    3         0.0000000000         0.0000000000
   1    1   3    3         0.0000000000         0.0000000000
  
   2    1   1    1         0.0002834125         0.0000000000
   2    1   2    1         0.0005668250         0.0000000000
   2    1   3    1         0.0002834125         0.0000000000
   2    1   1    3         0.0000000000         0.0000000000
   2    1   3    3         0.0000000000         0.0000000000
  
   3    1   1    1         0.0002834125         0.0000000000
   3    1   2    1         0.0002834125         0.0000000000
   3    1   3    1         0.0005668250         0.0000000000
   3    1   1    3         0.0000000000         0.0000000000
   3    1   2    3         0.0000000000         0.0000000000
  
   1    3   2    1         0.0000000000         0.0000000000
   1    3   3    1         0.0000000000         0.0000000000
  
   2    3   1    1         0.0000000000         0.0000000000
   2    3   3    1         0.0000000000         0.0000000000
  
   3    3   1    1         0.0000000000         0.0000000000
   3    3   2    1         0.0000000000         0.0000000000
  
  
  Dynamical matrix, in cartesian coordinates,
   if specified in the inputs, asr has been imposed
     j1       j2             matrix element
  dir pert dir pert     real part    imaginary part
  
   1    1   1    1         0.0000268320         0.0000000000
   1    1   2    1         0.0000000000         0.0000000000
   1    1   3    1         0.0000000000         0.0000000000
  
   2    1   1    1         0.0000000000         0.0000000000
   2    1   2    1         0.0000268320         0.0000000000
   2    1   3    1        -0.0000000000         0.0000000000
  
   3    1   1    1         0.0000000000         0.0000000000
   3    1   2    1        -0.0000000000         0.0000000000
   3    1   3    1         0.0000268320         0.0000000000
 
  Phonon wavevector (reduced coordinates) :  0.00000  0.00000  0.00000
 Phonon energies in Hartree :
   1.623477E-05  1.623477E-05  1.623477E-05
 Phonon frequencies in cm-1    :
-  3.563120E+00  3.563120E+00  3.563120E+00

== END DATASET(S) ==============================================================
================================================================================
  
 -outvars: echo values of variables after computation  --------
            acell      6.5000000000E+00  6.5000000000E+00  6.5000000000E+00 Bohr
              amu      5.58470000E+01
             ecut      2.20000000E+01 Hartree
           etotal1    -2.5199997010E+01
           etotal2     5.6682240754E-04
            fcart1    -0.0000000000E+00 -0.0000000000E+00 -0.0000000000E+00
            fcart2     0.0000000000E+00  0.0000000000E+00  0.0000000000E+00
-          fftalg         312
           getwfk1          0
           getwfk2          1
           istwfk1       2
           istwfk2       1
           jdtset        1    2
           kptopt           0
P           mkmem           1
P          mkqmem           1
P          mk1mem           1
            natom           1
            nband          10
           nbdbuf1          0
           nbdbuf2          2
           ndtset           2
            ngfft          20      20      20
             nkpt           1
             nqpt1          0
             nqpt2          1
           nspden           2
           nsppol           2
            nstep1         30
            nstep2         18
             nsym          48
           ntypat           1
              occ      1.000000  0.999895  0.999895  0.999895  0.000158  0.000158
                       0.000000  0.000000  0.000000  0.000000
                       1.000000  0.999895  0.999895  0.999895  0.000158  0.000158
                       0.000000  0.000000  0.000000  0.000000
           occopt           4
        optdriver1          0
        optdriver2          1
            rfdir1          0       0       0
            rfdir2          1       1       1
           rfphon1          0
           rfphon2          1
            rprim      0.0000000000E+00  5.0000000000E-01  5.0000000000E-01
                       5.0000000000E-01  0.0000000000E+00  5.0000000000E-01
                       5.0000000000E-01  5.0000000000E-01  0.0000000000E+00
          spgroup         225
           spinat      0.0000000000E+00  0.0000000000E+00  4.0000000000E+00
           strten1     7.0440382349E-03  7.0440382349E-03  7.0440382349E-03
                       0.0000000000E+00  0.0000000000E+00  0.0000000000E+00
           strten2     0.0000000000E+00  0.0000000000E+00  0.0000000000E+00
                       0.0000000000E+00  0.0000000000E+00  0.0000000000E+00
           symrel      1  0  0   0  1  0   0  0  1      -1  0  0   0 -1  0   0  0 -1
                       0 -1  1   0 -1  0   1 -1  0       0  1 -1   0  1  0  -1  1  0
                      -1  0  0  -1  0  1  -1  1  0       1  0  0   1  0 -1   1 -1  0
                       0  1 -1   1  0 -1   0  0 -1       0 -1  1  -1  0  1   0  0  1
                      -1  0  0  -1  1  0  -1  0  1       1  0  0   1 -1  0   1  0 -1
                       0 -1  1   1 -1  0   0 -1  0       0  1 -1  -1  1  0   0  1  0
                       1  0  0   0  0  1   0  1  0      -1  0  0   0  0 -1   0 -1  0
                       0  1 -1   0  0 -1   1  0 -1       0 -1  1   0  0  1  -1  0  1
                      -1  0  1  -1  1  0  -1  0  0       1  0 -1   1 -1  0   1  0  0
                       0 -1  0   1 -1  0   0 -1  1       0  1  0  -1  1  0   0  1 -1
                       1  0 -1   0  0 -1   0  1 -1      -1  0  1   0  0  1   0 -1  1
                       0  1  0   0  0  1   1  0  0       0 -1  0   0  0 -1  -1  0  0
                       1  0 -1   0  1 -1   0  0 -1      -1  0  1   0 -1  1   0  0  1
                       0 -1  0   0 -1  1   1 -1  0       0  1  0   0  1 -1  -1  1  0
                      -1  0  1  -1  0  0  -1  1  0       1  0 -1   1  0  0   1 -1  0
                       0  1  0   1  0  0   0  0  1       0 -1  0  -1  0  0   0  0 -1
                       0  0 -1   0  1 -1   1  0 -1       0  0  1   0 -1  1  -1  0  1
                       1 -1  0   0 -1  1   0 -1  0      -1  1  0   0  1 -1   0  1  0
                       0  0  1   1  0  0   0  1  0       0  0 -1  -1  0  0   0 -1  0
                      -1  1  0  -1  0  0  -1  0  1       1 -1  0   1  0  0   1  0 -1
                       0  0  1   0  1  0   1  0  0       0  0 -1   0 -1  0  -1  0  0
                       1 -1  0   0 -1  0   0 -1  1      -1  1  0   0  1  0   0  1 -1
                       0  0 -1   1  0 -1   0  1 -1       0  0  1  -1  0  1   0 -1  1
                      -1  1  0  -1  0  1  -1  0  0       1 -1  0   1  0 -1   1  0  0
           tolvrs1     1.00000000E-13
           tolvrs2     1.00000000E-10
            typat      1
            znucl       26.00000

================================================================================


- Timing analysis has been suppressed with timopt=0



================================================================================

 Suggested references for the acknowledgment of ABINIT usage.

 The users of ABINIT have little formal obligations with respect to the ABINIT group
 (those specified in the GNU General Public License, http://www.gnu.org/copyleft/gpl.txt).
 However, it is common practice in the scientific literature,
 to acknowledge the efforts of people that have made the research possible.
 In this spirit, please find below suggested citations of work written by ABINIT developers,
 corresponding to implementations inside of ABINIT that you have used in the present run.
 Note also that it will be of great value to readers of publications presenting these results,
 to read papers enabling them to understand the theoretical formalism and details
 of the ABINIT implementation.
 For information on why they are suggested, see also https://www.abinit.org/about/?text=acknowledgments.
-
- [1] First-principles responses of solids to atomic displacements and homogeneous electric fields:,
- implementation of a conjugate-gradient algorithm. X. Gonze, Phys. Rev. B55, 10337 (1997).
- Comment : Non-vanishing rfphon and/or rfelfd, in the norm-conserving case.
-
- [2] Dynamical matrices, Born effective charges, dielectric permittivity tensors, and ,
- interatomic force constants from density-functional perturbation theory,
- X. Gonze and C. Lee, Phys. Rev. B55, 10355 (1997).
- Comment : Non-vanishing rfphon and/or rfelfd, in the norm-conserving case.
-
- [3] ABINIT : First-principles approach of materials and nanosystem properties.
- X. Gonze, B. Amadon, P.-M. Anglade, J.-M. Beuken, F. Bottin, P. Boulanger, F. Bruneval,
- D. Caliste, R. Caracas, M. Cote, T. Deutsch, L. Genovese, Ph. Ghosez, M. Giantomassi
- S. Goedecker, D.R. Hamann, P. Hermet, F. Jollet, G. Jomard, S. Leroux, M. Mancini, S. Mazevet,
- M.J.T. Oliveira, G. Onida, Y. Pouillon, T. Rangel, G.-M. Rignanese, D. Sangalli, R. Shaltaf,
- M. Torrent, M.J. Verstraete, G. Zerah, J.W. Zwanziger
- Computer Phys. Comm. 180, 2582-2615 (2009).
- Comment : the third generic paper describing the ABINIT project.
- Note that a version of this paper, that is not formatted for Computer Phys. Comm. 
- is available at https://www.abinit.org/about/ABINIT_CPC_v10.pdf .
- The licence allows the authors to put it on the Web.
-
- [4] A brief introduction to the ABINIT software package.
- X. Gonze, G.-M. Rignanese, M. Verstraete, J.-M. Beuken, Y. Pouillon, R. Caracas, F. Jollet,
- M. Torrent, G. Zerah, M. Mikami, Ph. Ghosez, M. Veithen, J.-Y. Raty, V. Olevano, F. Bruneval,
- L. Reining, R. Godby, G. Onida, D.R. Hamann, and D.C. Allan.
- Z. Kristallogr. 220, 558-562 (2005).
- Comment : the second generic paper describing the ABINIT project. Note that this paper
- should be cited especially if you are using the GW part of ABINIT, as several authors
- of this part are not in the list of authors of the first or third paper.
- The .pdf of the latter paper is available at https://www.abinit.org/about/zfk_0505-06_558-562.pdf.
- Note that it should not redistributed (Copyright by Oldenburg Wissenshaftverlag,
- the licence allows the authors to put it on the Web).
-
- And optionally:
-
- [5] First-principles computation of material properties : the ABINIT software project. 
- X. Gonze, J.-M. Beuken, R. Caracas, F. Detraux, M. Fuchs, G.-M. Rignanese, L. Sindic,
- M. Verstraete, G. Zerah, F. Jollet, M. Torrent, A. Roy, M. Mikami, Ph. Ghosez, J.-Y. Raty, D.C. Allan.
- Computational Materials Science 25, 478-492 (2002). http://dx.doi.org/10.1016/S0927-0256(02)00325-7
- Comment : the original paper describing the ABINIT project.
-
- Proc.   0 individual time (sec): cpu=          1.4  wall=          1.5

================================================================================

 Calculation completed.
.Delivered  11 WARNINGs and   1 COMMENTs to log file.
+Overall time at end (sec) : cpu=          1.4  wall=          1.5
