
.Version 8.0.3 of ABINIT 
.(MPI version, prepared for a x86_64_linux_gnu5.3 computer) 

.Copyright (C) 1998-2018 ABINIT group . 
 ABINIT comes with ABSOLUTELY NO WARRANTY.
 It is free software, and you are welcome to redistribute it
 under certain conditions (GNU General Public License,
 see ~abinit/COPYING or http://www.gnu.org/copyleft/gpl.txt).

 ABINIT is a project of the Universite Catholique de Louvain,
 Corning Inc. and other collaborators, see ~abinit/doc/developers/contributors.txt .
 Please read ~abinit/doc/users/acknowledgments.html for suggested
 acknowledgments of the ABINIT effort.
 For more information, see https://www.abinit.org .

.Starting date : Mon  4 Apr 2016.
- ( at 11h57 )
  
- input  file    -> t58.in
- output file    -> t58.out
- root for input  files -> t58i
- root for output files -> t58o


 Symmetries : space group P-1 (#  2); Bravais aP (primitive triclinic)
================================================================================
 Values of the parameters that define the memory need of the present run
     intxc =       0    ionmov =       0      iscf =       7    lmnmax =       2
     lnmax =       2     mgfft =      24  mpssoang =       3    mqgrid =    3001
     natom =       2  nloc_mem =       1    nspden =       2   nspinor =       1
    nsppol =       2      nsym =       2    n1xccc =    2501    ntypat =       1
    occopt =       1   xclevel =       1
-    mband =           4        mffmem =           1         mkmem =           4
       mpw =         142          nfft =        3840          nkpt =           4
================================================================================
P This job should need less than                       2.326 Mbytes of memory.
  Rough estimation (10% accuracy) of disk space for files :
_ WF disk file :      0.071 Mbytes ; DEN or POT disk file :      0.061 Mbytes.
================================================================================

--------------------------------------------------------------------------------
------------- Echo of variables that govern the present computation ------------
--------------------------------------------------------------------------------
-
- outvars: echo of selected default values                                      
-   accesswff0 =  0 , fftalg0 =312 , wfoptalg0 =  0
-
- outvars: echo of global parameters not present in the input file              
-  max_nthreads =    0
-
 -outvars: echo values of preprocessed input variables --------
            acell      6.0000000000E+00  1.0000000000E+01  1.4000000000E+01 Bohr
              amu      2.80855000E+01
           diemac      5.00000000E+00
           diemix      6.00000000E-01
             ecut      5.80000000E+00 Hartree
-          fftalg         312
              kpt      2.50000000E-01  2.50000000E-01  2.50000000E-01
                      -2.50000000E-01  2.50000000E-01  2.50000000E-01
                       2.50000000E-01 -2.50000000E-01  2.50000000E-01
                      -2.50000000E-01 -2.50000000E-01  2.50000000E-01
         kptrlatt        2    0    0      0    2    0      0    0    2
          kptrlen      8.48528137E+00
P           mkmem           4
            natom           2
            nband           4
            ngfft          10      16      24
             nkpt           4
           nspden           2
           nsppol           2
            nstep          10
             nsym           2
           ntypat           1
              occ      1.000000  1.000000  1.000000  1.000000
                       1.000000  1.000000  1.000000  1.000000
            rprim      0.0000000000E+00  5.0000000000E-01  5.0000000000E-01
                       5.0000000000E-01  0.0000000000E+00  5.0000000000E-01
                       5.0000000000E-01  5.0000000000E-01  0.0000000000E+00
           shiftk      5.00000000E-01  5.00000000E-01  5.00000000E-01
          spgroup           2
   spinmagntarget      0.00000000E+00
           symrel      1  0  0   0  1  0   0  0  1      -1  0  0   0 -1  0   0  0 -1
            tnons      0.0000000  0.0000000  0.0000000     0.2500000  0.2500000  0.2500000
           toldfe      1.00000000E-06 Hartree
            typat      1  1
              wtk        0.25000    0.25000    0.25000    0.25000
           xangst      0.0000000000E+00  0.0000000000E+00  0.0000000000E+00
                       1.5875316258E+00  1.3229430215E+00  1.0583544172E+00
            xcart      0.0000000000E+00  0.0000000000E+00  0.0000000000E+00
                       3.0000000000E+00  2.5000000000E+00  2.0000000000E+00
             xred      0.0000000000E+00  0.0000000000E+00  0.0000000000E+00
                       2.5000000000E-01  2.5000000000E-01  2.5000000000E-01
            znucl       14.00000

================================================================================

 chkinp: Checking input parameters for consistency.
 This is a calculation with spin-up and spin-down wavefunctions,         ... nsppol=  2
 in which the target spin-polarization is zero.                  ... spinmagntarget=   0.00
 Tip ... It might be possible that the ground state is either non-spin-polarized, or antiferromagnetic.
 In the former case, it is advantageous to use nsppol=1 and nspden=1,
 while in the latter  case, it is advantageous to use nsppol=1 and nspden=2.

================================================================================
== DATASET  1 ==================================================================
-   nproc =    1

 Exchange-correlation functional for the present dataset will be:
  LDA: new Teter (4/93) with spin-polarized option - ixc=1
 Citation for XC functional:
  S. Goedecker, M. Teter, J. Huetter, PRB 54, 1703 (1996)

 Real(R)+Recip(G) space primitive vectors, cartesian coordinates (Bohr,Bohr^-1):
 R(1)=  0.0000000  3.0000000  3.0000000  G(1)= -0.1666667  0.1666667  0.1666667
 R(2)=  5.0000000  0.0000000  5.0000000  G(2)=  0.1000000 -0.1000000  0.1000000
 R(3)=  7.0000000  7.0000000  0.0000000  G(3)=  0.0714286  0.0714286 -0.0714286
 Unit cell volume ucvol=  2.1000000E+02 bohr^3
 Angles (23,13,12)=  6.00000000E+01  6.00000000E+01  6.00000000E+01 degrees

 getcut: wavevector=  0.0000  0.0000  0.0000  ngfft=  10  16  24
         ecut(hartree)=      5.800   => boxcut(ratio)=   2.09784

--- Pseudopotential description ------------------------------------------------
- pspini: atom type   1  psp file is /home/buildbot/bb/ABINIT/abiref_gnu_5.3_openmpi/gonze_8.0.3-public/tests/Psps_for_tests/14si.pspnc
- pspatm: opening atomic psp file    /home/buildbot/bb/ABINIT/abiref_gnu_5.3_openmpi/gonze_8.0.3-public/tests/Psps_for_tests/14si.pspnc
-  Troullier-Martins psp for element  Si        Thu Oct 27 17:31:21 EDT 1994
- 14.00000   4.00000    940714                znucl, zion, pspdat
    1    1    2    2      2001   0.00000      pspcod,pspxc,lmax,lloc,mmax,r2well
    0   5.907  14.692    1   2.0872718        l,e99.0,e99.9,nproj,rcpsp
   0.00000000   0.00000000   0.00000000   0.00000000     rms, ekb1, ekb2, epsatm
    1   2.617   4.181    1   2.0872718        l,e99.0,e99.9,nproj,rcpsp
   0.00000000   0.00000000   0.00000000   0.00000000     rms, ekb1, ekb2, epsatm
    2   0.000   0.000    0   2.0872718        l,e99.0,e99.9,nproj,rcpsp
   0.00000000   0.00000000   0.00000000   0.00000000     rms, ekb1, ekb2, epsatm
    1.80626423934776    0.22824404341771    1.17378968127746   rchrg,fchrg,qchrg
 pspatm : epsatm=    1.43386982
         --- l  ekb(1:nproj) -->
             0    3.287949
             1    1.849886
 pspatm: atomic psp has been read  and splines computed

   2.29419171E+01                                ecore*ucvol(ha*bohr**3)
--------------------------------------------------------------------------------

_setup2: Arith. and geom. avg. npw (full set) are     139.500     139.483

================================================================================

     iter   Etot(hartree)      deltaE(h)  residm     vres2
 ETOT  1  -8.4445953496252    -8.445E+00 9.322E-03 1.771E+02
 ETOT  2  -8.5683393756974    -1.237E-01 8.576E-04 4.348E+00
 ETOT  3  -8.5719149791765    -3.576E-03 9.300E-05 5.013E-01
 ETOT  4  -8.5719808198073    -6.584E-05 3.574E-05 3.669E-01
 ETOT  5  -8.5722791385305    -2.983E-04 4.458E-06 1.666E-02
 ETOT  6  -8.5722893816536    -1.024E-05 2.721E-07 1.648E-04
 ETOT  7  -8.5722890539519     3.277E-07 2.109E-07 6.536E-04
 ETOT  8  -8.5722897291544    -6.752E-07 1.480E-08 2.452E-04

 At SCF step    8, etot is converged : 
  for the second time, diff in etot=  6.752E-07 < toldfe=  1.000E-06

 Cartesian components of stress tensor (hartree/bohr^3)
  sigma(1 1)= -5.85533025E-03  sigma(3 2)= -6.60483312E-04
  sigma(2 2)= -4.38626882E-04  sigma(3 1)=  1.51105506E-03
  sigma(3 3)= -8.34058383E-04  sigma(2 1)=  1.10543115E-03

 Integrated electronic and magnetization densities in atomic spheres:
 ---------------------------------------------------------------------
 Note: Diff(up-dn) is a rough approximation of local magnetic moment
 Atom    Radius    up_density   dn_density  Total(up+dn)  Diff(up-dn)
    1   2.00000     1.118461     1.118461      2.236922     0.000000
    2   2.00000     1.127864     1.127864      2.255728     0.000000
 ---------------------------------------------------------------------
  Sum:              2.246325     2.246325      4.492650     0.000000
 Total magnetization (from the atomic spheres):             0.000000
 Total magnetization (exact up - dn):                       0.000000
================================================================================

 ----iterations are completed or convergence reached----

 Mean square residual over all n,k,spin=   2.0731E-09; max=  1.4799E-08
 reduced coordinates (array xred) for    2 atoms
       0.000000000000      0.000000000000      0.000000000000
       0.250000000000      0.250000000000      0.250000000000
 rms dE/dt=  1.7572E+00; max dE/dt=  2.6203E+00; dE/dt below (all hartree)
    1      -0.544052648120      1.449562766610      2.620271342515
    2       0.544052648120     -1.449562766610     -2.620271342515

 cartesian coordinates (angstrom) at end:
    1      0.00000000000000     0.00000000000000     0.00000000000000
    2      1.58753162577000     1.32294302147500     1.05835441718000

 cartesian forces (hartree/bohr) at end:
    1     -0.42279395676536     0.04846947926318     0.13288140344340
    2      0.42279395676536    -0.04846947926318    -0.13288140344340
 frms,max,avg= 2.5739819E-01 4.2279396E-01   0.000E+00  0.000E+00  0.000E+00 h/b

 cartesian forces (eV/Angstrom) at end:
    1    -21.74093756207892     2.49240062556535     6.83303592493787
    2     21.74093756207892    -2.49240062556535    -6.83303592493787
 frms,max,avg= 1.3235946E+01 2.1740938E+01   0.000E+00  0.000E+00  0.000E+00 e/A
 length scales=  6.000000000000 10.000000000000 14.000000000000 bohr
              =  3.175063251540  5.291772085900  7.408480920260 angstroms
 prteigrs : about to open file t58o_EIG
 Fermi (or HOMO) energy (hartree) =   0.28192   Average Vxc (hartree)=  -0.38253
 Eigenvalues (hartree) for nkpt=   4  k points, SPIN UP:
 kpt#   1, nband=  4, wtk=  0.25000, kpt=  0.2500  0.2500  0.2500 (reduced coord)
  -0.20622    0.13645    0.21146    0.27520
 prteigrs : prtvol=0 or 1, do not print more k-points.

 Eigenvalues (hartree) for nkpt=   4  k points, SPIN DOWN:
 kpt#   1, nband=  4, wtk=  0.25000, kpt=  0.2500  0.2500  0.2500 (reduced coord)
  -0.20622    0.13645    0.21146    0.27520
 prteigrs : prtvol=0 or 1, do not print more k-points.


--------------------------------------------------------------------------------
 Components of total free energy (in Hartree) :

    Kinetic energy  =  3.67014939924822E+00
    Hartree energy  =  1.14748918493737E+00
    XC energy       = -3.76863348768776E+00
    Ewald energy    = -8.02727370540478E+00
    PspCore energy  =  1.09247224487066E-01
    Loc. psp. energy= -3.87314281331788E+00
    NL   psp  energy=  2.16987446858340E+00
    >>>>>>>>> Etotal= -8.57228972915437E+00

 Other information on the energy :
    Total energy(eV)= -2.33263866379155E+02 ; Band energy (Ha)=   6.6829432349E-01
--------------------------------------------------------------------------------

 Cartesian components of stress tensor (hartree/bohr^3)
  sigma(1 1)= -5.85533025E-03  sigma(3 2)= -6.60483312E-04
  sigma(2 2)= -4.38626882E-04  sigma(3 1)=  1.51105506E-03
  sigma(3 3)= -8.34058383E-04  sigma(2 1)=  1.10543115E-03

-Cartesian components of stress tensor (GPa)         [Pressure=  6.9904E+01 GPa]
- sigma(1 1)= -1.72269735E+02  sigma(3 2)= -1.94320867E+01
- sigma(2 2)= -1.29048462E+01  sigma(3 1)=  4.44567672E+01
- sigma(3 3)= -2.45388407E+01  sigma(2 1)=  3.25229017E+01

== END DATASET(S) ==============================================================
================================================================================
  
 -outvars: echo values of variables after computation  --------
            acell      6.0000000000E+00  1.0000000000E+01  1.4000000000E+01 Bohr
              amu      2.80855000E+01
           diemac      5.00000000E+00
           diemix      6.00000000E-01
             ecut      5.80000000E+00 Hartree
           etotal     -8.5722897292E+00
            fcart     -4.2279395677E-01  4.8469479263E-02  1.3288140344E-01
                       4.2279395677E-01 -4.8469479263E-02 -1.3288140344E-01
-          fftalg         312
              kpt      2.50000000E-01  2.50000000E-01  2.50000000E-01
                      -2.50000000E-01  2.50000000E-01  2.50000000E-01
                       2.50000000E-01 -2.50000000E-01  2.50000000E-01
                      -2.50000000E-01 -2.50000000E-01  2.50000000E-01
         kptrlatt        2    0    0      0    2    0      0    0    2
          kptrlen      8.48528137E+00
P           mkmem           4
            natom           2
            nband           4
            ngfft          10      16      24
             nkpt           4
           nspden           2
           nsppol           2
            nstep          10
             nsym           2
           ntypat           1
              occ      1.000000  1.000000  1.000000  1.000000
                       1.000000  1.000000  1.000000  1.000000
            rprim      0.0000000000E+00  5.0000000000E-01  5.0000000000E-01
                       5.0000000000E-01  0.0000000000E+00  5.0000000000E-01
                       5.0000000000E-01  5.0000000000E-01  0.0000000000E+00
           shiftk      5.00000000E-01  5.00000000E-01  5.00000000E-01
          spgroup           2
   spinmagntarget      0.00000000E+00
           strten     -5.8553302514E-03 -4.3862688226E-04 -8.3405838263E-04
                      -6.6048331208E-04  1.5110550576E-03  1.1054311477E-03
           symrel      1  0  0   0  1  0   0  0  1      -1  0  0   0 -1  0   0  0 -1
            tnons      0.0000000  0.0000000  0.0000000     0.2500000  0.2500000  0.2500000
           toldfe      1.00000000E-06 Hartree
            typat      1  1
              wtk        0.25000    0.25000    0.25000    0.25000
           xangst      0.0000000000E+00  0.0000000000E+00  0.0000000000E+00
                       1.5875316258E+00  1.3229430215E+00  1.0583544172E+00
            xcart      0.0000000000E+00  0.0000000000E+00  0.0000000000E+00
                       3.0000000000E+00  2.5000000000E+00  2.0000000000E+00
             xred      0.0000000000E+00  0.0000000000E+00  0.0000000000E+00
                       2.5000000000E-01  2.5000000000E-01  2.5000000000E-01
            znucl       14.00000

================================================================================


- Timing analysis has been suppressed with timopt=0



================================================================================

 Suggested references for the acknowledgment of ABINIT usage.

 The users of ABINIT have little formal obligations with respect to the ABINIT group
 (those specified in the GNU General Public License, http://www.gnu.org/copyleft/gpl.txt).
 However, it is common practice in the scientific literature,
 to acknowledge the efforts of people that have made the research possible.
 In this spirit, please find below suggested citations of work written by ABINIT developers,
 corresponding to implementations inside of ABINIT that you have used in the present run.
 Note also that it will be of great value to readers of publications presenting these results,
 to read papers enabling them to understand the theoretical formalism and details
 of the ABINIT implementation.
 For information on why they are suggested, see also https://www.abinit.org/about/?text=acknowledgments.
-
- [1] ABINIT : First-principles approach of materials and nanosystem properties.
- X. Gonze, B. Amadon, P.-M. Anglade, J.-M. Beuken, F. Bottin, P. Boulanger, F. Bruneval,
- D. Caliste, R. Caracas, M. Cote, T. Deutsch, L. Genovese, Ph. Ghosez, M. Giantomassi
- S. Goedecker, D.R. Hamann, P. Hermet, F. Jollet, G. Jomard, S. Leroux, M. Mancini, S. Mazevet,
- M.J.T. Oliveira, G. Onida, Y. Pouillon, T. Rangel, G.-M. Rignanese, D. Sangalli, R. Shaltaf,
- M. Torrent, M.J. Verstraete, G. Zerah, J.W. Zwanziger
- Computer Phys. Comm. 180, 2582-2615 (2009).
- Comment : the third generic paper describing the ABINIT project.
- Note that a version of this paper, that is not formatted for Computer Phys. Comm. 
- is available at https://www.abinit.org/about/ABINIT_CPC_v10.pdf .
- The licence allows the authors to put it on the Web.
-
- [2] A brief introduction to the ABINIT software package.
- X. Gonze, G.-M. Rignanese, M. Verstraete, J.-M. Beuken, Y. Pouillon, R. Caracas, F. Jollet,
- M. Torrent, G. Zerah, M. Mikami, Ph. Ghosez, M. Veithen, J.-Y. Raty, V. Olevano, F. Bruneval,
- L. Reining, R. Godby, G. Onida, D.R. Hamann, and D.C. Allan.
- Z. Kristallogr. 220, 558-562 (2005).
- Comment : the second generic paper describing the ABINIT project. Note that this paper
- should be cited especially if you are using the GW part of ABINIT, as several authors
- of this part are not in the list of authors of the first or third paper.
- The .pdf of the latter paper is available at https://www.abinit.org/about/zfk_0505-06_558-562.pdf.
- Note that it should not redistributed (Copyright by Oldenburg Wissenshaftverlag,
- the licence allows the authors to put it on the Web).
-
- And optionally:
-
- [3] First-principles computation of material properties : the ABINIT software project. 
- X. Gonze, J.-M. Beuken, R. Caracas, F. Detraux, M. Fuchs, G.-M. Rignanese, L. Sindic,
- M. Verstraete, G. Zerah, F. Jollet, M. Torrent, A. Roy, M. Mikami, Ph. Ghosez, J.-Y. Raty, D.C. Allan.
- Computational Materials Science 25, 478-492 (2002). http://dx.doi.org/10.1016/S0927-0256(02)00325-7
- Comment : the original paper describing the ABINIT project.
-
- [4] Fast radix 2, 3, 4 and 5 kernels for Fast Fourier Transformations
- on computers with overlapping multiply-add instructions.
- S. Goedecker, SIAM J. on Scientific Computing 18, 1605 (1997).
-
- Proc.   0 individual time (sec): cpu=          0.9  wall=          1.0

================================================================================

 Calculation completed.
.Delivered  10 WARNINGs and   1 COMMENTs to log file.
+Overall time at end (sec) : cpu=          0.9  wall=          1.0
