
.Version 8.0.3 of ABINIT 
.(MPI version, prepared for a x86_64_linux_gnu5.3 computer) 

.Copyright (C) 1998-2018 ABINIT group . 
 ABINIT comes with ABSOLUTELY NO WARRANTY.
 It is free software, and you are welcome to redistribute it
 under certain conditions (GNU General Public License,
 see ~abinit/COPYING or http://www.gnu.org/copyleft/gpl.txt).

 ABINIT is a project of the Universite Catholique de Louvain,
 Corning Inc. and other collaborators, see ~abinit/doc/developers/contributors.txt .
 Please read https://docs.abinit.org/theory/acknowledgments for suggested
 acknowledgments of the ABINIT effort.
 For more information, see https://www.abinit.org .

.Starting date : Mon  4 Apr 2016.
- ( at 11h57 )
  
- input  file    -> t62.in
- output file    -> t62.out
- root for input  files -> t62i
- root for output files -> t62o


 DATASET    1 : space group Fd -3 m (#227); Bravais cF (face-center cubic)
================================================================================
 Values of the parameters that define the memory need for DATASET  1.
     intxc =       0    ionmov =       0      iscf =       7    lmnmax =       2
     lnmax =       2     mgfft =      12  mpssoang =       3    mqgrid =    3001
     natom =       2  nloc_mem =       1    nspden =       1   nspinor =       1
    nsppol =       1      nsym =      48    n1xccc =    2501    ntypat =       1
    occopt =       1   xclevel =       1
-    mband =           4        mffmem =           1         mkmem =          10
       mpw =          67          nfft =        1728          nkpt =          10
================================================================================
P This job should need less than                       1.103 Mbytes of memory.
  Rough estimation (10% accuracy) of disk space for files :
_ WF disk file :      0.043 Mbytes ; DEN or POT disk file :      0.015 Mbytes.
================================================================================


 DATASET    2 : space group Fd -3 m (#227); Bravais cF (face-center cubic)
================================================================================
 Values of the parameters that define the memory need for DATASET  2.
     intxc =       0    ionmov =       0      iscf =      -2    lmnmax =       2
     lnmax =       2     mgfft =      12  mpssoang =       3    mqgrid =    3001
     natom =       2  nloc_mem =       1    nspden =       1   nspinor =       1
    nsppol =       1      nsym =      48    n1xccc =    2501    ntypat =       1
    occopt =       1   xclevel =       1
-    mband =           4        mffmem =           1         mkmem =           2
       mpw =          35          nfft =        1728          nkpt =           2
================================================================================
P This job should need less than                       0.834 Mbytes of memory.
  Rough estimation (10% accuracy) of disk space for files :
_ WF disk file :      0.006 Mbytes ; DEN or POT disk file :      0.015 Mbytes.
================================================================================

--------------------------------------------------------------------------------
------------- Echo of variables that govern the present computation ------------
--------------------------------------------------------------------------------
-
- outvars: echo of selected default values                                      
-   accesswff0 =  0 , fftalg0 =312 , wfoptalg0 =  0
-
- outvars: echo of global parameters not present in the input file              
-  max_nthreads =    0
-
 -outvars: echo values of preprocessed input variables --------
            acell      1.0180000000E+01  1.0180000000E+01  1.0180000000E+01 Bohr
              amu      2.80855000E+01
      chksymbreak           0
           diemac      1.20000000E+01
             ecut      3.00000000E+00 Hartree
-          fftalg         312
           getden1          0
           getden2          1
             iscf1          7
             iscf2         -2
           istwfk2       2    3
           jdtset        1    2
              kpt1     1.25000000E-01  1.25000000E-01  1.25000000E-01
                       3.75000000E-01  1.25000000E-01  1.25000000E-01
                      -3.75000000E-01  1.25000000E-01  1.25000000E-01
                      -1.25000000E-01  1.25000000E-01  1.25000000E-01
                       3.75000000E-01  3.75000000E-01  1.25000000E-01
                      -3.75000000E-01  3.75000000E-01  1.25000000E-01
                      -1.25000000E-01  3.75000000E-01  1.25000000E-01
                      -3.75000000E-01 -3.75000000E-01  1.25000000E-01
                       3.75000000E-01  3.75000000E-01  3.75000000E-01
                      -3.75000000E-01  3.75000000E-01  3.75000000E-01
              kpt2     0.00000000E+00  0.00000000E+00  0.00000000E+00
                       5.00000000E-01  0.00000000E+00  0.00000000E+00
           kptopt1          1
           kptopt2          0
         kptrlatt        4    0    0      0    4    0      0    0    4
          kptrlen1     2.87933881E+01
          kptrlen2     3.00000000E+01
P           mkmem1         10
P           mkmem2          2
            natom           2
            nband1          4
            nband2          4
           nbdbuf1          0
           nbdbuf2          2
           ndtset           2
            ngfft          12      12      12
             nkpt1         10
             nkpt2          2
            nstep          15
             nsym          48
           ntypat           1
              occ      2.000000  2.000000  2.000000  2.000000
            rprim      0.0000000000E+00  5.0000000000E-01  5.0000000000E-01
                       5.0000000000E-01  0.0000000000E+00  5.0000000000E-01
                       5.0000000000E-01  5.0000000000E-01  0.0000000000E+00
           shiftk      5.00000000E-01  5.00000000E-01  5.00000000E-01
          spgroup         227
           symrel      1  0  0   0  1  0   0  0  1      -1  0  0   0 -1  0   0  0 -1
                       0 -1  1   0 -1  0   1 -1  0       0  1 -1   0  1  0  -1  1  0
                      -1  0  0  -1  0  1  -1  1  0       1  0  0   1  0 -1   1 -1  0
                       0  1 -1   1  0 -1   0  0 -1       0 -1  1  -1  0  1   0  0  1
                      -1  0  0  -1  1  0  -1  0  1       1  0  0   1 -1  0   1  0 -1
                       0 -1  1   1 -1  0   0 -1  0       0  1 -1  -1  1  0   0  1  0
                       1  0  0   0  0  1   0  1  0      -1  0  0   0  0 -1   0 -1  0
                       0  1 -1   0  0 -1   1  0 -1       0 -1  1   0  0  1  -1  0  1
                      -1  0  1  -1  1  0  -1  0  0       1  0 -1   1 -1  0   1  0  0
                       0 -1  0   1 -1  0   0 -1  1       0  1  0  -1  1  0   0  1 -1
                       1  0 -1   0  0 -1   0  1 -1      -1  0  1   0  0  1   0 -1  1
                       0  1  0   0  0  1   1  0  0       0 -1  0   0  0 -1  -1  0  0
                       1  0 -1   0  1 -1   0  0 -1      -1  0  1   0 -1  1   0  0  1
                       0 -1  0   0 -1  1   1 -1  0       0  1  0   0  1 -1  -1  1  0
                      -1  0  1  -1  0  0  -1  1  0       1  0 -1   1  0  0   1 -1  0
                       0  1  0   1  0  0   0  0  1       0 -1  0  -1  0  0   0  0 -1
                       0  0 -1   0  1 -1   1  0 -1       0  0  1   0 -1  1  -1  0  1
                       1 -1  0   0 -1  1   0 -1  0      -1  1  0   0  1 -1   0  1  0
                       0  0  1   1  0  0   0  1  0       0  0 -1  -1  0  0   0 -1  0
                      -1  1  0  -1  0  0  -1  0  1       1 -1  0   1  0  0   1  0 -1
                       0  0  1   0  1  0   1  0  0       0  0 -1   0 -1  0  -1  0  0
                       1 -1  0   0 -1  0   0 -1  1      -1  1  0   0  1  0   0  1 -1
                       0  0 -1   1  0 -1   0  1 -1       0  0  1  -1  0  1   0 -1  1
                      -1  1  0  -1  0  1  -1  0  0       1 -1  0   1  0 -1   1  0  0
            tnons      0.0000000  0.0000000  0.0000000     0.2500000  0.2500000  0.2500000
                       0.0000000  0.0000000  0.0000000     0.2500000  0.2500000  0.2500000
                       0.0000000  0.0000000  0.0000000     0.2500000  0.2500000  0.2500000
                       0.0000000  0.0000000  0.0000000     0.2500000  0.2500000  0.2500000
                       0.0000000  0.0000000  0.0000000     0.2500000  0.2500000  0.2500000
                       0.0000000  0.0000000  0.0000000     0.2500000  0.2500000  0.2500000
                       0.0000000  0.0000000  0.0000000     0.2500000  0.2500000  0.2500000
                       0.0000000  0.0000000  0.0000000     0.2500000  0.2500000  0.2500000
                       0.0000000  0.0000000  0.0000000     0.2500000  0.2500000  0.2500000
                       0.0000000  0.0000000  0.0000000     0.2500000  0.2500000  0.2500000
                       0.0000000  0.0000000  0.0000000     0.2500000  0.2500000  0.2500000
                       0.0000000  0.0000000  0.0000000     0.2500000  0.2500000  0.2500000
                       0.0000000  0.0000000  0.0000000     0.2500000  0.2500000  0.2500000
                       0.0000000  0.0000000  0.0000000     0.2500000  0.2500000  0.2500000
                       0.0000000  0.0000000  0.0000000     0.2500000  0.2500000  0.2500000
                       0.0000000  0.0000000  0.0000000     0.2500000  0.2500000  0.2500000
                       0.0000000  0.0000000  0.0000000     0.2500000  0.2500000  0.2500000
                       0.0000000  0.0000000  0.0000000     0.2500000  0.2500000  0.2500000
                       0.0000000  0.0000000  0.0000000     0.2500000  0.2500000  0.2500000
                       0.0000000  0.0000000  0.0000000     0.2500000  0.2500000  0.2500000
                       0.0000000  0.0000000  0.0000000     0.2500000  0.2500000  0.2500000
                       0.0000000  0.0000000  0.0000000     0.2500000  0.2500000  0.2500000
                       0.0000000  0.0000000  0.0000000     0.2500000  0.2500000  0.2500000
                       0.0000000  0.0000000  0.0000000     0.2500000  0.2500000  0.2500000
           tolwfr      3.00000000E-22
            typat      1  1
              wtk1       0.03125    0.09375    0.09375    0.09375    0.09375    0.18750
                         0.18750    0.09375    0.03125    0.09375
              wtk2       1.00000    1.00000
           xangst      0.0000000000E+00  0.0000000000E+00  0.0000000000E+00
                       1.3467559959E+00  1.3467559959E+00  1.3467559959E+00
            xcart      0.0000000000E+00  0.0000000000E+00  0.0000000000E+00
                       2.5450000000E+00  2.5450000000E+00  2.5450000000E+00
             xred      0.0000000000E+00  0.0000000000E+00  0.0000000000E+00
                       2.5000000000E-01  2.5000000000E-01  2.5000000000E-01
            znucl       14.00000

================================================================================

 chkinp: Checking input parameters for consistency, jdtset=   1.

 chkinp: Checking input parameters for consistency, jdtset=   2.

================================================================================
== DATASET  1 ==================================================================
-   nproc =    1

 Exchange-correlation functional for the present dataset will be:
  LDA: new Teter (4/93) with spin-polarized option - ixc=1
 Citation for XC functional:
  S. Goedecker, M. Teter, J. Huetter, PRB 54, 1703 (1996)

 Real(R)+Recip(G) space primitive vectors, cartesian coordinates (Bohr,Bohr^-1):
 R(1)=  0.0000000  5.0900000  5.0900000  G(1)= -0.0982318  0.0982318  0.0982318
 R(2)=  5.0900000  0.0000000  5.0900000  G(2)=  0.0982318 -0.0982318  0.0982318
 R(3)=  5.0900000  5.0900000  0.0000000  G(3)=  0.0982318  0.0982318 -0.0982318
 Unit cell volume ucvol=  2.6374446E+02 bohr^3
 Angles (23,13,12)=  6.00000000E+01  6.00000000E+01  6.00000000E+01 degrees

 getcut: wavevector=  0.0000  0.0000  0.0000  ngfft=  12  12  12
         ecut(hartree)=      3.000   => boxcut(ratio)=   2.13807

--- Pseudopotential description ------------------------------------------------
- pspini: atom type   1  psp file is /home/buildbot/bb/ABINIT/abiref_gnu_5.3_openmpi/gonze_8.0.3-public/tests/Psps_for_tests/14si.pspnc
- pspatm: opening atomic psp file    /home/buildbot/bb/ABINIT/abiref_gnu_5.3_openmpi/gonze_8.0.3-public/tests/Psps_for_tests/14si.pspnc
-  Troullier-Martins psp for element  Si        Thu Oct 27 17:31:21 EDT 1994
- 14.00000   4.00000    940714                znucl, zion, pspdat
    1    1    2    2      2001   0.00000      pspcod,pspxc,lmax,lloc,mmax,r2well
    0   5.907  14.692    1   2.0872718        l,e99.0,e99.9,nproj,rcpsp
   0.00000000   0.00000000   0.00000000   0.00000000     rms, ekb1, ekb2, epsatm
    1   2.617   4.181    1   2.0872718        l,e99.0,e99.9,nproj,rcpsp
   0.00000000   0.00000000   0.00000000   0.00000000     rms, ekb1, ekb2, epsatm
    2   0.000   0.000    0   2.0872718        l,e99.0,e99.9,nproj,rcpsp
   0.00000000   0.00000000   0.00000000   0.00000000     rms, ekb1, ekb2, epsatm
    1.80626423934776    0.22824404341771    1.17378968127746   rchrg,fchrg,qchrg
 pspatm : epsatm=    1.43386982
         --- l  ekb(1:nproj) -->
             0    3.287949
             1    1.849886
 pspatm: atomic psp has been read  and splines computed

   2.29419171E+01                                ecore*ucvol(ha*bohr**3)
--------------------------------------------------------------------------------

_setup2: Arith. and geom. avg. npw (full set) are      65.063      65.047

================================================================================

     iter   Etot(hartree)      deltaE(h)  residm     vres2
 ETOT  1  -8.7986882723461    -8.799E+00 2.282E-04 9.373E-01
 ETOT  2  -8.8021382886638    -3.450E-03 4.344E-10 2.364E-02
 ETOT  3  -8.8021913926817    -5.310E-05 1.628E-07 4.907E-04
 ETOT  4  -8.8021920603253    -6.676E-07 3.246E-09 2.821E-06
 ETOT  5  -8.8021920654594    -5.134E-09 3.037E-11 8.918E-10
 ETOT  6  -8.8021920654609    -1.430E-12 2.284E-15 1.760E-12
 ETOT  7  -8.8021920654609     0.000E+00 4.243E-18 6.322E-15
 ETOT  8  -8.8021920654609     1.421E-14 5.082E-20 6.050E-18
 ETOT  9  -8.8021920654608     3.197E-14 2.606E-22 2.412E-20

 At SCF step    9   max residual=  2.61E-22 < tolwfr=  3.00E-22 =>converged.

 Cartesian components of stress tensor (hartree/bohr^3)
  sigma(1 1)=  3.12700657E-04  sigma(3 2)=  0.00000000E+00
  sigma(2 2)=  3.12700657E-04  sigma(3 1)=  0.00000000E+00
  sigma(3 3)=  3.12700657E-04  sigma(2 1)=  0.00000000E+00

 Integrated electronic density in atomic spheres:
 ------------------------------------------------
 Atom  Sphere_radius  Integrated_density
    1        2.00000          1.77350460
    2        2.00000          1.77350460
================================================================================

 ----iterations are completed or convergence reached----

 Mean square residual over all n,k,spin=   8.7851E-23; max=  2.6055E-22
 reduced coordinates (array xred) for    2 atoms
       0.000000000000      0.000000000000      0.000000000000
       0.250000000000      0.250000000000      0.250000000000
 rms dE/dt=  0.0000E+00; max dE/dt=  0.0000E+00; dE/dt below (all hartree)
    1       0.000000000000      0.000000000000      0.000000000000
    2       0.000000000000      0.000000000000      0.000000000000

 cartesian coordinates (angstrom) at end:
    1      0.00000000000000     0.00000000000000     0.00000000000000
    2      1.34675599586155     1.34675599586155     1.34675599586155

 cartesian forces (hartree/bohr) at end:
    1     -0.00000000000000    -0.00000000000000    -0.00000000000000
    2     -0.00000000000000    -0.00000000000000    -0.00000000000000
 frms,max,avg= 0.0000000E+00 0.0000000E+00   0.000E+00  0.000E+00  0.000E+00 h/b

 cartesian forces (eV/Angstrom) at end:
    1     -0.00000000000000    -0.00000000000000    -0.00000000000000
    2     -0.00000000000000    -0.00000000000000    -0.00000000000000
 frms,max,avg= 0.0000000E+00 0.0000000E+00   0.000E+00  0.000E+00  0.000E+00 e/A
 length scales= 10.180000000000 10.180000000000 10.180000000000 bohr
              =  5.387023983446  5.387023983446  5.387023983446 angstroms
 prteigrs : about to open file t62o_DS1_EIG
 Fermi (or HOMO) energy (hartree) =   0.21476   Average Vxc (hartree)=  -0.35647
 Eigenvalues (hartree) for nkpt=  10  k points:
 kpt#   1, nband=  4, wtk=  0.03125, kpt=  0.1250  0.1250  0.1250 (reduced coord)
  -0.20657    0.16774    0.21476    0.21476
 prteigrs : prtvol=0 or 1, do not print more k-points.


--------------------------------------------------------------------------------
 Components of total free energy (in Hartree) :

    Kinetic energy  =  2.93039046568349E+00
    Hartree energy  =  5.12469162217360E-01
    XC energy       = -3.53850304891873E+00
    Ewald energy    = -8.46648022654903E+00
    PspCore energy  =  8.69853998687012E-02
    Loc. psp. energy= -2.40820419244283E+00
    NL   psp  energy=  2.08115037468020E+00
    >>>>>>>>> Etotal= -8.80219206546083E+00

 Other information on the energy :
    Total energy(eV)= -2.39519827102701E+02 ; Band energy (Ha)=   3.0591382788E-01
--------------------------------------------------------------------------------

 Cartesian components of stress tensor (hartree/bohr^3)
  sigma(1 1)=  3.12700657E-04  sigma(3 2)=  0.00000000E+00
  sigma(2 2)=  3.12700657E-04  sigma(3 1)=  0.00000000E+00
  sigma(3 3)=  3.12700657E-04  sigma(2 1)=  0.00000000E+00

-Cartesian components of stress tensor (GPa)         [Pressure= -9.2000E+00 GPa]
- sigma(1 1)=  9.19996942E+00  sigma(3 2)=  0.00000000E+00
- sigma(2 2)=  9.19996942E+00  sigma(3 1)=  0.00000000E+00
- sigma(3 3)=  9.19996942E+00  sigma(2 1)=  0.00000000E+00

================================================================================
== DATASET  2 ==================================================================
-   nproc =    1

 mkfilename : getden/=0, take file _DEN from output of DATASET   1.

 Exchange-correlation functional for the present dataset will be:
  LDA: new Teter (4/93) with spin-polarized option - ixc=1
 Citation for XC functional:
  S. Goedecker, M. Teter, J. Huetter, PRB 54, 1703 (1996)

 Real(R)+Recip(G) space primitive vectors, cartesian coordinates (Bohr,Bohr^-1):
 R(1)=  0.0000000  5.0900000  5.0900000  G(1)= -0.0982318  0.0982318  0.0982318
 R(2)=  5.0900000  0.0000000  5.0900000  G(2)=  0.0982318 -0.0982318  0.0982318
 R(3)=  5.0900000  5.0900000  0.0000000  G(3)=  0.0982318  0.0982318 -0.0982318
 Unit cell volume ucvol=  2.6374446E+02 bohr^3
 Angles (23,13,12)=  6.00000000E+01  6.00000000E+01  6.00000000E+01 degrees

 getcut: wavevector=  0.0000  0.0000  0.0000  ngfft=  12  12  12
         ecut(hartree)=      3.000   => boxcut(ratio)=   2.13807
--------------------------------------------------------------------------------


================================================================================
 prteigrs : about to open file t62o_DS2_EIG
 Non-SCF case, kpt    1 (  0.00000  0.00000  0.00000), residuals and eigenvalues=
  1.19E-22  2.55E-22  8.40E-23  4.36E-22
 -2.1234E-01  2.2620E-01  2.2620E-01  2.2620E-01
  prteigrs : nnsclo,ikpt=   15    1 max resid (incl. the buffer)=  4.36107E-22
 Non-SCF case, kpt    2 (  0.50000  0.00000  0.00000), residuals and eigenvalues=
  2.83E-23  9.55E-23  1.41E-21  8.12E-21
 -1.2456E-01 -3.5587E-02  1.7726E-01  1.7726E-01
  prteigrs : nnsclo,ikpt=   15    2 max resid (incl. the buffer)=  8.12172E-21

 Integrated electronic density in atomic spheres:
 ------------------------------------------------
 Atom  Sphere_radius  Integrated_density
    1        2.00000          1.77350460
    2        2.00000          1.77350460
================================================================================

 ----iterations are completed or convergence reached----

 Mean square residual over all n,k,spin=   1.3187E-21; max=  4.3611E-22
 reduced coordinates (array xred) for    2 atoms
       0.000000000000      0.000000000000      0.000000000000
       0.250000000000      0.250000000000      0.250000000000

 cartesian coordinates (angstrom) at end:
    1      0.00000000000000     0.00000000000000     0.00000000000000
    2      1.34675599586155     1.34675599586155     1.34675599586155
 length scales= 10.180000000000 10.180000000000 10.180000000000 bohr
              =  5.387023983446  5.387023983446  5.387023983446 angstroms
 prteigrs : about to open file t62o_DS2_EIG
 Eigenvalues (hartree) for nkpt=   2  k points:
 kpt#   1, nband=  4, wtk=  1.00000, kpt=  0.0000  0.0000  0.0000 (reduced coord)
  -0.21234    0.22620    0.22620    0.22620
 kpt#   2, nband=  4, wtk=  1.00000, kpt=  0.5000  0.0000  0.0000 (reduced coord)
  -0.12456   -0.03559    0.17726    0.17726

== END DATASET(S) ==============================================================
================================================================================
  
 -outvars: echo values of variables after computation  --------
            acell      1.0180000000E+01  1.0180000000E+01  1.0180000000E+01 Bohr
              amu      2.80855000E+01
      chksymbreak           0
           diemac      1.20000000E+01
             ecut      3.00000000E+00 Hartree
           etotal1    -8.8021920655E+00
            fcart1    -0.0000000000E+00 -0.0000000000E+00 -0.0000000000E+00
                      -0.0000000000E+00 -0.0000000000E+00 -0.0000000000E+00
-          fftalg         312
           getden1          0
           getden2          1
             iscf1          7
             iscf2         -2
           istwfk2       2    3
           jdtset        1    2
              kpt1     1.25000000E-01  1.25000000E-01  1.25000000E-01
                       3.75000000E-01  1.25000000E-01  1.25000000E-01
                      -3.75000000E-01  1.25000000E-01  1.25000000E-01
                      -1.25000000E-01  1.25000000E-01  1.25000000E-01
                       3.75000000E-01  3.75000000E-01  1.25000000E-01
                      -3.75000000E-01  3.75000000E-01  1.25000000E-01
                      -1.25000000E-01  3.75000000E-01  1.25000000E-01
                      -3.75000000E-01 -3.75000000E-01  1.25000000E-01
                       3.75000000E-01  3.75000000E-01  3.75000000E-01
                      -3.75000000E-01  3.75000000E-01  3.75000000E-01
              kpt2     0.00000000E+00  0.00000000E+00  0.00000000E+00
                       5.00000000E-01  0.00000000E+00  0.00000000E+00
           kptopt1          1
           kptopt2          0
         kptrlatt        4    0    0      0    4    0      0    0    4
          kptrlen1     2.87933881E+01
          kptrlen2     3.00000000E+01
P           mkmem1         10
P           mkmem2          2
            natom           2
            nband1          4
            nband2          4
           nbdbuf1          0
           nbdbuf2          2
           ndtset           2
            ngfft          12      12      12
             nkpt1         10
             nkpt2          2
            nstep          15
             nsym          48
           ntypat           1
              occ      2.000000  2.000000  2.000000  2.000000
            rprim      0.0000000000E+00  5.0000000000E-01  5.0000000000E-01
                       5.0000000000E-01  0.0000000000E+00  5.0000000000E-01
                       5.0000000000E-01  5.0000000000E-01  0.0000000000E+00
           shiftk      5.00000000E-01  5.00000000E-01  5.00000000E-01
          spgroup         227
           strten1     3.1270065735E-04  3.1270065735E-04  3.1270065735E-04
                       0.0000000000E+00  0.0000000000E+00  0.0000000000E+00
           symrel      1  0  0   0  1  0   0  0  1      -1  0  0   0 -1  0   0  0 -1
                       0 -1  1   0 -1  0   1 -1  0       0  1 -1   0  1  0  -1  1  0
                      -1  0  0  -1  0  1  -1  1  0       1  0  0   1  0 -1   1 -1  0
                       0  1 -1   1  0 -1   0  0 -1       0 -1  1  -1  0  1   0  0  1
                      -1  0  0  -1  1  0  -1  0  1       1  0  0   1 -1  0   1  0 -1
                       0 -1  1   1 -1  0   0 -1  0       0  1 -1  -1  1  0   0  1  0
                       1  0  0   0  0  1   0  1  0      -1  0  0   0  0 -1   0 -1  0
                       0  1 -1   0  0 -1   1  0 -1       0 -1  1   0  0  1  -1  0  1
                      -1  0  1  -1  1  0  -1  0  0       1  0 -1   1 -1  0   1  0  0
                       0 -1  0   1 -1  0   0 -1  1       0  1  0  -1  1  0   0  1 -1
                       1  0 -1   0  0 -1   0  1 -1      -1  0  1   0  0  1   0 -1  1
                       0  1  0   0  0  1   1  0  0       0 -1  0   0  0 -1  -1  0  0
                       1  0 -1   0  1 -1   0  0 -1      -1  0  1   0 -1  1   0  0  1
                       0 -1  0   0 -1  1   1 -1  0       0  1  0   0  1 -1  -1  1  0
                      -1  0  1  -1  0  0  -1  1  0       1  0 -1   1  0  0   1 -1  0
                       0  1  0   1  0  0   0  0  1       0 -1  0  -1  0  0   0  0 -1
                       0  0 -1   0  1 -1   1  0 -1       0  0  1   0 -1  1  -1  0  1
                       1 -1  0   0 -1  1   0 -1  0      -1  1  0   0  1 -1   0  1  0
                       0  0  1   1  0  0   0  1  0       0  0 -1  -1  0  0   0 -1  0
                      -1  1  0  -1  0  0  -1  0  1       1 -1  0   1  0  0   1  0 -1
                       0  0  1   0  1  0   1  0  0       0  0 -1   0 -1  0  -1  0  0
                       1 -1  0   0 -1  0   0 -1  1      -1  1  0   0  1  0   0  1 -1
                       0  0 -1   1  0 -1   0  1 -1       0  0  1  -1  0  1   0 -1  1
                      -1  1  0  -1  0  1  -1  0  0       1 -1  0   1  0 -1   1  0  0
            tnons      0.0000000  0.0000000  0.0000000     0.2500000  0.2500000  0.2500000
                       0.0000000  0.0000000  0.0000000     0.2500000  0.2500000  0.2500000
                       0.0000000  0.0000000  0.0000000     0.2500000  0.2500000  0.2500000
                       0.0000000  0.0000000  0.0000000     0.2500000  0.2500000  0.2500000
                       0.0000000  0.0000000  0.0000000     0.2500000  0.2500000  0.2500000
                       0.0000000  0.0000000  0.0000000     0.2500000  0.2500000  0.2500000
                       0.0000000  0.0000000  0.0000000     0.2500000  0.2500000  0.2500000
                       0.0000000  0.0000000  0.0000000     0.2500000  0.2500000  0.2500000
                       0.0000000  0.0000000  0.0000000     0.2500000  0.2500000  0.2500000
                       0.0000000  0.0000000  0.0000000     0.2500000  0.2500000  0.2500000
                       0.0000000  0.0000000  0.0000000     0.2500000  0.2500000  0.2500000
                       0.0000000  0.0000000  0.0000000     0.2500000  0.2500000  0.2500000
                       0.0000000  0.0000000  0.0000000     0.2500000  0.2500000  0.2500000
                       0.0000000  0.0000000  0.0000000     0.2500000  0.2500000  0.2500000
                       0.0000000  0.0000000  0.0000000     0.2500000  0.2500000  0.2500000
                       0.0000000  0.0000000  0.0000000     0.2500000  0.2500000  0.2500000
                       0.0000000  0.0000000  0.0000000     0.2500000  0.2500000  0.2500000
                       0.0000000  0.0000000  0.0000000     0.2500000  0.2500000  0.2500000
                       0.0000000  0.0000000  0.0000000     0.2500000  0.2500000  0.2500000
                       0.0000000  0.0000000  0.0000000     0.2500000  0.2500000  0.2500000
                       0.0000000  0.0000000  0.0000000     0.2500000  0.2500000  0.2500000
                       0.0000000  0.0000000  0.0000000     0.2500000  0.2500000  0.2500000
                       0.0000000  0.0000000  0.0000000     0.2500000  0.2500000  0.2500000
                       0.0000000  0.0000000  0.0000000     0.2500000  0.2500000  0.2500000
           tolwfr      3.00000000E-22
            typat      1  1
              wtk1       0.03125    0.09375    0.09375    0.09375    0.09375    0.18750
                         0.18750    0.09375    0.03125    0.09375
              wtk2       1.00000    1.00000
           xangst      0.0000000000E+00  0.0000000000E+00  0.0000000000E+00
                       1.3467559959E+00  1.3467559959E+00  1.3467559959E+00
            xcart      0.0000000000E+00  0.0000000000E+00  0.0000000000E+00
                       2.5450000000E+00  2.5450000000E+00  2.5450000000E+00
             xred      0.0000000000E+00  0.0000000000E+00  0.0000000000E+00
                       2.5000000000E-01  2.5000000000E-01  2.5000000000E-01
            znucl       14.00000

================================================================================


- Timing analysis has been suppressed with timopt=0



================================================================================

 Suggested references for the acknowledgment of ABINIT usage.

 The users of ABINIT have little formal obligations with respect to the ABINIT group
 (those specified in the GNU General Public License, http://www.gnu.org/copyleft/gpl.txt).
 However, it is common practice in the scientific literature,
 to acknowledge the efforts of people that have made the research possible.
 In this spirit, please find below suggested citations of work written by ABINIT developers,
 corresponding to implementations inside of ABINIT that you have used in the present run.
 Note also that it will be of great value to readers of publications presenting these results,
 to read papers enabling them to understand the theoretical formalism and details
 of the ABINIT implementation.
 For information on why they are suggested, see also https://docs.abinit.org/theory/acknowledgments.
-
- [1] ABINIT : First-principles approach of materials and nanosystem properties.
- X. Gonze, B. Amadon, P.-M. Anglade, J.-M. Beuken, F. Bottin, P. Boulanger, F. Bruneval,
- D. Caliste, R. Caracas, M. Cote, T. Deutsch, L. Genovese, Ph. Ghosez, M. Giantomassi
- S. Goedecker, D.R. Hamann, P. Hermet, F. Jollet, G. Jomard, S. Leroux, M. Mancini, S. Mazevet,
- M.J.T. Oliveira, G. Onida, Y. Pouillon, T. Rangel, G.-M. Rignanese, D. Sangalli, R. Shaltaf,
- M. Torrent, M.J. Verstraete, G. Zerah, J.W. Zwanziger
- Computer Phys. Comm. 180, 2582-2615 (2009).
- Comment : the third generic paper describing the ABINIT project.
- Note that a version of this paper, that is not formatted for Computer Phys. Comm. 
- is available at https://www.abinit.org/about/ABINIT_CPC_v10.pdf .
- The licence allows the authors to put it on the Web.
-
- [2] A brief introduction to the ABINIT software package.
- X. Gonze, G.-M. Rignanese, M. Verstraete, J.-M. Beuken, Y. Pouillon, R. Caracas, F. Jollet,
- M. Torrent, G. Zerah, M. Mikami, Ph. Ghosez, M. Veithen, J.-Y. Raty, V. Olevano, F. Bruneval,
- L. Reining, R. Godby, G. Onida, D.R. Hamann, and D.C. Allan.
- Z. Kristallogr. 220, 558-562 (2005).
- Comment : the second generic paper describing the ABINIT project. Note that this paper
- should be cited especially if you are using the GW part of ABINIT, as several authors
- of this part are not in the list of authors of the first or third paper.
- The .pdf of the latter paper is available at https://www.abinit.org/about/zfk_0505-06_558-562.pdf.
- Note that it should not redistributed (Copyright by Oldenburg Wissenshaftverlag,
- the licence allows the authors to put it on the Web).
-
- And optionally:
-
- [3] First-principles computation of material properties : the ABINIT software project. 
- X. Gonze, J.-M. Beuken, R. Caracas, F. Detraux, M. Fuchs, G.-M. Rignanese, L. Sindic,
- M. Verstraete, G. Zerah, F. Jollet, M. Torrent, A. Roy, M. Mikami, Ph. Ghosez, J.-Y. Raty, D.C. Allan.
- Computational Materials Science 25, 478-492 (2002). http://dx.doi.org/10.1016/S0927-0256(02)00325-7
- Comment : the original paper describing the ABINIT project.
-
- [4] Fast radix 2, 3, 4 and 5 kernels for Fast Fourier Transformations
- on computers with overlapping multiply-add instructions.
- S. Goedecker, SIAM J. on Scientific Computing 18, 1605 (1997).
-
- Proc.   0 individual time (sec): cpu=          0.9  wall=          1.0

================================================================================

 Calculation completed.
.Delivered   5 WARNINGs and   1 COMMENTs to log file.
+Overall time at end (sec) : cpu=          0.9  wall=          1.0
