
.Version 8.0.3 of ABINIT 
.(MPI version, prepared for a x86_64_linux_gnu5.3 computer) 

.Copyright (C) 1998-2017 ABINIT group . 
 ABINIT comes with ABSOLUTELY NO WARRANTY.
 It is free software, and you are welcome to redistribute it
 under certain conditions (GNU General Public License,
 see ~abinit/COPYING or http://www.gnu.org/copyleft/gpl.txt).

 ABINIT is a project of the Universite Catholique de Louvain,
 Corning Inc. and other collaborators, see ~abinit/doc/developers/contributors.txt .
 Please read ~abinit/doc/users/acknowledgments.html for suggested
 acknowledgments of the ABINIT effort.
 For more information, see https://www.abinit.org .

.Starting date : Mon  4 Apr 2016.
- ( at 12h00 )
  
- input  file    -> t12.in
- output file    -> t12.out
- root for input  files -> t12i
- root for output files -> t12o


 Symmetries : space group Pm m m (# 47); Bravais oP (primitive ortho.)
================================================================================
 Values of the parameters that define the memory need of the present run
     intxc =       0    ionmov =       0      iscf =       7    lmnmax =       1
     lnmax =       1     mgfft =      54  mpssoang =       1    mqgrid =    3001
     natom =       1  nloc_mem =       1    nspden =       1   nspinor =       1
    nsppol =       1      nsym =       8    n1xccc =       0    ntypat =       1
    occopt =       1   xclevel =       2
-    mband =           1        mffmem =           1         mkmem =           1
       mpw =        9633          nfft =      157464          nkpt =           1
================================================================================
P This job should need less than                      48.775 Mbytes of memory.
  Rough estimation (10% accuracy) of disk space for files :
_ WF disk file :      0.149 Mbytes ; DEN or POT disk file :      1.203 Mbytes.
================================================================================

--------------------------------------------------------------------------------
------------- Echo of variables that govern the present computation ------------
--------------------------------------------------------------------------------
-
- outvars: echo of selected default values                                      
-   accesswff0 =  0 , fftalg0 =312 , wfoptalg0 =  0
-
- outvars: echo of global parameters not present in the input file              
-  max_nthreads =    0
-
 -outvars: echo values of preprocessed input variables --------
            acell      7.0000000000E+00  7.0000000000E+00  7.0000000000E+00 Bohr
              amu      1.00794000E+00
           diemac      1.00000000E+00
           diemix      5.00000000E-01
             ecut      7.00000000E+01 Hartree
-          fftalg         312
              ixc          24
              kpt      2.50000000E-01  2.50000000E-01  2.50000000E-01
           kptopt           0
P           mkmem           1
            natom           1
            nband           1
            ngfft          54      54      54
             nkpt           1
            nstep           6
             nsym           8
           ntypat           1
              occ      1.000000
          prtgden           1
          prtkden           1
          prtlden           1
          spgroup          47
           symrel      1  0  0   0  1  0   0  0  1      -1  0  0   0  1  0   0  0  1
                       1  0  0   0 -1  0   0  0  1      -1  0  0   0 -1  0   0  0  1
                       1  0  0   0  1  0   0  0 -1      -1  0  0   0  1  0   0  0 -1
                       1  0  0   0 -1  0   0  0 -1      -1  0  0   0 -1  0   0  0 -1
           tolwfr      1.00000000E-14
            typat      1
          usekden           1
            znucl        1.00000

================================================================================

 chkinp: Checking input parameters for consistency.

================================================================================
== DATASET  1 ==================================================================
-   nproc =    1

 Exchange-correlation functional for the present dataset will be:
  GGA: C09x exchange functional - ixc=24
 Citation for XC functional:
  Valentino R. Cooper, PRB 81, 161104(R) (2010)

 Real(R)+Recip(G) space primitive vectors, cartesian coordinates (Bohr,Bohr^-1):
 R(1)=  7.0000000  0.0000000  0.0000000  G(1)=  0.1428571  0.0000000  0.0000000
 R(2)=  0.0000000  7.0000000  0.0000000  G(2)=  0.0000000  0.1428571  0.0000000
 R(3)=  0.0000000  0.0000000  7.0000000  G(3)=  0.0000000  0.0000000  0.1428571
 Unit cell volume ucvol=  3.4300000E+02 bohr^3
 Angles (23,13,12)=  9.00000000E+01  9.00000000E+01  9.00000000E+01 degrees

 getcut: wavevector=  0.0000  0.0000  0.0000  ngfft=  54  54  54
         ecut(hartree)=     70.000   => boxcut(ratio)=   2.04824

--- Pseudopotential description ------------------------------------------------
- pspini: atom type   1  psp file is /home/buildbot/bb/ABINIT/abiref_gnu_5.3_openmpi/gonze_8.0.3-public/tests/Psps_for_tests/01H.revPBEx.fhi
- pspatm: opening atomic psp file    /home/buildbot/bb/ABINIT/abiref_gnu_5.3_openmpi/gonze_8.0.3-public/tests/Psps_for_tests/01H.revPBEx.fhi
-    H  APE 1.0 : Troullier-Martins scheme, , llocal= 0
-  1.00000   1.00000  20100629                znucl, zion, pspdat
    6    0    0    0       200   0.00000      pspcod,pspxc,lmax,lloc,mmax,r2well
    0.00000000000000    0.00000000000000    0.00000000000000   rchrg,fchrg,qchrg
  1.077825          amesh (Hamman grid)
 Note: local psp for atom with Z=  1.0
 pspatm : epsatm=    0.04187895
         --- l  ekb(1:nproj) -->
 pspatm: atomic psp has been read  and splines computed

   4.18789481E-02                                ecore*ucvol(ha*bohr**3)
--------------------------------------------------------------------------------

_setup2: Arith. and geom. avg. npw (full set) are    9633.000    9633.000

================================================================================

     iter   Etot(hartree)      deltaE(h)  residm     vres2
 ETOT  1 -0.42827235248250    -4.283E-01 2.236E-04 1.413E+02
 ETOT  2 -0.42930275708597    -1.030E-03 2.819E-11 4.617E+01
 ETOT  3 -0.42951552064414    -2.128E-04 1.140E-06 4.447E+00
 ETOT  4 -0.42952225912945    -6.738E-06 3.445E-08 3.113E-01
 ETOT  5 -0.42952343920310    -1.180E-06 4.616E-09 2.970E-02
 ETOT  6 -0.42952344331225    -4.109E-09 4.231E-11 7.519E-04

 Compute gradient of the electron density
 and also Compute Laplacian of the electron density
--------------------------------------------------------------------------------

 Result for gradient of the electron density for each direction (1,2,3):

 1rst direction:
--------------------------------------------------------------------------------
 Gradient of the electronic density [el/Bohr^4]
      Maximum=    3.2151E-01  at reduced coord.    0.9630    0.0000    0.0000
      Minimum=   -3.2151E-01  at reduced coord.    0.0370    0.0000    0.0000
   Integrated=    0.0000E+00
--------------------------------------------------------------------------------

 2nd direction:
--------------------------------------------------------------------------------
 Gradient of the electronic density [el/Bohr^4]
      Maximum=    3.2151E-01  at reduced coord.    0.0000    0.9630    0.0000
      Minimum=   -3.2151E-01  at reduced coord.    0.0000    0.0370    0.0000
   Integrated=    0.0000E+00
--------------------------------------------------------------------------------

 3rd direction:
--------------------------------------------------------------------------------
 Gradient of the electronic density [el/Bohr^4]
      Maximum=    3.2151E-01  at reduced coord.    0.0000    0.0000    0.9630
      Minimum=   -3.2151E-01  at reduced coord.    0.0000    0.0000    0.0370
   Integrated=    0.0000E+00
--------------------------------------------------------------------------------

 Result for Laplacian of the electron density :

--------------------------------------------------------------------------------
 Laplacian of the electronic density [el/Bohr^5]
      Maximum=    2.5622E-02  at reduced coord.    0.0000    0.9630    0.8519
      Minimum=   -6.1415E+00  at reduced coord.    0.0000    0.0000    0.0000
   Integrated=    0.0000E+00
--------------------------------------------------------------------------------
--------------------------------------------------------------------------------

 Compute kinetic energy density

Result for kinetic energy density :

--------------------------------------------------------------------------------
 Total kinetic energy density [Ha/Bohr^3]
      Maximum=    8.1319E-02  at reduced coord.    0.9815    0.9815    0.9630
      Minimum=    1.4155E-05  at reduced coord.    0.5000    0.5000    0.5000
   Integrated=    4.3055E-01
--------------------------------------------------------------------------------

 Cartesian components of stress tensor (hartree/bohr^3)
  sigma(1 1)= -1.03766700E-06  sigma(3 2)=  0.00000000E+00
  sigma(2 2)= -1.03767377E-06  sigma(3 1)=  0.00000000E+00
  sigma(3 3)= -1.03766789E-06  sigma(2 1)=  0.00000000E+00


 scprqt:  WARNING -
  nstep=    6 was not enough SCF cycles to converge;
  maximum residual=  4.231E-11 exceeds tolwfr=  1.000E-14

 Integrated electronic density in atomic spheres:
 ------------------------------------------------
 Atom  Sphere_radius  Integrated_density
    1        2.00000          0.70091642
================================================================================

 ----iterations are completed or convergence reached----

 Mean square residual over all n,k,spin=   4.2309E-11; max=  4.2309E-11
 reduced coordinates (array xred) for    1 atoms
       0.000000000000      0.000000000000      0.000000000000
 rms dE/dt=  0.0000E+00; max dE/dt=  0.0000E+00; dE/dt below (all hartree)
    1       0.000000000000      0.000000000000      0.000000000000

 cartesian coordinates (angstrom) at end:
    1      0.00000000000000     0.00000000000000     0.00000000000000

 cartesian forces (hartree/bohr) at end:
    1     -0.00000000000000    -0.00000000000000    -0.00000000000000
 frms,max,avg= 0.0000000E+00 0.0000000E+00   0.000E+00  0.000E+00  0.000E+00 h/b

 cartesian forces (eV/Angstrom) at end:
    1     -0.00000000000000    -0.00000000000000    -0.00000000000000
 frms,max,avg= 0.0000000E+00 0.0000000E+00   0.000E+00  0.000E+00  0.000E+00 e/A
 length scales=  7.000000000000  7.000000000000  7.000000000000 bohr
              =  3.704240460130  3.704240460130  3.704240460130 angstroms
 prteigrs : about to open file t12o_EIG
 Fermi (or HOMO) energy (hartree) =  -0.18126   Average Vxc (hartree)=  -0.08183
 Eigenvalues (hartree) for nkpt=   1  k points:
 kpt#   1, nband=  1, wtk=  1.00000, kpt=  0.2500  0.2500  0.2500 (reduced coord)
  -0.18126

--------------------------------------------------------------------------------
 Components of total free energy (in Hartree) :

    Kinetic energy  =  4.30554172492672E-01
    Hartree energy  =  1.04669711650294E-01
    XC energy       = -2.18610359149986E-01
    Ewald energy    = -2.02664105677187E-01
    PspCore energy  =  1.22096058720015E-04
    Loc. psp. energy= -5.43594958686767E-01
    NL   psp  energy=  0.00000000000000E+00
    >>>>>>>>> Etotal= -4.29523443312254E-01

 Other information on the energy :
    Total energy(eV)= -1.16879272928387E+01 ; Band energy (Ha)=  -1.8125886253E-01
--------------------------------------------------------------------------------

 Cartesian components of stress tensor (hartree/bohr^3)
  sigma(1 1)= -1.03766700E-06  sigma(3 2)=  0.00000000E+00
  sigma(2 2)= -1.03767377E-06  sigma(3 1)=  0.00000000E+00
  sigma(3 3)= -1.03766789E-06  sigma(2 1)=  0.00000000E+00

-Cartesian components of stress tensor (GPa)         [Pressure=  3.0529E-02 GPa]
- sigma(1 1)= -3.05292121E-02  sigma(3 2)=  0.00000000E+00
- sigma(2 2)= -3.05294113E-02  sigma(3 1)=  0.00000000E+00
- sigma(3 3)= -3.05292383E-02  sigma(2 1)=  0.00000000E+00

== END DATASET(S) ==============================================================
================================================================================
  
 -outvars: echo values of variables after computation  --------
            acell      7.0000000000E+00  7.0000000000E+00  7.0000000000E+00 Bohr
              amu      1.00794000E+00
           diemac      1.00000000E+00
           diemix      5.00000000E-01
             ecut      7.00000000E+01 Hartree
           etotal     -4.2952344331E-01
            fcart     -0.0000000000E+00 -0.0000000000E+00 -0.0000000000E+00
-          fftalg         312
              ixc          24
              kpt      2.50000000E-01  2.50000000E-01  2.50000000E-01
           kptopt           0
P           mkmem           1
            natom           1
            nband           1
            ngfft          54      54      54
             nkpt           1
            nstep           6
             nsym           8
           ntypat           1
              occ      1.000000
          prtgden           1
          prtkden           1
          prtlden           1
          spgroup          47
           strten     -1.0376670039E-06 -1.0376737728E-06 -1.0376678929E-06
                       0.0000000000E+00  0.0000000000E+00  0.0000000000E+00
           symrel      1  0  0   0  1  0   0  0  1      -1  0  0   0  1  0   0  0  1
                       1  0  0   0 -1  0   0  0  1      -1  0  0   0 -1  0   0  0  1
                       1  0  0   0  1  0   0  0 -1      -1  0  0   0  1  0   0  0 -1
                       1  0  0   0 -1  0   0  0 -1      -1  0  0   0 -1  0   0  0 -1
           tolwfr      1.00000000E-14
            typat      1
          usekden           1
            znucl        1.00000

================================================================================


- Timing analysis has been suppressed with timopt=0



================================================================================

 Suggested references for the acknowledgment of ABINIT usage.

 The users of ABINIT have little formal obligations with respect to the ABINIT group
 (those specified in the GNU General Public License, http://www.gnu.org/copyleft/gpl.txt).
 However, it is common practice in the scientific literature,
 to acknowledge the efforts of people that have made the research possible.
 In this spirit, please find below suggested citations of work written by ABINIT developers,
 corresponding to implementations inside of ABINIT that you have used in the present run.
 Note also that it will be of great value to readers of publications presenting these results,
 to read papers enabling them to understand the theoretical formalism and details
 of the ABINIT implementation.
 For information on why they are suggested, see also https://www.abinit.org/about/?text=acknowledgments.
-
- [1] Ab initio pseudopotentials for electronic structure calculations of poly-atomic systems, 
- using density-functional theory.
- M. Fuchs, M. Scheffler, Comput. Phys. Commun. 119, 67 (1999).
- Comment : Some pseudopotential generated using the FHI code were used.
-
- [2] ABINIT : First-principles approach of materials and nanosystem properties.
- X. Gonze, B. Amadon, P.-M. Anglade, J.-M. Beuken, F. Bottin, P. Boulanger, F. Bruneval,
- D. Caliste, R. Caracas, M. Cote, T. Deutsch, L. Genovese, Ph. Ghosez, M. Giantomassi
- S. Goedecker, D.R. Hamann, P. Hermet, F. Jollet, G. Jomard, S. Leroux, M. Mancini, S. Mazevet,
- M.J.T. Oliveira, G. Onida, Y. Pouillon, T. Rangel, G.-M. Rignanese, D. Sangalli, R. Shaltaf,
- M. Torrent, M.J. Verstraete, G. Zerah, J.W. Zwanziger
- Computer Phys. Comm. 180, 2582-2615 (2009).
- Comment : the third generic paper describing the ABINIT project.
- Note that a version of this paper, that is not formatted for Computer Phys. Comm. 
- is available at https://www.abinit.org/about/ABINIT_CPC_v10.pdf .
- The licence allows the authors to put it on the Web.
-
- [3] A brief introduction to the ABINIT software package.
- X. Gonze, G.-M. Rignanese, M. Verstraete, J.-M. Beuken, Y. Pouillon, R. Caracas, F. Jollet,
- M. Torrent, G. Zerah, M. Mikami, Ph. Ghosez, M. Veithen, J.-Y. Raty, V. Olevano, F. Bruneval,
- L. Reining, R. Godby, G. Onida, D.R. Hamann, and D.C. Allan.
- Z. Kristallogr. 220, 558-562 (2005).
- Comment : the second generic paper describing the ABINIT project. Note that this paper
- should be cited especially if you are using the GW part of ABINIT, as several authors
- of this part are not in the list of authors of the first or third paper.
- The .pdf of the latter paper is available at https://www.abinit.org/about/zfk_0505-06_558-562.pdf.
- Note that it should not redistributed (Copyright by Oldenburg Wissenshaftverlag,
- the licence allows the authors to put it on the Web).
-
- And optionally:
-
- [4] First-principles computation of material properties : the ABINIT software project. 
- X. Gonze, J.-M. Beuken, R. Caracas, F. Detraux, M. Fuchs, G.-M. Rignanese, L. Sindic,
- M. Verstraete, G. Zerah, F. Jollet, M. Torrent, A. Roy, M. Mikami, Ph. Ghosez, J.-Y. Raty, D.C. Allan.
- Computational Materials Science 25, 478-492 (2002). http://dx.doi.org/10.1016/S0927-0256(02)00325-7
- Comment : the original paper describing the ABINIT project.
-
- [5] Fast radix 2, 3, 4 and 5 kernels for Fast Fourier Transformations
- on computers with overlapping multiply-add instructions.
- S. Goedecker, SIAM J. on Scientific Computing 18, 1605 (1997).
-
- Proc.   0 individual time (sec): cpu=          2.0  wall=          2.3

================================================================================

 Calculation completed.
.Delivered   7 WARNINGs and   3 COMMENTs to log file.
+Overall time at end (sec) : cpu=          2.0  wall=          2.3
