
 **** DERIVATIVE DATABASE ****    
+DDB, Version number    100401

 He BCC conventional cell  DDB file

    usepaw         0
     natom         2
      nkpt         4
    nsppol         1
      nsym         1
    ntypat         1
    occopt         1
     nband         8
     acell  0.43000000000000D+01  0.43000000000000D+01  0.43000000000000D+01
       amu  0.40026020000000D+01
   dilatmx  0.10000000000000D+01
      ecut  0.80000000000000D+01
    ecutsm  0.00000000000000D+00
     intxc         0
      iscf         7
       ixc         1
       kpt  0.00000000000000D+00  0.50000000000000D+00  0.00000000000000D+00
            0.50000000000000D+00  0.00000000000000D+00  0.00000000000000D+00
            0.00000000000000D+00  0.00000000000000D+00  0.50000000000000D+00
            0.50000000000000D+00  0.50000000000000D+00  0.50000000000000D+00
    kptnrm  0.10000000000000D+01
     ngfft        12   12   12
    nspden         1
   nspinor         1
       occ  0.20000000000000D+01  0.20000000000000D+01  0.00000000000000D+00
            0.00000000000000D+00  0.00000000000000D+00  0.00000000000000D+00
            0.00000000000000D+00  0.00000000000000D+00
     rprim  0.10000000000000D+01  0.00000000000000D+00  0.00000000000000D+00
            0.00000000000000D+00  0.10000000000000D+01  0.00000000000000D+00
            0.00000000000000D+00  0.00000000000000D+00  0.10000000000000D+01
  dfpt_sciss  0.00000000000000D+00
    spinat  0.00000000000000D+00  0.00000000000000D+00  0.00000000000000D+00
            0.00000000000000D+00  0.00000000000000D+00  0.00000000000000D+00
    symafm         1
    symrel         1    0    0    0    1    0    0    0    1
     tnons  0.00000000000000D+00  0.00000000000000D+00  0.00000000000000D+00
    tolwfr  0.10000000000000D+01
   tphysel  0.00000000000000D+00
    tsmear  0.10000000000000D-01
     typat         1    1
       wtk  0.25000000000000D+00  0.25000000000000D+00  0.25000000000000D+00
            0.25000000000000D+00
      xred  0.00000000000000D+00  0.00000000000000D+00  0.00000000000000D+00
            0.50000000000000D+00  0.50000000000000D+00  0.50000000000000D+00
     znucl  0.20000000000000D+01
      zion  0.20000000000000D+01
 
  Description of the potentials (KB energies)
  vrsio8 (for pseudopotentials)=100401
  usepaw =  0
  dimekb =  1       lmnmax=  1
  Atom type=    1   pspso=  0   nekb=   0
  iln lpsang iproj  ekb(:)
 
 **** Database of total energy derivatives ****
 Number of data blocks=    4
  
 2nd derivatives (non-stat.)  - # elements :      36
 qpt  0.00000000E+00  0.00000000E+00  0.00000000E+00   1.0
   1   1   1   1  0.77957737021008D+00  0.00000000000000D+00
   2   1   1   1  0.64485442055992D-13  0.00000000000000D+00
   3   1   1   1 -0.55480503881823D-12  0.00000000000000D+00
   1   2   1   1 -0.77957697413553D+00  0.00000000000000D+00
   2   2   1   1  0.20822027717456D-11  0.00000000000000D+00
   3   2   1   1  0.24766570055852D-11  0.00000000000000D+00
   1   1   2   1  0.13710231275833D-12  0.00000000000000D+00
   2   1   2   1  0.77957736953914D+00  0.00000000000000D+00
   3   1   2   1 -0.64860230770179D-12  0.00000000000000D+00
   1   2   2   1  0.20558833674742D-11  0.00000000000000D+00
   2   2   2   1 -0.77957697372321D+00  0.00000000000000D+00
   3   2   2   1  0.23419161564371D-11  0.00000000000000D+00
   1   1   3   1 -0.74152202368684D-12  0.00000000000000D+00
   2   1   3   1 -0.90671018407803D-12  0.00000000000000D+00
   3   1   3   1  0.77957737283084D+00  0.00000000000000D+00
   1   2   3   1  0.25932681143252D-11  0.00000000000000D+00
   2   2   3   1  0.24842304871970D-11  0.00000000000000D+00
   3   2   3   1 -0.77957697555403D+00  0.00000000000000D+00
   1   1   1   2 -0.77957697413552D+00  0.00000000000000D+00
   2   1   1   2  0.20780197748816D-11  0.00000000000000D+00
   3   1   1   2  0.24728102556012D-11  0.00000000000000D+00
   1   2   1   2  0.77957736973988D+00  0.00000000000000D+00
   2   2   1   2 -0.72630543429911D-12  0.00000000000000D+00
   3   2   1   2 -0.22672185787476D-12  0.00000000000000D+00
   1   1   2   2  0.20599023413804D-11  0.00000000000000D+00
   2   1   2   2 -0.77957697372321D+00  0.00000000000000D+00
   3   1   2   2  0.23433544322718D-11  0.00000000000000D+00
   1   2   2   2 -0.65860294378961D-12  0.00000000000000D+00
   2   2   2   2  0.77957736906870D+00  0.00000000000000D+00
   3   2   2   2  0.17424354966717D-13  0.00000000000000D+00
   1   1   3   2  0.25974144983986D-11  0.00000000000000D+00
   2   1   3   2  0.24828844122138D-11  0.00000000000000D+00
   3   1   3   2 -0.77957697555403D+00  0.00000000000000D+00
   1   2   3   2 -0.41343178772282D-12  0.00000000000000D+00
   2   2   3   2 -0.24153298816427D-12  0.00000000000000D+00
   3   2   3   2  0.77957737236333D+00  0.00000000000000D+00
  
 2nd derivatives (non-stat.)  - # elements :      36
 qpt  0.00000000E+00  5.00000000E-01  5.00000000E-01   1.0
   1   1   1   1  0.25559079502858D+01  0.00000000000000D+00
   2   1   1   1 -0.99201246661208D-10 -0.23799128198988D-15
   3   1   1   1 -0.61241414822068D-10 -0.19512097361510D-15
   1   2   1   1 -0.41818558299515D-10  0.13317954821137D-15
   2   2   1   1  0.12665121335313D-09  0.78748461150743D-16
   3   2   1   1  0.14864154738637D-09  0.18724215491065D-15
   1   1   2   1  0.70703654923925D-11  0.16879386253618D-15
   2   1   2   1  0.28832862714717D+01  0.00000000000000D+00
   3   1   2   1  0.38914098103843D-08 -0.47318982107997D-16
   1   2   2   1 -0.11881164160419D-10 -0.34483680714618D-16
   2   2   2   1 -0.36291235254186D-08  0.30704401310160D-16
   3   2   2   1 -0.16028284000221D+01  0.34841357050201D-16
   1   1   3   1 -0.11384550854654D-10  0.18247435234090D-15
   2   1   3   1  0.37285319901797D-08 -0.94324266484559D-16
   3   1   3   1  0.28832862786326D+01  0.00000000000000D+00
   1   2   3   1 -0.11281066566628D-10  0.31393377023810D-16
   2   2   3   1 -0.16028284048744D+01 -0.11340253197649D-15
   3   2   3   1 -0.34505332217552D-08 -0.94847650474539D-16
   1   1   1   2 -0.41819118680830D-10  0.13612168128525D-15
   2   1   1   2  0.12669772665089D-09 -0.17873308093056D-15
   3   1   1   2  0.14860279499745D-09  0.15055337152690D-15
   1   2   1   2  0.25559079498890D+01  0.00000000000000D+00
   2   2   1   2 -0.99811942252576D-10  0.64864325932127D-16
   3   2   1   2 -0.60956817350873D-10  0.24086610299953D-15
   1   1   2   2 -0.11926309211917D-10 -0.44427815745475D-16
   2   1   2   2 -0.36291244668675D-08  0.19594074407464D-15
   3   1   2   2 -0.16028284000231D+01 -0.28258465584692D-15
   1   2   2   2  0.64514981625739D-11  0.21172053731165D-16
   2   2   2   2  0.28832862710926D+01  0.00000000000000D+00
   3   2   2   2  0.38920261197082D-08  0.15131951938371D-15
   1   1   3   2 -0.11250089415856D-10 -0.19018168071931D-16
   2   1   3   2 -0.16028284048735D+01  0.95897545625538D-16
   3   1   3   2 -0.34505360451155D-08  0.15719898109951D-15
   1   2   3   2 -0.11100227336578D-10 -0.50375149385551D-16
   2   2   3   2  0.37291504279028D-08  0.83055030121639D-16
   3   2   3   2  0.28832862782547D+01  0.00000000000000D+00
  
 2nd derivatives (non-stat.)  - # elements :      36
 qpt  5.00000000E-01  0.00000000E+00  5.00000000E-01   1.0
   1   1   1   1  0.28832862775648D+01  0.00000000000000D+00
   2   1   1   1  0.68382249816403D-11  0.30556040594500D-16
   3   1   1   1  0.39528984893995D-08 -0.52953944163315D-15
   1   2   1   1 -0.36805805963202D-08  0.23312797624252D-15
   2   2   1   1 -0.11591746836416D-10 -0.10668387552719D-15
   3   2   1   1 -0.16028284055236D+01  0.34432649444512D-15
   1   1   2   1 -0.87089765086817D-10 -0.10422229172364D-15
   2   1   2   1  0.25559079506062D+01  0.00000000000000D+00
   3   1   2   1 -0.57996271296939D-10 -0.11133487356548D-15
   1   2   2   1  0.12012013824640D-09  0.86367914812143D-16
   2   2   2   1 -0.42239238958379D-10 -0.98922953670694D-16
   3   2   2   1  0.13780641586445D-09  0.13104072078960D-15
   1   1   3   1  0.37807469534814D-08  0.29187369137573D-15
   2   1   3   1 -0.10111504437861D-10 -0.99038994261835D-16
   3   1   3   1  0.28832862833692D+01  0.00000000000000D+00
   1   2   3   1 -0.16028284093326D+01  0.30104383610631D-15
   2   2   3   1 -0.11145343782149D-10  0.34121669329561D-16
   3   2   3   1 -0.34907729750466D-08 -0.13780097401220D-15
   1   1   1   2 -0.36805809792950D-08  0.12939244907615D-15
   2   1   1   2 -0.11485521974685D-10 -0.11862517759168D-16
   3   1   1   2 -0.16028284055240D+01  0.65536890534356D-16
   1   2   1   2  0.28832862771839D+01  0.00000000000000D+00
   2   2   1   2  0.62020668677018D-11  0.61124944804015D-17
   3   2   1   2  0.39532156022074D-08 -0.50456214024036D-16
   1   1   2   2  0.12003223551647D-09 -0.47505764548783D-16
   2   1   2   2 -0.42239194376575D-10 -0.98619617180499D-16
   3   1   2   2  0.13779724780885D-09  0.13971936266299D-15
   1   2   2   2 -0.87715382685429D-10  0.23523460011989D-15
   2   2   2   2  0.25559079502101D+01  0.00000000000000D+00
   3   2   2   2 -0.57426809015146D-10  0.10381703226977D-15
   1   1   3   2 -0.16028284093322D+01 -0.66506794447452D-16
   2   1   3   2 -0.11146354911377D-10 -0.83216777558071D-16
   3   1   3   2 -0.34907740572792D-08  0.29899864825573D-15
   1   2   3   2  0.37810641503628D-08 -0.24130580484624D-15
   2   2   3   2 -0.95253137757474D-11 -0.79849469467733D-16
   3   2   3   2  0.28832862829924D+01  0.00000000000000D+00
  
 2nd derivatives (non-stat.)  - # elements :      36
 qpt  5.00000000E-01  5.00000000E-01  0.00000000E+00   1.0
   1   1   1   1  0.28832862530090D+01  0.00000000000000D+00
   2   1   1   1  0.37300625187176D-08 -0.28588456272195D-15
   3   1   1   1  0.45602157210250D-11  0.91061306180592D-17
   1   2   1   1 -0.34961112961104D-08  0.42626086380185D-16
   2   2   1   1 -0.16028283819098D+01 -0.10276513852303D-15
   3   2   1   1 -0.12198107846548D-10 -0.77856085436400D-16
   1   1   2   1  0.37259466314960D-08 -0.13602222490857D-15
   2   1   2   1  0.28832862516523D+01  0.00000000000000D+00
   3   1   2   1  0.51466296875465D-11  0.11505098278868D-15
   1   2   2   1 -0.16028283808618D+01 -0.13252279748139D-15
   2   2   2   1 -0.34921204518222D-08  0.17457468796681D-16
   3   2   2   1 -0.12425902095773D-10  0.15059914709425D-15
   1   1   3   1 -0.10675717322892D-09 -0.51588310501191D-16
   2   1   3   1 -0.11522316509788D-09  0.36728791435688D-15
   3   1   3   1  0.25559079492962D+01  0.00000000000000D+00
   1   2   3   1  0.17215458978728D-09 -0.28192394656374D-15
   2   2   3   1  0.16834920395621D-09  0.15764365001306D-15
   3   2   3   1 -0.41161741913428D-10  0.15581774748670D-15
   1   1   1   2 -0.34961106145628D-08  0.12865007620198D-15
   2   1   1   2 -0.16028283819081D+01 -0.15531101963952D-15
   3   1   1   2 -0.12182964458530D-10  0.10031348703526D-15
   1   2   1   2  0.28832862526257D+01  0.00000000000000D+00
   2   2   1   2  0.37292843800473D-08 -0.43168058179506D-15
   3   2   1   2  0.48340471029609D-11  0.66361674934392D-16
   1   1   2   2 -0.16028283808634D+01  0.59336803277149D-16
   2   1   2   2 -0.34921210780836D-08 -0.19498359105720D-15
   3   1   2   2 -0.12433526640054D-10 -0.55633073545481D-16
   1   2   2   2  0.37251687567186D-08  0.48681269935324D-15
   2   2   2   2  0.28832862512719D+01  0.00000000000000D+00
   3   2   2   2  0.57177381426544D-11 -0.16240400671947D-16
   1   1   3   2  0.17214984821122D-09 -0.80681934766406D-16
   2   1   3   2  0.16836173546830D-09 -0.69787002469697D-16
   3   1   3   2 -0.41161809450045D-10  0.87552760626890D-16
   1   2   3   2 -0.10648834591335D-09  0.59381290509905D-16
   2   2   3   2 -0.11466367844482D-09  0.18182845396978D-15
   3   2   3   2  0.25559079489009D+01  0.00000000000000D+00

 List of bloks and their characteristics 
  
 2nd derivatives (non-stat.)  - # elements :      36
 qpt  0.00000000E+00  0.00000000E+00  0.00000000E+00   1.0
  
 2nd derivatives (non-stat.)  - # elements :      36
 qpt  0.00000000E+00  5.00000000E-01  5.00000000E-01   1.0
  
 2nd derivatives (non-stat.)  - # elements :      36
 qpt  5.00000000E-01  0.00000000E+00  5.00000000E-01   1.0
  
 2nd derivatives (non-stat.)  - # elements :      36
 qpt  5.00000000E-01  5.00000000E-01  0.00000000E+00   1.0
