
.Version 8.7.6 of ANADDB 
.(MPI version, prepared for a x86_64_linux_gnu5.3 computer) 

.Copyright (C) 1998-2018 ABINIT group . 
 ANADDB comes with ABSOLUTELY NO WARRANTY.
 It is free software, and you are welcome to redistribute it
 under certain conditions (GNU General Public License,
 see ~abinit/COPYING or http://www.gnu.org/copyleft/gpl.txt).

 ABINIT is a project of the Universite Catholique de Louvain,
 Corning Inc. and other collaborators, see ~abinit/doc/developers/contributors.txt .
 Please read https://docs.abinit.org/theory/acknowledgments for suggested
 acknowledgments of the ABINIT effort.
 For more information, see https://www.abinit.org .

.Starting date : Fri  9 Mar 2018.
- ( at 06h40 )
  

================================================================================

 -outvars_anaddb: echo values of input variables ----------------------

 Flags :
     ifcflag         1
    elphflag         1
 Miscellaneous information :
       eivec         1
         asr         2
 Interatomic Force Constants Inputs :
      dipdip         0
      ifcana         1
      ifcout         0
 Description of grid 1 :
        brav         1
       ngqpt         2         2         2
      nqshft         1
      q1shft
                     0.00000000E+00  0.00000000E+00  0.00000000E+00
 Elphon calculation will be carried out
   elphsmear    0.100000E-01
    a2fsmear    0.200000E-04
      mustar    0.136000E+00
      nqpath         7
       qpath
                0.000000E+00     0.000000E+00     0.000000E+00
                0.500000E+00     0.500000E+00     0.000000E+00
                0.100000E+01     0.100000E+01     0.100000E+01
                0.500000E+00     0.500000E+00     0.500000E+00
                0.500000E+00     0.500000E+00     0.000000E+00
                0.500000E+00     0.750000E+00     0.250000E+00
                0.500000E+00     0.500000E+00     0.500000E+00
    telphint         0
 Tetrahedron integration for elphon
    kptrlatt  4   0   0     0   4   0     0   0   4
 Will keep band dependency in gkk in memory.
 WARNING: the memory requirements will be multiplied by nbands**2 !!!
 Will output nesting factor
 Will perform transport calculation in elphon to get
 resistivity and thermal conductivity as a function of T

 Minimum temperature for transport outputs:     1.000000E+00 K
 Maximum temperature for transport outputs:     2.100000E+01 K
 Number of temperature points for transport outputs:     10

 First list of wavevector (reduced coord.) :
       nph1l         1
       qph1l
                     0.00000000E+00  0.00000000E+00  0.00000000E+00    1.000E+00

================================================================================

 read the DDB information and perform some checks

 Real(R)+Recip(G) space primitive vectors, cartesian coordinates (Bohr,Bohr^-1):
 R(1)=  0.0000000  3.7500000  3.7500000  G(1)= -0.1333333  0.1333333  0.1333333
 R(2)=  3.7500000  0.0000000  3.7500000  G(2)=  0.1333333 -0.1333333  0.1333333
 R(3)=  3.7500000  3.7500000  0.0000000  G(3)=  0.1333333  0.1333333 -0.1333333
 Unit cell volume ucvol=  1.0546875E+02 bohr^3
 Angles (23,13,12)=  6.00000000E+01  6.00000000E+01  6.00000000E+01 degrees
 Now the whole DDB is in central memory

================================================================================

 Calculation of the interatomic forces 

-begin at tcpu      0.013  and twall      0.013 sec
       Homogeneous q point set in the B.Z.
 Grid q points  :        8
  1)   0.00000000E+00  0.00000000E+00  0.00000000E+00
  2)   5.00000000E-01  0.00000000E+00  0.00000000E+00
  3)   0.00000000E+00  5.00000000E-01  0.00000000E+00
  4)   5.00000000E-01  5.00000000E-01  0.00000000E+00
  5)   0.00000000E+00  0.00000000E+00  5.00000000E-01
  6)   5.00000000E-01  0.00000000E+00  5.00000000E-01
  7)   0.00000000E+00  5.00000000E-01  5.00000000E-01
  8)   5.00000000E-01  5.00000000E-01  5.00000000E-01

 The interatomic forces have been obtained

================================================================================

 Properties based on electron-phonon coupling 

 Found     4 symmetries that leave the perturbation invariant.
 Found     4 symmetries that leave the perturbation invariant.
 Found     4 symmetries that leave the perturbation invariant.
 Found     2 symmetries that leave the perturbation invariant.
 The set of symmetries contains only one element for this perturbation.
 The set of symmetries contains only one element for this perturbation.
 Found     2 symmetries that leave the perturbation invariant.
 Found     2 symmetries that leave the perturbation invariant.
 Found     2 symmetries that leave the perturbation invariant.

 Output of the linewidths for the first point of each segment. Linewidths are given in Hartree.

 Q point =    0.000000E+00    0.000000E+00    0.000000E+00   isppol =    1
 Mode number    Frequency (Ha)  Linewidth (Ha)  Lambda(q,n)
       1        0.000000E+00    2.037287E-22    0.000000E+00
       2        0.000000E+00    2.706147E-22    0.000000E+00
       3        0.000000E+00    8.333473E-23    0.000000E+00

 Q point =    5.000000E-01    5.000000E-01    0.000000E+00   isppol =    1
 Mode number    Frequency (Ha)  Linewidth (Ha)  Lambda(q,n)
       1       -9.500895E-04    1.565154E-06    7.295074E-02
       2       -9.500895E-04    1.565154E-06    7.295074E-02
       3        1.830516E-03    1.086965E-05    1.364804E-01

 Q point =    0.000000E+00    0.000000E+00    0.000000E+00   isppol =    1
 Mode number    Frequency (Ha)  Linewidth (Ha)  Lambda(q,n)
       1        0.000000E+00    2.037287E-22    0.000000E+00
       2        0.000000E+00    2.706147E-22    0.000000E+00
       3        0.000000E+00    8.333473E-23    0.000000E+00

 Q point =    5.000000E-01    5.000000E-01    5.000000E-01   isppol =    1
 Mode number    Frequency (Ha)  Linewidth (Ha)  Lambda(q,n)
       1       -1.129691E-03    1.579450E-06    5.207006E-02
       2       -1.129691E-03    1.579450E-06    5.207006E-02
       3        1.231081E-03    2.833497E-06    7.865944E-02

 Q point =    5.000000E-01    5.000000E-01    0.000000E+00   isppol =    1
 Mode number    Frequency (Ha)  Linewidth (Ha)  Lambda(q,n)
       1       -9.500895E-04    1.565154E-06    7.295074E-02
       2       -9.500895E-04    1.565154E-06    7.295074E-02
       3        1.830516E-03    1.086965E-05    1.364804E-01

 Q point =    5.000000E-01   -2.500000E-01    2.500000E-01   isppol =    1
 Mode number    Frequency (Ha)  Linewidth (Ha)  Lambda(q,n)
       1       -1.070823E-03    1.064313E-06    3.905131E-02
       2        9.899831E-04    5.716561E-06    2.454035E-01
       3        9.899831E-04    5.716561E-06    2.454035E-01

 Q point =    5.000000E-01    5.000000E-01    5.000000E-01   isppol =    1
 Mode number    Frequency (Ha)  Linewidth (Ha)  Lambda(q,n)
       1       -1.129691E-03    1.579450E-06    5.207006E-02
       2       -1.129691E-03    1.579450E-06    5.207006E-02
       3        1.231081E-03    2.833497E-06    7.865944E-02


 Superconductivity : isotropic evaluation of parameters from electron-phonon coupling.

 mka2f: lambda <omega^2> =     3.469401E-07
 mka2f: lambda <omega^3> =     3.708137E-10
 mka2f: lambda <omega^4> =     4.355609E-13
 mka2f: lambda <omega^5> =     5.485447E-16
 mka2f: isotropic lambda =     5.237472E-01
 mka2f: omegalog  =     6.201130E-04 (Ha)     1.958159E+02 (Kelvin)
 mka2f: input mustar =     1.360000E-01
-mka2f: MacMillan Tc =     5.131185E-06 (Ha)     1.620298E+00 (Kelvin)
 mka2f_tr_lova: 1/3 trace of TRANSPORT lambda for isppol   1 =      1.339175E-01

================================================================================

 Treat the first list of vectors 


  Phonon wavevector (reduced coordinates) :  0.00000  0.00000  0.00000
 Phonon energies in Hartree :
   0.000000E+00  0.000000E+00  0.000000E+00
 Phonon frequencies in cm-1    :
-  0.000000E+00  0.000000E+00  0.000000E+00

 Eigendisplacements 
 (will be given, for each mode : in cartesian coordinates
   for each atom the real part of the displacement vector,
   then the imaginary part of the displacement vector - absolute values smaller than 1.0d-7 are set to zero)
  Mode number    1   Energy    0.000000E+00
 Attention : low frequency mode.
   (Could be unstable or acoustic mode)
-  1  0.00000000E+00  0.00000000E+00 -4.50906598E-03
-     0.00000000E+00  0.00000000E+00  0.00000000E+00
  Mode number    2   Energy    0.000000E+00
 Attention : low frequency mode.
   (Could be unstable or acoustic mode)
-  1  0.00000000E+00 -4.50906598E-03  0.00000000E+00
-     0.00000000E+00  0.00000000E+00  0.00000000E+00
  Mode number    3   Energy    0.000000E+00
 Attention : low frequency mode.
   (Could be unstable or acoustic mode)
-  1  4.50906598E-03  0.00000000E+00  0.00000000E+00
-     0.00000000E+00  0.00000000E+00  0.00000000E+00

 Analysis of degeneracies and characters (maximum tolerance=1.00E-06 a.u.)
 Symmetry characters of vibration mode #   1
       degenerate with vibration modes #   2 to    3
  3.0 -3.0 -1.0  1.0 -1.0  1.0 -1.0  1.0  1.0 -1.0 -1.0  1.0  1.0 -1.0 -1.0  1.0
  0.0 -0.0 -0.0  0.0  0.0 -0.0 -0.0  0.0  1.0 -1.0 -1.0  1.0 -1.0  1.0  1.0 -1.0
  0.0 -0.0  0.0 -0.0 -0.0  0.0 -0.0  0.0  1.0 -1.0  1.0 -1.0 -1.0  1.0 -1.0  1.0
-
- Proc.   0 individual time (sec): cpu=          1.5  wall=          1.5

================================================================================

+Total cpu time      1.459  and wall time      1.459 sec

 anaddb : the run completed succesfully.
