
.Version 8.0.3 of ABINIT 
.(MPI version, prepared for a x86_64_linux_gnu5.3 computer) 

.Copyright (C) 1998-2018 ABINIT group . 
 ABINIT comes with ABSOLUTELY NO WARRANTY.
 It is free software, and you are welcome to redistribute it
 under certain conditions (GNU General Public License,
 see ~abinit/COPYING or http://www.gnu.org/copyleft/gpl.txt).

 ABINIT is a project of the Universite Catholique de Louvain,
 Corning Inc. and other collaborators, see ~abinit/doc/developers/contributors.txt .
 Please read https://docs.abinit.org/theory/acknowledgments for suggested
 acknowledgments of the ABINIT effort.
 For more information, see https://www.abinit.org .

.Starting date : Mon  4 Apr 2016.
- ( at 09h52 )
  
- input  file    -> tnlo_1.in
- output file    -> tnlo_1.out
- root for input  files -> tnlo_1i
- root for output files -> tnlo_1o


 Symmetries : space group F-4 3 m (#216); Bravais cF (face-center cubic)
================================================================================
 Values of the parameters that define the memory need of the present run
     intxc =       0    ionmov =       2      iscf =       7    lmnmax =       2
     lnmax =       2     mgfft =      12  mpssoang =       3    mqgrid =    3001
     natom =       2  nloc_mem =       1    nspden =       1   nspinor =       1
    nsppol =       1      nsym =      24    n1xccc =    2501    ntypat =       2
    occopt =       1   xclevel =       1
-    mband =           5        mffmem =           1         mkmem =          28
       mpw =          80          nfft =        1728          nkpt =          28
================================================================================
P This job should need less than                       1.524 Mbytes of memory.
  Rough estimation (10% accuracy) of disk space for files :
_ WF disk file :      0.173 Mbytes ; DEN or POT disk file :      0.015 Mbytes.
================================================================================

--------------------------------------------------------------------------------
------------- Echo of variables that govern the present computation ------------
--------------------------------------------------------------------------------
-
- outvars: echo of selected default values                                      
-   accesswff0 =  0 , fftalg0 =312 , wfoptalg0 =  0
-
- outvars: echo of global parameters not present in the input file              
-  max_nthreads =    0
-
 -outvars: echo values of preprocessed input variables --------
            acell      1.0530000000E+01  1.0530000000E+01  1.0530000000E+01 Bohr
              amu      2.69815390E+01  7.49215900E+01
          dilatmx      1.05000000E+00
             ecut      2.80000000E+00 Hartree
           ecutsm      5.00000000E-01 Hartree
-          fftalg         312
           ionmov           2
              ixc           3
              kpt     -8.33333333E-02 -1.66666667E-01  0.00000000E+00
                      -8.33333333E-02 -3.33333333E-01  0.00000000E+00
                      -1.66666667E-01 -2.50000000E-01  0.00000000E+00
                      -8.33333333E-02 -2.50000000E-01  8.33333333E-02
                      -8.33333333E-02  5.00000000E-01  0.00000000E+00
                      -1.66666667E-01 -4.16666667E-01  0.00000000E+00
                      -8.33333333E-02 -4.16666667E-01  8.33333333E-02
                      -2.50000000E-01 -3.33333333E-01  0.00000000E+00
                      -1.66666667E-01 -3.33333333E-01  8.33333333E-02
                      -8.33333333E-02 -3.33333333E-01  1.66666667E-01
                      -8.33333333E-02  3.33333333E-01  0.00000000E+00
                      -1.66666667E-01  4.16666667E-01  0.00000000E+00
                      -2.50000000E-01  5.00000000E-01  0.00000000E+00
                      -1.66666667E-01  5.00000000E-01  8.33333333E-02
                      -3.33333333E-01 -4.16666667E-01  0.00000000E+00
                      -2.50000000E-01 -4.16666667E-01  8.33333333E-02
                      -1.66666667E-01 -4.16666667E-01  1.66666667E-01
                      -8.33333333E-02 -4.16666667E-01  2.50000000E-01
                      -8.33333333E-02  1.66666667E-01  0.00000000E+00
                      -1.66666667E-01  2.50000000E-01  0.00000000E+00
                      -2.50000000E-01  3.33333333E-01  0.00000000E+00
                      -3.33333333E-01  4.16666667E-01  0.00000000E+00
                      -4.16666667E-01  5.00000000E-01  0.00000000E+00
                      -3.33333333E-01  5.00000000E-01  8.33333333E-02
                      -2.50000000E-01  5.00000000E-01  1.66666667E-01
                      -8.33333333E-02  0.00000000E+00  0.00000000E+00
                      -2.50000000E-01  0.00000000E+00  0.00000000E+00
                      -4.16666667E-01  0.00000000E+00  0.00000000E+00
         kptrlatt        6   -6    6     -6    6    6     -6   -6    6
          kptrlen      6.31800000E+01
P           mkmem          28
            natom           2
            nband           5
            ngfft          12      12      12
             nkpt          28
            nstep         100
             nsym          24
            ntime         100
           ntypat           2
              occ      2.000000  2.000000  2.000000  2.000000  0.000000
          optcell           2
            rprim      0.0000000000E+00  5.0000000000E-01  5.0000000000E-01
                       5.0000000000E-01  0.0000000000E+00  5.0000000000E-01
                       5.0000000000E-01  5.0000000000E-01  0.0000000000E+00
           shiftk      5.00000000E-01  5.00000000E-01  5.00000000E-01
          spgroup         216
           symrel      1  0  0   0  1  0   0  0  1       0 -1  1   0 -1  0   1 -1  0
                      -1  0  0  -1  0  1  -1  1  0       0  1 -1   1  0 -1   0  0 -1
                      -1  0  0  -1  1  0  -1  0  1       0 -1  1   1 -1  0   0 -1  0
                       1  0  0   0  0  1   0  1  0       0  1 -1   0  0 -1   1  0 -1
                      -1  0  1  -1  1  0  -1  0  0       0 -1  0   1 -1  0   0 -1  1
                       1  0 -1   0  0 -1   0  1 -1       0  1  0   0  0  1   1  0  0
                       1  0 -1   0  1 -1   0  0 -1       0 -1  0   0 -1  1   1 -1  0
                      -1  0  1  -1  0  0  -1  1  0       0  1  0   1  0  0   0  0  1
                       0  0 -1   0  1 -1   1  0 -1       1 -1  0   0 -1  1   0 -1  0
                       0  0  1   1  0  0   0  1  0      -1  1  0  -1  0  0  -1  0  1
                       0  0  1   0  1  0   1  0  0       1 -1  0   0 -1  0   0 -1  1
                       0  0 -1   1  0 -1   0  1 -1      -1  1  0  -1  0  1  -1  0  0
           tolmxf      5.00000000E-06
           tolvrs      1.00000000E-15
            typat      1  2
              wtk        0.02778    0.02778    0.02778    0.05556    0.02778    0.02778
                         0.05556    0.02778    0.05556    0.05556    0.02778    0.02778
                         0.02778    0.05556    0.02778    0.05556    0.05556    0.05556
                         0.02778    0.02778    0.02778    0.02778    0.02778    0.05556
                         0.05556    0.00926    0.00926    0.00926
           xangst      0.0000000000E+00  0.0000000000E+00  0.0000000000E+00
                       1.3930590016E+00  1.3930590016E+00  1.3930590016E+00
            xcart      0.0000000000E+00  0.0000000000E+00  0.0000000000E+00
                       2.6325000000E+00  2.6325000000E+00  2.6325000000E+00
             xred      0.0000000000E+00  0.0000000000E+00  0.0000000000E+00
                       2.5000000000E-01  2.5000000000E-01  2.5000000000E-01
            znucl       13.00000   33.00000

================================================================================

 chkinp: Checking input parameters for consistency.

================================================================================
== DATASET  1 ==================================================================
-   nproc =    1

 Exchange-correlation functional for the present dataset will be:
  LDA: old Teter (4/91) fit to Ceperley-Alder data - ixc=3

 Real(R)+Recip(G) space primitive vectors, cartesian coordinates (Bohr,Bohr^-1):
 R(1)=  0.0000000  5.2650000  5.2650000  G(1)= -0.0949668  0.0949668  0.0949668
 R(2)=  5.2650000  0.0000000  5.2650000  G(2)=  0.0949668 -0.0949668  0.0949668
 R(3)=  5.2650000  5.2650000  0.0000000  G(3)=  0.0949668  0.0949668 -0.0949668
 Unit cell volume ucvol=  2.9189397E+02 bohr^3
 Angles (23,13,12)=  6.00000000E+01  6.00000000E+01  6.00000000E+01 degrees

 getcut: wavevector=  0.0000  0.0000  0.0000  ngfft=  12  12  12
         ecut(hartree)=      3.087   => boxcut(ratio)=   2.03767

--- Pseudopotential description ------------------------------------------------
- pspini: atom type   1  psp file is /home/gonze/ABINIT/ABINITv8.0.3/gonze/8.0.3-private/tests/Psps_for_tests/13al.pspnc
- pspatm: opening atomic psp file    /home/gonze/ABINIT/ABINITv8.0.3/gonze/8.0.3-private/tests/Psps_for_tests/13al.pspnc
-  Troullier-Martins psp for element  Al        Thu Oct 27 17:31:05 EDT 1994
- 13.00000   3.00000    940714                znucl, zion, pspdat
    1    1    2    2      2001   0.00000      pspcod,pspxc,lmax,lloc,mmax,r2well
    0   4.657  11.889    1   2.2761078        l,e99.0,e99.9,nproj,rcpsp
   0.00000000   0.00000000   0.00000000   0.00000000     rms, ekb1, ekb2, epsatm
    1   1.829   2.761    1   2.2761078        l,e99.0,e99.9,nproj,rcpsp
   0.00000000   0.00000000   0.00000000   0.00000000     rms, ekb1, ekb2, epsatm
    2   0.000   0.000    0   2.2761078        l,e99.0,e99.9,nproj,rcpsp
   0.00000000   0.00000000   0.00000000   0.00000000     rms, ekb1, ekb2, epsatm
    2.09673076353074    0.12648111154518    1.01742091001718   rchrg,fchrg,qchrg
 pspatm : epsatm=    0.22155260
         --- l  ekb(1:nproj) -->
             0    2.540658
             1    1.353815
 pspatm: atomic psp has been read  and splines computed

- pspini: atom type   2  psp file is /home/gonze/ABINIT/ABINITv8.0.3/gonze/8.0.3-private/tests/Psps_for_tests/33as.pspnc
- pspatm: opening atomic psp file    /home/gonze/ABINIT/ABINITv8.0.3/gonze/8.0.3-private/tests/Psps_for_tests/33as.pspnc
-  Troullier-Martins psp for element  As        Thu Oct 27 17:37:14 EDT 1994
- 33.00000   5.00000    940714                znucl, zion, pspdat
    1    1    1    1      2001   0.00000      pspcod,pspxc,lmax,lloc,mmax,r2well
    0   4.772  10.829    1   2.5306160        l,e99.0,e99.9,nproj,rcpsp
   0.00000000   0.00000000   0.00000000   0.00000000     rms, ekb1, ekb2, epsatm
    1   2.745   5.580    0   2.5306160        l,e99.0,e99.9,nproj,rcpsp
   0.00000000   0.00000000   0.00000000   0.00000000     rms, ekb1, ekb2, epsatm
    2.05731715564010    0.36322996461007    2.76014815959125   rchrg,fchrg,qchrg
 pspatm : epsatm=   27.20579911
         --- l  ekb(1:nproj) -->
             0    0.838751
 pspatm: atomic psp has been read  and splines computed

   2.19418814E+02                                ecore*ucvol(ha*bohr**3)
--------------------------------------------------------------------------------

_setup2: Arith. and geom. avg. npw (full set) are      75.602      75.552

================================================================================

=== [ionmov= 2] Broyden-Fletcher-Goldfard-Shanno method (forces)            
================================================================================

--- Iteration: (  1/100) Internal Cycle: (1/1)
--------------------------------------------------------------------------------

---SELF-CONSISTENT-FIELD CONVERGENCE--------------------------------------------

     iter   Etot(hartree)      deltaE(h)  residm     vres2
 ETOT  1  -10.081663941621    -1.008E+01 8.737E-03 9.294E-01
 ETOT  2  -10.085672066210    -4.008E-03 2.846E-05 2.460E-02
 ETOT  3  -10.085763378019    -9.131E-05 8.295E-06 1.970E-03
 ETOT  4  -10.085769133799    -5.756E-06 4.103E-07 7.216E-05
 ETOT  5  -10.085769244430    -1.106E-07 9.730E-08 8.941E-07
 ETOT  6  -10.085769246132    -1.703E-09 8.805E-09 1.353E-08
 ETOT  7  -10.085769246152    -1.923E-11 1.782E-09 3.560E-10
 ETOT  8  -10.085769246152    -6.004E-13 1.895E-10 1.687E-12
 ETOT  9  -10.085769246152    -8.882E-15 3.730E-11 1.143E-14
 ETOT 10  -10.085769246152    -2.132E-14 4.179E-12 1.335E-17

 At SCF step   10       vres2   =  1.33E-17 < tolvrs=  1.00E-15 =>converged.

 Cartesian components of stress tensor (hartree/bohr^3)
  sigma(1 1)= -3.11098355E-06  sigma(3 2)=  0.00000000E+00
  sigma(2 2)= -3.11098355E-06  sigma(3 1)=  0.00000000E+00
  sigma(3 3)= -3.11098355E-06  sigma(2 1)=  0.00000000E+00

 Integrated electronic density in atomic spheres:
 ------------------------------------------------
 Atom  Sphere_radius  Integrated_density
    1        2.00000          0.87677732
    2        2.00000          2.43351333

---OUTPUT-----------------------------------------------------------------------

 Cartesian coordinates (xcart) [bohr]
  0.00000000000000E+00  0.00000000000000E+00  0.00000000000000E+00
  2.63250000000000E+00  2.63250000000000E+00  2.63250000000000E+00
 Reduced coordinates (xred)
  0.00000000000000E+00  0.00000000000000E+00  0.00000000000000E+00
  2.50000000000000E-01  2.50000000000000E-01  2.50000000000000E-01
 Cartesian forces (fcart) [Ha/bohr]; max,rms= 0.00000E+00 0.00000E+00 (free atoms)
 -0.00000000000000E+00 -0.00000000000000E+00 -0.00000000000000E+00
 -0.00000000000000E+00 -0.00000000000000E+00 -0.00000000000000E+00
 Reduced forces (fred)
  0.00000000000000E+00  0.00000000000000E+00  0.00000000000000E+00
  0.00000000000000E+00  0.00000000000000E+00  0.00000000000000E+00
 Scale of Primitive Cell (acell) [bohr]
  1.05300000000000E+01  1.05300000000000E+01  1.05300000000000E+01
 Real space primitive translations (rprimd) [bohr]
  0.00000000000000E+00  5.26500000000000E+00  5.26500000000000E+00
  5.26500000000000E+00  0.00000000000000E+00  5.26500000000000E+00
  5.26500000000000E+00  5.26500000000000E+00  0.00000000000000E+00
 Unitary Cell Volume (ucvol) [Bohr^3]=  2.91893969250000E+02
 Angles (23,13,12)= [degrees]
  6.00000000000000E+01  6.00000000000000E+01  6.00000000000000E+01
 Lengths [Bohr]
  7.44583440589434E+00  7.44583440589434E+00  7.44583440589434E+00
 Stress tensor in cartesian coordinates (strten) [Ha/bohr^3]
 -3.11098355035939E-06  0.00000000000000E+00  0.00000000000000E+00
  0.00000000000000E+00 -3.11098355035982E-06  0.00000000000000E+00
  0.00000000000000E+00  0.00000000000000E+00 -3.11098355036026E-06
 Total energy (etotal) [Ha]= -1.00857692461524E+01

--- Iteration: (  2/100) Internal Cycle: (1/1)
--------------------------------------------------------------------------------

---SELF-CONSISTENT-FIELD CONVERGENCE--------------------------------------------

     iter   Etot(hartree)      deltaE(h)  residm     vres2
 ETOT  1  -10.085769447472    -1.009E+01 1.697E-09 4.937E-06
 ETOT  2  -10.085769467281    -1.981E-08 2.106E-11 2.321E-07
 ETOT  3  -10.085769467999    -7.177E-10 2.777E-11 2.279E-08
 ETOT  4  -10.085769468054    -5.459E-11 5.964E-12 1.583E-10
 ETOT  5  -10.085769468054    -1.581E-13 1.256E-13 1.662E-12
 ETOT  6  -10.085769468054    -1.954E-14 4.685E-14 6.756E-14
 ETOT  7  -10.085769468054     7.105E-15 1.286E-15 1.690E-16

 At SCF step    7       vres2   =  1.69E-16 < tolvrs=  1.00E-15 =>converged.

 Cartesian components of stress tensor (hartree/bohr^3)
  sigma(1 1)= -2.31877502E-06  sigma(3 2)=  0.00000000E+00
  sigma(2 2)= -2.31877502E-06  sigma(3 1)=  0.00000000E+00
  sigma(3 3)= -2.31877502E-06  sigma(2 1)=  0.00000000E+00

 Integrated electronic density in atomic spheres:
 ------------------------------------------------
 Atom  Sphere_radius  Integrated_density
    1        2.00000          0.87687306
    2        2.00000          2.43389083

---OUTPUT-----------------------------------------------------------------------

 Cartesian coordinates (xcart) [bohr]
  0.00000000000000E+00  0.00000000000000E+00  0.00000000000000E+00
  2.63274568992589E+00  2.63274568992589E+00  2.63274568992589E+00
 Reduced coordinates (xred)
  0.00000000000000E+00  0.00000000000000E+00  0.00000000000000E+00
  2.50000000000000E-01  2.50000000000000E-01  2.50000000000000E-01
 Cartesian forces (fcart) [Ha/bohr]; max,rms= 0.00000E+00 0.00000E+00 (free atoms)
 -0.00000000000000E+00 -0.00000000000000E+00 -0.00000000000000E+00
 -0.00000000000000E+00 -0.00000000000000E+00 -0.00000000000000E+00
 Reduced forces (fred)
  0.00000000000000E+00  0.00000000000000E+00  0.00000000000000E+00
  0.00000000000000E+00  0.00000000000000E+00  0.00000000000000E+00
 Scale of Primitive Cell (acell) [bohr]
  7.44652932194501E+00  7.44652932194501E+00  7.44652932194501E+00
 Real space primitive translations (rprimd) [bohr]
  0.00000000000000E+00  5.26549137985178E+00  5.26549137985178E+00
  5.26549137985178E+00  0.00000000000000E+00  5.26549137985178E+00
  5.26549137985178E+00  5.26549137985178E+00  0.00000000000000E+00
 Unitary Cell Volume (ucvol) [Bohr^3]=  2.91975703838085E+02
 Angles (23,13,12)= [degrees]
  6.00000000000000E+01  6.00000000000000E+01  6.00000000000000E+01
 Lengths [Bohr]
  7.44652932194501E+00  7.44652932194501E+00  7.44652932194501E+00
 Stress tensor in cartesian coordinates (strten) [Ha/bohr^3]
 -2.31877501799581E-06  0.00000000000000E+00  0.00000000000000E+00
  0.00000000000000E+00 -2.31877501799668E-06  0.00000000000000E+00
  0.00000000000000E+00  0.00000000000000E+00 -2.31877501799668E-06
 Total energy (etotal) [Ha]= -1.00857694680540E+01

 Difference of energy with previous step (new-old):
           Absolute (Ha)=-2.21902E-07
           Relative     =-2.20015E-08

--- Iteration: (  3/100) Internal Cycle: (1/1)
--------------------------------------------------------------------------------

---SELF-CONSISTENT-FIELD CONVERGENCE--------------------------------------------

     iter   Etot(hartree)      deltaE(h)  residm     vres2
 ETOT  1  -10.085769568268    -1.009E+01 9.960E-09 4.243E-05
 ETOT  2  -10.085769738624    -1.704E-07 1.355E-10 1.997E-06
 ETOT  3  -10.085769744806    -6.182E-09 2.399E-10 1.963E-07
 ETOT  4  -10.085769745276    -4.700E-10 5.115E-11 1.365E-09
 ETOT  5  -10.085769745278    -1.833E-12 1.091E-12 1.432E-11
 ETOT  6  -10.085769745278    -1.243E-14 4.080E-13 5.835E-13
 ETOT  7  -10.085769745278    -1.954E-14 1.138E-14 1.430E-15
 ETOT  8  -10.085769745278     1.776E-14 7.479E-15 1.315E-17

 At SCF step    8       vres2   =  1.31E-17 < tolvrs=  1.00E-15 =>converged.

 Cartesian components of stress tensor (hartree/bohr^3)
  sigma(1 1)=  4.98846790E-09  sigma(3 2)=  0.00000000E+00
  sigma(2 2)=  4.98846790E-09  sigma(3 1)=  0.00000000E+00
  sigma(3 3)=  4.98846790E-09  sigma(2 1)=  0.00000000E+00

 Integrated electronic density in atomic spheres:
 ------------------------------------------------
 Atom  Sphere_radius  Integrated_density
    1        2.00000          0.87715382
    2        2.00000          2.43499702

---OUTPUT-----------------------------------------------------------------------

 Cartesian coordinates (xcart) [bohr]
  0.00000000000000E+00  0.00000000000000E+00  0.00000000000000E+00
  2.63346560974590E+00  2.63346560974590E+00  2.63346560974590E+00
 Reduced coordinates (xred)
  0.00000000000000E+00  0.00000000000000E+00  0.00000000000000E+00
  2.50000000000000E-01  2.50000000000000E-01  2.50000000000000E-01
 Cartesian forces (fcart) [Ha/bohr]; max,rms= 0.00000E+00 0.00000E+00 (free atoms)
 -0.00000000000000E+00 -0.00000000000000E+00 -0.00000000000000E+00
 -0.00000000000000E+00 -0.00000000000000E+00 -0.00000000000000E+00
 Reduced forces (fred)
  0.00000000000000E+00  0.00000000000000E+00  0.00000000000000E+00
  0.00000000000000E+00  0.00000000000000E+00  0.00000000000000E+00
 Scale of Primitive Cell (acell) [bohr]
  7.44856556269157E+00  7.44856556269157E+00  7.44856556269157E+00
 Real space primitive translations (rprimd) [bohr]
  3.06313139123714E-34  5.26693121949180E+00  5.26693121949180E+00
  5.26693121949180E+00  3.75256165296944E-50  5.26693121949180E+00
  5.26693121949180E+00  5.26693121949180E+00  6.76001410479920E-34
 Unitary Cell Volume (ucvol) [Bohr^3]=  2.92215290115767E+02
 Angles (23,13,12)= [degrees]
  6.00000000000000E+01  6.00000000000000E+01  6.00000000000000E+01
 Lengths [Bohr]
  7.44856556269157E+00  7.44856556269157E+00  7.44856556269157E+00
 Stress tensor in cartesian coordinates (strten) [Ha/bohr^3]
  4.98846790264462E-09  0.00000000000000E+00  0.00000000000000E+00
  0.00000000000000E+00  4.98846790221094E-09  0.00000000000000E+00
  0.00000000000000E+00  0.00000000000000E+00  4.98846790221094E-09
 Total energy (etotal) [Ha]= -1.00857697452778E+01

 Difference of energy with previous step (new-old):
           Absolute (Ha)=-2.77224E-07
           Relative     =-2.74866E-08

 At Broyd/MD step   3, gradients are converged : 
  max grad (force/stress) = 4.9885E-07 < tolmxf= 5.0000E-06 ha/bohr (free atoms)

================================================================================

 ----iterations are completed or convergence reached----

 Mean square residual over all n,k,spin=   5.4066E-17; max=  7.4789E-15
- nxfh > 0 in outwf is deprecated and will be removed in ABINIT8
 reduced coordinates (array xred) for    2 atoms
       0.000000000000      0.000000000000      0.000000000000
       0.250000000000      0.250000000000      0.250000000000
 rms dE/dt=  0.0000E+00; max dE/dt=  0.0000E+00; dE/dt below (all hartree)
    1       0.000000000000      0.000000000000      0.000000000000
    2       0.000000000000      0.000000000000      0.000000000000

 cartesian coordinates (angstrom) at end:
    1      0.00000000000000     0.00000000000000     0.00000000000000
    2      1.39356998028310     1.39356998028310     1.39356998028310

 cartesian forces (hartree/bohr) at end:
    1     -0.00000000000000    -0.00000000000000    -0.00000000000000
    2     -0.00000000000000    -0.00000000000000    -0.00000000000000
 frms,max,avg= 0.0000000E+00 0.0000000E+00   0.000E+00  0.000E+00  0.000E+00 h/b

 cartesian forces (eV/Angstrom) at end:
    1     -0.00000000000000    -0.00000000000000    -0.00000000000000
    2     -0.00000000000000    -0.00000000000000    -0.00000000000000
 frms,max,avg= 0.0000000E+00 0.0000000E+00   0.000E+00  0.000E+00  0.000E+00 e/A
 length scales=  7.448565562692  7.448565562692  7.448565562692 bohr
              =  3.941611132465  3.941611132465  3.941611132465 angstroms
 prteigrs : about to open file tnlo_1o_EIG
 Fermi (or HOMO) energy (hartree) =   0.09055   Average Vxc (hartree)=  -0.34847
 Eigenvalues (hartree) for nkpt=  28  k points:
 kpt#   1, nband=  5, wtk=  0.02778, kpt= -0.0833 -0.1667  0.0000 (reduced coord)
  -0.34045    0.02813    0.07395    0.07828    0.22106
 prteigrs : prtvol=0 or 1, do not print more k-points.


--------------------------------------------------------------------------------
 Components of total free energy (in Hartree) :

    Kinetic energy  =  2.91759116624589E+00
    Hartree energy  =  7.61532266671949E-01
    XC energy       = -4.34890806359045E+00
    Ewald energy    = -8.54118755883776E+00
    PspCore energy  =  7.50880672855241E-01
    Loc. psp. energy= -2.29452570406099E+00
    NL   psp  energy=  6.68847475438375E-01
    >>>>>>>>> Etotal= -1.00857697452778E+01

 Other information on the energy :
    Total energy(eV)= -2.74447752062327E+02 ; Band energy (Ha)=  -6.5057249649E-01
--------------------------------------------------------------------------------

 Cartesian components of stress tensor (hartree/bohr^3)
  sigma(1 1)=  4.98846790E-09  sigma(3 2)=  0.00000000E+00
  sigma(2 2)=  4.98846790E-09  sigma(3 1)=  0.00000000E+00
  sigma(3 3)=  4.98846790E-09  sigma(2 1)=  0.00000000E+00

-Cartesian components of stress tensor (GPa)         [Pressure= -1.4677E-04 GPa]
- sigma(1 1)=  1.46765768E-04  sigma(3 2)=  0.00000000E+00
- sigma(2 2)=  1.46765768E-04  sigma(3 1)=  0.00000000E+00
- sigma(3 3)=  1.46765768E-04  sigma(2 1)=  0.00000000E+00

== END DATASET(S) ==============================================================
================================================================================
  
 -outvars: echo values of variables after computation  --------
            acell      7.4485655627E+00  7.4485655627E+00  7.4485655627E+00 Bohr
              amu      2.69815390E+01  7.49215900E+01
          dilatmx      1.05000000E+00
             ecut      2.80000000E+00 Hartree
           ecutsm      5.00000000E-01 Hartree
           etotal     -1.0085769745E+01
            fcart     -0.0000000000E+00 -0.0000000000E+00 -0.0000000000E+00
                      -0.0000000000E+00 -0.0000000000E+00 -0.0000000000E+00
-          fftalg         312
           ionmov           2
              ixc           3
              kpt     -8.33333333E-02 -1.66666667E-01  0.00000000E+00
                      -8.33333333E-02 -3.33333333E-01  0.00000000E+00
                      -1.66666667E-01 -2.50000000E-01  0.00000000E+00
                      -8.33333333E-02 -2.50000000E-01  8.33333333E-02
                      -8.33333333E-02  5.00000000E-01  0.00000000E+00
                      -1.66666667E-01 -4.16666667E-01  0.00000000E+00
                      -8.33333333E-02 -4.16666667E-01  8.33333333E-02
                      -2.50000000E-01 -3.33333333E-01  0.00000000E+00
                      -1.66666667E-01 -3.33333333E-01  8.33333333E-02
                      -8.33333333E-02 -3.33333333E-01  1.66666667E-01
                      -8.33333333E-02  3.33333333E-01  0.00000000E+00
                      -1.66666667E-01  4.16666667E-01  0.00000000E+00
                      -2.50000000E-01  5.00000000E-01  0.00000000E+00
                      -1.66666667E-01  5.00000000E-01  8.33333333E-02
                      -3.33333333E-01 -4.16666667E-01  0.00000000E+00
                      -2.50000000E-01 -4.16666667E-01  8.33333333E-02
                      -1.66666667E-01 -4.16666667E-01  1.66666667E-01
                      -8.33333333E-02 -4.16666667E-01  2.50000000E-01
                      -8.33333333E-02  1.66666667E-01  0.00000000E+00
                      -1.66666667E-01  2.50000000E-01  0.00000000E+00
                      -2.50000000E-01  3.33333333E-01  0.00000000E+00
                      -3.33333333E-01  4.16666667E-01  0.00000000E+00
                      -4.16666667E-01  5.00000000E-01  0.00000000E+00
                      -3.33333333E-01  5.00000000E-01  8.33333333E-02
                      -2.50000000E-01  5.00000000E-01  1.66666667E-01
                      -8.33333333E-02  0.00000000E+00  0.00000000E+00
                      -2.50000000E-01  0.00000000E+00  0.00000000E+00
                      -4.16666667E-01  0.00000000E+00  0.00000000E+00
         kptrlatt        6   -6    6     -6    6    6     -6   -6    6
          kptrlen      6.31800000E+01
P           mkmem          28
            natom           2
            nband           5
            ngfft          12      12      12
             nkpt          28
            nstep         100
             nsym          24
            ntime         100
           ntypat           2
              occ      2.000000  2.000000  2.000000  2.000000  0.000000
          optcell           2
            rprim      4.1123775651E-35  7.0710678119E-01  7.0710678119E-01
                       7.0710678119E-01  5.0379655269E-51  7.0710678119E-01
                       7.0710678119E-01  7.0710678119E-01  9.0755918679E-35
           shiftk      5.00000000E-01  5.00000000E-01  5.00000000E-01
          spgroup         216
           strten      4.9884679026E-09  4.9884679022E-09  4.9884679022E-09
                       0.0000000000E+00  0.0000000000E+00  0.0000000000E+00
           symrel      1  0  0   0  1  0   0  0  1       0 -1  1   0 -1  0   1 -1  0
                      -1  0  0  -1  0  1  -1  1  0       0  1 -1   1  0 -1   0  0 -1
                      -1  0  0  -1  1  0  -1  0  1       0 -1  1   1 -1  0   0 -1  0
                       1  0  0   0  0  1   0  1  0       0  1 -1   0  0 -1   1  0 -1
                      -1  0  1  -1  1  0  -1  0  0       0 -1  0   1 -1  0   0 -1  1
                       1  0 -1   0  0 -1   0  1 -1       0  1  0   0  0  1   1  0  0
                       1  0 -1   0  1 -1   0  0 -1       0 -1  0   0 -1  1   1 -1  0
                      -1  0  1  -1  0  0  -1  1  0       0  1  0   1  0  0   0  0  1
                       0  0 -1   0  1 -1   1  0 -1       1 -1  0   0 -1  1   0 -1  0
                       0  0  1   1  0  0   0  1  0      -1  1  0  -1  0  0  -1  0  1
                       0  0  1   0  1  0   1  0  0       1 -1  0   0 -1  0   0 -1  1
                       0  0 -1   1  0 -1   0  1 -1      -1  1  0  -1  0  1  -1  0  0
           tolmxf      5.00000000E-06
           tolvrs      1.00000000E-15
            typat      1  2
              wtk        0.02778    0.02778    0.02778    0.05556    0.02778    0.02778
                         0.05556    0.02778    0.05556    0.05556    0.02778    0.02778
                         0.02778    0.05556    0.02778    0.05556    0.05556    0.05556
                         0.02778    0.02778    0.02778    0.02778    0.02778    0.05556
                         0.05556    0.00926    0.00926    0.00926
           xangst      0.0000000000E+00  0.0000000000E+00  0.0000000000E+00
                       1.3935699803E+00  1.3935699803E+00  1.3935699803E+00
            xcart      0.0000000000E+00  0.0000000000E+00  0.0000000000E+00
                       2.6334656097E+00  2.6334656097E+00  2.6334656097E+00
             xred      0.0000000000E+00  0.0000000000E+00  0.0000000000E+00
                       2.5000000000E-01  2.5000000000E-01  2.5000000000E-01
            znucl       13.00000   33.00000

================================================================================


- Timing analysis has been suppressed with timopt=0



================================================================================

 Suggested references for the acknowledgment of ABINIT usage.

 The users of ABINIT have little formal obligations with respect to the ABINIT group
 (those specified in the GNU General Public License, http://www.gnu.org/copyleft/gpl.txt).
 However, it is common practice in the scientific literature,
 to acknowledge the efforts of people that have made the research possible.
 In this spirit, please find below suggested citations of work written by ABINIT developers,
 corresponding to implementations inside of ABINIT that you have used in the present run.
 Note also that it will be of great value to readers of publications presenting these results,
 to read papers enabling them to understand the theoretical formalism and details
 of the ABINIT implementation.
 For information on why they are suggested, see also https://docs.abinit.org/theory/acknowledgments.
-
- [1] ABINIT : First-principles approach of materials and nanosystem properties.
- X. Gonze, B. Amadon, P.-M. Anglade, J.-M. Beuken, F. Bottin, P. Boulanger, F. Bruneval,
- D. Caliste, R. Caracas, M. Cote, T. Deutsch, L. Genovese, Ph. Ghosez, M. Giantomassi
- S. Goedecker, D.R. Hamann, P. Hermet, F. Jollet, G. Jomard, S. Leroux, M. Mancini, S. Mazevet,
- M.J.T. Oliveira, G. Onida, Y. Pouillon, T. Rangel, G.-M. Rignanese, D. Sangalli, R. Shaltaf,
- M. Torrent, M.J. Verstraete, G. Zerah, J.W. Zwanziger
- Computer Phys. Comm. 180, 2582-2615 (2009).
- Comment : the third generic paper describing the ABINIT project.
- Note that a version of this paper, that is not formatted for Computer Phys. Comm. 
- is available at https://www.abinit.org/about/ABINIT_CPC_v10.pdf .
- The licence allows the authors to put it on the Web.
-
- [2] A brief introduction to the ABINIT software package.
- X. Gonze, G.-M. Rignanese, M. Verstraete, J.-M. Beuken, Y. Pouillon, R. Caracas, F. Jollet,
- M. Torrent, G. Zerah, M. Mikami, Ph. Ghosez, M. Veithen, J.-Y. Raty, V. Olevano, F. Bruneval,
- L. Reining, R. Godby, G. Onida, D.R. Hamann, and D.C. Allan.
- Z. Kristallogr. 220, 558-562 (2005).
- Comment : the second generic paper describing the ABINIT project. Note that this paper
- should be cited especially if you are using the GW part of ABINIT, as several authors
- of this part are not in the list of authors of the first or third paper.
- The .pdf of the latter paper is available at https://www.abinit.org/about/zfk_0505-06_558-562.pdf.
- Note that it should not redistributed (Copyright by Oldenburg Wissenshaftverlag,
- the licence allows the authors to put it on the Web).
-
- And optionally:
-
- [3] First-principles computation of material properties : the ABINIT software project. 
- X. Gonze, J.-M. Beuken, R. Caracas, F. Detraux, M. Fuchs, G.-M. Rignanese, L. Sindic,
- M. Verstraete, G. Zerah, F. Jollet, M. Torrent, A. Roy, M. Mikami, Ph. Ghosez, J.-Y. Raty, D.C. Allan.
- Computational Materials Science 25, 478-492 (2002). http://dx.doi.org/10.1016/S0927-0256(02)00325-7
- Comment : the original paper describing the ABINIT project.
-
- [4] Fast radix 2, 3, 4 and 5 kernels for Fast Fourier Transformations
- on computers with overlapping multiply-add instructions.
- S. Goedecker, SIAM J. on Scientific Computing 18, 1605 (1997).
-
- Proc.   0 individual time (sec): cpu=         10.4  wall=          3.0

================================================================================

 Calculation completed.
.Delivered   2 WARNINGs and   2 COMMENTs to log file.
+Overall time at end (sec) : cpu=         10.4  wall=          3.0
