
.Version 8.0.3 of ABINIT 
.(MPI version, prepared for a x86_64_linux_gnu5.3 computer) 

.Copyright (C) 1998-2018 ABINIT group . 
 ABINIT comes with ABSOLUTELY NO WARRANTY.
 It is free software, and you are welcome to redistribute it
 under certain conditions (GNU General Public License,
 see ~abinit/COPYING or http://www.gnu.org/copyleft/gpl.txt).

 ABINIT is a project of the Universite Catholique de Louvain,
 Corning Inc. and other collaborators, see ~abinit/doc/developers/contributors.txt .
 Please read https://docs.abinit.org/theory/acknowledgments for suggested
 acknowledgments of the ABINIT effort.
 For more information, see https://www.abinit.org .

.Starting date : Mon  4 Apr 2016.
- ( at 09h52 )
  
- input  file    -> trf2_2.in
- output file    -> trf2_2.out
- root for input  files -> trf2_2i
- root for output files -> trf2_2o


 Symmetries : space group F-4 3 m (#216); Bravais cF (face-center cubic)
================================================================================
 Values of the parameters that define the memory need of the present run
     intxc =       0    ionmov =       0      iscf =       7    lmnmax =       3
     lnmax =       3     mgfft =      12  mpssoang =       3    mqgrid =    3001
     natom =       2  nloc_mem =       1    nspden =       1   nspinor =       1
    nsppol =       1      nsym =      24    n1xccc =    2501    ntypat =       2
    occopt =       1   xclevel =       1
-    mband =           4        mffmem =           1         mkmem =           8
       mpw =          76          nfft =        1728          nkpt =           8
================================================================================
P This job should need less than                       1.447 Mbytes of memory.
  Rough estimation (10% accuracy) of disk space for files :
_ WF disk file :      0.039 Mbytes ; DEN or POT disk file :      0.015 Mbytes.
================================================================================

--------------------------------------------------------------------------------
------------- Echo of variables that govern the present computation ------------
--------------------------------------------------------------------------------
-
- outvars: echo of selected default values                                      
-   accesswff0 =  0 , fftalg0 =312 , wfoptalg0 =  0
-
- outvars: echo of global parameters not present in the input file              
-  max_nthreads =    0
-
 -outvars: echo values of preprocessed input variables --------
            acell      1.0610000000E+01  1.0610000000E+01  1.0610000000E+01 Bohr
              amu      2.69815390E+01  7.49215900E+01
           diemac      9.00000000E+00
             ecut      3.00000000E+00 Hartree
-          fftalg         312
           istwfk        2    0    3    0    0    0    7    0
              kpt      0.00000000E+00  0.00000000E+00  0.00000000E+00
                       2.50000000E-01  0.00000000E+00  0.00000000E+00
                       5.00000000E-01  0.00000000E+00  0.00000000E+00
                       2.50000000E-01  2.50000000E-01  0.00000000E+00
                       5.00000000E-01  2.50000000E-01  0.00000000E+00
                      -2.50000000E-01  2.50000000E-01  0.00000000E+00
                       5.00000000E-01  5.00000000E-01  0.00000000E+00
                      -2.50000000E-01  5.00000000E-01  2.50000000E-01
         kptrlatt        4    0    0      0    4    0      0    0    4
          kptrlen      3.00096118E+01
P           mkmem           8
            natom           2
            nband           4
            ngfft          12      12      12
             nkpt           8
            nline           1
            nstep           1
             nsym          24
           ntypat           2
              occ      2.000000  2.000000  2.000000  2.000000
            rprim      0.0000000000E+00  5.0000000000E-01  5.0000000000E-01
                       5.0000000000E-01  0.0000000000E+00  5.0000000000E-01
                       5.0000000000E-01  5.0000000000E-01  0.0000000000E+00
          spgroup         216
           symrel      1  0  0   0  1  0   0  0  1       0 -1  1   0 -1  0   1 -1  0
                      -1  0  0  -1  0  1  -1  1  0       0  1 -1   1  0 -1   0  0 -1
                      -1  0  0  -1  1  0  -1  0  1       0 -1  1   1 -1  0   0 -1  0
                       1  0  0   0  0  1   0  1  0       0  1 -1   0  0 -1   1  0 -1
                      -1  0  1  -1  1  0  -1  0  0       0 -1  0   1 -1  0   0 -1  1
                       1  0 -1   0  0 -1   0  1 -1       0  1  0   0  0  1   1  0  0
                       1  0 -1   0  1 -1   0  0 -1       0 -1  0   0 -1  1   1 -1  0
                      -1  0  1  -1  0  0  -1  1  0       0  1  0   1  0  0   0  0  1
                       0  0 -1   0  1 -1   1  0 -1       1 -1  0   0 -1  1   0 -1  0
                       0  0  1   1  0  0   0  1  0      -1  1  0  -1  0  0  -1  0  1
                       0  0  1   0  1  0   1  0  0       1 -1  0   0 -1  0   0 -1  1
                       0  0 -1   1  0 -1   0  1 -1      -1  1  0  -1  0  1  -1  0  0
           tolvrs      1.00000000E-18
            typat      1  2
              wtk        0.01563    0.12500    0.06250    0.09375    0.37500    0.18750
                         0.04688    0.09375
           xangst      0.0000000000E+00  0.0000000000E+00  0.0000000000E+00
                       1.4036425458E+00  1.4036425458E+00  1.4036425458E+00
            xcart      0.0000000000E+00  0.0000000000E+00  0.0000000000E+00
                       2.6525000000E+00  2.6525000000E+00  2.6525000000E+00
             xred      0.0000000000E+00  0.0000000000E+00  0.0000000000E+00
                       2.5000000000E-01  2.5000000000E-01  2.5000000000E-01
            znucl       13.00000   33.00000

================================================================================

 chkinp: Checking input parameters for consistency.

================================================================================
== DATASET  1 ==================================================================
-   nproc =    1

 Exchange-correlation functional for the present dataset will be:
  LDA: new Teter (4/93) with spin-polarized option - ixc=1
 Citation for XC functional:
  S. Goedecker, M. Teter, J. Huetter, PRB 54, 1703 (1996)

 Real(R)+Recip(G) space primitive vectors, cartesian coordinates (Bohr,Bohr^-1):
 R(1)=  0.0000000  5.3050000  5.3050000  G(1)= -0.0942507  0.0942507  0.0942507
 R(2)=  5.3050000  0.0000000  5.3050000  G(2)=  0.0942507 -0.0942507  0.0942507
 R(3)=  5.3050000  5.3050000  0.0000000  G(3)=  0.0942507  0.0942507 -0.0942507
 Unit cell volume ucvol=  2.9859750E+02 bohr^3
 Angles (23,13,12)=  6.00000000E+01  6.00000000E+01  6.00000000E+01 degrees

 getcut: wavevector=  0.0000  0.0000  0.0000  ngfft=  12  12  12
         ecut(hartree)=      3.000   => boxcut(ratio)=   2.05142

--- Pseudopotential description ------------------------------------------------
- pspini: atom type   1  psp file is /home/gonze/ABINIT/ABINITv8.0.3/gonze/8.0.3-private/tests/Psps_for_tests/13al.981214.fhi
- pspatm: opening atomic psp file    /home/gonze/ABINIT/ABINITv8.0.3/gonze/8.0.3-private/tests/Psps_for_tests/13al.981214.fhi
- Aluminum, fhi98PP : Hamann-type, LDA CA PerdewWang, l=2 local
- 13.00000   3.00000    981214                znucl, zion, pspdat
    6    7    2    2       493   0.00000      pspcod,pspxc,lmax,lloc,mmax,r2well
  No XC core correction.
  1.024700          amesh (Hamman grid)
 pspatm : epsatm=    1.36305739
         --- l  ekb(1:nproj) -->
             0    1.768744
             1    0.900554
 pspatm: atomic psp has been read  and splines computed

- pspini: atom type   2  psp file is /home/gonze/ABINIT/ABINITv8.0.3/gonze/8.0.3-private/tests/Psps_for_tests/33as.pspnc
- pspatm: opening atomic psp file    /home/gonze/ABINIT/ABINITv8.0.3/gonze/8.0.3-private/tests/Psps_for_tests/33as.pspnc
-  Troullier-Martins psp for element  As        Thu Oct 27 17:37:14 EDT 1994
- 33.00000   5.00000    940714                znucl, zion, pspdat
    1    1    1    1      2001   0.00000      pspcod,pspxc,lmax,lloc,mmax,r2well
    0   4.772  10.829    1   2.5306160        l,e99.0,e99.9,nproj,rcpsp
   0.00000000   0.00000000   0.00000000   0.00000000     rms, ekb1, ekb2, epsatm
    1   2.745   5.580    0   2.5306160        l,e99.0,e99.9,nproj,rcpsp
   0.00000000   0.00000000   0.00000000   0.00000000     rms, ekb1, ekb2, epsatm
    2.05731715564010    0.36322996461007    2.76014815959125   rchrg,fchrg,qchrg
 pspatm : epsatm=   27.20579911
         --- l  ekb(1:nproj) -->
             0    0.838751
 pspatm: atomic psp has been read  and splines computed

   2.28550852E+02                                ecore*ucvol(ha*bohr**3)
--------------------------------------------------------------------------------

_setup2: Arith. and geom. avg. npw (full set) are      73.328      73.250

================================================================================

     iter   Etot(hartree)      deltaE(h)  residm     vres2
 ETOT  1  -9.5909184173426    -9.591E+00 3.821E-02 7.768E-01

 Cartesian components of stress tensor (hartree/bohr^3)
  sigma(1 1)=  3.71131145E-04  sigma(3 2)=  0.00000000E+00
  sigma(2 2)=  3.71131145E-04  sigma(3 1)=  0.00000000E+00
  sigma(3 3)=  3.71131145E-04  sigma(2 1)=  0.00000000E+00


 scprqt:  WARNING -
  nstep=    1 was not enough SCF cycles to converge;
  potential residual=  7.768E-01 exceeds tolvrs=  1.000E-18

 Integrated electronic density in atomic spheres:
 ------------------------------------------------
 Atom  Sphere_radius  Integrated_density
    1        2.00000          1.03077045
    2        2.00000          2.24011940
================================================================================

 ----iterations are completed or convergence reached----

 Mean square residual over all n,k,spin=   1.8026E-02; max=  3.8209E-02
 reduced coordinates (array xred) for    2 atoms
       0.000000000000      0.000000000000      0.000000000000
       0.250000000000      0.250000000000      0.250000000000
 rms dE/dt=  0.0000E+00; max dE/dt=  0.0000E+00; dE/dt below (all hartree)
    1       0.000000000000      0.000000000000      0.000000000000
    2       0.000000000000      0.000000000000      0.000000000000

 cartesian coordinates (angstrom) at end:
    1      0.00000000000000     0.00000000000000     0.00000000000000
    2      1.40364254578497     1.40364254578497     1.40364254578497

 cartesian forces (hartree/bohr) at end:
    1     -0.00000000000000    -0.00000000000000    -0.00000000000000
    2     -0.00000000000000    -0.00000000000000    -0.00000000000000
 frms,max,avg= 0.0000000E+00 0.0000000E+00   0.000E+00  0.000E+00  0.000E+00 h/b

 cartesian forces (eV/Angstrom) at end:
    1     -0.00000000000000    -0.00000000000000    -0.00000000000000
    2     -0.00000000000000    -0.00000000000000    -0.00000000000000
 frms,max,avg= 0.0000000E+00 0.0000000E+00   0.000E+00  0.000E+00  0.000E+00 e/A
 length scales= 10.610000000000 10.610000000000 10.610000000000 bohr
              =  5.614570183140  5.614570183140  5.614570183140 angstroms
 prteigrs : about to open file trf2_2o_EIG
 Fermi (or HOMO) energy (hartree) =   0.17869   Average Vxc (hartree)=  -0.34031
 Eigenvalues (hartree) for nkpt=   8  k points:
 kpt#   1, nband=  4, wtk=  0.01563, kpt=  0.0000  0.0000  0.0000 (reduced coord)
  -0.37006    0.06698    0.13534    0.17869
 prteigrs : prtvol=0 or 1, do not print more k-points.


--------------------------------------------------------------------------------
 Components of total free energy (in Hartree) :

    Kinetic energy  =  2.87703082916916E+00
    Hartree energy  =  6.08367901943381E-01
    XC energy       = -3.84832730141236E+00
    Ewald energy    = -8.47989583509473E+00
    PspCore energy  =  7.65414498117480E-01
    Loc. psp. energy= -2.22357025527420E+00
    NL   psp  energy=  7.10061745208686E-01
    >>>>>>>>> Etotal= -9.59091841734257E+00

 Other information on the energy :
    Total energy(eV)= -2.60982162624253E+02 ; Band energy (Ha)=  -6.9183913568E-01
--------------------------------------------------------------------------------

 Cartesian components of stress tensor (hartree/bohr^3)
  sigma(1 1)=  3.71131145E-04  sigma(3 2)=  0.00000000E+00
  sigma(2 2)=  3.71131145E-04  sigma(3 1)=  0.00000000E+00
  sigma(3 3)=  3.71131145E-04  sigma(2 1)=  0.00000000E+00

-Cartesian components of stress tensor (GPa)         [Pressure= -1.0919E+01 GPa]
- sigma(1 1)=  1.09190534E+01  sigma(3 2)=  0.00000000E+00
- sigma(2 2)=  1.09190534E+01  sigma(3 1)=  0.00000000E+00
- sigma(3 3)=  1.09190534E+01  sigma(2 1)=  0.00000000E+00

== END DATASET(S) ==============================================================
================================================================================
  
 -outvars: echo values of variables after computation  --------
            acell      1.0610000000E+01  1.0610000000E+01  1.0610000000E+01 Bohr
              amu      2.69815390E+01  7.49215900E+01
           diemac      9.00000000E+00
             ecut      3.00000000E+00 Hartree
           etotal     -9.5909184173E+00
            fcart     -0.0000000000E+00 -0.0000000000E+00 -0.0000000000E+00
                      -0.0000000000E+00 -0.0000000000E+00 -0.0000000000E+00
-          fftalg         312
           istwfk        2    0    3    0    0    0    7    0
              kpt      0.00000000E+00  0.00000000E+00  0.00000000E+00
                       2.50000000E-01  0.00000000E+00  0.00000000E+00
                       5.00000000E-01  0.00000000E+00  0.00000000E+00
                       2.50000000E-01  2.50000000E-01  0.00000000E+00
                       5.00000000E-01  2.50000000E-01  0.00000000E+00
                      -2.50000000E-01  2.50000000E-01  0.00000000E+00
                       5.00000000E-01  5.00000000E-01  0.00000000E+00
                      -2.50000000E-01  5.00000000E-01  2.50000000E-01
         kptrlatt        4    0    0      0    4    0      0    0    4
          kptrlen      3.00096118E+01
P           mkmem           8
            natom           2
            nband           4
            ngfft          12      12      12
             nkpt           8
            nline           1
            nstep           1
             nsym          24
           ntypat           2
              occ      2.000000  2.000000  2.000000  2.000000
            rprim      0.0000000000E+00  5.0000000000E-01  5.0000000000E-01
                       5.0000000000E-01  0.0000000000E+00  5.0000000000E-01
                       5.0000000000E-01  5.0000000000E-01  0.0000000000E+00
          spgroup         216
           strten      3.7113114546E-04  3.7113114546E-04  3.7113114546E-04
                       0.0000000000E+00  0.0000000000E+00  0.0000000000E+00
           symrel      1  0  0   0  1  0   0  0  1       0 -1  1   0 -1  0   1 -1  0
                      -1  0  0  -1  0  1  -1  1  0       0  1 -1   1  0 -1   0  0 -1
                      -1  0  0  -1  1  0  -1  0  1       0 -1  1   1 -1  0   0 -1  0
                       1  0  0   0  0  1   0  1  0       0  1 -1   0  0 -1   1  0 -1
                      -1  0  1  -1  1  0  -1  0  0       0 -1  0   1 -1  0   0 -1  1
                       1  0 -1   0  0 -1   0  1 -1       0  1  0   0  0  1   1  0  0
                       1  0 -1   0  1 -1   0  0 -1       0 -1  0   0 -1  1   1 -1  0
                      -1  0  1  -1  0  0  -1  1  0       0  1  0   1  0  0   0  0  1
                       0  0 -1   0  1 -1   1  0 -1       1 -1  0   0 -1  1   0 -1  0
                       0  0  1   1  0  0   0  1  0      -1  1  0  -1  0  0  -1  0  1
                       0  0  1   0  1  0   1  0  0       1 -1  0   0 -1  0   0 -1  1
                       0  0 -1   1  0 -1   0  1 -1      -1  1  0  -1  0  1  -1  0  0
           tolvrs      1.00000000E-18
            typat      1  2
              wtk        0.01563    0.12500    0.06250    0.09375    0.37500    0.18750
                         0.04688    0.09375
           xangst      0.0000000000E+00  0.0000000000E+00  0.0000000000E+00
                       1.4036425458E+00  1.4036425458E+00  1.4036425458E+00
            xcart      0.0000000000E+00  0.0000000000E+00  0.0000000000E+00
                       2.6525000000E+00  2.6525000000E+00  2.6525000000E+00
             xred      0.0000000000E+00  0.0000000000E+00  0.0000000000E+00
                       2.5000000000E-01  2.5000000000E-01  2.5000000000E-01
            znucl       13.00000   33.00000

================================================================================


- Timing analysis has been suppressed with timopt=0



================================================================================

 Suggested references for the acknowledgment of ABINIT usage.

 The users of ABINIT have little formal obligations with respect to the ABINIT group
 (those specified in the GNU General Public License, http://www.gnu.org/copyleft/gpl.txt).
 However, it is common practice in the scientific literature,
 to acknowledge the efforts of people that have made the research possible.
 In this spirit, please find below suggested citations of work written by ABINIT developers,
 corresponding to implementations inside of ABINIT that you have used in the present run.
 Note also that it will be of great value to readers of publications presenting these results,
 to read papers enabling them to understand the theoretical formalism and details
 of the ABINIT implementation.
 For information on why they are suggested, see also https://docs.abinit.org/theory/acknowledgments.
-
- [1] Ab initio pseudopotentials for electronic structure calculations of poly-atomic systems, 
- using density-functional theory.
- M. Fuchs, M. Scheffler, Comput. Phys. Commun. 119, 67 (1999).
- Comment : Some pseudopotential generated using the FHI code were used.
-
- [2] ABINIT : First-principles approach of materials and nanosystem properties.
- X. Gonze, B. Amadon, P.-M. Anglade, J.-M. Beuken, F. Bottin, P. Boulanger, F. Bruneval,
- D. Caliste, R. Caracas, M. Cote, T. Deutsch, L. Genovese, Ph. Ghosez, M. Giantomassi
- S. Goedecker, D.R. Hamann, P. Hermet, F. Jollet, G. Jomard, S. Leroux, M. Mancini, S. Mazevet,
- M.J.T. Oliveira, G. Onida, Y. Pouillon, T. Rangel, G.-M. Rignanese, D. Sangalli, R. Shaltaf,
- M. Torrent, M.J. Verstraete, G. Zerah, J.W. Zwanziger
- Computer Phys. Comm. 180, 2582-2615 (2009).
- Comment : the third generic paper describing the ABINIT project.
- Note that a version of this paper, that is not formatted for Computer Phys. Comm. 
- is available at https://www.abinit.org/about/ABINIT_CPC_v10.pdf .
- The licence allows the authors to put it on the Web.
-
- [3] A brief introduction to the ABINIT software package.
- X. Gonze, G.-M. Rignanese, M. Verstraete, J.-M. Beuken, Y. Pouillon, R. Caracas, F. Jollet,
- M. Torrent, G. Zerah, M. Mikami, Ph. Ghosez, M. Veithen, J.-Y. Raty, V. Olevano, F. Bruneval,
- L. Reining, R. Godby, G. Onida, D.R. Hamann, and D.C. Allan.
- Z. Kristallogr. 220, 558-562 (2005).
- Comment : the second generic paper describing the ABINIT project. Note that this paper
- should be cited especially if you are using the GW part of ABINIT, as several authors
- of this part are not in the list of authors of the first or third paper.
- The .pdf of the latter paper is available at https://www.abinit.org/about/zfk_0505-06_558-562.pdf.
- Note that it should not redistributed (Copyright by Oldenburg Wissenshaftverlag,
- the licence allows the authors to put it on the Web).
-
- And optionally:
-
- [4] First-principles computation of material properties : the ABINIT software project. 
- X. Gonze, J.-M. Beuken, R. Caracas, F. Detraux, M. Fuchs, G.-M. Rignanese, L. Sindic,
- M. Verstraete, G. Zerah, F. Jollet, M. Torrent, A. Roy, M. Mikami, Ph. Ghosez, J.-Y. Raty, D.C. Allan.
- Computational Materials Science 25, 478-492 (2002). http://dx.doi.org/10.1016/S0927-0256(02)00325-7
- Comment : the original paper describing the ABINIT project.
-
- [5] Fast radix 2, 3, 4 and 5 kernels for Fast Fourier Transformations
- on computers with overlapping multiply-add instructions.
- S. Goedecker, SIAM J. on Scientific Computing 18, 1605 (1997).
-
- Proc.   0 individual time (sec): cpu=          1.1  wall=          0.9

================================================================================

 Calculation completed.
.Delivered   3 WARNINGs and   2 COMMENTs to log file.
+Overall time at end (sec) : cpu=          1.1  wall=          0.9
