
.Version 8.0.3 of ABINIT 
.(MPI version, prepared for a x86_64_linux_gnu5.3 computer) 

.Copyright (C) 1998-2018 ABINIT group . 
 ABINIT comes with ABSOLUTELY NO WARRANTY.
 It is free software, and you are welcome to redistribute it
 under certain conditions (GNU General Public License,
 see ~abinit/COPYING or http://www.gnu.org/copyleft/gpl.txt).

 ABINIT is a project of the Universite Catholique de Louvain,
 Corning Inc. and other collaborators, see ~abinit/doc/developers/contributors.txt .
 Please read ~abinit/doc/users/acknowledgments.html for suggested
 acknowledgments of the ABINIT effort.
 For more information, see https://www.abinit.org .

.Starting date : Mon  4 Apr 2016.
- ( at 11h59 )
  
- input  file    -> t56.in
- output file    -> t56.out
- root for input  files -> t56i
- root for output files -> t56o


 DATASET    1 : space group P4 m m (# 99); Bravais tP (primitive tetrag.)
================================================================================
 Values of the parameters that define the memory need for DATASET  1.
     intxc =       0    ionmov =       0      iscf =       7    lmnmax =       1
     lnmax =       1     mgfft =      12  mpssoang =       1    mqgrid =    3001
     natom =       1  nloc_mem =       1    nspden =       1   nspinor =       1
    nsppol =       1      nsym =       8    n1xccc =       0    ntypat =       1
    occopt =       4   xclevel =       1
-    mband =           9        mffmem =           1         mkmem =          40
       mpw =          94          nfft =        1728          nkpt =          40
================================================================================
P This job should need less than                       2.219 Mbytes of memory.
  Rough estimation (10% accuracy) of disk space for files :
_ WF disk file :      0.518 Mbytes ; DEN or POT disk file :      0.015 Mbytes.
================================================================================

--------------------------------------------------------------------------------
------------- Echo of variables that govern the present computation ------------
--------------------------------------------------------------------------------
-
- outvars: echo of selected default values                                      
-   accesswff0 =  0 , fftalg0 =312 , wfoptalg0 =  0
-
- outvars: echo of global parameters not present in the input file              
-  max_nthreads =    0
-
 -outvars: echo values of preprocessed input variables --------
            acell      5.5358000000E+00  5.5358000000E+00  5.5358000000E+00 Bohr
              amu      1.00000000E+00
             ecut      5.00000000E+00 Hartree
-          fftalg         312
           jdtset        1
         jellslab           1
              kpt      6.25000000E-02  6.25000000E-02  6.25000000E-02
                       1.87500000E-01  6.25000000E-02  6.25000000E-02
                       3.12500000E-01  6.25000000E-02  6.25000000E-02
                       4.37500000E-01  6.25000000E-02  6.25000000E-02
                       1.87500000E-01  1.87500000E-01  6.25000000E-02
                       3.12500000E-01  1.87500000E-01  6.25000000E-02
                       4.37500000E-01  1.87500000E-01  6.25000000E-02
                       3.12500000E-01  3.12500000E-01  6.25000000E-02
                       4.37500000E-01  3.12500000E-01  6.25000000E-02
                       4.37500000E-01  4.37500000E-01  6.25000000E-02
                       6.25000000E-02  6.25000000E-02  1.87500000E-01
                       1.87500000E-01  6.25000000E-02  1.87500000E-01
                       3.12500000E-01  6.25000000E-02  1.87500000E-01
                       4.37500000E-01  6.25000000E-02  1.87500000E-01
                       1.87500000E-01  1.87500000E-01  1.87500000E-01
                       3.12500000E-01  1.87500000E-01  1.87500000E-01
                       4.37500000E-01  1.87500000E-01  1.87500000E-01
                       3.12500000E-01  3.12500000E-01  1.87500000E-01
                       4.37500000E-01  3.12500000E-01  1.87500000E-01
                       4.37500000E-01  4.37500000E-01  1.87500000E-01
                       6.25000000E-02  6.25000000E-02  3.12500000E-01
                       1.87500000E-01  6.25000000E-02  3.12500000E-01
                       3.12500000E-01  6.25000000E-02  3.12500000E-01
                       4.37500000E-01  6.25000000E-02  3.12500000E-01
                       1.87500000E-01  1.87500000E-01  3.12500000E-01
                       3.12500000E-01  1.87500000E-01  3.12500000E-01
                       4.37500000E-01  1.87500000E-01  3.12500000E-01
                       3.12500000E-01  3.12500000E-01  3.12500000E-01
                       4.37500000E-01  3.12500000E-01  3.12500000E-01
                       4.37500000E-01  4.37500000E-01  3.12500000E-01
                       6.25000000E-02  6.25000000E-02  4.37500000E-01
                       1.87500000E-01  6.25000000E-02  4.37500000E-01
                       3.12500000E-01  6.25000000E-02  4.37500000E-01
                       4.37500000E-01  6.25000000E-02  4.37500000E-01
                       1.87500000E-01  1.87500000E-01  4.37500000E-01
                       3.12500000E-01  1.87500000E-01  4.37500000E-01
                       4.37500000E-01  1.87500000E-01  4.37500000E-01
                       3.12500000E-01  3.12500000E-01  4.37500000E-01
                       4.37500000E-01  3.12500000E-01  4.37500000E-01
                       4.37500000E-01  4.37500000E-01  4.37500000E-01
         kptrlatt        8    0    0      0    8    0      0    0    8
          kptrlen      4.42864000E+01
P           mkmem          40
            natom           1
            nband           9
           ndtset           1
            ngfft          12      12      12
             nkpt          40
            nstep          10
             nsym           8
           ntypat           1
              occ      2.000000  2.000000  2.000000  2.000000  2.000000  1.999932
                       0.000000  0.000000  0.000000
                       2.000000  2.000000  2.000000  2.000000  2.000000  1.999932
                       0.000000  0.000000  0.000000
                       2.000000  2.000000  2.000000  2.000000  2.000000  1.999932
                       0.000000  0.000000  0.000000
                       2.000000  2.000000  2.000000  2.000000  2.000000  1.999932
                       0.000000  0.000000  0.000000
                       2.000000  2.000000  2.000000  2.000000  2.000000  1.999932
                       0.000000  0.000000  0.000000
                       2.000000  2.000000  2.000000  2.000000  2.000000  1.999932
                       0.000000  0.000000  0.000000
                       2.000000  2.000000  2.000000  2.000000  2.000000  1.999932
                       0.000000  0.000000  0.000000
                       2.000000  2.000000  2.000000  2.000000  2.000000  1.999932
                       0.000000  0.000000  0.000000
                       2.000000  2.000000  2.000000  2.000000  2.000000  1.999932
                       0.000000  0.000000  0.000000
                       2.000000  2.000000  2.000000  2.000000  2.000000  1.999932
                       0.000000  0.000000  0.000000
                       2.000000  2.000000  2.000000  2.000000  2.000000  1.999932
                       0.000000  0.000000  0.000000
                       2.000000  2.000000  2.000000  2.000000  2.000000  1.999932
                       0.000000  0.000000  0.000000
                       2.000000  2.000000  2.000000  2.000000  2.000000  1.999932
                       0.000000  0.000000  0.000000
                       2.000000  2.000000  2.000000  2.000000  2.000000  1.999932
                       0.000000  0.000000  0.000000
                       2.000000  2.000000  2.000000  2.000000  2.000000  1.999932
                       0.000000  0.000000  0.000000
                       2.000000  2.000000  2.000000  2.000000  2.000000  1.999932
                       0.000000  0.000000  0.000000
                       2.000000  2.000000  2.000000  2.000000  2.000000  1.999932
                       0.000000  0.000000  0.000000
                       2.000000  2.000000  2.000000  2.000000  2.000000  1.999932
                       0.000000  0.000000  0.000000
                       2.000000  2.000000  2.000000  2.000000  2.000000  1.999932
                       0.000000  0.000000  0.000000
                       2.000000  2.000000  2.000000  2.000000  2.000000  1.999932
                       0.000000  0.000000  0.000000
                       2.000000  2.000000  2.000000  2.000000  2.000000  1.999932
                       0.000000  0.000000  0.000000
                       2.000000  2.000000  2.000000  2.000000  2.000000  1.999932
                       0.000000  0.000000  0.000000
                       2.000000  2.000000  2.000000  2.000000  2.000000  1.999932
                       0.000000  0.000000  0.000000
                       2.000000  2.000000  2.000000  2.000000  2.000000  1.999932
                       0.000000  0.000000  0.000000
                       2.000000  2.000000  2.000000  2.000000  2.000000  1.999932
                       0.000000  0.000000  0.000000
                       2.000000  2.000000  2.000000  2.000000  2.000000  1.999932
                       0.000000  0.000000  0.000000
                       2.000000  2.000000  2.000000  2.000000  2.000000  1.999932
                       0.000000  0.000000  0.000000
                       2.000000  2.000000  2.000000  2.000000  2.000000  1.999932
                       0.000000  0.000000  0.000000
                       2.000000  2.000000  2.000000  2.000000  2.000000  1.999932
                       0.000000  0.000000  0.000000
                       2.000000  2.000000  2.000000  2.000000  2.000000  1.999932
                       0.000000  0.000000  0.000000
                       2.000000  2.000000  2.000000  2.000000  2.000000  1.999932
                       0.000000  0.000000  0.000000
                       2.000000  2.000000  2.000000  2.000000  2.000000  1.999932
                       0.000000  0.000000  0.000000
                       2.000000  2.000000  2.000000  2.000000  2.000000  1.999932
                       0.000000  0.000000  0.000000
                       2.000000  2.000000  2.000000  2.000000  2.000000  1.999932
                       0.000000  0.000000  0.000000
                       2.000000  2.000000  2.000000  2.000000  2.000000  1.999932
                       0.000000  0.000000  0.000000
                       2.000000  2.000000  2.000000  2.000000  2.000000  1.999932
                       0.000000  0.000000  0.000000
                       2.000000  2.000000  2.000000  2.000000  2.000000  1.999932
                       0.000000  0.000000  0.000000
                       2.000000  2.000000  2.000000  2.000000  2.000000  1.999932
                       0.000000  0.000000  0.000000
                       2.000000  2.000000  2.000000  2.000000  2.000000  1.999932
                       0.000000  0.000000  0.000000
                       2.000000  2.000000  2.000000  2.000000  2.000000  1.999932
                       0.000000  0.000000  0.000000
           occopt           4
           prtden           0
            prtwf           0
           shiftk      5.00000000E-01  5.00000000E-01  5.00000000E-01
        slabwsrad      1.50000000E+00
         slabzend      5.53580000E+00
          spgroup          99
           symrel      1  0  0   0  1  0   0  0  1       1  0  0   0 -1  0   0  0  1
                      -1  0  0   0 -1  0   0  0  1      -1  0  0   0  1  0   0  0  1
                       0  1  0   1  0  0   0  0  1       0  1  0  -1  0  0   0  0  1
                       0 -1  0  -1  0  0   0  0  1       0 -1  0   1  0  0   0  0  1
           toldfe      1.00000000E-06 Hartree
            typat      1
              wtk        0.01563    0.03125    0.03125    0.03125    0.01563    0.03125
                         0.03125    0.01563    0.03125    0.01563    0.01563    0.03125
                         0.03125    0.03125    0.01563    0.03125    0.03125    0.01563
                         0.03125    0.01563    0.01563    0.03125    0.03125    0.03125
                         0.01563    0.03125    0.03125    0.01563    0.03125    0.01563
                         0.01563    0.03125    0.03125    0.03125    0.01563    0.03125
                         0.03125    0.01563    0.03125    0.01563

================================================================================

 chkinp: Checking input parameters for consistency, jdtset=   1.

================================================================================
== DATASET  1 ==================================================================
-   nproc =    1

 Exchange-correlation functional for the present dataset will be:
  LDA: new Teter (4/93) with spin-polarized option - ixc=1
 Citation for XC functional:
  S. Goedecker, M. Teter, J. Huetter, PRB 54, 1703 (1996)

 Real(R)+Recip(G) space primitive vectors, cartesian coordinates (Bohr,Bohr^-1):
 R(1)=  5.5358000  0.0000000  0.0000000  G(1)=  0.1806424  0.0000000  0.0000000
 R(2)=  0.0000000  5.5358000  0.0000000  G(2)=  0.0000000  0.1806424  0.0000000
 R(3)=  0.0000000  0.0000000  5.5358000  G(3)=  0.0000000  0.0000000  0.1806424
 Unit cell volume ucvol=  1.6964504E+02 bohr^3
 Angles (23,13,12)=  9.00000000E+01  9.00000000E+01  9.00000000E+01 degrees

 getcut: wavevector=  0.0000  0.0000  0.0000  ngfft=  12  12  12
         ecut(hartree)=      5.000   => boxcut(ratio)=   2.15353

--- Pseudopotential description ------------------------------------------------
- pspini: atom type   1  psp file is /home/buildbot/bb/ABINIT/abiref_gnu_5.3_openmpi/gonze_8.0.3-public/tests/Psps_for_tests/dummy_atom
- pspatm: opening atomic psp file    /home/buildbot/bb/ABINIT/abiref_gnu_5.3_openmpi/gonze_8.0.3-public/tests/Psps_for_tests/dummy_atom
-  Dummy atom with Z=0 for clean jellium calculation (abinit takes covalent radius = 1)
-  0.00000   0.00000     31407                znucl, zion, pspdat
    4    1   -1    0      2001   0.00000      pspcod,pspxc,lmax,lloc,mmax,r2well
    0.00000000000000    0.00000000000000    0.00000000000000   rchrg,fchrg,qchrg
 pspatm : epsatm=    0.00000000
         --- l  ekb(1:nproj) -->
 pspatm: atomic psp has been read  and splines computed

--------------------------------------------------------------------------------

_setup2: Arith. and geom. avg. npw (full set) are      91.094      91.069

================================================================================

     iter   Etot(hartree)      deltaE(h)  residm     vres2
 ETOT  1   1.6216514440026     1.622E+00 1.008E-03 4.732E-05
 ETOT  2   1.6214310369365    -2.204E-04 9.994E-08 5.750E-05
 ETOT  3   1.6214308907018    -1.462E-07 3.752E-09 1.260E-05
 ETOT  4   1.6214308674640    -2.324E-08 1.875E-08 5.651E-06

 At SCF step    4, etot is converged : 
  for the second time, diff in etot=  2.324E-08 < toldfe=  1.000E-06

 Cartesian components of stress tensor (hartree/bohr^3)
  sigma(1 1)= -1.54569060E-02  sigma(3 2)=  0.00000000E+00
  sigma(2 2)= -1.54569060E-02  sigma(3 1)=  0.00000000E+00
  sigma(3 3)= -1.54569060E-02  sigma(2 1)=  0.00000000E+00

 Integrated electronic density in atomic spheres:
 ------------------------------------------------
 Atom  Sphere_radius  Integrated_density
    1        2.00000          2.36821757
================================================================================

 ----iterations are completed or convergence reached----

 Mean square residual over all n,k,spin=   1.9412E-10; max=  1.8749E-08
 reduced coordinates (array xred) for    1 atoms
       0.000000000000      0.000000000000      0.000000000000
 rms dE/dt=  0.0000E+00; max dE/dt=  0.0000E+00; dE/dt below (all hartree)
    1       0.000000000000      0.000000000000      0.000000000000

 cartesian coordinates (angstrom) at end:
    1      0.00000000000000     0.00000000000000     0.00000000000000

 cartesian forces (hartree/bohr) at end:
    1     -0.00000000000000    -0.00000000000000    -0.00000000000000
 frms,max,avg= 0.0000000E+00 0.0000000E+00   0.000E+00  0.000E+00  0.000E+00 h/b

 cartesian forces (eV/Angstrom) at end:
    1     -0.00000000000000    -0.00000000000000    -0.00000000000000
 frms,max,avg= 0.0000000E+00 0.0000000E+00   0.000E+00  0.000E+00  0.000E+00 e/A
 length scales=  5.535800000000  5.535800000000  5.535800000000 bohr
              =  2.929419191313  2.929419191313  2.929419191313 angstroms
 prteigrs : about to open file t56o_DS1_EIG
 Fermi (or HOMO) energy (hartree) =   0.34971   Average Vxc (hartree)=  -0.46466
 Eigenvalues (hartree) for nkpt=  40  k points:
 kpt#   1, nband=  9, wtk=  0.01563, kpt=  0.0625  0.0625  0.0625 (reduced coord)
  -0.45711    0.10648    0.10650    0.10650    0.26751    0.26753    0.26753    0.67009
   0.67011
      occupation numbers for kpt#   1
   2.00000    2.00000    2.00000    2.00000    2.00000    2.00000    2.00000    0.00000
   0.00000
 prteigrs : prtvol=0 or 1, do not print more k-points.


--------------------------------------------------------------------------------
 Components of total free energy (in Hartree) :

    Kinetic energy  =  5.89193677627484E+00
    Hartree energy  =  9.96834967516039E-09
    XC energy       = -4.27014440452233E+00
    Ewald energy    = -1.65710675034624E-31
    PspCore energy  =  0.00000000000000E+00
    Loc. psp. energy=  1.32027150790732E-21
    NL   psp  energy=  0.00000000000000E+00
    >>>>> Internal E=  1.62179238172086E+00

    -kT*entropy     = -3.61514256831361E-04
    >>>>>>>>> Etotal=  1.62143086746403E+00

 Other information on the energy :
    Total energy(eV)=  4.41213777370165E+01 ; Band energy (Ha)=   3.1602198784E-01
--------------------------------------------------------------------------------

 Cartesian components of stress tensor (hartree/bohr^3)
  sigma(1 1)= -1.54569060E-02  sigma(3 2)=  0.00000000E+00
  sigma(2 2)= -1.54569060E-02  sigma(3 1)=  0.00000000E+00
  sigma(3 3)= -1.54569060E-02  sigma(2 1)=  0.00000000E+00

-Cartesian components of stress tensor (GPa)         [Pressure=  4.5476E+02 GPa]
- sigma(1 1)= -4.54757799E+02  sigma(3 2)=  0.00000000E+00
- sigma(2 2)= -4.54757799E+02  sigma(3 1)=  0.00000000E+00
- sigma(3 3)= -4.54757799E+02  sigma(2 1)=  0.00000000E+00

== END DATASET(S) ==============================================================
================================================================================
  
 -outvars: echo values of variables after computation  --------
            acell      5.5358000000E+00  5.5358000000E+00  5.5358000000E+00 Bohr
              amu      1.00000000E+00
             ecut      5.00000000E+00 Hartree
           etotal1     1.6214308675E+00
            fcart1    -0.0000000000E+00 -0.0000000000E+00 -0.0000000000E+00
-          fftalg         312
           jdtset        1
         jellslab           1
              kpt      6.25000000E-02  6.25000000E-02  6.25000000E-02
                       1.87500000E-01  6.25000000E-02  6.25000000E-02
                       3.12500000E-01  6.25000000E-02  6.25000000E-02
                       4.37500000E-01  6.25000000E-02  6.25000000E-02
                       1.87500000E-01  1.87500000E-01  6.25000000E-02
                       3.12500000E-01  1.87500000E-01  6.25000000E-02
                       4.37500000E-01  1.87500000E-01  6.25000000E-02
                       3.12500000E-01  3.12500000E-01  6.25000000E-02
                       4.37500000E-01  3.12500000E-01  6.25000000E-02
                       4.37500000E-01  4.37500000E-01  6.25000000E-02
                       6.25000000E-02  6.25000000E-02  1.87500000E-01
                       1.87500000E-01  6.25000000E-02  1.87500000E-01
                       3.12500000E-01  6.25000000E-02  1.87500000E-01
                       4.37500000E-01  6.25000000E-02  1.87500000E-01
                       1.87500000E-01  1.87500000E-01  1.87500000E-01
                       3.12500000E-01  1.87500000E-01  1.87500000E-01
                       4.37500000E-01  1.87500000E-01  1.87500000E-01
                       3.12500000E-01  3.12500000E-01  1.87500000E-01
                       4.37500000E-01  3.12500000E-01  1.87500000E-01
                       4.37500000E-01  4.37500000E-01  1.87500000E-01
                       6.25000000E-02  6.25000000E-02  3.12500000E-01
                       1.87500000E-01  6.25000000E-02  3.12500000E-01
                       3.12500000E-01  6.25000000E-02  3.12500000E-01
                       4.37500000E-01  6.25000000E-02  3.12500000E-01
                       1.87500000E-01  1.87500000E-01  3.12500000E-01
                       3.12500000E-01  1.87500000E-01  3.12500000E-01
                       4.37500000E-01  1.87500000E-01  3.12500000E-01
                       3.12500000E-01  3.12500000E-01  3.12500000E-01
                       4.37500000E-01  3.12500000E-01  3.12500000E-01
                       4.37500000E-01  4.37500000E-01  3.12500000E-01
                       6.25000000E-02  6.25000000E-02  4.37500000E-01
                       1.87500000E-01  6.25000000E-02  4.37500000E-01
                       3.12500000E-01  6.25000000E-02  4.37500000E-01
                       4.37500000E-01  6.25000000E-02  4.37500000E-01
                       1.87500000E-01  1.87500000E-01  4.37500000E-01
                       3.12500000E-01  1.87500000E-01  4.37500000E-01
                       4.37500000E-01  1.87500000E-01  4.37500000E-01
                       3.12500000E-01  3.12500000E-01  4.37500000E-01
                       4.37500000E-01  3.12500000E-01  4.37500000E-01
                       4.37500000E-01  4.37500000E-01  4.37500000E-01
         kptrlatt        8    0    0      0    8    0      0    0    8
          kptrlen      4.42864000E+01
P           mkmem          40
            natom           1
            nband           9
           ndtset           1
            ngfft          12      12      12
             nkpt          40
            nstep          10
             nsym           8
           ntypat           1
              occ      2.000000  2.000000  2.000000  2.000000  2.000000  2.000000
                       2.000000  0.000000  0.000000
                       2.000000  2.000000  2.000000  2.000000  2.000000  2.000000
                       0.000000  0.000000  0.000000
                       2.000000  2.000000  2.000000  2.000000  2.020199  2.020309
                       0.000000  0.000000  0.000000
                       2.000000  2.000000  2.000000  2.000000  2.000000  2.000000
                       0.000001  0.000001  0.000000
                       2.000000  2.000000  2.000000  2.000000  2.000000  0.000001
                       0.000000  0.000000  0.000000
                       2.000000  2.000000  2.000000  2.000000  2.000000  1.132056
                       0.000000  0.000000  0.000000
                       2.000000  2.000000  2.000000  2.000000  2.000000  2.020254
                       0.000000  0.000000  0.000000
                       2.000000  2.000000  2.000000  2.000000  2.000000  0.000001
                       0.000000  0.000000  0.000000
                       2.000000  2.000000  2.000000  2.000000  2.000000  0.005155
                       0.000000  0.000000  0.000000
                       2.000000  2.000000  2.000000  2.000000  1.132056  0.000000
                       0.000000  0.000000  0.000000
                       2.000000  2.000000  2.000000  2.000000  2.000000  2.000000
                       0.000000  0.000000  0.000000
                       2.000000  2.000000  2.000000  2.000000  2.000000  0.000001
                       0.000000  0.000000  0.000000
                       2.000000  2.000000  2.000000  2.000000  2.000000  1.132056
                       0.000000  0.000000  0.000000
                       2.000000  2.000000  2.000000  2.000000  2.000000  2.020254
                       0.000000  0.000000  0.000000
                       2.000000  2.000000  2.000000  2.000000  0.000000  0.000000
                       0.000000  0.000000  0.000000
                       2.000000  2.000000  2.000000  2.000000  2.000000  2.000000
                       0.000000  0.000000  0.000000
                       2.000000  2.000000  2.000000  2.000000  2.000000  2.000000
                       0.000000  0.000000  0.000000
                       2.000000  2.000000  2.000000  2.000000  2.000000  2.020216
                       2.020292  0.000000  0.000000
                       2.000000  2.000000  2.000000  2.000000  2.000000  2.000000
                       0.000001  0.000000  0.000000
                       2.000000  2.000000  2.000000  2.000000  2.000000  2.000000
                       2.000000  0.005155  0.000000
                       2.000000  2.000000  2.000000  2.000000  2.020216  2.020292
                       0.000000  0.000000  0.000000
                       2.000000  2.000000  2.000000  2.000000  2.000000  1.132056
                       0.000000  0.000000  0.000000
                       2.000000  2.000000  2.000000  2.000000  2.000000  0.000001
                       0.000000  0.000000  0.000000
                       2.000000  2.000000  2.000000  2.000000  2.000000  0.005155
                       0.000000  0.000000  0.000000
                       2.000000  2.000000  2.000000  2.000000  2.000000  2.000000
                       0.000000  0.000000  0.000000
                       2.000000  2.000000  2.000000  2.000000  2.000000  2.020199
                       2.020309  0.000000  0.000000
                       2.000000  2.000000  2.000000  2.000000  2.000000  2.000000
                       0.000001  0.000000  0.000000
                       2.000000  2.000000  2.000000  2.000000  2.000000  2.000000
                       2.000000  0.000000  0.000000
                       2.000000  2.000000  2.000000  2.000000  2.000000  2.000000
                       2.000000  1.132055  0.000000
                       2.000000  2.000000  2.000000  2.000000  2.000000  2.000000
                       2.000000  2.000000  0.000000
                       2.000000  2.000000  2.000000  2.000000  2.000000  2.000000
                       0.000001  0.000001  0.000000
                       2.000000  2.000000  2.000000  2.000000  2.000000  2.020254
                       0.000000  0.000000  0.000000
                       2.000000  2.000000  2.000000  2.000000  2.000000  0.005155
                       0.000000  0.000000  0.000000
                       2.000000  2.000000  2.000000  2.000000  1.132056  0.000000
                       0.000000  0.000000  0.000000
                       2.000000  2.000000  2.000000  2.000000  2.000000  2.000000
                       0.000000  0.000000  0.000000
                       2.000000  2.000000  2.000000  2.000000  2.000000  2.000000
                       0.000001  0.000000  0.000000
                       2.000000  2.000000  2.000000  2.000000  2.000000  2.000000
                       2.000000  0.005155  0.000000
                       2.000000  2.000000  2.000000  2.000000  2.000000  2.000000
                       2.000000  1.132055  0.000000
                       2.000000  2.000000  2.000000  2.000000  2.000000  2.000000
                       2.000000  2.000000  0.000000
                       2.000000  2.000000  2.000000  2.000000  2.000000  2.000000
                       2.000000  2.000000  0.000000
           occopt           4
           prtden           0
            prtwf           0
           shiftk      5.00000000E-01  5.00000000E-01  5.00000000E-01
        slabwsrad      1.50000000E+00
         slabzend      5.53580000E+00
          spgroup          99
           strten1    -1.5456906026E-02 -1.5456906026E-02 -1.5456906013E-02
                       0.0000000000E+00  0.0000000000E+00  0.0000000000E+00
           symrel      1  0  0   0  1  0   0  0  1       1  0  0   0 -1  0   0  0  1
                      -1  0  0   0 -1  0   0  0  1      -1  0  0   0  1  0   0  0  1
                       0  1  0   1  0  0   0  0  1       0  1  0  -1  0  0   0  0  1
                       0 -1  0  -1  0  0   0  0  1       0 -1  0   1  0  0   0  0  1
           toldfe      1.00000000E-06 Hartree
            typat      1
              wtk        0.01563    0.03125    0.03125    0.03125    0.01563    0.03125
                         0.03125    0.01563    0.03125    0.01563    0.01563    0.03125
                         0.03125    0.03125    0.01563    0.03125    0.03125    0.01563
                         0.03125    0.01563    0.01563    0.03125    0.03125    0.03125
                         0.01563    0.03125    0.03125    0.01563    0.03125    0.01563
                         0.01563    0.03125    0.03125    0.03125    0.01563    0.03125
                         0.03125    0.01563    0.03125    0.01563

================================================================================


- Timing analysis has been suppressed with timopt=0



================================================================================

 Suggested references for the acknowledgment of ABINIT usage.

 The users of ABINIT have little formal obligations with respect to the ABINIT group
 (those specified in the GNU General Public License, http://www.gnu.org/copyleft/gpl.txt).
 However, it is common practice in the scientific literature,
 to acknowledge the efforts of people that have made the research possible.
 In this spirit, please find below suggested citations of work written by ABINIT developers,
 corresponding to implementations inside of ABINIT that you have used in the present run.
 Note also that it will be of great value to readers of publications presenting these results,
 to read papers enabling them to understand the theoretical formalism and details
 of the ABINIT implementation.
 For information on why they are suggested, see also https://www.abinit.org/about/?text=acknowledgments.
-
- [1] ABINIT : First-principles approach of materials and nanosystem properties.
- X. Gonze, B. Amadon, P.-M. Anglade, J.-M. Beuken, F. Bottin, P. Boulanger, F. Bruneval,
- D. Caliste, R. Caracas, M. Cote, T. Deutsch, L. Genovese, Ph. Ghosez, M. Giantomassi
- S. Goedecker, D.R. Hamann, P. Hermet, F. Jollet, G. Jomard, S. Leroux, M. Mancini, S. Mazevet,
- M.J.T. Oliveira, G. Onida, Y. Pouillon, T. Rangel, G.-M. Rignanese, D. Sangalli, R. Shaltaf,
- M. Torrent, M.J. Verstraete, G. Zerah, J.W. Zwanziger
- Computer Phys. Comm. 180, 2582-2615 (2009).
- Comment : the third generic paper describing the ABINIT project.
- Note that a version of this paper, that is not formatted for Computer Phys. Comm. 
- is available at https://www.abinit.org/about/ABINIT_CPC_v10.pdf .
- The licence allows the authors to put it on the Web.
-
- [2] A brief introduction to the ABINIT software package.
- X. Gonze, G.-M. Rignanese, M. Verstraete, J.-M. Beuken, Y. Pouillon, R. Caracas, F. Jollet,
- M. Torrent, G. Zerah, M. Mikami, Ph. Ghosez, M. Veithen, J.-Y. Raty, V. Olevano, F. Bruneval,
- L. Reining, R. Godby, G. Onida, D.R. Hamann, and D.C. Allan.
- Z. Kristallogr. 220, 558-562 (2005).
- Comment : the second generic paper describing the ABINIT project. Note that this paper
- should be cited especially if you are using the GW part of ABINIT, as several authors
- of this part are not in the list of authors of the first or third paper.
- The .pdf of the latter paper is available at https://www.abinit.org/about/zfk_0505-06_558-562.pdf.
- Note that it should not redistributed (Copyright by Oldenburg Wissenshaftverlag,
- the licence allows the authors to put it on the Web).
-
- And optionally:
-
- [3] First-principles computation of material properties : the ABINIT software project. 
- X. Gonze, J.-M. Beuken, R. Caracas, F. Detraux, M. Fuchs, G.-M. Rignanese, L. Sindic,
- M. Verstraete, G. Zerah, F. Jollet, M. Torrent, A. Roy, M. Mikami, Ph. Ghosez, J.-Y. Raty, D.C. Allan.
- Computational Materials Science 25, 478-492 (2002). http://dx.doi.org/10.1016/S0927-0256(02)00325-7
- Comment : the original paper describing the ABINIT project.
-
- [4] Fast radix 2, 3, 4 and 5 kernels for Fast Fourier Transformations
- on computers with overlapping multiply-add instructions.
- S. Goedecker, SIAM J. on Scientific Computing 18, 1605 (1997).
-
- Proc.   0 individual time (sec): cpu=          1.2  wall=          1.3

================================================================================

 Calculation completed.
.Delivered   0 WARNINGs and   4 COMMENTs to log file.
+Overall time at end (sec) : cpu=          1.2  wall=          1.3
