
.Version 8.7.6 of ANADDB 
.(MPI version, prepared for a x86_64_linux_gnu5.3 computer) 

.Copyright (C) 1998-2018 ABINIT group . 
 ANADDB comes with ABSOLUTELY NO WARRANTY.
 It is free software, and you are welcome to redistribute it
 under certain conditions (GNU General Public License,
 see ~abinit/COPYING or http://www.gnu.org/copyleft/gpl.txt).

 ABINIT is a project of the Universite Catholique de Louvain,
 Corning Inc. and other collaborators, see ~abinit/doc/developers/contributors.txt .
 Please read https://docs.abinit.org/theory/acknowledgments for suggested
 acknowledgments of the ABINIT effort.
 For more information, see https://www.abinit.org .

.Starting date : Thu  8 Mar 2018.
- ( at 06h29 )
  

================================================================================

 -outvars_anaddb: echo values of input variables ----------------------

 Flags :
     ifcflag         1
    elphflag         1
 Miscellaneous information :
       eivec         1
         asr         2
   symdynmat         0
 Interatomic Force Constants Inputs :
      dipdip         0
      ifcana         1
      ifcout         0
 Description of grid 1 :
        brav         1
       ngqpt         2         2         2
      nqshft         1
      q1shft
                     0.00000000E+00  0.00000000E+00  0.00000000E+00
 Phonon DOS information :
   dosdeltae  4.55633525E-06
    dossmear  9.00000000E-05
 Description of grid 2 (Fourier interp. or BZ sampling):
      ng2qpt        20        20        20
      ngrids         4
      q2shft         0.00000000E+00  0.00000000E+00  0.00000000E+00
 Elphon calculation will be carried out
   elphsmear    0.100000E-01
    a2fsmear    0.200000E-03
      mustar    0.136000E+00
      nqpath         7
       qpath
                0.000000E+00     0.000000E+00     0.000000E+00
                0.500000E+00     0.500000E+00     0.000000E+00
                0.100000E+01     0.100000E+01     0.100000E+01
                0.500000E+00     0.500000E+00     0.500000E+00
                0.500000E+00     0.500000E+00     0.000000E+00
                0.500000E+00     0.750000E+00     0.250000E+00
                0.500000E+00     0.500000E+00     0.500000E+00
    telphint         1
 Smeared weight integration for elphon
Gkk matrix elements on input grid of qpoints will be written to disk. File gkqfile must be absent.
 First list of wavevector (reduced coord.) :
       nph1l         8
       qph1l
                     0.00000000E+00  0.00000000E+00  0.00000000E+00    1.000E+00
                     5.00000000E-01  0.00000000E+00  0.00000000E+00    1.000E+00
                     0.00000000E+00  5.00000000E-01  0.00000000E+00    1.000E+00
                     5.00000000E-01  5.00000000E-01  0.00000000E+00    1.000E+00
                     0.00000000E+00  0.00000000E+00  5.00000000E-01    1.000E+00
                     5.00000000E-01  0.00000000E+00  5.00000000E-01    1.000E+00
                     0.00000000E+00  5.00000000E-01  5.00000000E-01    1.000E+00
                     5.00000000E-01  5.00000000E-01  5.00000000E-01    1.000E+00

================================================================================

 read the DDB information and perform some checks

 Real(R)+Recip(G) space primitive vectors, cartesian coordinates (Bohr,Bohr^-1):
 R(1)=  0.0000000  3.7500000  3.7500000  G(1)= -0.1333333  0.1333333  0.1333333
 R(2)=  3.7500000  0.0000000  3.7500000  G(2)=  0.1333333 -0.1333333  0.1333333
 R(3)=  3.7500000  3.7500000  0.0000000  G(3)=  0.1333333  0.1333333 -0.1333333
 Unit cell volume ucvol=  1.0546875E+02 bohr^3
 Angles (23,13,12)=  6.00000000E+01  6.00000000E+01  6.00000000E+01 degrees
 Now the whole DDB is in central memory

================================================================================

 Calculation of the interatomic forces 

-begin at tcpu      0.015  and twall      0.016 sec
       Homogeneous q point set in the B.Z.
 Grid q points  :        8
  1)   0.00000000E+00  0.00000000E+00  0.00000000E+00
  2)   5.00000000E-01  0.00000000E+00  0.00000000E+00
  3)   0.00000000E+00  5.00000000E-01  0.00000000E+00
  4)   5.00000000E-01  5.00000000E-01  0.00000000E+00
  5)   0.00000000E+00  0.00000000E+00  5.00000000E-01
  6)   5.00000000E-01  0.00000000E+00  5.00000000E-01
  7)   0.00000000E+00  5.00000000E-01  5.00000000E-01
  8)   5.00000000E-01  5.00000000E-01  5.00000000E-01

 The interatomic forces have been obtained

================================================================================

 Properties based on electron-phonon coupling 

 The set of symmetries contains only one element for this perturbation.
 The set of symmetries contains only one element for this perturbation.
 The set of symmetries contains only one element for this perturbation.
 The set of symmetries contains only one element for this perturbation.
 The set of symmetries contains only one element for this perturbation.
 The set of symmetries contains only one element for this perturbation.
 The set of symmetries contains only one element for this perturbation.
 The set of symmetries contains only one element for this perturbation.
 The set of symmetries contains only one element for this perturbation.

 Output of the linewidths for the first point of each segment. Linewidths are given in Hartree.

 Q point =    0.000000E+00    0.000000E+00    0.000000E+00   isppol =    1
 Mode number    Frequency (Ha)  Linewidth (Ha)  Lambda(q,n)
       1        0.000000E+00    5.160363E-06    0.000000E+00
       2        0.000000E+00    5.160363E-06    0.000000E+00
       3        0.000000E+00    5.160363E-06    0.000000E+00

 Q point =    5.000000E-01    5.000000E-01    0.000000E+00   isppol =    1
 Mode number    Frequency (Ha)  Linewidth (Ha)  Lambda(q,n)
       1       -9.501404E-04    2.592765E-05    3.211433E-01
       2       -9.501404E-04    2.592765E-05    3.211433E-01
       3        1.830588E-03    2.635541E-05    8.794269E-02

 Q point =    0.000000E+00    0.000000E+00    0.000000E+00   isppol =    1
 Mode number    Frequency (Ha)  Linewidth (Ha)  Lambda(q,n)
       1        0.000000E+00    5.160363E-06    0.000000E+00
       2        0.000000E+00    5.160363E-06    0.000000E+00
       3        0.000000E+00    5.160363E-06    0.000000E+00

 Q point =    5.000000E-01    5.000000E-01    5.000000E-01   isppol =    1
 Mode number    Frequency (Ha)  Linewidth (Ha)  Lambda(q,n)
       1       -1.129682E-03    8.108821E-11    7.104874E-07
       2       -1.129682E-03    8.108821E-11    7.104874E-07
       3        1.231062E-03    1.912103E-05    1.410792E-01

 Q point =    5.000000E-01    5.000000E-01    0.000000E+00   isppol =    1
 Mode number    Frequency (Ha)  Linewidth (Ha)  Lambda(q,n)
       1       -9.501404E-04    2.592765E-05    3.211433E-01
       2       -9.501404E-04    2.592765E-05    3.211433E-01
       3        1.830588E-03    2.635541E-05    8.794269E-02

 Q point =    5.000000E-01   -2.500000E-01    2.500000E-01   isppol =    1
 Mode number    Frequency (Ha)  Linewidth (Ha)  Lambda(q,n)
       1       -1.070872E-03    2.110464E-05    2.057853E-01
       2        9.900223E-04    2.131852E-05    2.432083E-01
       3        9.900223E-04    2.131852E-05    2.432083E-01

 Q point =    5.000000E-01    5.000000E-01    5.000000E-01   isppol =    1
 Mode number    Frequency (Ha)  Linewidth (Ha)  Lambda(q,n)
       1       -1.129682E-03    8.108821E-11    7.104874E-07
       2       -1.129682E-03    8.108821E-11    7.104874E-07
       3        1.231062E-03    1.912103E-05    1.410792E-01


 Superconductivity : isotropic evaluation of parameters from electron-phonon coupling.

 mka2f: lambda <omega^2> =     4.423699E-07
 mka2f: lambda <omega^3> =     4.406578E-10
 mka2f: lambda <omega^4> =     4.836533E-13
 mka2f: lambda <omega^5> =     5.724677E-16
 mka2f: isotropic lambda =     9.467762E-01
 mka2f: omegalog  =     2.589403E-04 (Ha)     8.176678E+01 (Kelvin)
 mka2f: input mustar =     1.360000E-01
-mka2f: MacMillan Tc =     1.352268E-05 (Ha)     4.270121E+00 (Kelvin)

================================================================================

 Calculation of phonon density of states 

 Average speed of sound partial sums:    -0.6590764448E-03 (at units)
-                                   =          -1.4419 [km/s]

 Debye frequency from partial sums:    -0.5437236040E-03 (Ha)
-                                 =    -0.3577529454E+01 (THz)
-Debye temperature from partial sums:    -0.1716941307E+03 (K)

 Average speed of sound:     0.2277736510E-04 (at units) 
-                      =           0.0498 [km/s]

 Debye frequency from DOS:     0.1879082637E-04 (Ha) 
-                        =     0.1236376981E+00 (THz)
-Debye temperature from DOS:     0.5933666620E+01 (K)


================================================================================

 Treat the first list of vectors 


  Phonon wavevector (reduced coordinates) :  0.00000  0.00000  0.00000
 Phonon energies in Hartree :
   0.000000E+00  0.000000E+00  0.000000E+00
 Phonon frequencies in cm-1    :
-  0.000000E+00  0.000000E+00  0.000000E+00

 Eigendisplacements 
 (will be given, for each mode : in cartesian coordinates
   for each atom the real part of the displacement vector,
   then the imaginary part of the displacement vector - absolute values smaller than 1.0d-7 are set to zero)
  Mode number    1   Energy    0.000000E+00
 Attention : low frequency mode.
   (Could be unstable or acoustic mode)
-  1  0.00000000E+00  0.00000000E+00 -4.50906598E-03
-     0.00000000E+00  0.00000000E+00  0.00000000E+00
  Mode number    2   Energy    0.000000E+00
 Attention : low frequency mode.
   (Could be unstable or acoustic mode)
-  1  0.00000000E+00  4.50906598E-03  0.00000000E+00
-     0.00000000E+00  0.00000000E+00  0.00000000E+00
  Mode number    3   Energy    0.000000E+00
 Attention : low frequency mode.
   (Could be unstable or acoustic mode)
-  1  4.50906598E-03  0.00000000E+00  0.00000000E+00
-     0.00000000E+00  0.00000000E+00  0.00000000E+00

 Analysis of degeneracies and characters (maximum tolerance=1.00E-06 a.u.)
 Symmetry characters of vibration mode #   1
       degenerate with vibration modes #   2 to    3
  3.0 -3.0 -1.0  1.0 -1.0  1.0 -1.0  1.0  1.0 -1.0 -1.0  1.0  1.0 -1.0 -1.0  1.0
  0.0 -0.0 -0.0  0.0  0.0 -0.0 -0.0  0.0  1.0 -1.0 -1.0  1.0 -1.0  1.0  1.0 -1.0
 -0.0  0.0  0.0 -0.0 -0.0  0.0 -0.0  0.0  1.0 -1.0  1.0 -1.0 -1.0  1.0 -1.0  1.0

  Phonon wavevector (reduced coordinates) :  0.50000  0.00000  0.00000
 Phonon energies in Hartree :
  -1.129682E-03 -1.129682E-03  1.231062E-03
 Phonon frequencies in cm-1    :
- -2.479366E+02 -2.479366E+02  2.701868E+02

 Eigendisplacements 
 (will be given, for each mode : in cartesian coordinates
   for each atom the real part of the displacement vector,
   then the imaginary part of the displacement vector - absolute values smaller than 1.0d-7 are set to zero)
  Mode number    1   Energy   -1.129682E-03
 Attention : low frequency mode.
   (Could be unstable or acoustic mode)
-  1  3.32914791E-04 -3.00887154E-03  3.34178633E-03
-     0.00000000E+00  0.00000000E+00  0.00000000E+00
  Mode number    2   Energy   -1.129682E-03
 Attention : low frequency mode.
   (Could be unstable or acoustic mode)
-  1  3.66655403E-03  2.12158968E-03  1.54496435E-03
-     0.00000000E+00  0.00000000E+00  0.00000000E+00
  Mode number    3   Energy    1.231062E-03
;  1  2.60331046E-03 -2.60331046E-03 -2.60331046E-03
;     0.00000000E+00  0.00000000E+00  0.00000000E+00

  Phonon wavevector (reduced coordinates) :  0.00000  0.50000  0.00000
 Phonon energies in Hartree :
  -1.129682E-03 -1.129682E-03  1.231062E-03
 Phonon frequencies in cm-1    :
- -2.479366E+02 -2.479366E+02  2.701868E+02

 Eigendisplacements 
 (will be given, for each mode : in cartesian coordinates
   for each atom the real part of the displacement vector,
   then the imaginary part of the displacement vector - absolute values smaller than 1.0d-7 are set to zero)
  Mode number    1   Energy   -1.129682E-03
 Attention : low frequency mode.
   (Could be unstable or acoustic mode)
-  1  3.31738994E-04 -3.00955173E-03 -3.34129072E-03
-     0.00000000E+00  0.00000000E+00  0.00000000E+00
  Mode number    2   Energy   -1.129682E-03
 Attention : low frequency mode.
   (Could be unstable or acoustic mode)
-  1  3.66666060E-03  2.12062469E-03 -1.54603590E-03
-     0.00000000E+00  0.00000000E+00  0.00000000E+00
  Mode number    3   Energy    1.231062E-03
;  1  2.60331046E-03 -2.60331046E-03  2.60331046E-03
;     0.00000000E+00  0.00000000E+00  0.00000000E+00

  Phonon wavevector (reduced coordinates) :  0.50000  0.50000  0.00000
 Phonon energies in Hartree :
  -9.501404E-04 -9.501404E-04  1.830588E-03
 Phonon frequencies in cm-1    :
- -2.085317E+02 -2.085317E+02  4.017677E+02

 Eigendisplacements 
 (will be given, for each mode : in cartesian coordinates
   for each atom the real part of the displacement vector,
   then the imaginary part of the displacement vector - absolute values smaller than 1.0d-7 are set to zero)
  Mode number    1   Energy   -9.501404E-04
 Attention : low frequency mode.
   (Could be unstable or acoustic mode)
-  1  1.07638461E-06  4.50906585E-03  0.00000000E+00
-     0.00000000E+00  0.00000000E+00  0.00000000E+00
  Mode number    2   Energy   -9.501404E-04
 Attention : low frequency mode.
   (Could be unstable or acoustic mode)
-  1  4.50906585E-03 -1.07638461E-06  0.00000000E+00
-     0.00000000E+00  0.00000000E+00  0.00000000E+00
  Mode number    3   Energy    1.830588E-03
;  1  0.00000000E+00  0.00000000E+00  4.50906598E-03
;     0.00000000E+00  0.00000000E+00  0.00000000E+00

  Phonon wavevector (reduced coordinates) :  0.00000  0.00000  0.50000
 Phonon energies in Hartree :
  -1.129682E-03 -1.129682E-03  1.231062E-03
 Phonon frequencies in cm-1    :
- -2.479366E+02 -2.479366E+02  2.701868E+02

 Eigendisplacements 
 (will be given, for each mode : in cartesian coordinates
   for each atom the real part of the displacement vector,
   then the imaginary part of the displacement vector - absolute values smaller than 1.0d-7 are set to zero)
  Mode number    1   Energy   -1.129682E-03
 Attention : low frequency mode.
   (Could be unstable or acoustic mode)
-  1  3.32823304E-04  3.00892447E-03  3.34174778E-03
-     0.00000000E+00  0.00000000E+00  0.00000000E+00
  Mode number    2   Energy   -1.129682E-03
 Attention : low frequency mode.
   (Could be unstable or acoustic mode)
-  1  3.66656233E-03 -2.12151460E-03  1.54504773E-03
-     0.00000000E+00  0.00000000E+00  0.00000000E+00
  Mode number    3   Energy    1.231062E-03
;  1  2.60331046E-03  2.60331046E-03 -2.60331046E-03
;     0.00000000E+00  0.00000000E+00  0.00000000E+00

  Phonon wavevector (reduced coordinates) :  0.50000  0.00000  0.50000
 Phonon energies in Hartree :
  -9.501404E-04 -9.501404E-04  1.830588E-03
 Phonon frequencies in cm-1    :
- -2.085317E+02 -2.085317E+02  4.017677E+02

 Eigendisplacements 
 (will be given, for each mode : in cartesian coordinates
   for each atom the real part of the displacement vector,
   then the imaginary part of the displacement vector - absolute values smaller than 1.0d-7 are set to zero)
  Mode number    1   Energy   -9.501404E-04
 Attention : low frequency mode.
   (Could be unstable or acoustic mode)
-  1  1.07363954E-06  0.00000000E+00 -4.50906585E-03
-     0.00000000E+00  0.00000000E+00  0.00000000E+00
  Mode number    2   Energy   -9.501404E-04
 Attention : low frequency mode.
   (Could be unstable or acoustic mode)
-  1  4.50906585E-03  0.00000000E+00  1.07363954E-06
-     0.00000000E+00  0.00000000E+00  0.00000000E+00
  Mode number    3   Energy    1.830588E-03
;  1  0.00000000E+00  4.50906598E-03  0.00000000E+00
;     0.00000000E+00  0.00000000E+00  0.00000000E+00

  Phonon wavevector (reduced coordinates) :  0.00000  0.50000  0.50000
 Phonon energies in Hartree :
  -9.501404E-04 -9.501404E-04  1.830588E-03
 Phonon frequencies in cm-1    :
- -2.085317E+02 -2.085317E+02  4.017677E+02

 Eigendisplacements 
 (will be given, for each mode : in cartesian coordinates
   for each atom the real part of the displacement vector,
   then the imaginary part of the displacement vector - absolute values smaller than 1.0d-7 are set to zero)
  Mode number    1   Energy   -9.501404E-04
 Attention : low frequency mode.
   (Could be unstable or acoustic mode)
-  1  0.00000000E+00  1.68860272E-04  4.50590304E-03
-     0.00000000E+00  0.00000000E+00  0.00000000E+00
  Mode number    2   Energy   -9.501404E-04
 Attention : low frequency mode.
   (Could be unstable or acoustic mode)
-  1  0.00000000E+00  4.50590304E-03 -1.68860272E-04
-     0.00000000E+00  0.00000000E+00  0.00000000E+00
  Mode number    3   Energy    1.830588E-03
;  1  4.50906598E-03  0.00000000E+00  0.00000000E+00
;     0.00000000E+00  0.00000000E+00  0.00000000E+00

  Phonon wavevector (reduced coordinates) :  0.50000  0.50000  0.50000
 Phonon energies in Hartree :
  -1.129682E-03 -1.129682E-03  1.231062E-03
 Phonon frequencies in cm-1    :
- -2.479366E+02 -2.479366E+02  2.701868E+02

 Eigendisplacements 
 (will be given, for each mode : in cartesian coordinates
   for each atom the real part of the displacement vector,
   then the imaginary part of the displacement vector - absolute values smaller than 1.0d-7 are set to zero)
  Mode number    1   Energy   -1.129682E-03
 Attention : low frequency mode.
   (Could be unstable or acoustic mode)
-  1  3.33737257E-04  3.00839555E-03 -3.34213281E-03
-     0.00000000E+00  0.00000000E+00  0.00000000E+00
  Mode number    2   Energy   -1.129682E-03
 Attention : low frequency mode.
   (Could be unstable or acoustic mode)
-  1  3.66647926E-03 -2.12226457E-03 -1.54421468E-03
-     0.00000000E+00  0.00000000E+00  0.00000000E+00
  Mode number    3   Energy    1.231062E-03
;  1  2.60331046E-03  2.60331046E-03  2.60331046E-03
;     0.00000000E+00  0.00000000E+00  0.00000000E+00
-
- Proc.   0 individual time (sec): cpu=          2.4  wall=          2.4

================================================================================

+Total cpu time      2.417  and wall time      2.443 sec

 anaddb : the run completed succesfully.
