
.Version 8.9.1 of ANADDB 
.(MPI version, prepared for a x86_64_linux_gnu5.3 computer) 

.Copyright (C) 1998-2018 ABINIT group . 
 ANADDB comes with ABSOLUTELY NO WARRANTY.
 It is free software, and you are welcome to redistribute it
 under certain conditions (GNU General Public License,
 see ~abinit/COPYING or http://www.gnu.org/copyleft/gpl.txt).

 ABINIT is a project of the Universite Catholique de Louvain,
 Corning Inc. and other collaborators, see ~abinit/doc/developers/contributors.txt .
 Please read ~abinit/doc/users/acknowledgments.html for suggested
 acknowledgments of the ABINIT effort.
 For more information, see https://www.abinit.org .

.Starting date : Mon 14 May 2018.
- ( at 10h40 )
  

================================================================================

 -outvars_anaddb: echo values of input variables ----------------------

 Flags :
     ifcflag         1
    elphflag         1
 Miscellaneous information :
       eivec         1
         asr         2
   symdynmat         0
 Interatomic Force Constants Inputs :
      dipdip         0
      ifcana         1
      ifcout         0
 Description of grid 1 :
        brav         1
       ngqpt         2         2         2
      nqshft         1
      q1shft
                     0.00000000E+00  0.00000000E+00  0.00000000E+00
 Phonon DOS information :
   dosdeltae  4.55633525E-06
    dossmear  2.27816763E-05
 Description of grid 2 for Fourier interpolation :
      ng2qpt        20        20        20
      ngrids         4
      q2shft         0.00000000E+00  0.00000000E+00  0.00000000E+00
 Elphon calculation will be carried out
   elphsmear    0.100000E-01
    a2fsmear    0.200000E-04
      mustar    0.136000E+00
      nqpath         7
       qpath
                0.000000E+00     0.000000E+00     0.000000E+00
                0.500000E+00     0.500000E+00     0.000000E+00
                0.100000E+01     0.100000E+01     0.100000E+01
                0.500000E+00     0.500000E+00     0.500000E+00
                0.500000E+00     0.500000E+00     0.000000E+00
                0.500000E+00     0.750000E+00     0.250000E+00
                0.500000E+00     0.500000E+00     0.500000E+00
    telphint         2
 Band filtered integration for elphon
 First list of wavevector (reduced coord.) :
       nph1l         8
       qph1l
                     0.00000000E+00  0.00000000E+00  0.00000000E+00    1.000E+00
                     5.00000000E-01  0.00000000E+00  0.00000000E+00    1.000E+00
                     0.00000000E+00  5.00000000E-01  0.00000000E+00    1.000E+00
                     5.00000000E-01  5.00000000E-01  0.00000000E+00    1.000E+00
                     0.00000000E+00  0.00000000E+00  5.00000000E-01    1.000E+00
                     5.00000000E-01  0.00000000E+00  5.00000000E-01    1.000E+00
                     0.00000000E+00  5.00000000E-01  5.00000000E-01    1.000E+00
                     5.00000000E-01  5.00000000E-01  5.00000000E-01    1.000E+00

================================================================================

 read the DDB information and perform some checks

 Real(R)+Recip(G) space primitive vectors, cartesian coordinates (Bohr,Bohr^-1):
 R(1)=  0.0000000  3.7500000  3.7500000  G(1)= -0.1333333  0.1333333  0.1333333
 R(2)=  3.7500000  0.0000000  3.7500000  G(2)=  0.1333333 -0.1333333  0.1333333
 R(3)=  3.7500000  3.7500000  0.0000000  G(3)=  0.1333333  0.1333333 -0.1333333
 Unit cell volume ucvol=  1.0546875E+02 bohr^3
 Angles (23,13,12)=  6.00000000E+01  6.00000000E+01  6.00000000E+01 degrees
 Now the whole DDB is in central memory

================================================================================

 Calculation of the interatomic forces 

-begin at tcpu      0.016  and twall      0.864 sec
       Homogeneous q point set in the B.Z.
 Grid q points  :        8
  1)   0.00000000E+00  0.00000000E+00  0.00000000E+00
  2)   5.00000000E-01  0.00000000E+00  0.00000000E+00
  3)   0.00000000E+00  5.00000000E-01  0.00000000E+00
  4)   5.00000000E-01  5.00000000E-01  0.00000000E+00
  5)   0.00000000E+00  0.00000000E+00  5.00000000E-01
  6)   5.00000000E-01  0.00000000E+00  5.00000000E-01
  7)   0.00000000E+00  5.00000000E-01  5.00000000E-01
  8)   5.00000000E-01  5.00000000E-01  5.00000000E-01

 The interatomic forces have been obtained

================================================================================

 Properties based on electron-phonon coupling 

 Found     4 symmetries that leave the perturbation invariant.
 Found     4 symmetries that leave the perturbation invariant.
 Found     4 symmetries that leave the perturbation invariant.
 Found     2 symmetries that leave the perturbation invariant.
 The set of symmetries contains only one element for this perturbation.
 The set of symmetries contains only one element for this perturbation.
 Found     2 symmetries that leave the perturbation invariant.
 Found     2 symmetries that leave the perturbation invariant.
 Found     2 symmetries that leave the perturbation invariant.

 Output of the linewidths for the first point of each segment. Linewidths are given in Hartree.

 Q point =    0.000000E+00    0.000000E+00    0.000000E+00   isppol =    1
 Mode number    Frequency (Ha)  Linewidth (Ha)  Lambda(q,n)
       1        0.000000E+00    1.297749E-06    0.000000E+00
       2        0.000000E+00    1.297749E-06    0.000000E+00
       3        0.000000E+00    1.297749E-06    0.000000E+00

 Q point =    5.000000E-01    5.000000E-01    0.000000E+00   isppol =    1
 Mode number    Frequency (Ha)  Linewidth (Ha)  Lambda(q,n)
       1       -9.501404E-04    3.647076E-06    2.143226E-01
       2       -9.501404E-04    3.647076E-06    2.143226E-01
       3        1.830588E-03    8.027278E-06    1.270825E-01

 Q point =    0.000000E+00    0.000000E+00    0.000000E+00   isppol =    1
 Mode number    Frequency (Ha)  Linewidth (Ha)  Lambda(q,n)
       1        0.000000E+00    1.297749E-06    0.000000E+00
       2        0.000000E+00    1.297749E-06    0.000000E+00
       3        0.000000E+00    1.297749E-06    0.000000E+00

 Q point =    5.000000E-01    5.000000E-01    5.000000E-01   isppol =    1
 Mode number    Frequency (Ha)  Linewidth (Ha)  Lambda(q,n)
       1       -1.129682E-03    1.608963E-06    6.688554E-02
       2       -1.129682E-03    1.608963E-06    6.688554E-02
       3        1.231062E-03    8.744404E-06    3.061044E-01

 Q point =    5.000000E-01    5.000000E-01    0.000000E+00   isppol =    1
 Mode number    Frequency (Ha)  Linewidth (Ha)  Lambda(q,n)
       1       -9.501404E-04    3.647076E-06    2.143226E-01
       2       -9.501404E-04    3.647076E-06    2.143226E-01
       3        1.830588E-03    8.027278E-06    1.270825E-01

 Q point =    5.000000E-01   -2.500000E-01    2.500000E-01   isppol =    1
 Mode number    Frequency (Ha)  Linewidth (Ha)  Lambda(q,n)
       1       -1.070872E-03    3.591292E-06    1.661402E-01
       2        9.900223E-04    5.781393E-06    3.129259E-01
       3        9.900223E-04    5.781393E-06    3.129259E-01

 Q point =    5.000000E-01    5.000000E-01    5.000000E-01   isppol =    1
 Mode number    Frequency (Ha)  Linewidth (Ha)  Lambda(q,n)
       1       -1.129682E-03    1.608963E-06    6.688554E-02
       2       -1.129682E-03    1.608963E-06    6.688554E-02
       3        1.231062E-03    8.744404E-06    3.061044E-01


 Superconductivity : isotropic evaluation of parameters from electron-phonon coupling.

 mka2f: lambda <omega^2> =     6.447115E-07
 mka2f: lambda <omega^3> =     6.441672E-10
 mka2f: lambda <omega^4> =     7.068269E-13
 mka2f: lambda <omega^5> =     8.316641E-16
 mka2f: isotropic lambda =     1.078896E+00
 mka2f: omegalog  =     6.034083E-04 (Ha)     1.905410E+02 (Kelvin)
 mka2f: input mustar =     1.360000E-01
-mka2f: MacMillan Tc =     3.974266E-05 (Ha)     1.254972E+01 (Kelvin)

================================================================================

 Calculation of phonon density of states 

 Average speed of sound partial sums:    -0.6590764448E-03 (at units)
-                                   =          -1.4419 [km/s]

 Debye frequency from partial sums:    -0.5437236040E-03 (Ha)
-                                 =    -0.3577529454E+01 (THz)
-Debye temperature from partial sums:    -0.1716941307E+03 (K)

 Average speed of sound:     0.5019056249E-04 (at units) 
-                      =           0.1098 [km/s]

 Debye frequency from DOS:     0.4140611265E-04 (Ha) 
-                        =     0.2724391336E+00 (THz)
-Debye temperature from DOS:     0.1307500073E+02 (K)


================================================================================

 Treat the first list of vectors 


  Phonon wavevector (reduced coordinates) :  0.00000  0.00000  0.00000
 Phonon energies in Hartree :
   0.000000E+00  0.000000E+00  0.000000E+00
 Phonon frequencies in cm-1    :
-  0.000000E+00  0.000000E+00  0.000000E+00

 Eigendisplacements 
 (will be given, for each mode : in cartesian coordinates
   for each atom the real part of the displacement vector,
   then the imaginary part of the displacement vector - absolute values smaller than 1.0d-7 are set to zero)
  Mode number    1   Energy    0.000000E+00
 Attention : low frequency mode.
   (Could be unstable or acoustic mode)
-  1  0.00000000E+00  0.00000000E+00 -4.50906598E-03
-     0.00000000E+00  0.00000000E+00  0.00000000E+00
  Mode number    2   Energy    0.000000E+00
 Attention : low frequency mode.
   (Could be unstable or acoustic mode)
-  1  0.00000000E+00  4.50906598E-03  0.00000000E+00
-     0.00000000E+00  0.00000000E+00  0.00000000E+00
  Mode number    3   Energy    0.000000E+00
 Attention : low frequency mode.
   (Could be unstable or acoustic mode)
-  1  4.50906598E-03  0.00000000E+00  0.00000000E+00
-     0.00000000E+00  0.00000000E+00  0.00000000E+00

 Analysis of degeneracies and characters (maximum tolerance=1.00E-06 a.u.)
 Symmetry characters of vibration mode #   1
       degenerate with vibration modes #   2 to    3
  3.0 -3.0 -1.0  1.0 -1.0  1.0 -1.0  1.0  1.0 -1.0 -1.0  1.0  1.0 -1.0 -1.0  1.0
  0.0 -0.0 -0.0  0.0  0.0 -0.0 -0.0  0.0  1.0 -1.0 -1.0  1.0 -1.0  1.0  1.0 -1.0
  0.0 -0.0  0.0 -0.0 -0.0  0.0 -0.0  0.0  1.0 -1.0  1.0 -1.0 -1.0  1.0 -1.0  1.0

  Phonon wavevector (reduced coordinates) :  0.50000  0.00000  0.00000
 Phonon energies in Hartree :
  -1.129682E-03 -1.129682E-03  1.231062E-03
 Phonon frequencies in cm-1    :
- -2.479366E+02 -2.479366E+02  2.701868E+02

 Eigendisplacements 
 (will be given, for each mode : in cartesian coordinates
   for each atom the real part of the displacement vector,
   then the imaginary part of the displacement vector - absolute values smaller than 1.0d-7 are set to zero)
  Mode number    1   Energy   -1.129682E-03
 Attention : low frequency mode.
   (Could be unstable or acoustic mode)
-  1  3.33007224E-04 -3.00881805E-03  3.34182527E-03
-     0.00000000E+00  0.00000000E+00  0.00000000E+00
  Mode number    2   Energy   -1.129682E-03
 Attention : low frequency mode.
   (Could be unstable or acoustic mode)
-  1  3.66654563E-03  2.12166553E-03  1.54488010E-03
-     0.00000000E+00  0.00000000E+00  0.00000000E+00
  Mode number    3   Energy    1.231062E-03
;  1  2.60331046E-03 -2.60331046E-03 -2.60331046E-03
;     0.00000000E+00  0.00000000E+00  0.00000000E+00

  Phonon wavevector (reduced coordinates) :  0.00000  0.50000  0.00000
 Phonon energies in Hartree :
  -1.129682E-03 -1.129682E-03  1.231062E-03
 Phonon frequencies in cm-1    :
- -2.479366E+02 -2.479366E+02  2.701868E+02

 Eigendisplacements 
 (will be given, for each mode : in cartesian coordinates
   for each atom the real part of the displacement vector,
   then the imaginary part of the displacement vector - absolute values smaller than 1.0d-7 are set to zero)
  Mode number    1   Energy   -1.129682E-03
 Attention : low frequency mode.
   (Could be unstable or acoustic mode)
-  1  3.31759139E-04 -3.00954007E-03 -3.34129921E-03
-     0.00000000E+00  0.00000000E+00  0.00000000E+00
  Mode number    2   Energy   -1.129682E-03
 Attention : low frequency mode.
   (Could be unstable or acoustic mode)
-  1  3.66665877E-03  2.12064123E-03 -1.54601754E-03
-     0.00000000E+00  0.00000000E+00  0.00000000E+00
  Mode number    3   Energy    1.231062E-03
;  1  2.60331046E-03 -2.60331046E-03  2.60331046E-03
;     0.00000000E+00  0.00000000E+00  0.00000000E+00

  Phonon wavevector (reduced coordinates) :  0.50000  0.50000  0.00000
 Phonon energies in Hartree :
  -9.501404E-04 -9.501404E-04  1.830588E-03
 Phonon frequencies in cm-1    :
- -2.085317E+02 -2.085317E+02  4.017677E+02

 Eigendisplacements 
 (will be given, for each mode : in cartesian coordinates
   for each atom the real part of the displacement vector,
   then the imaginary part of the displacement vector - absolute values smaller than 1.0d-7 are set to zero)
  Mode number    1   Energy   -9.501404E-04
 Attention : low frequency mode.
   (Could be unstable or acoustic mode)
-  1  1.23499581E-06  4.50906581E-03  0.00000000E+00
-     0.00000000E+00  0.00000000E+00  0.00000000E+00
  Mode number    2   Energy   -9.501404E-04
 Attention : low frequency mode.
   (Could be unstable or acoustic mode)
-  1  4.50906581E-03 -1.23499581E-06  0.00000000E+00
-     0.00000000E+00  0.00000000E+00  0.00000000E+00
  Mode number    3   Energy    1.830588E-03
;  1  0.00000000E+00  0.00000000E+00  4.50906598E-03
;     0.00000000E+00  0.00000000E+00  0.00000000E+00

  Phonon wavevector (reduced coordinates) :  0.00000  0.00000  0.50000
 Phonon energies in Hartree :
  -1.129682E-03 -1.129682E-03  1.231062E-03
 Phonon frequencies in cm-1    :
- -2.479366E+02 -2.479366E+02  2.701868E+02

 Eigendisplacements 
 (will be given, for each mode : in cartesian coordinates
   for each atom the real part of the displacement vector,
   then the imaginary part of the displacement vector - absolute values smaller than 1.0d-7 are set to zero)
  Mode number    1   Energy   -1.129682E-03
 Attention : low frequency mode.
   (Could be unstable or acoustic mode)
-  1  3.33025862E-04  3.00880726E-03  3.34183313E-03
-     0.00000000E+00  0.00000000E+00  0.00000000E+00
  Mode number    2   Energy   -1.129682E-03
 Attention : low frequency mode.
   (Could be unstable or acoustic mode)
-  1  3.66654394E-03 -2.12168083E-03  1.54486311E-03
-     0.00000000E+00  0.00000000E+00  0.00000000E+00
  Mode number    3   Energy    1.231062E-03
;  1  2.60331046E-03  2.60331046E-03 -2.60331046E-03
;     0.00000000E+00  0.00000000E+00  0.00000000E+00

  Phonon wavevector (reduced coordinates) :  0.50000  0.00000  0.50000
 Phonon energies in Hartree :
  -9.501404E-04 -9.501404E-04  1.830588E-03
 Phonon frequencies in cm-1    :
- -2.085317E+02 -2.085317E+02  4.017677E+02

 Eigendisplacements 
 (will be given, for each mode : in cartesian coordinates
   for each atom the real part of the displacement vector,
   then the imaginary part of the displacement vector - absolute values smaller than 1.0d-7 are set to zero)
  Mode number    1   Energy   -9.501404E-04
 Attention : low frequency mode.
   (Could be unstable or acoustic mode)
-  1  1.07384652E-06  0.00000000E+00 -4.50906585E-03
-     0.00000000E+00  0.00000000E+00  0.00000000E+00
  Mode number    2   Energy   -9.501404E-04
 Attention : low frequency mode.
   (Could be unstable or acoustic mode)
-  1  4.50906585E-03  0.00000000E+00  1.07384652E-06
-     0.00000000E+00  0.00000000E+00  0.00000000E+00
  Mode number    3   Energy    1.830588E-03
;  1  0.00000000E+00  4.50906598E-03  0.00000000E+00
;     0.00000000E+00  0.00000000E+00  0.00000000E+00

  Phonon wavevector (reduced coordinates) :  0.00000  0.50000  0.50000
 Phonon energies in Hartree :
  -9.501404E-04 -9.501404E-04  1.830588E-03
 Phonon frequencies in cm-1    :
- -2.085317E+02 -2.085317E+02  4.017677E+02

 Eigendisplacements 
 (will be given, for each mode : in cartesian coordinates
   for each atom the real part of the displacement vector,
   then the imaginary part of the displacement vector - absolute values smaller than 1.0d-7 are set to zero)
  Mode number    1   Energy   -9.501404E-04
 Attention : low frequency mode.
   (Could be unstable or acoustic mode)
-  1  0.00000000E+00  1.68860272E-04  4.50590304E-03
-     0.00000000E+00  0.00000000E+00  0.00000000E+00
  Mode number    2   Energy   -9.501404E-04
 Attention : low frequency mode.
   (Could be unstable or acoustic mode)
-  1  0.00000000E+00  4.50590304E-03 -1.68860272E-04
-     0.00000000E+00  0.00000000E+00  0.00000000E+00
  Mode number    3   Energy    1.830588E-03
;  1  4.50906598E-03  0.00000000E+00  0.00000000E+00
;     0.00000000E+00  0.00000000E+00  0.00000000E+00

  Phonon wavevector (reduced coordinates) :  0.50000  0.50000  0.50000
 Phonon energies in Hartree :
  -1.129682E-03 -1.129682E-03  1.231062E-03
 Phonon frequencies in cm-1    :
- -2.479366E+02 -2.479366E+02  2.701868E+02

 Eigendisplacements 
 (will be given, for each mode : in cartesian coordinates
   for each atom the real part of the displacement vector,
   then the imaginary part of the displacement vector - absolute values smaller than 1.0d-7 are set to zero)
  Mode number    1   Energy   -1.129682E-03
 Attention : low frequency mode.
   (Could be unstable or acoustic mode)
-  1  3.33650943E-04  3.00844551E-03 -3.34209645E-03
-     0.00000000E+00  0.00000000E+00  0.00000000E+00
  Mode number    2   Energy   -1.129682E-03
 Attention : low frequency mode.
   (Could be unstable or acoustic mode)
-  1  3.66648711E-03 -2.12219375E-03 -1.54429336E-03
-     0.00000000E+00  0.00000000E+00  0.00000000E+00
  Mode number    3   Energy    1.231062E-03
;  1  2.60331046E-03  2.60331046E-03  2.60331046E-03
;     0.00000000E+00  0.00000000E+00  0.00000000E+00
-
- Proc.   0 individual time (sec): cpu=          1.8  wall=          2.6

================================================================================

+Total cpu time      1.756  and wall time      2.612 sec

 anaddb : the run completed succesfully.
