
.Version 8.0.3 of ABINIT 
.(MPI version, prepared for a x86_64_linux_gnu5.3 computer) 

.Copyright (C) 1998-2018 ABINIT group . 
 ABINIT comes with ABSOLUTELY NO WARRANTY.
 It is free software, and you are welcome to redistribute it
 under certain conditions (GNU General Public License,
 see ~abinit/COPYING or http://www.gnu.org/copyleft/gpl.txt).

 ABINIT is a project of the Universite Catholique de Louvain,
 Corning Inc. and other collaborators, see ~abinit/doc/developers/contributors.txt .
 Please read https://docs.abinit.org/theory/acknowledgments for suggested
 acknowledgments of the ABINIT effort.
 For more information, see https://www.abinit.org .

.Starting date : Mon  4 Apr 2016.
- ( at 12h04 )
  
- input  file    -> t61.in
- output file    -> t61.out
- root for input  files -> t61i
- root for output files -> t61o

- inpspheads : Reading pseudopotential header in XML form from /home/buildbot/bb/ABINIT/abiref_gnu_5.3_openmpi/gonze_8.0.3-public/tests/Psps_for_tests/Al.GGA-PBE.xml

 DATASET    1 : space group F-4 3 m (#216); Bravais cF (face-center cubic)
================================================================================
 Values of the parameters that define the memory need for DATASET  1.
     intxc =       1    ionmov =       0      iscf =      17    lmnmax =       8
     lnmax =       4     mgfft =      16  mpssoang =       2    mqgrid =    3001
     natom =       1  nloc_mem =       2    nspden =       1   nspinor =       1
    nsppol =       1      nsym =      24    n1xccc =       1    ntypat =       1
    occopt =       4   xclevel =       2
-    mband =           4        mffmem =           1         mkmem =           2
       mpw =         171          nfft =        4096          nkpt =           2
 PAW method is used; the additional fine FFT grid is defined by:
   mgfftf=        20    nfftf =      8000
================================================================================
P This job should need less than                       4.680 Mbytes of memory.
  Rough estimation (10% accuracy) of disk space for files :
_ WF disk file :      0.023 Mbytes ; DEN or POT disk file :      0.063 Mbytes.
================================================================================


 DATASET    2 : space group F-4 3 m (#216); Bravais cF (face-center cubic)
================================================================================
 Values of the parameters that define the memory need for DATASET  2.
     intxc =       1    ionmov =       0      iscf =      17    lmnmax =       8
     lnmax =       4     mgfft =      16  mpssoang =       2    mqgrid =    3001
     natom =       1  nloc_mem =       2    nspden =       1   nspinor =       1
    nsppol =       1      nsym =      24    n1xccc =       1    ntypat =       1
    occopt =       4   xclevel =       2
-    mband =           4        mffmem =           1         mkmem =           2
       mpw =         171          nfft =        4096          nkpt =           2
 PAW method is used; the additional fine FFT grid is defined by:
   mgfftf=        20    nfftf =      8000
================================================================================
P This job should need less than                       4.680 Mbytes of memory.
  Rough estimation (10% accuracy) of disk space for files :
_ WF disk file :      0.023 Mbytes ; DEN or POT disk file :      0.063 Mbytes.
================================================================================

--------------------------------------------------------------------------------
------------- Echo of variables that govern the present computation ------------
--------------------------------------------------------------------------------
-
- outvars: echo of selected default values                                      
-   accesswff0 =  0 , fftalg0 =312 , wfoptalg0 = 10
-
- outvars: echo of global parameters not present in the input file              
-  max_nthreads =    0
-
 -outvars: echo values of preprocessed input variables --------
            acell      7.6000000000E+00  7.6000000000E+00  7.6000000000E+00 Bohr
              amu      2.69815390E+01
             ecut      1.00000000E+01 Hartree
           enunit           2
-          fftalg         312
            intxc           1
              ixc          11
           jdtset        1    2
              kpt      1.00000000E+00  1.00000000E+00  1.00000000E+00
                       1.00000000E+00  2.00000000E+00  2.00000000E+00
           kptnrm      4.00000000E+00
           kptopt           0
P           mkmem           2
            natom           1
            nband           4
           ndtset           2
            ngfft          16      16      16
          ngfftdg          20      20      20
             nkpt           2
            nline           3
            nstep          10
             nsym          24
           ntypat           1
              occ      2.000000  1.000000  0.000000  0.000000
                       2.000000  1.000000  0.000000  0.000000
           occopt           4
        pawecutdg      1.50000000E+01 Hartree
         pawmixdg           1
            rprim      0.0000000000E+00  5.0000000000E-01  5.0000000000E-01
                       5.0000000000E-01  0.0000000000E+00  5.0000000000E-01
                       5.0000000000E-01  5.0000000000E-01  0.0000000000E+00
          spgroup         216
           symrel      1  0  0   0  1  0   0  0  1       0  1 -1   1  0 -1   0  0 -1
                      -1  0  0  -1  0  1  -1  1  0       0 -1  1   0 -1  0   1 -1  0
                      -1  0  1  -1  0  0  -1  1  0       0 -1  0   0 -1  1   1 -1  0
                       0 -1  1   1 -1  0   0 -1  0       0  1 -1   0  0 -1   1  0 -1
                       0  0 -1   1  0 -1   0  1 -1      -1  1  0  -1  0  1  -1  0  0
                       1  0 -1   0  1 -1   0  0 -1       1 -1  0   0 -1  0   0 -1  1
                      -1  0  0  -1  1  0  -1  0  1       0  1  0   1  0  0   0  0  1
                       0  0  1   0  1  0   1  0  0       1  0  0   0  0  1   0  1  0
                       0  0  1   1  0  0   0  1  0       0  1  0   0  0  1   1  0  0
                      -1  0  1  -1  1  0  -1  0  0       0  0 -1   0  1 -1   1  0 -1
                       1  0 -1   0  0 -1   0  1 -1       1 -1  0   0 -1  1   0 -1  0
                       0 -1  0   1 -1  0   0 -1  1      -1  1  0  -1  0  0  -1  0  1
           tolwfr      1.00000000E-16
           tsmear      5.00000000E-02 Hartree
            typat      1
        usexcnhat1         -1
        usexcnhat2          1
           useylm           1
              wtk        0.25000    0.75000
            znucl       13.00000

================================================================================

 chkinp: Checking input parameters for consistency, jdtset=   1.

 chkinp: Checking input parameters for consistency, jdtset=   2.

================================================================================
== DATASET  1 ==================================================================
-   nproc =    1

 Exchange-correlation functional for the present dataset will be:
  GGA: Perdew-Burke-Ernzerhof functional - ixc=11
 Citation for XC functional:
  J.P.Perdew, K.Burke, M.Ernzerhof, PRL 77, 3865 (1996)

 Real(R)+Recip(G) space primitive vectors, cartesian coordinates (Bohr,Bohr^-1):
 R(1)=  0.0000000  3.8000000  3.8000000  G(1)= -0.1315789  0.1315789  0.1315789
 R(2)=  3.8000000  0.0000000  3.8000000  G(2)=  0.1315789 -0.1315789  0.1315789
 R(3)=  3.8000000  3.8000000  0.0000000  G(3)=  0.1315789  0.1315789 -0.1315789
 Unit cell volume ucvol=  1.0974400E+02 bohr^3
 Angles (23,13,12)=  6.00000000E+01  6.00000000E+01  6.00000000E+01 degrees

 Coarse grid specifications (used for wave-functions):

 getcut: wavevector=  0.0000  0.0000  0.0000  ngfft=  16  16  16
         ecut(hartree)=     10.000   => boxcut(ratio)=   2.09149

 Fine grid specifications (used for densities):

 getcut: wavevector=  0.0000  0.0000  0.0000  ngfft=  20  20  20
         ecut(hartree)=     15.000   => boxcut(ratio)=   2.13462

--- Pseudopotential description ------------------------------------------------
- pspini: atom type   1  psp file is /home/buildbot/bb/ABINIT/abiref_gnu_5.3_openmpi/gonze_8.0.3-public/tests/Psps_for_tests/Al.GGA-PBE.xml
- pspatm: opening atomic psp file    /home/buildbot/bb/ABINIT/abiref_gnu_5.3_openmpi/gonze_8.0.3-public/tests/Psps_for_tests/Al.GGA-PBE.xml
- pspatm : Reading pseudopotential header in XML form from /home/buildbot/bb/ABINIT/abiref_gnu_5.3_openmpi/gonze_8.0.3-public/tests/Psps_for_tests/Al.GGA-PBE.xml
 Pseudopotential format is: paw10
 basis_size (lnmax)=  4 (lmn_size=  8), orbitals=   0   0   1   1
 Spheres core radius: rc_sph= 2.01466516
 3 radial meshes are used:
  - mesh 1: r(i)=AA*[exp(BB*(i-1))-1], size= 521 , AA= 0.12205E-02 BB= 0.15866E-01
  - mesh 2: r(i)=AA*[exp(BB*(i-1))-1], size= 569 , AA= 0.12205E-02 BB= 0.15866E-01
  - mesh 3: r(i)=AA*[exp(BB*(i-1))-1], size= 615 , AA= 0.12205E-02 BB= 0.15866E-01
 Shapefunction is SIN type: shapef(r)=[sin(pi*r/rshp)/(pi*r/rshp)]**2
 Radius for shape functions =  2.01466516
 mmax=  521
 Radial grid used for partial waves is grid 1
 Radial grid used for projectors is grid 1
 Radial grid used for (t)core density is grid 1
 Radial grid used for Vloc is grid 2
 Radial grid used for pseudo valence density is grid 3
 Compensation charge density is not taken into account in XC energy/potential
 pspatm: atomic psp has been read  and splines computed

   6.24215320E+00                                ecore*ucvol(ha*bohr**3)
--------------------------------------------------------------------------------

_setup2: Arith. and geom. avg. npw (full set) are     168.750     168.704

================================================================================

     iter   Etot(hartree)      deltaE(h)  residm     nres2
 ETOT  1  -2.1024796632841    -2.102E+00 2.666E-02 8.633E-02
 ETOT  2  -2.1028680763980    -3.884E-04 3.233E-04 1.487E-02
 ETOT  3  -2.1027271589050     1.409E-04 5.098E-05 2.177E-04
 ETOT  4  -2.1027181531154     9.006E-06 7.594E-07 5.767E-06
 ETOT  5  -2.1027190934625    -9.403E-07 3.742E-07 3.929E-08
 ETOT  6  -2.1027189583991     1.351E-07 5.423E-09 5.818E-10
 ETOT  7  -2.1027189490065     9.393E-09 2.911E-09 3.696E-11
 ETOT  8  -2.1027189491340    -1.275E-10 4.269E-11 1.664E-12
 ETOT  9  -2.1027189485316     6.025E-10 2.415E-11 4.563E-15
 ETOT 10  -2.1027189484263     1.052E-10 3.550E-13 2.048E-16

 Cartesian components of stress tensor (hartree/bohr^3)
  sigma(1 1)= -1.07217334E-04  sigma(3 2)=  0.00000000E+00
  sigma(2 2)= -1.07217334E-04  sigma(3 1)=  0.00000000E+00
  sigma(3 3)= -1.07217334E-04  sigma(2 1)=  0.00000000E+00


 scprqt:  WARNING -
  nstep=   10 was not enough SCF cycles to converge;
  maximum residual=  3.550E-13 exceeds tolwfr=  1.000E-16

 Integrated electronic density in atomic spheres:
 ------------------------------------------------
 Atom  Sphere_radius  Integrated_density
    1        2.01467          0.91039624

 PAW TEST:
 ==== Compensation charge inside spheres ============
 The following values must be close to each other ...
 Compensation charge over spherical meshes =     -0.083074684489849
 Compensation charge over fine fft grid    =     -0.083075011299344

 ==== Results concerning PAW augmentation regions ====

 Total pseudopotential strength Dij (hartree):
   0.30820  -0.00316   0.00000   0.00000   0.00000   0.00000   0.00000   0.00000
  -0.00316  12.44465   0.00000   0.00000   0.00000   0.00000   0.00000   0.00000
   0.00000   0.00000   0.07159   0.00000   0.00000  -0.01660   0.00000   0.00000
   0.00000   0.00000   0.00000   0.07159   0.00000   0.00000  -0.01660   0.00000
   0.00000   0.00000   0.00000   0.00000   0.07159   0.00000   0.00000  -0.01660
   0.00000   0.00000  -0.01660   0.00000   0.00000   0.06066   0.00000   0.00000
   0.00000   0.00000   0.00000  -0.01660   0.00000   0.00000   0.06066   0.00000
   0.00000   0.00000   0.00000   0.00000  -0.01660   0.00000   0.00000   0.06066

 Total pseudopotential strength Dij (eV):
   8.38648  -0.08587   0.00000   0.00000   0.00000   0.00000   0.00000   0.00000
  -0.08587 338.63607   0.00000   0.00000   0.00000   0.00000   0.00000   0.00000
   0.00000   0.00000   1.94815   0.00000   0.00000  -0.45181   0.00000   0.00000
   0.00000   0.00000   0.00000   1.94815   0.00000   0.00000  -0.45181   0.00000
   0.00000   0.00000   0.00000   0.00000   1.94815   0.00000   0.00000  -0.45181
   0.00000   0.00000  -0.45181   0.00000   0.00000   1.65069   0.00000   0.00000
   0.00000   0.00000   0.00000  -0.45181   0.00000   0.00000   1.65069   0.00000
   0.00000   0.00000   0.00000   0.00000  -0.45181   0.00000   0.00000   1.65069

 Augmentation waves occupancies Rhoij:
   1.37790   0.00330   0.00000   0.00000   0.00000   0.00000   0.00000   0.00000
   0.00330   0.00002   0.00000   0.00000   0.00000   0.00000   0.00000   0.00000
   0.00000   0.00000   0.75134   0.00000   0.00000  -0.00993   0.00000   0.00000
   0.00000   0.00000   0.00000   0.75134   0.00000   0.00000  -0.00993   0.00000
   0.00000   0.00000   0.00000   0.00000   0.75134   0.00000   0.00000  -0.00993
   0.00000   0.00000  -0.00993   0.00000   0.00000   0.00015   0.00000   0.00000
   0.00000   0.00000   0.00000  -0.00993   0.00000   0.00000   0.00015   0.00000
   0.00000   0.00000   0.00000   0.00000  -0.00993   0.00000   0.00000   0.00015


================================================================================

 ----iterations are completed or convergence reached----

 Mean square residual over all n,k,spin=   4.9620E-14; max=  3.5501E-13
 reduced coordinates (array xred) for    1 atoms
       0.000000000000      0.000000000000      0.000000000000
 rms dE/dt=  1.8070E-20; max dE/dt=  1.8070E-20; dE/dt below (all hartree)
    1       0.000000000000      0.000000000000      0.000000000000

 cartesian coordinates (angstrom) at end:
    1      0.00000000000000     0.00000000000000     0.00000000000000

 cartesian forces (hartree/bohr) at end:
    1      0.00000000000000     0.00000000000000     0.00000000000000
 frms,max,avg= 0.0000000E+00 0.0000000E+00   0.000E+00  0.000E+00  0.000E+00 h/b

 cartesian forces (eV/Angstrom) at end:
    1      0.00000000000000     0.00000000000000     0.00000000000000
 frms,max,avg= 0.0000000E+00 0.0000000E+00   0.000E+00  0.000E+00  0.000E+00 e/A
 length scales=  7.600000000000  7.600000000000  7.600000000000 bohr
              =  4.021746785284  4.021746785284  4.021746785284 angstroms
 prteigrs : about to open file t61o_DS1_EIG
 Fermi (or HOMO) energy (hartree) =   0.26457   Average Vxc (hartree)=  -0.35764
 Eigenvalues (hartree) for nkpt=   2  k points:
 kpt#   1, nband=  4, wtk=  0.25000, kpt=  0.2500  0.2500  0.2500 (reduced coord)
  -0.07102    0.40603    0.68497    0.68497
      occupation numbers for kpt#   1
   2.00000    0.00033    0.00000    0.00000
 prteigrs : prtvol=0 or 1, do not print more k-points.

 Fermi (or HOMO) energy (eV) =   7.19923   Average Vxc (eV)=  -9.73198
 Eigenvalues (   eV  ) for nkpt=   2  k points:
 kpt#   1, nband=  4, wtk=  0.25000, kpt=  0.2500  0.2500  0.2500 (reduced coord)
  -1.93264   11.04859   18.63904   18.63904
 prteigrs : prtvol=0 or 1, do not print more k-points.


--------------------------------------------------------------------------------
 Components of total free energy (in Hartree) :

    Kinetic energy  =  8.45345897310098E-01
    Hartree energy  =  3.84104879470377E-03
    XC energy       = -9.20563707065501E-01
    Ewald energy    = -2.71472096493581E+00
    PspCore energy  =  5.68792207470335E-02
    Loc. psp. energy=  1.27685899285314E-01
    Spherical terms =  5.06842997490945E-01
    >>>>> Internal E= -2.09468960837322E+00

    -kT*entropy     = -7.99902492765562E-03
    >>>>>>>>> Etotal= -2.10268863330087E+00

 "Double-counting" decomposition of free energy:
    Band energy     =  3.52609384238874E-01
    Ewald energy    = -2.71472096493581E+00
    PspCore energy  =  5.68792207470335E-02
    Dble-C XC-energy=  1.82011244824840E-01
    Spherical terms =  2.85011916263868E-02
    >>>>> Internal E= -2.09471992349868E+00

    -kT*entropy     = -7.99902492765562E-03
    >>>> Etotal (DC)= -2.10271894842633E+00

  >Total energy in eV           = -5.72170675388088E+01
  >Total DC energy in eV        = -5.72178924553244E+01
--------------------------------------------------------------------------------

 Cartesian components of stress tensor (hartree/bohr^3)
  sigma(1 1)= -1.07217334E-04  sigma(3 2)=  0.00000000E+00
  sigma(2 2)= -1.07217334E-04  sigma(3 1)=  0.00000000E+00
  sigma(3 3)= -1.07217334E-04  sigma(2 1)=  0.00000000E+00

-Cartesian components of stress tensor (GPa)         [Pressure=  3.1544E+00 GPa]
- sigma(1 1)= -3.15444234E+00  sigma(3 2)=  0.00000000E+00
- sigma(2 2)= -3.15444234E+00  sigma(3 1)=  0.00000000E+00
- sigma(3 3)= -3.15444234E+00  sigma(2 1)=  0.00000000E+00

================================================================================
== DATASET  2 ==================================================================
-   nproc =    1

 Exchange-correlation functional for the present dataset will be:
  GGA: Perdew-Burke-Ernzerhof functional - ixc=11
 Citation for XC functional:
  J.P.Perdew, K.Burke, M.Ernzerhof, PRL 77, 3865 (1996)

 Real(R)+Recip(G) space primitive vectors, cartesian coordinates (Bohr,Bohr^-1):
 R(1)=  0.0000000  3.8000000  3.8000000  G(1)= -0.1315789  0.1315789  0.1315789
 R(2)=  3.8000000  0.0000000  3.8000000  G(2)=  0.1315789 -0.1315789  0.1315789
 R(3)=  3.8000000  3.8000000  0.0000000  G(3)=  0.1315789  0.1315789 -0.1315789
 Unit cell volume ucvol=  1.0974400E+02 bohr^3
 Angles (23,13,12)=  6.00000000E+01  6.00000000E+01  6.00000000E+01 degrees

 Coarse grid specifications (used for wave-functions):

 getcut: wavevector=  0.0000  0.0000  0.0000  ngfft=  16  16  16
         ecut(hartree)=     10.000   => boxcut(ratio)=   2.09149

 Fine grid specifications (used for densities):

 getcut: wavevector=  0.0000  0.0000  0.0000  ngfft=  20  20  20
         ecut(hartree)=     15.000   => boxcut(ratio)=   2.13462

--- Pseudopotential description ------------------------------------------------
- pspini: atom type   1  psp file is /home/buildbot/bb/ABINIT/abiref_gnu_5.3_openmpi/gonze_8.0.3-public/tests/Psps_for_tests/Al.GGA-PBE.xml
- pspatm: opening atomic psp file    /home/buildbot/bb/ABINIT/abiref_gnu_5.3_openmpi/gonze_8.0.3-public/tests/Psps_for_tests/Al.GGA-PBE.xml
- pspatm : Reading pseudopotential header in XML form from /home/buildbot/bb/ABINIT/abiref_gnu_5.3_openmpi/gonze_8.0.3-public/tests/Psps_for_tests/Al.GGA-PBE.xml
 Pseudopotential format is: paw10
 basis_size (lnmax)=  4 (lmn_size=  8), orbitals=   0   0   1   1
 Spheres core radius: rc_sph= 2.01466516
 3 radial meshes are used:
  - mesh 1: r(i)=AA*[exp(BB*(i-1))-1], size= 521 , AA= 0.12205E-02 BB= 0.15866E-01
  - mesh 2: r(i)=AA*[exp(BB*(i-1))-1], size= 569 , AA= 0.12205E-02 BB= 0.15866E-01
  - mesh 3: r(i)=AA*[exp(BB*(i-1))-1], size= 615 , AA= 0.12205E-02 BB= 0.15866E-01
 Shapefunction is SIN type: shapef(r)=[sin(pi*r/rshp)/(pi*r/rshp)]**2
 Radius for shape functions =  2.01466516
 mmax=  521
 Radial grid used for partial waves is grid 1
 Radial grid used for projectors is grid 1
 Radial grid used for (t)core density is grid 1
 Radial grid used for Vloc is grid 2
 Radial grid used for pseudo valence density is grid 3
 Compensation charge density is taken into account in XC energy/potential
 pspatm: atomic psp has been read  and splines computed

   5.14792029E+00                                ecore*ucvol(ha*bohr**3)
--------------------------------------------------------------------------------

_setup2: Arith. and geom. avg. npw (full set) are     168.750     168.704

================================================================================

     iter   Etot(hartree)      deltaE(h)  residm     nres2
 ETOT  1  -2.1024643704148    -2.102E+00 2.693E-02 8.612E-02
 ETOT  2  -2.1027987296325    -3.344E-04 3.134E-04 1.497E-02
 ETOT  3  -2.1026680162043     1.307E-04 5.466E-05 1.939E-04
 ETOT  4  -2.1026669100539     1.106E-06 6.421E-07 5.757E-06
 ETOT  5  -2.1026671479906    -2.379E-07 3.252E-07 2.169E-08
 ETOT  6  -2.1026671405729     7.418E-09 3.905E-09 2.475E-10
 ETOT  7  -2.1026671403835     1.894E-10 2.300E-09 2.712E-11
 ETOT  8  -2.1026671404227    -3.919E-11 2.676E-11 4.246E-13
 ETOT  9  -2.1026671404255    -2.836E-12 1.695E-11 9.257E-15
 ETOT 10  -2.1026671404262    -6.426E-13 1.962E-13 2.065E-15

 Cartesian components of stress tensor (hartree/bohr^3)
  sigma(1 1)= -1.09958991E-04  sigma(3 2)=  0.00000000E+00
  sigma(2 2)= -1.09958991E-04  sigma(3 1)=  0.00000000E+00
  sigma(3 3)= -1.09958991E-04  sigma(2 1)=  0.00000000E+00


 scprqt:  WARNING -
  nstep=   10 was not enough SCF cycles to converge;
  maximum residual=  1.962E-13 exceeds tolwfr=  1.000E-16

 Integrated electronic density in atomic spheres:
 ------------------------------------------------
 Atom  Sphere_radius  Integrated_density
    1        2.01467          0.91111139

 PAW TEST:
 ==== Compensation charge inside spheres ============
 The following values must be close to each other ...
 Compensation charge over spherical meshes =     -0.082954132483776
 Compensation charge over fine fft grid    =     -0.082954462505527

 ==== Results concerning PAW augmentation regions ====

 Total pseudopotential strength Dij (hartree):
   0.30929  -0.00876   0.00000   0.00000   0.00000   0.00000   0.00000   0.00000
  -0.00876  12.39512   0.00000   0.00000   0.00000   0.00000   0.00000   0.00000
   0.00000   0.00000   0.07184   0.00000   0.00000  -0.01514   0.00000   0.00000
   0.00000   0.00000   0.00000   0.07184   0.00000   0.00000  -0.01514   0.00000
   0.00000   0.00000   0.00000   0.00000   0.07184   0.00000   0.00000  -0.01514
   0.00000   0.00000  -0.01514   0.00000   0.00000   0.05504   0.00000   0.00000
   0.00000   0.00000   0.00000  -0.01514   0.00000   0.00000   0.05504   0.00000
   0.00000   0.00000   0.00000   0.00000  -0.01514   0.00000   0.00000   0.05504

 Total pseudopotential strength Dij (eV):
   8.41612  -0.23838   0.00000   0.00000   0.00000   0.00000   0.00000   0.00000
  -0.23838 337.28832   0.00000   0.00000   0.00000   0.00000   0.00000   0.00000
   0.00000   0.00000   1.95495   0.00000   0.00000  -0.41202   0.00000   0.00000
   0.00000   0.00000   0.00000   1.95495   0.00000   0.00000  -0.41202   0.00000
   0.00000   0.00000   0.00000   0.00000   1.95495   0.00000   0.00000  -0.41202
   0.00000   0.00000  -0.41202   0.00000   0.00000   1.49773   0.00000   0.00000
   0.00000   0.00000   0.00000  -0.41202   0.00000   0.00000   1.49773   0.00000
   0.00000   0.00000   0.00000   0.00000  -0.41202   0.00000   0.00000   1.49773

 Augmentation waves occupancies Rhoij:
   1.37739   0.00363   0.00000   0.00000   0.00000   0.00000   0.00000   0.00000
   0.00363   0.00002   0.00000   0.00000   0.00000   0.00000   0.00000   0.00000
   0.00000   0.00000   0.75086   0.00000   0.00000  -0.01015   0.00000   0.00000
   0.00000   0.00000   0.00000   0.75086   0.00000   0.00000  -0.01015   0.00000
   0.00000   0.00000   0.00000   0.00000   0.75086   0.00000   0.00000  -0.01015
   0.00000   0.00000  -0.01015   0.00000   0.00000   0.00016   0.00000   0.00000
   0.00000   0.00000   0.00000  -0.01015   0.00000   0.00000   0.00016   0.00000
   0.00000   0.00000   0.00000   0.00000  -0.01015   0.00000   0.00000   0.00016


================================================================================

 ----iterations are completed or convergence reached----

 Mean square residual over all n,k,spin=   2.8935E-14; max=  1.9625E-13
 reduced coordinates (array xred) for    1 atoms
       0.000000000000      0.000000000000      0.000000000000
 rms dE/dt=  1.3041E-21; max dE/dt=  0.0000E+00; dE/dt below (all hartree)
    1       0.000000000000      0.000000000000     -0.000000000000

 cartesian coordinates (angstrom) at end:
    1      0.00000000000000     0.00000000000000     0.00000000000000

 cartesian forces (hartree/bohr) at end:
    1      0.00000000000000     0.00000000000000     0.00000000000000
 frms,max,avg= 0.0000000E+00 0.0000000E+00   0.000E+00  0.000E+00  0.000E+00 h/b

 cartesian forces (eV/Angstrom) at end:
    1      0.00000000000000     0.00000000000000     0.00000000000000
 frms,max,avg= 0.0000000E+00 0.0000000E+00   0.000E+00  0.000E+00  0.000E+00 e/A
 length scales=  7.600000000000  7.600000000000  7.600000000000 bohr
              =  4.021746785284  4.021746785284  4.021746785284 angstroms
 prteigrs : about to open file t61o_DS2_EIG
 Fermi (or HOMO) energy (hartree) =   0.26782   Average Vxc (hartree)=  -0.35513
 Eigenvalues (hartree) for nkpt=   2  k points:
 kpt#   1, nband=  4, wtk=  0.25000, kpt=  0.2500  0.2500  0.2500 (reduced coord)
  -0.06762    0.40924    0.68804    0.68804
      occupation numbers for kpt#   1
   2.00000    0.00033    0.00000    0.00000
 prteigrs : prtvol=0 or 1, do not print more k-points.

 Fermi (or HOMO) energy (eV) =   7.28768   Average Vxc (eV)=  -9.66345
 Eigenvalues (   eV  ) for nkpt=   2  k points:
 kpt#   1, nband=  4, wtk=  0.25000, kpt=  0.2500  0.2500  0.2500 (reduced coord)
  -1.84013   11.13590   18.72263   18.72263
 prteigrs : prtvol=0 or 1, do not print more k-points.


--------------------------------------------------------------------------------
 Components of total free energy (in Hartree) :

    Kinetic energy  =  8.45556508002836E-01
    Hartree energy  =  3.85751355147103E-03
    XC energy       = -8.89539913508040E-01
    Ewald energy    = -2.71472096493581E+00
    PspCore energy  =  4.69084441104401E-02
    Loc. psp. energy=  1.31385706287622E-01
    Spherical terms =  4.81884536239008E-01
    >>>>> Internal E= -2.09466817025247E+00

    -kT*entropy     = -7.99900961932123E-03
    >>>>>>>>> Etotal= -2.10266717987179E+00

 "Double-counting" decomposition of free energy:
    Band energy     =  3.62612957896862E-01
    Ewald energy    = -2.71472096493581E+00
    PspCore energy  =  4.69084441104401E-02
    Dble-C XC-energy=  1.76458222607411E-01
    Spherical terms =  3.40732095142480E-02
    >>>>> Internal E= -2.09466813080685E+00

    -kT*entropy     = -7.99900961932123E-03
    >>>> Etotal (DC)= -2.10266714042617E+00

  >Total energy in eV           = -5.72164837613150E+01
  >Total DC energy in eV        = -5.72164826879451E+01
--------------------------------------------------------------------------------

 Cartesian components of stress tensor (hartree/bohr^3)
  sigma(1 1)= -1.09958991E-04  sigma(3 2)=  0.00000000E+00
  sigma(2 2)= -1.09958991E-04  sigma(3 1)=  0.00000000E+00
  sigma(3 3)= -1.09958991E-04  sigma(2 1)=  0.00000000E+00

-Cartesian components of stress tensor (GPa)         [Pressure=  3.2351E+00 GPa]
- sigma(1 1)= -3.23510466E+00  sigma(3 2)=  0.00000000E+00
- sigma(2 2)= -3.23510466E+00  sigma(3 1)=  0.00000000E+00
- sigma(3 3)= -3.23510466E+00  sigma(2 1)=  0.00000000E+00

== END DATASET(S) ==============================================================
================================================================================
  
 -outvars: echo values of variables after computation  --------
            acell      7.6000000000E+00  7.6000000000E+00  7.6000000000E+00 Bohr
              amu      2.69815390E+01
             ecut      1.00000000E+01 Hartree
           enunit           2
           etotal1    -2.1027189484E+00
           etotal2    -2.1026671404E+00
            fcart1     0.0000000000E+00  0.0000000000E+00  0.0000000000E+00
            fcart2     0.0000000000E+00  0.0000000000E+00  0.0000000000E+00
-          fftalg         312
            intxc           1
              ixc          11
           jdtset        1    2
              kpt      1.00000000E+00  1.00000000E+00  1.00000000E+00
                       1.00000000E+00  2.00000000E+00  2.00000000E+00
           kptnrm      4.00000000E+00
           kptopt           0
P           mkmem           2
            natom           1
            nband           4
           ndtset           2
            ngfft          16      16      16
          ngfftdg          20      20      20
             nkpt           2
            nline           3
            nstep          10
             nsym          24
           ntypat           1
              occ1     2.000000  0.000327  0.000000  0.000000
                       2.000035  1.333040  0.000149  0.000000
              occ2     2.000000  0.000328  0.000000  0.000000
                       2.000036  1.333040  0.000149  0.000000
           occopt           4
        pawecutdg      1.50000000E+01 Hartree
         pawmixdg           1
            rprim      0.0000000000E+00  5.0000000000E-01  5.0000000000E-01
                       5.0000000000E-01  0.0000000000E+00  5.0000000000E-01
                       5.0000000000E-01  5.0000000000E-01  0.0000000000E+00
          spgroup         216
           strten1    -1.0721733394E-04 -1.0721733394E-04 -1.0721733394E-04
                       0.0000000000E+00  0.0000000000E+00  0.0000000000E+00
           strten2    -1.0995899108E-04 -1.0995899108E-04 -1.0995899108E-04
                       0.0000000000E+00  0.0000000000E+00  0.0000000000E+00
           symrel      1  0  0   0  1  0   0  0  1       0  1 -1   1  0 -1   0  0 -1
                      -1  0  0  -1  0  1  -1  1  0       0 -1  1   0 -1  0   1 -1  0
                      -1  0  1  -1  0  0  -1  1  0       0 -1  0   0 -1  1   1 -1  0
                       0 -1  1   1 -1  0   0 -1  0       0  1 -1   0  0 -1   1  0 -1
                       0  0 -1   1  0 -1   0  1 -1      -1  1  0  -1  0  1  -1  0  0
                       1  0 -1   0  1 -1   0  0 -1       1 -1  0   0 -1  0   0 -1  1
                      -1  0  0  -1  1  0  -1  0  1       0  1  0   1  0  0   0  0  1
                       0  0  1   0  1  0   1  0  0       1  0  0   0  0  1   0  1  0
                       0  0  1   1  0  0   0  1  0       0  1  0   0  0  1   1  0  0
                      -1  0  1  -1  1  0  -1  0  0       0  0 -1   0  1 -1   1  0 -1
                       1  0 -1   0  0 -1   0  1 -1       1 -1  0   0 -1  1   0 -1  0
                       0 -1  0   1 -1  0   0 -1  1      -1  1  0  -1  0  0  -1  0  1
           tolwfr      1.00000000E-16
           tsmear      5.00000000E-02 Hartree
            typat      1
        usexcnhat1         -1
        usexcnhat2          1
           useylm           1
              wtk        0.25000    0.75000
            znucl       13.00000

================================================================================


- Timing analysis has been suppressed with timopt=0



================================================================================

 Suggested references for the acknowledgment of ABINIT usage.

 The users of ABINIT have little formal obligations with respect to the ABINIT group
 (those specified in the GNU General Public License, http://www.gnu.org/copyleft/gpl.txt).
 However, it is common practice in the scientific literature,
 to acknowledge the efforts of people that have made the research possible.
 In this spirit, please find below suggested citations of work written by ABINIT developers,
 corresponding to implementations inside of ABINIT that you have used in the present run.
 Note also that it will be of great value to readers of publications presenting these results,
 to read papers enabling them to understand the theoretical formalism and details
 of the ABINIT implementation.
 For information on why they are suggested, see also https://docs.abinit.org/theory/acknowledgments.
-
- [1] Implementation of the Projector Augmented-Wave Method in the ABINIT code.
- M. Torrent, F. Jollet, F. Bottin, G. Zerah, and X. Gonze Comput. Mat. Science 42, 337, (2008).
- Comment : PAW calculations. Strong suggestion to cite this paper.
-
- [2] ABINIT : First-principles approach of materials and nanosystem properties.
- X. Gonze, B. Amadon, P.-M. Anglade, J.-M. Beuken, F. Bottin, P. Boulanger, F. Bruneval,
- D. Caliste, R. Caracas, M. Cote, T. Deutsch, L. Genovese, Ph. Ghosez, M. Giantomassi
- S. Goedecker, D.R. Hamann, P. Hermet, F. Jollet, G. Jomard, S. Leroux, M. Mancini, S. Mazevet,
- M.J.T. Oliveira, G. Onida, Y. Pouillon, T. Rangel, G.-M. Rignanese, D. Sangalli, R. Shaltaf,
- M. Torrent, M.J. Verstraete, G. Zerah, J.W. Zwanziger
- Computer Phys. Comm. 180, 2582-2615 (2009).
- Comment : the third generic paper describing the ABINIT project.
- Note that a version of this paper, that is not formatted for Computer Phys. Comm. 
- is available at https://www.abinit.org/about/ABINIT_CPC_v10.pdf .
- The licence allows the authors to put it on the Web.
-
- [3] A brief introduction to the ABINIT software package.
- X. Gonze, G.-M. Rignanese, M. Verstraete, J.-M. Beuken, Y. Pouillon, R. Caracas, F. Jollet,
- M. Torrent, G. Zerah, M. Mikami, Ph. Ghosez, M. Veithen, J.-Y. Raty, V. Olevano, F. Bruneval,
- L. Reining, R. Godby, G. Onida, D.R. Hamann, and D.C. Allan.
- Z. Kristallogr. 220, 558-562 (2005).
- Comment : the second generic paper describing the ABINIT project. Note that this paper
- should be cited especially if you are using the GW part of ABINIT, as several authors
- of this part are not in the list of authors of the first or third paper.
- The .pdf of the latter paper is available at https://www.abinit.org/about/zfk_0505-06_558-562.pdf.
- Note that it should not redistributed (Copyright by Oldenburg Wissenshaftverlag,
- the licence allows the authors to put it on the Web).
-
- And optionally:
-
- [4] First-principles computation of material properties : the ABINIT software project. 
- X. Gonze, J.-M. Beuken, R. Caracas, F. Detraux, M. Fuchs, G.-M. Rignanese, L. Sindic,
- M. Verstraete, G. Zerah, F. Jollet, M. Torrent, A. Roy, M. Mikami, Ph. Ghosez, J.-Y. Raty, D.C. Allan.
- Computational Materials Science 25, 478-492 (2002). http://dx.doi.org/10.1016/S0927-0256(02)00325-7
- Comment : the original paper describing the ABINIT project.
-
- [5] Fast radix 2, 3, 4 and 5 kernels for Fast Fourier Transformations
- on computers with overlapping multiply-add instructions.
- S. Goedecker, SIAM J. on Scientific Computing 18, 1605 (1997).
-
- Proc.   0 individual time (sec): cpu=          1.6  wall=          1.7

================================================================================

 Calculation completed.
.Delivered   4 WARNINGs and   1 COMMENTs to log file.
+Overall time at end (sec) : cpu=          1.6  wall=          1.7
