
.Version 8.0.3 of ABINIT 
.(MPI version, prepared for a x86_64_linux_gnu5.3 computer) 

.Copyright (C) 1998-2018 ABINIT group . 
 ABINIT comes with ABSOLUTELY NO WARRANTY.
 It is free software, and you are welcome to redistribute it
 under certain conditions (GNU General Public License,
 see ~abinit/COPYING or http://www.gnu.org/copyleft/gpl.txt).

 ABINIT is a project of the Universite Catholique de Louvain,
 Corning Inc. and other collaborators, see ~abinit/doc/developers/contributors.txt .
 Please read https://docs.abinit.org/theory/acknowledgments for suggested
 acknowledgments of the ABINIT effort.
 For more information, see https://www.abinit.org .

.Starting date : Mon  4 Apr 2016.
- ( at 12h04 )
  
- input  file    -> t62.in
- output file    -> t62.out
- root for input  files -> t62i
- root for output files -> t62o

- inpspheads : Reading pseudopotential header in XML form from /home/buildbot/bb/ABINIT/abiref_gnu_5.3_openmpi/gonze_8.0.3-public/tests/Psps_for_tests/Al.LDA

 DATASET    1 : space group F-4 3 m (#216); Bravais cF (face-center cubic)
================================================================================
 Values of the parameters that define the memory need for DATASET  1.
     intxc =       1    ionmov =       0      iscf =      17    lmnmax =      13
     lnmax =       5     mgfft =      16  mpssoang =       3    mqgrid =    3001
     natom =       1  nloc_mem =       2    nspden =       1   nspinor =       1
    nsppol =       1      nsym =      24    n1xccc =       1    ntypat =       1
    occopt =       4   xclevel =       1
-    mband =           4        mffmem =           1         mkmem =           2
       mpw =         171          nfft =        4096          nkpt =           2
 PAW method is used; the additional fine FFT grid is defined by:
   mgfftf=        20    nfftf =      8000
================================================================================
P This job should need less than                       4.632 Mbytes of memory.
  Rough estimation (10% accuracy) of disk space for files :
_ WF disk file :      0.023 Mbytes ; DEN or POT disk file :      0.063 Mbytes.
================================================================================


 DATASET    2 : space group F-4 3 m (#216); Bravais cF (face-center cubic)
================================================================================
 Values of the parameters that define the memory need for DATASET  2.
     intxc =       1    ionmov =       0      iscf =      17    lmnmax =      13
     lnmax =       5     mgfft =      16  mpssoang =       3    mqgrid =    3001
     natom =       1  nloc_mem =       2    nspden =       1   nspinor =       1
    nsppol =       1      nsym =      24    n1xccc =       1    ntypat =       1
    occopt =       4   xclevel =       1
-    mband =           4        mffmem =           1         mkmem =           2
       mpw =         171          nfft =        4096          nkpt =           2
 PAW method is used; the additional fine FFT grid is defined by:
   mgfftf=        20    nfftf =      8000
================================================================================
P This job should need less than                       4.632 Mbytes of memory.
  Rough estimation (10% accuracy) of disk space for files :
_ WF disk file :      0.023 Mbytes ; DEN or POT disk file :      0.063 Mbytes.
================================================================================

--------------------------------------------------------------------------------
------------- Echo of variables that govern the present computation ------------
--------------------------------------------------------------------------------
-
- outvars: echo of selected default values                                      
-   accesswff0 =  0 , fftalg0 =312 , wfoptalg0 = 10
-
- outvars: echo of global parameters not present in the input file              
-  max_nthreads =    0
-
 -outvars: echo values of preprocessed input variables --------
            acell      7.6000000000E+00  7.6000000000E+00  7.6000000000E+00 Bohr
              amu      2.69815390E+01
             ecut      1.00000000E+01 Hartree
           enunit           2
-          fftalg         312
            intxc           1
              ixc           7
           jdtset        1    2
              kpt      1.00000000E+00  1.00000000E+00  1.00000000E+00
                       1.00000000E+00  2.00000000E+00  2.00000000E+00
           kptnrm      4.00000000E+00
           kptopt           0
P           mkmem           2
            natom           1
            nband           4
           ndtset           2
            ngfft          16      16      16
          ngfftdg          20      20      20
             nkpt           2
            nline           3
            nstep          10
             nsym          24
           ntypat           1
              occ      2.000000  1.000000  0.000000  0.000000
                       2.000000  1.000000  0.000000  0.000000
           occopt           4
        pawecutdg      1.50000000E+01 Hartree
         pawmixdg           1
            rprim      0.0000000000E+00  5.0000000000E-01  5.0000000000E-01
                       5.0000000000E-01  0.0000000000E+00  5.0000000000E-01
                       5.0000000000E-01  5.0000000000E-01  0.0000000000E+00
          spgroup         216
           symrel      1  0  0   0  1  0   0  0  1       0  1 -1   1  0 -1   0  0 -1
                      -1  0  0  -1  0  1  -1  1  0       0 -1  1   0 -1  0   1 -1  0
                      -1  0  1  -1  0  0  -1  1  0       0 -1  0   0 -1  1   1 -1  0
                       0 -1  1   1 -1  0   0 -1  0       0  1 -1   0  0 -1   1  0 -1
                       0  0 -1   1  0 -1   0  1 -1      -1  1  0  -1  0  1  -1  0  0
                       1  0 -1   0  1 -1   0  0 -1       1 -1  0   0 -1  0   0 -1  1
                      -1  0  0  -1  1  0  -1  0  1       0  1  0   1  0  0   0  0  1
                       0  0  1   0  1  0   1  0  0       1  0  0   0  0  1   0  1  0
                       0  0  1   1  0  0   0  1  0       0  1  0   0  0  1   1  0  0
                      -1  0  1  -1  1  0  -1  0  0       0  0 -1   0  1 -1   1  0 -1
                       1  0 -1   0  0 -1   0  1 -1       1 -1  0   0 -1  1   0 -1  0
                       0 -1  0   1 -1  0   0 -1  1      -1  1  0  -1  0  0  -1  0  1
           tolwfr      1.00000000E-16
           tsmear      5.00000000E-02 Hartree
            typat      1
        usexcnhat1         -1
        usexcnhat2          1
           useylm           1
              wtk        0.25000    0.75000
            znucl       13.00000

================================================================================

 chkinp: Checking input parameters for consistency, jdtset=   1.

 chkinp: Checking input parameters for consistency, jdtset=   2.

================================================================================
== DATASET  1 ==================================================================
-   nproc =    1

 Exchange-correlation functional for the present dataset will be:
  LDA: Perdew-Wang 92 LSD fit to Ceperley-Alder data - ixc=7
 Citation for XC functional:
  J.P.Perdew and Y.Wang, PRB 45, 13244 (1992)

 Real(R)+Recip(G) space primitive vectors, cartesian coordinates (Bohr,Bohr^-1):
 R(1)=  0.0000000  3.8000000  3.8000000  G(1)= -0.1315789  0.1315789  0.1315789
 R(2)=  3.8000000  0.0000000  3.8000000  G(2)=  0.1315789 -0.1315789  0.1315789
 R(3)=  3.8000000  3.8000000  0.0000000  G(3)=  0.1315789  0.1315789 -0.1315789
 Unit cell volume ucvol=  1.0974400E+02 bohr^3
 Angles (23,13,12)=  6.00000000E+01  6.00000000E+01  6.00000000E+01 degrees

 Coarse grid specifications (used for wave-functions):

 getcut: wavevector=  0.0000  0.0000  0.0000  ngfft=  16  16  16
         ecut(hartree)=     10.000   => boxcut(ratio)=   2.09149

 Fine grid specifications (used for densities):

 getcut: wavevector=  0.0000  0.0000  0.0000  ngfft=  20  20  20
         ecut(hartree)=     15.000   => boxcut(ratio)=   2.13462

--- Pseudopotential description ------------------------------------------------
- pspini: atom type   1  psp file is /home/buildbot/bb/ABINIT/abiref_gnu_5.3_openmpi/gonze_8.0.3-public/tests/Psps_for_tests/Al.LDA
- pspatm: opening atomic psp file    /home/buildbot/bb/ABINIT/abiref_gnu_5.3_openmpi/gonze_8.0.3-public/tests/Psps_for_tests/Al.LDA
- pspatm : Reading pseudopotential header in XML form from /home/buildbot/bb/ABINIT/abiref_gnu_5.3_openmpi/gonze_8.0.3-public/tests/Psps_for_tests/Al.LDA
 Pseudopotential format is: paw10
 basis_size (lnmax)=  5 (lmn_size= 13), orbitals=   0   1   0   1   2
 Spheres core radius: rc_sph= 2.05000000
 1 radial meshes are used:
  - mesh 1: r(i)=-AA*i/(NN-i)), n=size= 450 , AA= 0.40000     NN=  450.00
 Shapefunction is EXP type: shapef(r)=exp(-(r/sigma)**lambda)
                            with sigma= 0.648 and lambda=  2
 Radius for shape functions =  2.05000000
 mmax=  450
 Radial grid used for partial waves is grid 1
 Radial grid used for projectors is grid 1
 Radial grid used for (t)core density is grid 1
 Radial grid used for Vloc is grid 1
 Radial grid used for pseudo valence density is grid 1
 Local potential is in "Vbare" format...
 Compensation charge density is not taken into account in XC energy/potential
 pspatm: atomic psp has been read  and splines computed

   3.91271544E+01                                ecore*ucvol(ha*bohr**3)
--------------------------------------------------------------------------------

_setup2: Arith. and geom. avg. npw (full set) are     168.750     168.704

================================================================================

     iter   Etot(hartree)      deltaE(h)  residm     nres2
 ETOT  1  -2.1294835105225    -2.129E+00 2.392E-02 9.646E-02
 ETOT  2  -2.1299798109794    -4.963E-04 3.611E-05 1.321E-02
 ETOT  3  -2.1298434129643     1.364E-04 8.613E-06 4.612E-04
 ETOT  4  -2.1298228324783     2.058E-05 1.630E-07 1.703E-05
 ETOT  5  -2.1298245855918    -1.753E-06 5.396E-08 1.259E-07
 ETOT  6  -2.1298241592939     4.263E-07 1.074E-09 5.999E-10
 ETOT  7  -2.1298241598405    -5.466E-10 3.446E-10 3.215E-11
 ETOT  8  -2.1298241629475    -3.107E-09 7.094E-12 2.139E-12
 ETOT  9  -2.1298241630743    -1.269E-10 2.257E-12 1.656E-13
 ETOT 10  -2.1298241627036     3.707E-10 4.719E-14 1.175E-15

 Cartesian components of stress tensor (hartree/bohr^3)
  sigma(1 1)= -2.48261761E-07  sigma(3 2)=  0.00000000E+00
  sigma(2 2)= -2.48261761E-07  sigma(3 1)=  0.00000000E+00
  sigma(3 3)= -2.48261761E-07  sigma(2 1)=  0.00000000E+00


 scprqt:  WARNING -
  nstep=   10 was not enough SCF cycles to converge;
  maximum residual=  4.719E-14 exceeds tolwfr=  1.000E-16

 Integrated electronic density in atomic spheres:
 ------------------------------------------------
 Atom  Sphere_radius  Integrated_density
    1        2.05000          1.00657992

 PAW TEST:
 ==== Compensation charge inside spheres ============
 The following values must be close to each other ...
 Compensation charge over spherical meshes =     -0.059569334656273
 Compensation charge over fine fft grid    =     -0.059573934659932

 ==== Results concerning PAW augmentation regions ====

 Total pseudopotential strength Dij (hartree):
   0.17814   0.00000   0.00000   0.00000  -0.00753   0.00000   0.00000   0.00000   0.00000   0.00000   0.00000   0.00000 ...
   0.00000   0.03243   0.00000   0.00000   0.00000  -0.00521   0.00000   0.00000   0.00000   0.00000   0.00000   0.00000 ...
   0.00000   0.00000   0.03243   0.00000   0.00000   0.00000  -0.00521   0.00000   0.00000   0.00000   0.00000   0.00000 ...
   0.00000   0.00000   0.00000   0.03243   0.00000   0.00000   0.00000  -0.00521   0.00000   0.00000   0.00000   0.00000 ...
  -0.00753   0.00000   0.00000   0.00000  -0.45347   0.00000   0.00000   0.00000   0.00000   0.00000   0.00000   0.00000 ...
   0.00000  -0.00521   0.00000   0.00000   0.00000  -0.05520   0.00000   0.00000   0.00000   0.00000   0.00000   0.00000 ...
   0.00000   0.00000  -0.00521   0.00000   0.00000   0.00000  -0.05520   0.00000   0.00000   0.00000   0.00000   0.00000 ...
   0.00000   0.00000   0.00000  -0.00521   0.00000   0.00000   0.00000  -0.05520   0.00000   0.00000   0.00000   0.00000 ...
   0.00000   0.00000   0.00000   0.00000   0.00000   0.00000   0.00000   0.00000  -0.06800   0.00000   0.00000   0.00000 ...
   0.00000   0.00000   0.00000   0.00000   0.00000   0.00000   0.00000   0.00000   0.00000  -0.06800   0.00000   0.00000 ...
   0.00000   0.00000   0.00000   0.00000   0.00000   0.00000   0.00000   0.00000   0.00000   0.00000  -0.06801   0.00000 ...
   0.00000   0.00000   0.00000   0.00000   0.00000   0.00000   0.00000   0.00000   0.00000   0.00000   0.00000  -0.06800 ...
   ...  only 12  components have been written...

 Total pseudopotential strength Dij (eV):
   4.84746   0.00000   0.00000   0.00000  -0.20499   0.00000   0.00000   0.00000   0.00000   0.00000   0.00000   0.00000 ...
   0.00000   0.88259   0.00000   0.00000   0.00000  -0.14182   0.00000   0.00000   0.00000   0.00000   0.00000   0.00003 ...
   0.00000   0.00000   0.88259   0.00000   0.00000   0.00000  -0.14182   0.00000   0.00003   0.00000   0.00000   0.00000 ...
   0.00000   0.00000   0.00000   0.88259   0.00000   0.00000   0.00000  -0.14182   0.00000   0.00003   0.00000   0.00000 ...
  -0.20499   0.00000   0.00000   0.00000 -12.33962   0.00000   0.00000   0.00000   0.00000   0.00000   0.00000   0.00000 ...
   0.00000  -0.14182   0.00000   0.00000   0.00000  -1.50199   0.00000   0.00000   0.00000   0.00000   0.00000   0.00002 ...
   0.00000   0.00000  -0.14182   0.00000   0.00000   0.00000  -1.50199   0.00000   0.00002   0.00000   0.00000   0.00000 ...
   0.00000   0.00000   0.00000  -0.14182   0.00000   0.00000   0.00000  -1.50199   0.00000   0.00002   0.00000   0.00000 ...
   0.00000   0.00000   0.00003   0.00000   0.00000   0.00000   0.00002   0.00000  -1.85042   0.00000   0.00000   0.00000 ...
   0.00000   0.00000   0.00000   0.00003   0.00000   0.00000   0.00000   0.00002   0.00000  -1.85042   0.00000   0.00000 ...
   0.00000   0.00000   0.00000   0.00000   0.00000   0.00000   0.00000   0.00000   0.00000   0.00000  -1.85064   0.00000 ...
   0.00000   0.00003   0.00000   0.00000   0.00000   0.00002   0.00000   0.00000   0.00000   0.00000   0.00000  -1.85042 ...
   ...  only 12  components have been written...

 Augmentation waves occupancies Rhoij:
   1.35959   0.00000   0.00000   0.00000  -0.02292   0.00000   0.00000   0.00000   0.00000   0.00000   0.00000   0.00000 ...
   0.00000   0.74997   0.00000   0.00000   0.00000  -0.02763   0.00000   0.00000   0.00000   0.00000   0.00000   0.00127 ...
   0.00000   0.00000   0.74997   0.00000   0.00000   0.00000  -0.02763   0.00000   0.00127   0.00000   0.00000   0.00000 ...
   0.00000   0.00000   0.00000   0.74997   0.00000   0.00000   0.00000  -0.02763   0.00000   0.00127   0.00000   0.00000 ...
  -0.02292   0.00000   0.00000   0.00000   0.00104   0.00000   0.00000   0.00000   0.00000   0.00000   0.00000   0.00000 ...
   0.00000  -0.02763   0.00000   0.00000   0.00000   0.00122   0.00000   0.00000   0.00000   0.00000   0.00000  -0.00017 ...
   0.00000   0.00000  -0.02763   0.00000   0.00000   0.00000   0.00122   0.00000  -0.00017   0.00000   0.00000   0.00000 ...
   0.00000   0.00000   0.00000  -0.02763   0.00000   0.00000   0.00000   0.00122   0.00000  -0.00017   0.00000   0.00000 ...
   0.00000   0.00000   0.00127   0.00000   0.00000   0.00000  -0.00017   0.00000   0.03420   0.00000   0.00000   0.00000 ...
   0.00000   0.00000   0.00000   0.00127   0.00000   0.00000   0.00000  -0.00017   0.00000   0.03420   0.00000   0.00000 ...
   0.00000   0.00000   0.00000   0.00000   0.00000   0.00000   0.00000   0.00000   0.00000   0.00000   0.01394   0.00000 ...
   0.00000   0.00127   0.00000   0.00000   0.00000  -0.00017   0.00000   0.00000   0.00000   0.00000   0.00000   0.03420 ...
   ...  only 12  components have been written...


================================================================================

 ----iterations are completed or convergence reached----

 Mean square residual over all n,k,spin=   5.9629E-15; max=  4.7194E-14
 reduced coordinates (array xred) for    1 atoms
       0.000000000000      0.000000000000      0.000000000000
 rms dE/dt=  7.2280E-20; max dE/dt=  7.2280E-20; dE/dt below (all hartree)
    1      -0.000000000000     -0.000000000000      0.000000000000

 cartesian coordinates (angstrom) at end:
    1      0.00000000000000     0.00000000000000     0.00000000000000

 cartesian forces (hartree/bohr) at end:
    1      0.00000000000000     0.00000000000000     0.00000000000000
 frms,max,avg= 0.0000000E+00 0.0000000E+00   0.000E+00  0.000E+00  0.000E+00 h/b

 cartesian forces (eV/Angstrom) at end:
    1      0.00000000000000     0.00000000000000     0.00000000000000
 frms,max,avg= 0.0000000E+00 0.0000000E+00   0.000E+00  0.000E+00  0.000E+00 e/A
 length scales=  7.600000000000  7.600000000000  7.600000000000 bohr
              =  4.021746785284  4.021746785284  4.021746785284 angstroms
 prteigrs : about to open file t62o_DS1_EIG
 Fermi (or HOMO) energy (hartree) =   0.15740   Average Vxc (hartree)=  -0.36068
 Eigenvalues (hartree) for nkpt=   2  k points:
 kpt#   1, nband=  4, wtk=  0.25000, kpt=  0.2500  0.2500  0.2500 (reduced coord)
  -0.17814    0.29824    0.57311    0.57311
      occupation numbers for kpt#   1
   2.00000    0.00035    0.00000    0.00000
 prteigrs : prtvol=0 or 1, do not print more k-points.

 Fermi (or HOMO) energy (eV) =   4.28319   Average Vxc (eV)=  -9.81464
 Eigenvalues (   eV  ) for nkpt=   2  k points:
 kpt#   1, nband=  4, wtk=  0.25000, kpt=  0.2500  0.2500  0.2500 (reduced coord)
  -4.84743    8.11560   15.59514   15.59514
 prteigrs : prtvol=0 or 1, do not print more k-points.


--------------------------------------------------------------------------------
 Components of total free energy (in Hartree) :

    Kinetic energy  =  8.40048401400325E-01
    Hartree energy  =  4.47154134525140E-03
    XC energy       = -9.71990366889120E-01
    Ewald energy    = -2.71472096493581E+00
    PspCore energy  =  3.56531149012129E-01
    Loc. psp. energy=  1.95278369383914E-02
    Spherical terms =  3.44394680091676E-01
    >>>>> Internal E= -2.12173772303716E+00

    -kT*entropy     = -8.00158661544515E-03
    >>>>>>>>> Etotal= -2.12973930965260E+00

 "Double-counting" decomposition of free energy:
    Band energy     =  3.13679268749369E-02
    Ewald energy    = -2.71472096493581E+00
    PspCore energy  =  3.56531149012129E-01
    Dble-C XC-energy=  1.29816497466334E-01
    Spherical terms =  7.51828154942503E-02
    >>>>> Internal E= -2.12182257608816E+00

    -kT*entropy     = -8.00158661544515E-03
    >>>> Etotal (DC)= -2.12982416270361E+00

  >Total energy in eV           = -5.79531538766884E+01
  >Total DC energy in eV        = -5.79554628456309E+01
--------------------------------------------------------------------------------

 Cartesian components of stress tensor (hartree/bohr^3)
  sigma(1 1)= -2.48261761E-07  sigma(3 2)=  0.00000000E+00
  sigma(2 2)= -2.48261761E-07  sigma(3 1)=  0.00000000E+00
  sigma(3 3)= -2.48261761E-07  sigma(2 1)=  0.00000000E+00

-Cartesian components of stress tensor (GPa)         [Pressure=  7.3041E-03 GPa]
- sigma(1 1)= -7.30411196E-03  sigma(3 2)=  0.00000000E+00
- sigma(2 2)= -7.30411196E-03  sigma(3 1)=  0.00000000E+00
- sigma(3 3)= -7.30411196E-03  sigma(2 1)=  0.00000000E+00

================================================================================
== DATASET  2 ==================================================================
-   nproc =    1

 Exchange-correlation functional for the present dataset will be:
  LDA: Perdew-Wang 92 LSD fit to Ceperley-Alder data - ixc=7
 Citation for XC functional:
  J.P.Perdew and Y.Wang, PRB 45, 13244 (1992)

 Real(R)+Recip(G) space primitive vectors, cartesian coordinates (Bohr,Bohr^-1):
 R(1)=  0.0000000  3.8000000  3.8000000  G(1)= -0.1315789  0.1315789  0.1315789
 R(2)=  3.8000000  0.0000000  3.8000000  G(2)=  0.1315789 -0.1315789  0.1315789
 R(3)=  3.8000000  3.8000000  0.0000000  G(3)=  0.1315789  0.1315789 -0.1315789
 Unit cell volume ucvol=  1.0974400E+02 bohr^3
 Angles (23,13,12)=  6.00000000E+01  6.00000000E+01  6.00000000E+01 degrees

 Coarse grid specifications (used for wave-functions):

 getcut: wavevector=  0.0000  0.0000  0.0000  ngfft=  16  16  16
         ecut(hartree)=     10.000   => boxcut(ratio)=   2.09149

 Fine grid specifications (used for densities):

 getcut: wavevector=  0.0000  0.0000  0.0000  ngfft=  20  20  20
         ecut(hartree)=     15.000   => boxcut(ratio)=   2.13462

--- Pseudopotential description ------------------------------------------------
- pspini: atom type   1  psp file is /home/buildbot/bb/ABINIT/abiref_gnu_5.3_openmpi/gonze_8.0.3-public/tests/Psps_for_tests/Al.LDA
- pspatm: opening atomic psp file    /home/buildbot/bb/ABINIT/abiref_gnu_5.3_openmpi/gonze_8.0.3-public/tests/Psps_for_tests/Al.LDA
- pspatm : Reading pseudopotential header in XML form from /home/buildbot/bb/ABINIT/abiref_gnu_5.3_openmpi/gonze_8.0.3-public/tests/Psps_for_tests/Al.LDA
 Pseudopotential format is: paw10
 basis_size (lnmax)=  5 (lmn_size= 13), orbitals=   0   1   0   1   2
 Spheres core radius: rc_sph= 2.05000000
 1 radial meshes are used:
  - mesh 1: r(i)=-AA*i/(NN-i)), n=size= 450 , AA= 0.40000     NN=  450.00
 Shapefunction is EXP type: shapef(r)=exp(-(r/sigma)**lambda)
                            with sigma= 0.648 and lambda=  2
 Radius for shape functions =  2.05000000
 mmax=  450
 Radial grid used for partial waves is grid 1
 Radial grid used for projectors is grid 1
 Radial grid used for (t)core density is grid 1
 Radial grid used for Vloc is grid 1
 Radial grid used for pseudo valence density is grid 1
 Local potential is in "Vbare" format...
 Compensation charge density is taken into account in XC energy/potential
 pspatm: atomic psp has been read  and splines computed

   3.82646467E+01                                ecore*ucvol(ha*bohr**3)
--------------------------------------------------------------------------------

_setup2: Arith. and geom. avg. npw (full set) are     168.750     168.704

================================================================================

     iter   Etot(hartree)      deltaE(h)  residm     nres2
 ETOT  1  -2.1297583842019    -2.130E+00 2.439E-02 9.745E-02
 ETOT  2  -2.1299143540165    -1.560E-04 3.684E-05 1.309E-02
 ETOT  3  -2.1297939860316     1.204E-04 8.024E-06 4.486E-04
 ETOT  4  -2.1297878092689     6.177E-06 1.449E-07 1.640E-05
 ETOT  5  -2.1297879056980    -9.643E-08 4.896E-08 6.932E-08
 ETOT  6  -2.1297879018104     3.888E-09 9.015E-10 3.480E-10
 ETOT  7  -2.1297879017912     1.918E-11 3.020E-10 1.287E-11
 ETOT  8  -2.1297879017867     4.523E-12 5.765E-12 7.803E-13
 ETOT  9  -2.1297879017866     3.508E-14 1.915E-12 1.836E-14
 ETOT 10  -2.1297879017866     4.441E-15 3.709E-14 7.267E-16

 Cartesian components of stress tensor (hartree/bohr^3)
  sigma(1 1)= -5.39709031E-06  sigma(3 2)=  0.00000000E+00
  sigma(2 2)= -5.39709031E-06  sigma(3 1)=  0.00000000E+00
  sigma(3 3)= -5.39709031E-06  sigma(2 1)=  0.00000000E+00


 scprqt:  WARNING -
  nstep=   10 was not enough SCF cycles to converge;
  maximum residual=  3.709E-14 exceeds tolwfr=  1.000E-16

 Integrated electronic density in atomic spheres:
 ------------------------------------------------
 Atom  Sphere_radius  Integrated_density
    1        2.05000          1.00717518

 PAW TEST:
 ==== Compensation charge inside spheres ============
 The following values must be close to each other ...
 Compensation charge over spherical meshes =     -0.060602068320207
 Compensation charge over fine fft grid    =     -0.060606752407331

 ==== Results concerning PAW augmentation regions ====

 Total pseudopotential strength Dij (hartree):
   0.17957   0.00000   0.00000   0.00000  -0.00570   0.00000   0.00000   0.00000   0.00000   0.00000   0.00000   0.00000 ...
   0.00000   0.03269   0.00000   0.00000   0.00000  -0.00499   0.00000   0.00000   0.00000   0.00000   0.00000   0.00000 ...
   0.00000   0.00000   0.03269   0.00000   0.00000   0.00000  -0.00499   0.00000   0.00000   0.00000   0.00000   0.00000 ...
   0.00000   0.00000   0.00000   0.03269   0.00000   0.00000   0.00000  -0.00499   0.00000   0.00000   0.00000   0.00000 ...
  -0.00570   0.00000   0.00000   0.00000  -0.44950   0.00000   0.00000   0.00000   0.00000   0.00000   0.00000   0.00000 ...
   0.00000  -0.00499   0.00000   0.00000   0.00000  -0.05471   0.00000   0.00000   0.00000   0.00000   0.00000   0.00000 ...
   0.00000   0.00000  -0.00499   0.00000   0.00000   0.00000  -0.05471   0.00000   0.00000   0.00000   0.00000   0.00000 ...
   0.00000   0.00000   0.00000  -0.00499   0.00000   0.00000   0.00000  -0.05471   0.00000   0.00000   0.00000   0.00000 ...
   0.00000   0.00000   0.00000   0.00000   0.00000   0.00000   0.00000   0.00000  -0.06756   0.00000   0.00000   0.00000 ...
   0.00000   0.00000   0.00000   0.00000   0.00000   0.00000   0.00000   0.00000   0.00000  -0.06756   0.00000   0.00000 ...
   0.00000   0.00000   0.00000   0.00000   0.00000   0.00000   0.00000   0.00000   0.00000   0.00000  -0.06757   0.00000 ...
   0.00000   0.00000   0.00000   0.00000   0.00000   0.00000   0.00000   0.00000   0.00000   0.00000   0.00000  -0.06756 ...
   ...  only 12  components have been written...

 Total pseudopotential strength Dij (eV):
   4.88631   0.00000   0.00000   0.00000  -0.15520   0.00000   0.00000   0.00000   0.00000   0.00000   0.00000   0.00000 ...
   0.00000   0.88966   0.00000   0.00000   0.00000  -0.13582   0.00000   0.00000   0.00000   0.00000   0.00000   0.00000 ...
   0.00000   0.00000   0.88966   0.00000   0.00000   0.00000  -0.13582   0.00000   0.00000   0.00000   0.00000   0.00000 ...
   0.00000   0.00000   0.00000   0.88966   0.00000   0.00000   0.00000  -0.13582   0.00000   0.00000   0.00000   0.00000 ...
  -0.15520   0.00000   0.00000   0.00000 -12.23146   0.00000   0.00000   0.00000   0.00000   0.00000   0.00000   0.00000 ...
   0.00000  -0.13582   0.00000   0.00000   0.00000  -1.48865   0.00000   0.00000   0.00000   0.00000   0.00000   0.00000 ...
   0.00000   0.00000  -0.13582   0.00000   0.00000   0.00000  -1.48865   0.00000   0.00000   0.00000   0.00000   0.00000 ...
   0.00000   0.00000   0.00000  -0.13582   0.00000   0.00000   0.00000  -1.48865   0.00000   0.00000   0.00000   0.00000 ...
   0.00000   0.00000   0.00000   0.00000   0.00000   0.00000   0.00000   0.00000  -1.83838   0.00000   0.00000   0.00000 ...
   0.00000   0.00000   0.00000   0.00000   0.00000   0.00000   0.00000   0.00000   0.00000  -1.83838   0.00000   0.00000 ...
   0.00000   0.00000   0.00000   0.00000   0.00000   0.00000   0.00000   0.00000   0.00000   0.00000  -1.83874   0.00000 ...
   0.00000   0.00000   0.00000   0.00000   0.00000   0.00000   0.00000   0.00000   0.00000   0.00000   0.00000  -1.83838 ...
   ...  only 12  components have been written...

 Augmentation waves occupancies Rhoij:
   1.36829   0.00000   0.00000   0.00000  -0.02017   0.00000   0.00000   0.00000   0.00000   0.00000   0.00000   0.00000 ...
   0.00000   0.74989   0.00000   0.00000   0.00000  -0.02727   0.00000   0.00000   0.00000   0.00000   0.00000  -0.00000 ...
   0.00000   0.00000   0.74989   0.00000   0.00000   0.00000  -0.02727   0.00000  -0.00000   0.00000   0.00000   0.00000 ...
   0.00000   0.00000   0.00000   0.74989   0.00000   0.00000   0.00000  -0.02727   0.00000  -0.00000   0.00000   0.00000 ...
  -0.02017   0.00000   0.00000   0.00000   0.00095   0.00000   0.00000   0.00000   0.00000   0.00000   0.00000   0.00000 ...
   0.00000  -0.02727   0.00000   0.00000   0.00000   0.00119   0.00000   0.00000   0.00000   0.00000   0.00000   0.00000 ...
   0.00000   0.00000  -0.02727   0.00000   0.00000   0.00000   0.00119   0.00000   0.00000   0.00000   0.00000   0.00000 ...
   0.00000   0.00000   0.00000  -0.02727   0.00000   0.00000   0.00000   0.00119   0.00000   0.00000   0.00000   0.00000 ...
   0.00000   0.00000  -0.00000   0.00000   0.00000   0.00000   0.00000   0.00000   0.03428   0.00000   0.00000   0.00000 ...
   0.00000   0.00000   0.00000  -0.00000   0.00000   0.00000   0.00000   0.00000   0.00000   0.03428   0.00000   0.00000 ...
   0.00000   0.00000   0.00000   0.00000   0.00000   0.00000   0.00000   0.00000   0.00000   0.00000   0.01393   0.00000 ...
   0.00000  -0.00000   0.00000   0.00000   0.00000   0.00000   0.00000   0.00000   0.00000   0.00000   0.00000   0.03428 ...
   ...  only 12  components have been written...


================================================================================

 ----iterations are completed or convergence reached----

 Mean square residual over all n,k,spin=   4.6725E-15; max=  3.7087E-14
 reduced coordinates (array xred) for    1 atoms
       0.000000000000      0.000000000000      0.000000000000
 rms dE/dt=  0.0000E+00; max dE/dt=  0.0000E+00; dE/dt below (all hartree)
    1       0.000000000000      0.000000000000      0.000000000000

 cartesian coordinates (angstrom) at end:
    1      0.00000000000000     0.00000000000000     0.00000000000000

 cartesian forces (hartree/bohr) at end:
    1     -0.00000000000000    -0.00000000000000    -0.00000000000000
 frms,max,avg= 0.0000000E+00 0.0000000E+00   0.000E+00  0.000E+00  0.000E+00 h/b

 cartesian forces (eV/Angstrom) at end:
    1     -0.00000000000000    -0.00000000000000    -0.00000000000000
 frms,max,avg= 0.0000000E+00 0.0000000E+00   0.000E+00  0.000E+00  0.000E+00 e/A
 length scales=  7.600000000000  7.600000000000  7.600000000000 bohr
              =  4.021746785284  4.021746785284  4.021746785284 angstroms
 prteigrs : about to open file t62o_DS2_EIG
 Fermi (or HOMO) energy (hartree) =   0.15999   Average Vxc (hartree)=  -0.35924
 Eigenvalues (hartree) for nkpt=   2  k points:
 kpt#   1, nband=  4, wtk=  0.25000, kpt=  0.2500  0.2500  0.2500 (reduced coord)
  -0.17550    0.30086    0.57564    0.57564
      occupation numbers for kpt#   1
   2.00000    0.00034    0.00000    0.00000
 prteigrs : prtvol=0 or 1, do not print more k-points.

 Fermi (or HOMO) energy (eV) =   4.35361   Average Vxc (eV)=  -9.77535
 Eigenvalues (   eV  ) for nkpt=   2  k points:
 kpt#   1, nband=  4, wtk=  0.25000, kpt=  0.2500  0.2500  0.2500 (reduced coord)
  -4.77555    8.18691   15.66393   15.66393
 prteigrs : prtvol=0 or 1, do not print more k-points.


--------------------------------------------------------------------------------
 Components of total free energy (in Hartree) :

    Kinetic energy  =  8.39963473236639E-01
    Hartree energy  =  4.47715354180533E-03
    XC energy       = -9.47399274682806E-01
    Ewald energy    = -2.71472096493581E+00
    PspCore energy  =  3.48671878683680E-01
    Loc. psp. energy=  2.54743342430862E-02
    Spherical terms =  3.21746936260182E-01
    >>>>> Internal E= -2.12178646365322E+00

    -kT*entropy     = -8.00144032240145E-03
    >>>>>>>>> Etotal= -2.12978790397562E+00

 "Double-counting" decomposition of free energy:
    Band energy     =  3.93011289837413E-02
    Ewald energy    = -2.71472096493581E+00
    PspCore energy  =  3.48671878683680E-01
    Dble-C XC-energy=  1.27793066270357E-01
    Spherical terms =  7.71684295338076E-02
    >>>>> Internal E= -2.12178646146422E+00

    -kT*entropy     = -8.00144032240145E-03
    >>>> Etotal (DC)= -2.12978790178663E+00

  >Total energy in eV           = -5.79544761954655E+01
  >Total DC energy in eV        = -5.79544761358999E+01
--------------------------------------------------------------------------------

 Cartesian components of stress tensor (hartree/bohr^3)
  sigma(1 1)= -5.39709031E-06  sigma(3 2)=  0.00000000E+00
  sigma(2 2)= -5.39709031E-06  sigma(3 1)=  0.00000000E+00
  sigma(3 3)= -5.39709031E-06  sigma(2 1)=  0.00000000E+00

-Cartesian components of stress tensor (GPa)         [Pressure=  1.5879E-01 GPa]
- sigma(1 1)= -1.58787852E-01  sigma(3 2)=  0.00000000E+00
- sigma(2 2)= -1.58787852E-01  sigma(3 1)=  0.00000000E+00
- sigma(3 3)= -1.58787852E-01  sigma(2 1)=  0.00000000E+00

== END DATASET(S) ==============================================================
================================================================================
  
 -outvars: echo values of variables after computation  --------
            acell      7.6000000000E+00  7.6000000000E+00  7.6000000000E+00 Bohr
              amu      2.69815390E+01
             ecut      1.00000000E+01 Hartree
           enunit           2
           etotal1    -2.1298241627E+00
           etotal2    -2.1297879018E+00
            fcart1     0.0000000000E+00  0.0000000000E+00  0.0000000000E+00
            fcart2    -0.0000000000E+00 -0.0000000000E+00 -0.0000000000E+00
-          fftalg         312
            intxc           1
              ixc           7
           jdtset        1    2
              kpt      1.00000000E+00  1.00000000E+00  1.00000000E+00
                       1.00000000E+00  2.00000000E+00  2.00000000E+00
           kptnrm      4.00000000E+00
           kptopt           0
P           mkmem           2
            natom           1
            nband           4
           ndtset           2
            ngfft          16      16      16
          ngfftdg          20      20      20
             nkpt           2
            nline           3
            nstep          10
             nsym          24
           ntypat           1
              occ1     2.000000  0.000345  0.000000  0.000000
                       2.000036  1.333018  0.000164  0.000000
              occ2     2.000000  0.000344  0.000000  0.000000
                       2.000036  1.333018  0.000164  0.000000
           occopt           4
        pawecutdg      1.50000000E+01 Hartree
         pawmixdg           1
            rprim      0.0000000000E+00  5.0000000000E-01  5.0000000000E-01
                       5.0000000000E-01  0.0000000000E+00  5.0000000000E-01
                       5.0000000000E-01  5.0000000000E-01  0.0000000000E+00
          spgroup         216
           strten1    -2.4826176130E-07 -2.4826176130E-07 -2.4826176130E-07
                       0.0000000000E+00  0.0000000000E+00  0.0000000000E+00
           strten2    -5.3970903113E-06 -5.3970903113E-06 -5.3970903113E-06
                       0.0000000000E+00  0.0000000000E+00  0.0000000000E+00
           symrel      1  0  0   0  1  0   0  0  1       0  1 -1   1  0 -1   0  0 -1
                      -1  0  0  -1  0  1  -1  1  0       0 -1  1   0 -1  0   1 -1  0
                      -1  0  1  -1  0  0  -1  1  0       0 -1  0   0 -1  1   1 -1  0
                       0 -1  1   1 -1  0   0 -1  0       0  1 -1   0  0 -1   1  0 -1
                       0  0 -1   1  0 -1   0  1 -1      -1  1  0  -1  0  1  -1  0  0
                       1  0 -1   0  1 -1   0  0 -1       1 -1  0   0 -1  0   0 -1  1
                      -1  0  0  -1  1  0  -1  0  1       0  1  0   1  0  0   0  0  1
                       0  0  1   0  1  0   1  0  0       1  0  0   0  0  1   0  1  0
                       0  0  1   1  0  0   0  1  0       0  1  0   0  0  1   1  0  0
                      -1  0  1  -1  1  0  -1  0  0       0  0 -1   0  1 -1   1  0 -1
                       1  0 -1   0  0 -1   0  1 -1       1 -1  0   0 -1  1   0 -1  0
                       0 -1  0   1 -1  0   0 -1  1      -1  1  0  -1  0  0  -1  0  1
           tolwfr      1.00000000E-16
           tsmear      5.00000000E-02 Hartree
            typat      1
        usexcnhat1         -1
        usexcnhat2          1
           useylm           1
              wtk        0.25000    0.75000
            znucl       13.00000

================================================================================


- Timing analysis has been suppressed with timopt=0



================================================================================

 Suggested references for the acknowledgment of ABINIT usage.

 The users of ABINIT have little formal obligations with respect to the ABINIT group
 (those specified in the GNU General Public License, http://www.gnu.org/copyleft/gpl.txt).
 However, it is common practice in the scientific literature,
 to acknowledge the efforts of people that have made the research possible.
 In this spirit, please find below suggested citations of work written by ABINIT developers,
 corresponding to implementations inside of ABINIT that you have used in the present run.
 Note also that it will be of great value to readers of publications presenting these results,
 to read papers enabling them to understand the theoretical formalism and details
 of the ABINIT implementation.
 For information on why they are suggested, see also https://docs.abinit.org/theory/acknowledgments.
-
- [1] Implementation of the Projector Augmented-Wave Method in the ABINIT code.
- M. Torrent, F. Jollet, F. Bottin, G. Zerah, and X. Gonze Comput. Mat. Science 42, 337, (2008).
- Comment : PAW calculations. Strong suggestion to cite this paper.
-
- [2] ABINIT : First-principles approach of materials and nanosystem properties.
- X. Gonze, B. Amadon, P.-M. Anglade, J.-M. Beuken, F. Bottin, P. Boulanger, F. Bruneval,
- D. Caliste, R. Caracas, M. Cote, T. Deutsch, L. Genovese, Ph. Ghosez, M. Giantomassi
- S. Goedecker, D.R. Hamann, P. Hermet, F. Jollet, G. Jomard, S. Leroux, M. Mancini, S. Mazevet,
- M.J.T. Oliveira, G. Onida, Y. Pouillon, T. Rangel, G.-M. Rignanese, D. Sangalli, R. Shaltaf,
- M. Torrent, M.J. Verstraete, G. Zerah, J.W. Zwanziger
- Computer Phys. Comm. 180, 2582-2615 (2009).
- Comment : the third generic paper describing the ABINIT project.
- Note that a version of this paper, that is not formatted for Computer Phys. Comm. 
- is available at https://www.abinit.org/about/ABINIT_CPC_v10.pdf .
- The licence allows the authors to put it on the Web.
-
- [3] A brief introduction to the ABINIT software package.
- X. Gonze, G.-M. Rignanese, M. Verstraete, J.-M. Beuken, Y. Pouillon, R. Caracas, F. Jollet,
- M. Torrent, G. Zerah, M. Mikami, Ph. Ghosez, M. Veithen, J.-Y. Raty, V. Olevano, F. Bruneval,
- L. Reining, R. Godby, G. Onida, D.R. Hamann, and D.C. Allan.
- Z. Kristallogr. 220, 558-562 (2005).
- Comment : the second generic paper describing the ABINIT project. Note that this paper
- should be cited especially if you are using the GW part of ABINIT, as several authors
- of this part are not in the list of authors of the first or third paper.
- The .pdf of the latter paper is available at https://www.abinit.org/about/zfk_0505-06_558-562.pdf.
- Note that it should not redistributed (Copyright by Oldenburg Wissenshaftverlag,
- the licence allows the authors to put it on the Web).
-
- And optionally:
-
- [4] First-principles computation of material properties : the ABINIT software project. 
- X. Gonze, J.-M. Beuken, R. Caracas, F. Detraux, M. Fuchs, G.-M. Rignanese, L. Sindic,
- M. Verstraete, G. Zerah, F. Jollet, M. Torrent, A. Roy, M. Mikami, Ph. Ghosez, J.-Y. Raty, D.C. Allan.
- Computational Materials Science 25, 478-492 (2002). http://dx.doi.org/10.1016/S0927-0256(02)00325-7
- Comment : the original paper describing the ABINIT project.
-
- [5] Fast radix 2, 3, 4 and 5 kernels for Fast Fourier Transformations
- on computers with overlapping multiply-add instructions.
- S. Goedecker, SIAM J. on Scientific Computing 18, 1605 (1997).
-
- Proc.   0 individual time (sec): cpu=          1.7  wall=          1.8

================================================================================

 Calculation completed.
.Delivered   4 WARNINGs and   1 COMMENTs to log file.
+Overall time at end (sec) : cpu=          1.7  wall=          1.8
