
.Version 8.0.3 of ABINIT 
.(MPI version, prepared for a x86_64_linux_gnu5.3 computer) 

.Copyright (C) 1998-2018 ABINIT group . 
 ABINIT comes with ABSOLUTELY NO WARRANTY.
 It is free software, and you are welcome to redistribute it
 under certain conditions (GNU General Public License,
 see ~abinit/COPYING or http://www.gnu.org/copyleft/gpl.txt).

 ABINIT is a project of the Universite Catholique de Louvain,
 Corning Inc. and other collaborators, see ~abinit/doc/developers/contributors.txt .
 Please read https://docs.abinit.org/theory/acknowledgments for suggested
 acknowledgments of the ABINIT effort.
 For more information, see https://www.abinit.org .

.Starting date : Mon  4 Apr 2016.
- ( at 11h57 )
  
- input  file    -> t97.in
- output file    -> t97.out
- root for input  files -> t97i
- root for output files -> t97o


 DATASET    1 : the unit cell is not primitive
================================================================================
 Values of the parameters that define the memory need for DATASET  1.
     intxc =       0    ionmov =       0      iscf =       7    lmnmax =       1
     lnmax =       1     mgfft =      24  mpssoang =       2    mqgrid =    3001
     natom =       2  nloc_mem =       1    nspden =       1   nspinor =       1
    nsppol =       1      nsym =      32    n1xccc =    2501    ntypat =       1
    occopt =       7   xclevel =       1
-    mband =          12        mffmem =           1         mkmem =           3
       mpw =         171          nfft =        3456          nkpt =           3
================================================================================
P This job should need less than                       2.351 Mbytes of memory.
  Rough estimation (10% accuracy) of disk space for files :
_ WF disk file :      0.096 Mbytes ; DEN or POT disk file :      0.028 Mbytes.
================================================================================


 DATASET    2 : space group Pm m a (# 51); Bravais oP (primitive ortho.)
================================================================================
 Values of the parameters that define the memory need for DATASET  2.
     intxc =       0    ionmov =       0      iscf =       7    lmnmax =       1
     lnmax =       1     mgfft =      24  mpssoang =       2    mqgrid =    3001
     natom =       2  nloc_mem =       1    nspden =       1   nspinor =       1
    nsppol =       1      nsym =       8    n1xccc =    2501    ntypat =       1
    occopt =       7   xclevel =       1
-    mband =          12        mffmem =           1         mkmem =           4
       mpw =         171          nfft =        3456          nkpt =           4
================================================================================
P This job should need less than                       2.385 Mbytes of memory.
  Rough estimation (10% accuracy) of disk space for files :
_ WF disk file :      0.127 Mbytes ; DEN or POT disk file :      0.028 Mbytes.
================================================================================

--------------------------------------------------------------------------------
------------- Echo of variables that govern the present computation ------------
--------------------------------------------------------------------------------
-
- outvars: echo of selected default values                                      
-   accesswff0 =  0 , fftalg0 =312 , wfoptalg0 =  0
-
- outvars: echo of global parameters not present in the input file              
-  max_nthreads =    0
-
 -outvars: echo values of preprocessed input variables --------
            acell      9.8000000000E+00  4.9000000000E+00  4.9000000000E+00 Bohr
              amu      6.94100000E+00
          dilatmx      1.10000000E+00
             ecut      5.00000000E+00 Hartree
           ecutsm      1.00000000E+00 Hartree
-          fftalg         312
           getwfk1          0
           getwfk2          1
           jdtset        1    2
              kpt1     2.50000000E-01  1.25000000E-01  1.25000000E-01
                       2.50000000E-01  3.75000000E-01  1.25000000E-01
                       2.50000000E-01  3.75000000E-01  3.75000000E-01
              kpt2     2.50000000E-01  1.25000000E-01  1.25000000E-01
                       2.50000000E-01  3.75000000E-01  1.25000000E-01
                       2.50000000E-01  1.25000000E-01  3.75000000E-01
                       2.50000000E-01  3.75000000E-01  3.75000000E-01
         kptrlatt        2    0    0      0    4    0      0    0    4
          kptrlen      1.96000000E+01
P           mkmem1          3
P           mkmem2          4
            natom           2
            nband1         12
            nband2         12
           ndtset           2
            ngfft          24      12      12
             nkpt1          3
             nkpt2          4
            nstep          20
             nsym1         32
             nsym2          8
           ntypat           1
              occ1     2.000000  0.000000  0.000000  0.000000  0.000000  0.000000
                       0.000000  0.000000  0.000000  0.000000  0.000000  0.000000
                       2.000000  0.000000  0.000000  0.000000  0.000000  0.000000
                       0.000000  0.000000  0.000000  0.000000  0.000000  0.000000
                       2.000000  0.000000  0.000000  0.000000  0.000000  0.000000
                       0.000000  0.000000  0.000000  0.000000  0.000000  0.000000
              occ2     2.000000  0.000000  0.000000  0.000000  0.000000  0.000000
                       0.000000  0.000000  0.000000  0.000000  0.000000  0.000000
                       2.000000  0.000000  0.000000  0.000000  0.000000  0.000000
                       0.000000  0.000000  0.000000  0.000000  0.000000  0.000000
                       2.000000  0.000000  0.000000  0.000000  0.000000  0.000000
                       0.000000  0.000000  0.000000  0.000000  0.000000  0.000000
                       2.000000  0.000000  0.000000  0.000000  0.000000  0.000000
                       0.000000  0.000000  0.000000  0.000000  0.000000  0.000000
           occopt           7
           shiftk      5.00000000E-01  5.00000000E-01  5.00000000E-01
          spgroup1          0
          spgroup2         51
           symafm1       1    1    1    1    1    1    1    1    1    1
                         1    1    1    1    1    1    1    1    1    1
                         1    1    1    1    1    1    1    1    1    1
                         1    1
           symafm2       1    1    1    1    1    1    1    1
           symrel1     1  0  0   0  1  0   0  0  1       1  0  0   0  1  0   0  0  1
                      -1  0  0   0 -1  0   0  0 -1      -1  0  0   0 -1  0   0  0 -1
                      -1  0  0   0 -1  0   0  0  1      -1  0  0   0 -1  0   0  0  1
                       1  0  0   0  1  0   0  0 -1       1  0  0   0  1  0   0  0 -1
                       1  0  0   0 -1  0   0  0 -1       1  0  0   0 -1  0   0  0 -1
                      -1  0  0   0  1  0   0  0  1      -1  0  0   0  1  0   0  0  1
                      -1  0  0   0  1  0   0  0 -1      -1  0  0   0  1  0   0  0 -1
                       1  0  0   0 -1  0   0  0  1       1  0  0   0 -1  0   0  0  1
                       1  0  0   0  0  1   0  1  0       1  0  0   0  0  1   0  1  0
                      -1  0  0   0  0 -1   0 -1  0      -1  0  0   0  0 -1   0 -1  0
                      -1  0  0   0  0 -1   0  1  0      -1  0  0   0  0 -1   0  1  0
                       1  0  0   0  0  1   0 -1  0       1  0  0   0  0  1   0 -1  0
                       1  0  0   0  0 -1   0 -1  0       1  0  0   0  0 -1   0 -1  0
                      -1  0  0   0  0  1   0  1  0      -1  0  0   0  0  1   0  1  0
                      -1  0  0   0  0  1   0 -1  0      -1  0  0   0  0  1   0 -1  0
                       1  0  0   0  0 -1   0  1  0       1  0  0   0  0 -1   0  1  0
           symrel2     1  0  0   0  1  0   0  0  1      -1  0  0   0 -1  0   0  0 -1
                      -1  0  0   0 -1  0   0  0  1       1  0  0   0  1  0   0  0 -1
                       1  0  0   0 -1  0   0  0 -1      -1  0  0   0  1  0   0  0  1
                      -1  0  0   0  1  0   0  0 -1       1  0  0   0 -1  0   0  0  1
            tnons1     0.0000000  0.0000000  0.0000000     0.5000000  0.0000000  0.0000000
                       0.0000000  0.0000000  0.0000000     0.5000000  0.0000000  0.0000000
                       0.0000000  0.0000000  0.0000000     0.5000000  0.0000000  0.0000000
                       0.0000000  0.0000000  0.0000000     0.5000000  0.0000000  0.0000000
                       0.0000000  0.0000000  0.0000000     0.5000000  0.0000000  0.0000000
                       0.0000000  0.0000000  0.0000000     0.5000000  0.0000000  0.0000000
                       0.0000000  0.0000000  0.0000000     0.5000000  0.0000000  0.0000000
                       0.0000000  0.0000000  0.0000000     0.5000000  0.0000000  0.0000000
                       0.0000000  0.0000000  0.0000000     0.5000000  0.0000000  0.0000000
                       0.0000000  0.0000000  0.0000000     0.5000000  0.0000000  0.0000000
                       0.0000000  0.0000000  0.0000000     0.5000000  0.0000000  0.0000000
                       0.0000000  0.0000000  0.0000000     0.5000000  0.0000000  0.0000000
                       0.0000000  0.0000000  0.0000000     0.5000000  0.0000000  0.0000000
                       0.0000000  0.0000000  0.0000000     0.5000000  0.0000000  0.0000000
                       0.0000000  0.0000000  0.0000000     0.5000000  0.0000000  0.0000000
                       0.0000000  0.0000000  0.0000000     0.5000000  0.0000000  0.0000000
            tnons2     0.0000000  0.0000000  0.0000000     0.5000000  0.0000000  0.0000000
                       0.0000000  0.0000000  0.0000000     0.5000000  0.0000000  0.0000000
                       0.5000000  0.0000000  0.0000000     0.0000000  0.0000000  0.0000000
                       0.5000000  0.0000000  0.0000000     0.0000000  0.0000000  0.0000000
           tolvrs      1.00000000E-16
           tsmear      4.00000000E-02 Hartree
            typat      1  1
              wtk1       0.25000    0.50000    0.25000
              wtk2       0.25000    0.25000    0.25000    0.25000
           xangst1     0.0000000000E+00  0.0000000000E+00  0.0000000000E+00
                       2.5929683221E+00  0.0000000000E+00  0.0000000000E+00
           xangst2     0.0000000000E+00  0.0000000000E+00  2.5929683221E-03
                       2.5929683221E+00  0.0000000000E+00 -2.5929683221E-03
            xcart1     0.0000000000E+00  0.0000000000E+00  0.0000000000E+00
                       4.9000000000E+00  0.0000000000E+00  0.0000000000E+00
            xcart2     0.0000000000E+00  0.0000000000E+00  4.9000000000E-03
                       4.9000000000E+00  0.0000000000E+00 -4.9000000000E-03
             xred1     0.0000000000E+00  0.0000000000E+00  0.0000000000E+00
                       5.0000000000E-01  0.0000000000E+00  0.0000000000E+00
             xred2     0.0000000000E+00  0.0000000000E+00  1.0000000000E-03
                       5.0000000000E-01  0.0000000000E+00 -1.0000000000E-03
            znucl        3.00000

================================================================================

 chkinp: Checking input parameters for consistency, jdtset=   1.

 chkinp: Checking input parameters for consistency, jdtset=   2.

================================================================================
== DATASET  1 ==================================================================
-   nproc =    1

 Exchange-correlation functional for the present dataset will be:
  LDA: new Teter (4/93) with spin-polarized option - ixc=1
 Citation for XC functional:
  S. Goedecker, M. Teter, J. Huetter, PRB 54, 1703 (1996)

 Real(R)+Recip(G) space primitive vectors, cartesian coordinates (Bohr,Bohr^-1):
 R(1)=  9.8000000  0.0000000  0.0000000  G(1)=  0.1020408  0.0000000  0.0000000
 R(2)=  0.0000000  4.9000000  0.0000000  G(2)=  0.0000000  0.2040816  0.0000000
 R(3)=  0.0000000  0.0000000  4.9000000  G(3)=  0.0000000  0.0000000  0.2040816
 Unit cell volume ucvol=  2.3529800E+02 bohr^3
 Angles (23,13,12)=  9.00000000E+01  9.00000000E+01  9.00000000E+01 degrees

 getcut: wavevector=  0.0000  0.0000  0.0000  ngfft=  24  12  12
         ecut(hartree)=      6.050   => boxcut(ratio)=   2.21178

 getcut : COMMENT -
  Note that boxcut > 2.2 ; recall that boxcut=Gcut(box)/Gcut(sphere) = 2
  is sufficient for exact treatment of convolution.
  Such a large boxcut is a waste : you could raise ecut
  e.g. ecut=    7.399120 Hartrees makes boxcut=2


--- Pseudopotential description ------------------------------------------------
- pspini: atom type   1  psp file is /home/buildbot/bb/ABINIT/abiref_gnu_5.3_openmpi/gonze_8.0.3-public/tests/Psps_for_tests/3li.pspnc
- pspatm: opening atomic psp file    /home/buildbot/bb/ABINIT/abiref_gnu_5.3_openmpi/gonze_8.0.3-public/tests/Psps_for_tests/3li.pspnc
-  Troullier-Martins psp for element  Li        Thu Oct 27 17:29:06 EDT 1994
-  3.00000   1.00000    940714                znucl, zion, pspdat
    1    1    1    1      2001   0.00000      pspcod,pspxc,lmax,lloc,mmax,r2well
    0   2.534   6.726    1   2.4315963        l,e99.0,e99.9,nproj,rcpsp
   0.00000000   0.00000000   0.00000000   0.00000000     rms, ekb1, ekb2, epsatm
    1   3.283   5.836    0   2.4315963        l,e99.0,e99.9,nproj,rcpsp
   0.00000000   0.00000000   0.00000000   0.00000000     rms, ekb1, ekb2, epsatm
    2.44451305764117    0.01373030920382    0.17502673260160   rchrg,fchrg,qchrg
 pspatm : epsatm=   -1.77437869
         --- l  ekb(1:nproj) -->
             0    1.242797
 pspatm: atomic psp has been read  and splines computed

  -7.09751475E+00                                ecore*ucvol(ha*bohr**3)
--------------------------------------------------------------------------------

_setup2: Arith. and geom. avg. npw (full set) are     168.750     168.732

================================================================================

     iter   Etot(hartree)      deltaE(h)  residm     vres2
 ETOT  1 -0.58669955322578    -5.867E-01 2.033E-03 1.131E-02
 ETOT  2 -0.58677955855722    -8.001E-05 1.213E-05 8.746E-04
 ETOT  3 -0.58678011756606    -5.590E-07 3.011E-06 7.209E-06
 ETOT  4 -0.58678012099867    -3.433E-09 4.971E-08 1.085E-07
 ETOT  5 -0.58678012105713    -5.846E-11 1.835E-08 3.139E-09
 ETOT  6 -0.58678012105832    -1.183E-12 2.560E-10 6.129E-12
 ETOT  7 -0.58678012105832    -3.331E-16 1.248E-10 5.834E-15
 ETOT  8 -0.58678012105832     0.000E+00 1.699E-12 2.200E-17

 At SCF step    8       vres2   =  2.20E-17 < tolvrs=  1.00E-16 =>converged.

 Cartesian components of stress tensor (hartree/bohr^3)
  sigma(1 1)= -6.24020060E-05  sigma(3 2)=  0.00000000E+00
  sigma(2 2)= -6.24020061E-05  sigma(3 1)=  0.00000000E+00
  sigma(3 3)= -6.24020061E-05  sigma(2 1)=  0.00000000E+00

 Integrated electronic density in atomic spheres:
 ------------------------------------------------
 Atom  Sphere_radius  Integrated_density
    1        2.00000          0.21585443
    2        2.00000          0.21585443
================================================================================

 ----iterations are completed or convergence reached----

 Mean square residual over all n,k,spin=   8.9466E-14; max=  1.6987E-12
 reduced coordinates (array xred) for    2 atoms
       0.000000000000      0.000000000000      0.000000000000
       0.500000000000      0.000000000000      0.000000000000
 rms dE/dt=  0.0000E+00; max dE/dt=  0.0000E+00; dE/dt below (all hartree)
    1       0.000000000000      0.000000000000      0.000000000000
    2       0.000000000000      0.000000000000      0.000000000000

 cartesian coordinates (angstrom) at end:
    1      0.00000000000000     0.00000000000000     0.00000000000000
    2      2.59296832209100     0.00000000000000     0.00000000000000

 cartesian forces (hartree/bohr) at end:
    1     -0.00000000000000    -0.00000000000000    -0.00000000000000
    2     -0.00000000000000    -0.00000000000000    -0.00000000000000
 frms,max,avg= 0.0000000E+00 0.0000000E+00   0.000E+00  0.000E+00  0.000E+00 h/b

 cartesian forces (eV/Angstrom) at end:
    1     -0.00000000000000    -0.00000000000000    -0.00000000000000
    2     -0.00000000000000    -0.00000000000000    -0.00000000000000
 frms,max,avg= 0.0000000E+00 0.0000000E+00   0.000E+00  0.000E+00  0.000E+00 e/A
 length scales=  9.800000000000  4.900000000000  4.900000000000 bohr
              =  5.185936644182  2.592968322091  2.592968322091 angstroms
 prteigrs : about to open file t97o_DS1_EIG
 Fermi (or HOMO) energy (hartree) =   0.04834   Average Vxc (hartree)=  -0.25552
 Eigenvalues (hartree) for nkpt=   3  k points:
 kpt#   1, nband= 12, wtk=  0.25000, kpt=  0.2500  0.1250  0.1250 (reduced coord)
  -0.06119    0.00772    0.19869    0.40900    0.40900    0.49640    0.53747    0.59614
   0.72257    0.75052    0.82400    0.82400
      occupation numbers for kpt#   1
   1.99989    1.84900    0.00000    0.00000    0.00000    0.00000    0.00000    0.00000
   0.00000    0.00000    0.00000    0.00000
 prteigrs : prtvol=0 or 1, do not print more k-points.


--------------------------------------------------------------------------------
 Components of total free energy (in Hartree) :

    Kinetic energy  =  3.15233483605753E-01
    Hartree energy  =  1.22888406157382E-03
    XC energy       = -4.63216788424205E-01
    Ewald energy    = -5.79040301934816E-01
    PspCore energy  = -3.01639400002893E-02
    Loc. psp. energy=  7.76079479918783E-02
    NL   psp  energy=  1.03647332898228E-01
    >>>>> Internal E= -5.74703381801877E-01

    -kT*entropy     = -1.20767392564404E-02
    >>>>>>>>> Etotal= -5.86780121058317E-01

 Other information on the energy :
    Total energy(eV)= -1.59670991155351E+01 ; Band energy (Ha)=  -9.8053299588E-03
--------------------------------------------------------------------------------

 Cartesian components of stress tensor (hartree/bohr^3)
  sigma(1 1)= -6.24020060E-05  sigma(3 2)=  0.00000000E+00
  sigma(2 2)= -6.24020061E-05  sigma(3 1)=  0.00000000E+00
  sigma(3 3)= -6.24020061E-05  sigma(2 1)=  0.00000000E+00

-Cartesian components of stress tensor (GPa)         [Pressure=  1.8359E+00 GPa]
- sigma(1 1)= -1.83593009E+00  sigma(3 2)=  0.00000000E+00
- sigma(2 2)= -1.83593009E+00  sigma(3 1)=  0.00000000E+00
- sigma(3 3)= -1.83593009E+00  sigma(2 1)=  0.00000000E+00

================================================================================
== DATASET  2 ==================================================================
-   nproc =    1

 mkfilename : getwfk/=0, take file _WFK from output of DATASET   1.

 Exchange-correlation functional for the present dataset will be:
  LDA: new Teter (4/93) with spin-polarized option - ixc=1
 Citation for XC functional:
  S. Goedecker, M. Teter, J. Huetter, PRB 54, 1703 (1996)

 Real(R)+Recip(G) space primitive vectors, cartesian coordinates (Bohr,Bohr^-1):
 R(1)=  9.8000000  0.0000000  0.0000000  G(1)=  0.1020408  0.0000000  0.0000000
 R(2)=  0.0000000  4.9000000  0.0000000  G(2)=  0.0000000  0.2040816  0.0000000
 R(3)=  0.0000000  0.0000000  4.9000000  G(3)=  0.0000000  0.0000000  0.2040816
 Unit cell volume ucvol=  2.3529800E+02 bohr^3
 Angles (23,13,12)=  9.00000000E+01  9.00000000E+01  9.00000000E+01 degrees

 getcut: wavevector=  0.0000  0.0000  0.0000  ngfft=  24  12  12
         ecut(hartree)=      6.050   => boxcut(ratio)=   2.21178

 getcut : COMMENT -
  Note that boxcut > 2.2 ; recall that boxcut=Gcut(box)/Gcut(sphere) = 2
  is sufficient for exact treatment of convolution.
  Such a large boxcut is a waste : you could raise ecut
  e.g. ecut=    7.399120 Hartrees makes boxcut=2

--------------------------------------------------------------------------------

-inwffil : will read wavefunctions from disk file t97o_DS1_WFK
_setup2: Arith. and geom. avg. npw (full set) are     168.750     168.732

================================================================================

     iter   Etot(hartree)      deltaE(h)  residm     vres2
 ETOT  1 -0.58677915901256    -5.868E-01 9.273E-02 3.476E-03
 ETOT  2 -0.58678018153144    -1.023E-06 1.571E-07 1.234E-04
 ETOT  3 -0.58678024165878    -6.013E-08 1.697E-08 1.570E-06
 ETOT  4 -0.58678024276316    -1.104E-09 4.830E-10 1.190E-08
 ETOT  5 -0.58678024277639    -1.323E-11 1.093E-10 2.335E-10
 ETOT  6 -0.58678024277665    -2.539E-13 5.200E-12 8.271E-14
 ETOT  7 -0.58678024277664     3.331E-15 1.626E-12 3.858E-16
 ETOT  8 -0.58678024277664    -4.441E-16 9.517E-14 1.258E-17

 At SCF step    8       vres2   =  1.26E-17 < tolvrs=  1.00E-16 =>converged.

 Cartesian components of stress tensor (hartree/bohr^3)
  sigma(1 1)= -6.23991841E-05  sigma(3 2)=  0.00000000E+00
  sigma(2 2)= -6.24014168E-05  sigma(3 1)=  0.00000000E+00
  sigma(3 3)= -6.24067373E-05  sigma(2 1)=  0.00000000E+00

 Integrated electronic density in atomic spheres:
 ------------------------------------------------
 Atom  Sphere_radius  Integrated_density
    1        2.00000          0.22288777
    2        2.00000          0.22288777
================================================================================

 ----iterations are completed or convergence reached----

 Mean square residual over all n,k,spin=   2.0109E-15; max=  9.5168E-14
 reduced coordinates (array xred) for    2 atoms
       0.000000000000      0.000000000000      0.001000000000
       0.500000000000      0.000000000000     -0.001000000000
 rms dE/dt=  7.0273E-05; max dE/dt=  1.2172E-04; dE/dt below (all hartree)
    1       0.000000000000      0.000000000000     -0.000121716417
    2       0.000000000000      0.000000000000      0.000121716417

 cartesian coordinates (angstrom) at end:
    1      0.00000000000000     0.00000000000000     0.00259296832209
    2      2.59296832209100     0.00000000000000    -0.00259296832209

 cartesian forces (hartree/bohr) at end:
    1     -0.00000000000000    -0.00000000000000     0.00002484008519
    2     -0.00000000000000    -0.00000000000000    -0.00002484008519
 frms,max,avg= 1.4341430E-05 2.4840085E-05   0.000E+00  0.000E+00  0.000E+00 h/b

 cartesian forces (eV/Angstrom) at end:
    1     -0.00000000000000    -0.00000000000000     0.00127732843036
    2     -0.00000000000000    -0.00000000000000    -0.00127732843036
 frms,max,avg= 7.3746591E-04 1.2773284E-03   0.000E+00  0.000E+00  0.000E+00 e/A
 length scales=  9.800000000000  4.900000000000  4.900000000000 bohr
              =  5.185936644182  2.592968322091  2.592968322091 angstroms
 prteigrs : about to open file t97o_DS2_EIG
 Fermi (or HOMO) energy (hartree) =   0.04834   Average Vxc (hartree)=  -0.25552
 Eigenvalues (hartree) for nkpt=   4  k points:
 kpt#   1, nband= 12, wtk=  0.25000, kpt=  0.2500  0.1250  0.1250 (reduced coord)
  -0.06119    0.00772    0.19869    0.40900    0.40900    0.49640    0.53747    0.59614
   0.72257    0.75052    0.82400    0.82401
      occupation numbers for kpt#   1
   1.99989    1.84900    0.00000    0.00000    0.00000    0.00000    0.00000    0.00000
   0.00000    0.00000    0.00000    0.00000
 prteigrs : prtvol=0 or 1, do not print more k-points.


--------------------------------------------------------------------------------
 Components of total free energy (in Hartree) :

    Kinetic energy  =  3.15233492685803E-01
    Hartree energy  =  1.22888447772503E-03
    XC energy       = -4.63216786749073E-01
    Ewald energy    = -5.79040435592483E-01
    PspCore energy  = -3.01639400002893E-02
    Loc. psp. energy=  7.76079685305317E-02
    NL   psp  energy=  1.03647377468698E-01
    >>>>> Internal E= -5.74703439179087E-01

    -kT*entropy     = -1.20768035975560E-02
    >>>>>>>>> Etotal= -5.86780242776643E-01

 Other information on the energy :
    Total energy(eV)= -1.59671024276592E+01 ; Band energy (Ha)=  -9.8052561081E-03
--------------------------------------------------------------------------------

 Cartesian components of stress tensor (hartree/bohr^3)
  sigma(1 1)= -6.23991841E-05  sigma(3 2)=  0.00000000E+00
  sigma(2 2)= -6.24014168E-05  sigma(3 1)=  0.00000000E+00
  sigma(3 3)= -6.24067373E-05  sigma(2 1)=  0.00000000E+00

-Cartesian components of stress tensor (GPa)         [Pressure=  1.8359E+00 GPa]
- sigma(1 1)= -1.83584707E+00  sigma(3 2)=  0.00000000E+00
- sigma(2 2)= -1.83591276E+00  sigma(3 1)=  0.00000000E+00
- sigma(3 3)= -1.83606929E+00  sigma(2 1)=  0.00000000E+00

== END DATASET(S) ==============================================================
================================================================================
  
 -outvars: echo values of variables after computation  --------
            acell      9.8000000000E+00  4.9000000000E+00  4.9000000000E+00 Bohr
              amu      6.94100000E+00
          dilatmx      1.10000000E+00
             ecut      5.00000000E+00 Hartree
           ecutsm      1.00000000E+00 Hartree
           etotal1    -5.8678012106E-01
           etotal2    -5.8678024278E-01
            fcart1    -0.0000000000E+00 -0.0000000000E+00 -0.0000000000E+00
                      -0.0000000000E+00 -0.0000000000E+00 -0.0000000000E+00
            fcart2    -0.0000000000E+00 -0.0000000000E+00  2.4840085190E-05
                      -0.0000000000E+00 -0.0000000000E+00 -2.4840085190E-05
-          fftalg         312
           getwfk1          0
           getwfk2          1
           jdtset        1    2
              kpt1     2.50000000E-01  1.25000000E-01  1.25000000E-01
                       2.50000000E-01  3.75000000E-01  1.25000000E-01
                       2.50000000E-01  3.75000000E-01  3.75000000E-01
              kpt2     2.50000000E-01  1.25000000E-01  1.25000000E-01
                       2.50000000E-01  3.75000000E-01  1.25000000E-01
                       2.50000000E-01  1.25000000E-01  3.75000000E-01
                       2.50000000E-01  3.75000000E-01  3.75000000E-01
         kptrlatt        2    0    0      0    4    0      0    0    4
          kptrlen      1.96000000E+01
P           mkmem1          3
P           mkmem2          4
            natom           2
            nband1         12
            nband2         12
           ndtset           2
            ngfft          24      12      12
             nkpt1          3
             nkpt2          4
            nstep          20
             nsym1         32
             nsym2          8
           ntypat           1
              occ1     1.999892  1.849002  0.000000  0.000000  0.000000  0.000000
                       0.000000  0.000000  0.000000  0.000000  0.000000  0.000000
                       1.849002  0.151031  0.000000  0.000000  0.000000  0.000000
                       0.000000  0.000000  0.000000  0.000000  0.000000  0.000000
                       0.151031  0.000010  0.000000  0.000000  0.000000  0.000000
                       0.000000  0.000000  0.000000  0.000000  0.000000  0.000000
              occ2     1.999892  1.849001  0.000000  0.000000  0.000000  0.000000
                       0.000000  0.000000  0.000000  0.000000  0.000000  0.000000
                       1.849001  0.151030  0.000000  0.000000  0.000000  0.000000
                       0.000000  0.000000  0.000000  0.000000  0.000000  0.000000
                       1.849000  0.151036  0.000000  0.000000  0.000000  0.000000
                       0.000000  0.000000  0.000000  0.000000  0.000000  0.000000
                       0.151030  0.000010  0.000000  0.000000  0.000000  0.000000
                       0.000000  0.000000  0.000000  0.000000  0.000000  0.000000
           occopt           7
           shiftk      5.00000000E-01  5.00000000E-01  5.00000000E-01
          spgroup1          0
          spgroup2         51
           strten1    -6.2402006002E-05 -6.2402006056E-05 -6.2402006056E-05
                       0.0000000000E+00  0.0000000000E+00  0.0000000000E+00
           strten2    -6.2399184078E-05 -6.2401416849E-05 -6.2406737343E-05
                       0.0000000000E+00  0.0000000000E+00  0.0000000000E+00
           symafm1       1    1    1    1    1    1    1    1    1    1
                         1    1    1    1    1    1    1    1    1    1
                         1    1    1    1    1    1    1    1    1    1
                         1    1
           symafm2       1    1    1    1    1    1    1    1
           symrel1     1  0  0   0  1  0   0  0  1       1  0  0   0  1  0   0  0  1
                      -1  0  0   0 -1  0   0  0 -1      -1  0  0   0 -1  0   0  0 -1
                      -1  0  0   0 -1  0   0  0  1      -1  0  0   0 -1  0   0  0  1
                       1  0  0   0  1  0   0  0 -1       1  0  0   0  1  0   0  0 -1
                       1  0  0   0 -1  0   0  0 -1       1  0  0   0 -1  0   0  0 -1
                      -1  0  0   0  1  0   0  0  1      -1  0  0   0  1  0   0  0  1
                      -1  0  0   0  1  0   0  0 -1      -1  0  0   0  1  0   0  0 -1
                       1  0  0   0 -1  0   0  0  1       1  0  0   0 -1  0   0  0  1
                       1  0  0   0  0  1   0  1  0       1  0  0   0  0  1   0  1  0
                      -1  0  0   0  0 -1   0 -1  0      -1  0  0   0  0 -1   0 -1  0
                      -1  0  0   0  0 -1   0  1  0      -1  0  0   0  0 -1   0  1  0
                       1  0  0   0  0  1   0 -1  0       1  0  0   0  0  1   0 -1  0
                       1  0  0   0  0 -1   0 -1  0       1  0  0   0  0 -1   0 -1  0
                      -1  0  0   0  0  1   0  1  0      -1  0  0   0  0  1   0  1  0
                      -1  0  0   0  0  1   0 -1  0      -1  0  0   0  0  1   0 -1  0
                       1  0  0   0  0 -1   0  1  0       1  0  0   0  0 -1   0  1  0
           symrel2     1  0  0   0  1  0   0  0  1      -1  0  0   0 -1  0   0  0 -1
                      -1  0  0   0 -1  0   0  0  1       1  0  0   0  1  0   0  0 -1
                       1  0  0   0 -1  0   0  0 -1      -1  0  0   0  1  0   0  0  1
                      -1  0  0   0  1  0   0  0 -1       1  0  0   0 -1  0   0  0  1
            tnons1     0.0000000  0.0000000  0.0000000     0.5000000  0.0000000  0.0000000
                       0.0000000  0.0000000  0.0000000     0.5000000  0.0000000  0.0000000
                       0.0000000  0.0000000  0.0000000     0.5000000  0.0000000  0.0000000
                       0.0000000  0.0000000  0.0000000     0.5000000  0.0000000  0.0000000
                       0.0000000  0.0000000  0.0000000     0.5000000  0.0000000  0.0000000
                       0.0000000  0.0000000  0.0000000     0.5000000  0.0000000  0.0000000
                       0.0000000  0.0000000  0.0000000     0.5000000  0.0000000  0.0000000
                       0.0000000  0.0000000  0.0000000     0.5000000  0.0000000  0.0000000
                       0.0000000  0.0000000  0.0000000     0.5000000  0.0000000  0.0000000
                       0.0000000  0.0000000  0.0000000     0.5000000  0.0000000  0.0000000
                       0.0000000  0.0000000  0.0000000     0.5000000  0.0000000  0.0000000
                       0.0000000  0.0000000  0.0000000     0.5000000  0.0000000  0.0000000
                       0.0000000  0.0000000  0.0000000     0.5000000  0.0000000  0.0000000
                       0.0000000  0.0000000  0.0000000     0.5000000  0.0000000  0.0000000
                       0.0000000  0.0000000  0.0000000     0.5000000  0.0000000  0.0000000
                       0.0000000  0.0000000  0.0000000     0.5000000  0.0000000  0.0000000
            tnons2     0.0000000  0.0000000  0.0000000     0.5000000  0.0000000  0.0000000
                       0.0000000  0.0000000  0.0000000     0.5000000  0.0000000  0.0000000
                       0.5000000  0.0000000  0.0000000     0.0000000  0.0000000  0.0000000
                       0.5000000  0.0000000  0.0000000     0.0000000  0.0000000  0.0000000
           tolvrs      1.00000000E-16
           tsmear      4.00000000E-02 Hartree
            typat      1  1
              wtk1       0.25000    0.50000    0.25000
              wtk2       0.25000    0.25000    0.25000    0.25000
           xangst1     0.0000000000E+00  0.0000000000E+00  0.0000000000E+00
                       2.5929683221E+00  0.0000000000E+00  0.0000000000E+00
           xangst2     0.0000000000E+00  0.0000000000E+00  2.5929683221E-03
                       2.5929683221E+00  0.0000000000E+00 -2.5929683221E-03
            xcart1     0.0000000000E+00  0.0000000000E+00  0.0000000000E+00
                       4.9000000000E+00  0.0000000000E+00  0.0000000000E+00
            xcart2     0.0000000000E+00  0.0000000000E+00  4.9000000000E-03
                       4.9000000000E+00  0.0000000000E+00 -4.9000000000E-03
             xred1     0.0000000000E+00  0.0000000000E+00  0.0000000000E+00
                       5.0000000000E-01  0.0000000000E+00  0.0000000000E+00
             xred2     0.0000000000E+00  0.0000000000E+00  1.0000000000E-03
                       5.0000000000E-01  0.0000000000E+00 -1.0000000000E-03
            znucl        3.00000

================================================================================


- Timing analysis has been suppressed with timopt=0



================================================================================

 Suggested references for the acknowledgment of ABINIT usage.

 The users of ABINIT have little formal obligations with respect to the ABINIT group
 (those specified in the GNU General Public License, http://www.gnu.org/copyleft/gpl.txt).
 However, it is common practice in the scientific literature,
 to acknowledge the efforts of people that have made the research possible.
 In this spirit, please find below suggested citations of work written by ABINIT developers,
 corresponding to implementations inside of ABINIT that you have used in the present run.
 Note also that it will be of great value to readers of publications presenting these results,
 to read papers enabling them to understand the theoretical formalism and details
 of the ABINIT implementation.
 For information on why they are suggested, see also https://docs.abinit.org/theory/acknowledgments.
-
- [1] ABINIT : First-principles approach of materials and nanosystem properties.
- X. Gonze, B. Amadon, P.-M. Anglade, J.-M. Beuken, F. Bottin, P. Boulanger, F. Bruneval,
- D. Caliste, R. Caracas, M. Cote, T. Deutsch, L. Genovese, Ph. Ghosez, M. Giantomassi
- S. Goedecker, D.R. Hamann, P. Hermet, F. Jollet, G. Jomard, S. Leroux, M. Mancini, S. Mazevet,
- M.J.T. Oliveira, G. Onida, Y. Pouillon, T. Rangel, G.-M. Rignanese, D. Sangalli, R. Shaltaf,
- M. Torrent, M.J. Verstraete, G. Zerah, J.W. Zwanziger
- Computer Phys. Comm. 180, 2582-2615 (2009).
- Comment : the third generic paper describing the ABINIT project.
- Note that a version of this paper, that is not formatted for Computer Phys. Comm. 
- is available at https://www.abinit.org/about/ABINIT_CPC_v10.pdf .
- The licence allows the authors to put it on the Web.
-
- [2] A brief introduction to the ABINIT software package.
- X. Gonze, G.-M. Rignanese, M. Verstraete, J.-M. Beuken, Y. Pouillon, R. Caracas, F. Jollet,
- M. Torrent, G. Zerah, M. Mikami, Ph. Ghosez, M. Veithen, J.-Y. Raty, V. Olevano, F. Bruneval,
- L. Reining, R. Godby, G. Onida, D.R. Hamann, and D.C. Allan.
- Z. Kristallogr. 220, 558-562 (2005).
- Comment : the second generic paper describing the ABINIT project. Note that this paper
- should be cited especially if you are using the GW part of ABINIT, as several authors
- of this part are not in the list of authors of the first or third paper.
- The .pdf of the latter paper is available at https://www.abinit.org/about/zfk_0505-06_558-562.pdf.
- Note that it should not redistributed (Copyright by Oldenburg Wissenshaftverlag,
- the licence allows the authors to put it on the Web).
-
- And optionally:
-
- [3] First-principles computation of material properties : the ABINIT software project. 
- X. Gonze, J.-M. Beuken, R. Caracas, F. Detraux, M. Fuchs, G.-M. Rignanese, L. Sindic,
- M. Verstraete, G. Zerah, F. Jollet, M. Torrent, A. Roy, M. Mikami, Ph. Ghosez, J.-Y. Raty, D.C. Allan.
- Computational Materials Science 25, 478-492 (2002). http://dx.doi.org/10.1016/S0927-0256(02)00325-7
- Comment : the original paper describing the ABINIT project.
-
- [4] Fast radix 2, 3, 4 and 5 kernels for Fast Fourier Transformations
- on computers with overlapping multiply-add instructions.
- S. Goedecker, SIAM J. on Scientific Computing 18, 1605 (1997).
-
- Proc.   0 individual time (sec): cpu=          1.3  wall=          1.3

================================================================================

 Calculation completed.
.Delivered   3 WARNINGs and   7 COMMENTs to log file.
+Overall time at end (sec) : cpu=          1.3  wall=          1.3
