
.Version 8.0.3 of ABINIT 
.(MPI version, prepared for a x86_64_linux_gnu5.3 computer) 

.Copyright (C) 1998-2018 ABINIT group . 
 ABINIT comes with ABSOLUTELY NO WARRANTY.
 It is free software, and you are welcome to redistribute it
 under certain conditions (GNU General Public License,
 see ~abinit/COPYING or http://www.gnu.org/copyleft/gpl.txt).

 ABINIT is a project of the Universite Catholique de Louvain,
 Corning Inc. and other collaborators, see ~abinit/doc/developers/contributors.txt .
 Please read ~abinit/doc/users/acknowledgments.html for suggested
 acknowledgments of the ABINIT effort.
 For more information, see https://www.abinit.org .

.Starting date : Mon  4 Apr 2016.
- ( at 09h40 )
  
- input  file    -> tbase4_5.in
- output file    -> tbase4_5.out
- root for input  files -> tbase4_5i
- root for output files -> tbase4_5o


 Symmetries : space group P4/m m m (#123); Bravais tP (primitive tetrag.)
================================================================================
 Values of the parameters that define the memory need of the present run
     intxc =       0    ionmov =       2      iscf =       7    lmnmax =       3
     lnmax =       3     mgfft =      36  mpssoang =       3    mqgrid =    3001
     natom =       3  nloc_mem =       1    nspden =       1   nspinor =       1
    nsppol =       1      nsym =      16    n1xccc =       0    ntypat =       1
    occopt =       4   xclevel =       1
-    mband =           7        mffmem =           1         mkmem =           6
       mpw =         300          nfft =        5184          nkpt =           6
================================================================================
P This job should need less than                       2.943 Mbytes of memory.
  Rough estimation (10% accuracy) of disk space for files :
_ WF disk file :      0.194 Mbytes ; DEN or POT disk file :      0.042 Mbytes.
================================================================================

--------------------------------------------------------------------------------
------------- Echo of variables that govern the present computation ------------
--------------------------------------------------------------------------------
-
- outvars: echo of selected default values                                      
-   accesswff0 =  0 , fftalg0 =312 , wfoptalg0 =  0
-
- outvars: echo of global parameters not present in the input file              
-  max_nthreads =    0
-
 -outvars: echo values of preprocessed input variables --------
            acell      7.5055909000E+00  7.5055909000E+00  7.5055909000E+00 Bohr
              amu      2.69815390E+01
             ecut      6.00000000E+00 Hartree
-          fftalg         312
           ionmov           2
              kpt     -1.25000000E-01  0.00000000E+00  0.00000000E+00
                      -3.75000000E-01  0.00000000E+00  0.00000000E+00
                      -2.50000000E-01  1.25000000E-01  0.00000000E+00
                       5.00000000E-01  1.25000000E-01  0.00000000E+00
                      -3.75000000E-01  2.50000000E-01  0.00000000E+00
                       5.00000000E-01  3.75000000E-01  0.00000000E+00
         kptrlatt        4    4    0     -4    4    0      0    0    1
          kptrlen      1.50111818E+01
P           mkmem           6
            natom           3
            nband           7
            ngfft          12      12      36
             nkpt           6
            nstep          10
             nsym          16
            ntime          10
           ntypat           1
              occ      2.000000  2.000000  2.000000  2.000000  1.000000  0.000000
                       0.000000
                       2.000000  2.000000  2.000000  2.000000  1.000000  0.000000
                       0.000000
                       2.000000  2.000000  2.000000  2.000000  1.000000  0.000000
                       0.000000
                       2.000000  2.000000  2.000000  2.000000  1.000000  0.000000
                       0.000000
                       2.000000  2.000000  2.000000  2.000000  1.000000  0.000000
                       0.000000
                       2.000000  2.000000  2.000000  2.000000  1.000000  0.000000
                       0.000000
           occopt           4
        optforces           1
            rprim      5.0000000000E-01 -5.0000000000E-01  0.0000000000E+00
                       5.0000000000E-01  5.0000000000E-01  0.0000000000E+00
                       0.0000000000E+00  0.0000000000E+00  2.0000000000E+00
           shiftk      5.00000000E-01  5.00000000E-01  0.00000000E+00
          spgroup         123
           symrel      1  0  0   0  1  0   0  0  1      -1  0  0   0 -1  0   0  0 -1
                      -1  0  0   0  1  0   0  0 -1       1  0  0   0 -1  0   0  0  1
                      -1  0  0   0 -1  0   0  0  1       1  0  0   0  1  0   0  0 -1
                       1  0  0   0 -1  0   0  0 -1      -1  0  0   0  1  0   0  0  1
                       0  1  0   1  0  0   0  0  1       0 -1  0  -1  0  0   0  0 -1
                       0 -1  0   1  0  0   0  0 -1       0  1  0  -1  0  0   0  0  1
                       0 -1  0  -1  0  0   0  0  1       0  1  0   1  0  0   0  0 -1
                       0  1  0  -1  0  0   0  0 -1       0 -1  0   1  0  0   0  0  1
            tnons      0.0000000  0.0000000  0.0000000     0.0000000  0.0000000  0.5000000
                       0.0000000  0.0000000  0.5000000     0.0000000  0.0000000  0.0000000
                       0.0000000  0.0000000  0.0000000     0.0000000  0.0000000  0.5000000
                       0.0000000  0.0000000  0.5000000     0.0000000  0.0000000  0.0000000
                       0.0000000  0.0000000  0.0000000     0.0000000  0.0000000  0.5000000
                       0.0000000  0.0000000  0.5000000     0.0000000  0.0000000  0.0000000
                       0.0000000  0.0000000  0.0000000     0.0000000  0.0000000  0.5000000
                       0.0000000  0.0000000  0.5000000     0.0000000  0.0000000  0.0000000
           toldff      5.00000000E-05
           tolmxf      5.00000000E-04
           tsmear      4.00000000E-02 Hartree
            typat      1  1  1
              wtk        0.12500    0.12500    0.25000    0.12500    0.25000    0.12500
           xangst      0.0000000000E+00  0.0000000000E+00  0.0000000000E+00
                       1.9858938206E+00 -1.4523384020E-17  1.9858938206E+00
                       0.0000000000E+00  0.0000000000E+00  3.9717876413E+00
            xcart      0.0000000000E+00  0.0000000000E+00  0.0000000000E+00
                       3.7527954500E+00 -2.7445218320E-17  3.7527954500E+00
                       0.0000000000E+00  0.0000000000E+00  7.5055909000E+00
             xred      0.0000000000E+00  0.0000000000E+00  0.0000000000E+00
                       5.0000000000E-01  5.0000000000E-01  2.5000000000E-01
                       0.0000000000E+00  0.0000000000E+00  5.0000000000E-01
            znucl       13.00000

================================================================================

 chkinp: Checking input parameters for consistency.

================================================================================
== DATASET  1 ==================================================================
-   nproc =    1

 Exchange-correlation functional for the present dataset will be:
  LDA: new Teter (4/93) with spin-polarized option - ixc=1
 Citation for XC functional:
  S. Goedecker, M. Teter, J. Huetter, PRB 54, 1703 (1996)

 Real(R)+Recip(G) space primitive vectors, cartesian coordinates (Bohr,Bohr^-1):
 R(1)=  3.7527955 -3.7527954  0.0000000  G(1)=  0.1332340 -0.1332340  0.0000000
 R(2)=  3.7527955  3.7527955  0.0000000  G(2)=  0.1332340  0.1332340  0.0000000
 R(3)=  0.0000000  0.0000000 15.0111818  G(3)=  0.0000000  0.0000000  0.0666170
 Unit cell volume ucvol=  4.2281917E+02 bohr^3
 Angles (23,13,12)=  9.00000000E+01  9.00000000E+01  9.00000000E+01 degrees

 getcut: wavevector=  0.0000  0.0000  0.0000  ngfft=  12  12  36
         ecut(hartree)=      6.000   => boxcut(ratio)=   2.05055

--- Pseudopotential description ------------------------------------------------
- pspini: atom type   1  psp file is /home/gonze/ABINIT/ABINITv8.0.3/gonze/8.0.3-private/tests/Psps_for_tests/13al.981214.fhi
- pspatm: opening atomic psp file    /home/gonze/ABINIT/ABINITv8.0.3/gonze/8.0.3-private/tests/Psps_for_tests/13al.981214.fhi
- Aluminum, fhi98PP : Hamann-type, LDA CA PerdewWang, l=2 local
- 13.00000   3.00000    981214                znucl, zion, pspdat
    6    7    2    2       493   0.00000      pspcod,pspxc,lmax,lloc,mmax,r2well
  No XC core correction.
  1.024700          amesh (Hamman grid)
 pspatm : epsatm=    1.36305739
         --- l  ekb(1:nproj) -->
             0    1.768744
             1    0.900554
 pspatm: atomic psp has been read  and splines computed

   3.68025494E+01                                ecore*ucvol(ha*bohr**3)
--------------------------------------------------------------------------------

_setup2: Arith. and geom. avg. npw (full set) are     294.000     293.954

================================================================================

=== [ionmov= 2] Broyden-Fletcher-Goldfard-Shanno method (forces)            
================================================================================

--- Iteration: ( 1/10) Internal Cycle: (1/1)
--------------------------------------------------------------------------------

---SELF-CONSISTENT-FIELD CONVERGENCE--------------------------------------------

     iter   Etot(hartree)      deltaE(h)  residm     vres2    diffor    maxfor
 ETOT  1  -6.2045257341785    -6.205E+00 2.151E-03 1.072E+02 6.651E-03 6.651E-03
 ETOT  2  -6.2611659199258    -5.664E-02 3.318E-05 5.681E-01 9.912E-03 3.262E-03
 ETOT  3  -6.2617713938804    -6.055E-04 1.675E-05 4.177E-01 4.978E-04 2.764E-03
 ETOT  4  -6.2619694610442    -1.981E-04 2.044E-05 8.805E-03 6.289E-05 2.827E-03
 ETOT  5  -6.2619738260174    -4.365E-06 5.436E-07 9.053E-05 4.788E-05 2.779E-03
 ETOT  6  -6.2619738807343    -5.472E-08 2.659E-06 7.564E-07 1.936E-06 2.781E-03

 At SCF step    6, forces are converged : 
  for the second time, max diff in force=  1.936E-06 < toldff=  5.000E-05

 Cartesian components of stress tensor (hartree/bohr^3)
  sigma(1 1)=  3.52702368E-05  sigma(3 2)=  0.00000000E+00
  sigma(2 2)=  3.52702368E-05  sigma(3 1)=  0.00000000E+00
  sigma(3 3)=  2.65832618E-04  sigma(2 1)=  0.00000000E+00

 Integrated electronic density in atomic spheres:
 ------------------------------------------------
 Atom  Sphere_radius  Integrated_density
    1        2.00000          0.87049146
    2        2.00000          0.90265651
    3        2.00000          0.87049146

---OUTPUT-----------------------------------------------------------------------

 Cartesian coordinates (xcart) [bohr]
  0.00000000000000E+00  0.00000000000000E+00  0.00000000000000E+00
  3.75279545000000E+00 -2.74452183202101E-17  3.75279545000000E+00
  0.00000000000000E+00  0.00000000000000E+00  7.50559090000000E+00
 Reduced coordinates (xred)
  0.00000000000000E+00  0.00000000000000E+00  0.00000000000000E+00
  5.00000000000000E-01  5.00000000000000E-01  2.50000000000000E-01
  0.00000000000000E+00  0.00000000000000E+00  5.00000000000000E-01
 Cartesian forces (fcart) [Ha/bohr]; max,rms= 2.78079E-03 1.31088E-03 (free atoms)
 -0.00000000000000E+00 -0.00000000000000E+00 -2.78079347121490E-03
 -0.00000000000000E+00 -0.00000000000000E+00 -0.00000000000000E+00
 -0.00000000000000E+00 -0.00000000000000E+00  2.78079347121490E-03
 Reduced forces (fred)
  0.00000000000000E+00  0.00000000000000E+00  4.17429963446599E-02
  0.00000000000000E+00  0.00000000000000E+00  0.00000000000000E+00
  0.00000000000000E+00  0.00000000000000E+00 -4.17429963446599E-02
 Total energy (etotal) [Ha]= -6.26197388073434E+00

--- Iteration: ( 2/10) Internal Cycle: (1/1)
--------------------------------------------------------------------------------

---SELF-CONSISTENT-FIELD CONVERGENCE--------------------------------------------

     iter   Etot(hartree)      deltaE(h)  residm     vres2    diffor    maxfor
 ETOT  1  -6.2619889447019    -6.262E+00 7.262E-07 2.390E-04 9.166E-05 2.689E-03
 ETOT  2  -6.2619891055997    -1.609E-07 1.745E-07 2.081E-05 2.190E-06 2.691E-03
 ETOT  3  -6.2619891169149    -1.132E-08 7.931E-09 7.497E-08 2.894E-06 2.694E-03

 At SCF step    3, forces are converged : 
  for the second time, max diff in force=  2.894E-06 < toldff=  5.000E-05

 Cartesian components of stress tensor (hartree/bohr^3)
  sigma(1 1)=  3.60832010E-05  sigma(3 2)=  0.00000000E+00
  sigma(2 2)=  3.60832010E-05  sigma(3 1)=  0.00000000E+00
  sigma(3 3)=  2.67189730E-04  sigma(2 1)=  0.00000000E+00

 Integrated electronic density in atomic spheres:
 ------------------------------------------------
 Atom  Sphere_radius  Integrated_density
    1        2.00000          0.87055007
    2        2.00000          0.90227887
    3        2.00000          0.87055007

---OUTPUT-----------------------------------------------------------------------

 Cartesian coordinates (xcart) [bohr]
  0.00000000000000E+00  0.00000000000000E+00 -2.78079347121490E-03
  3.75279545000000E+00 -2.74452183202101E-17  3.75279545000000E+00
  0.00000000000000E+00  0.00000000000000E+00  7.50837169347121E+00
 Reduced coordinates (xred)
  0.00000000000000E+00  0.00000000000000E+00 -1.85248137572679E-04
  5.00000000000000E-01  5.00000000000000E-01  2.50000000000000E-01
  0.00000000000000E+00  0.00000000000000E+00  5.00185248137573E-01
 Cartesian forces (fcart) [Ha/bohr]; max,rms= 2.69421E-03 1.27007E-03 (free atoms)
 -0.00000000000000E+00 -0.00000000000000E+00 -2.69421482980057E-03
 -0.00000000000000E+00 -0.00000000000000E+00 -0.00000000000000E+00
 -0.00000000000000E+00 -0.00000000000000E+00  2.69421482980057E-03
 Reduced forces (fred)
  0.00000000000000E+00  0.00000000000000E+00  4.04433486183924E-02
  0.00000000000000E+00  0.00000000000000E+00  0.00000000000000E+00
  0.00000000000000E+00  0.00000000000000E+00 -4.04433486183924E-02
 Total energy (etotal) [Ha]= -6.26198911691487E+00

 Difference of energy with previous step (new-old):
           Absolute (Ha)=-1.52362E-05
           Relative     =-2.43312E-06

--- Iteration: ( 3/10) Internal Cycle: (1/1)
--------------------------------------------------------------------------------

---SELF-CONSISTENT-FIELD CONVERGENCE--------------------------------------------

     iter   Etot(hartree)      deltaE(h)  residm     vres2    diffor    maxfor
 ETOT  1  -6.2620668728779    -6.262E+00 2.574E-07 2.433E-01 2.811E-03 1.170E-04
 ETOT  2  -6.2622157598864    -1.489E-04 1.734E-08 1.700E-02 8.930E-05 2.771E-05
 ETOT  3  -6.2622250014076    -9.242E-06 8.916E-08 7.206E-05 7.669E-05 4.899E-05
 ETOT  4  -6.2622250701664    -6.876E-08 1.040E-09 4.981E-06 2.693E-06 5.168E-05
 ETOT  5  -6.2622250726286    -2.462E-09 3.904E-11 2.294E-07 4.079E-07 5.209E-05

 At SCF step    5, forces are converged : 
  for the second time, max diff in force=  4.079E-07 < toldff=  5.000E-05

 Cartesian components of stress tensor (hartree/bohr^3)
  sigma(1 1)=  5.87254725E-05  sigma(3 2)=  0.00000000E+00
  sigma(2 2)=  5.87254725E-05  sigma(3 1)=  0.00000000E+00
  sigma(3 3)=  3.11557837E-04  sigma(2 1)=  0.00000000E+00

 Integrated electronic density in atomic spheres:
 ------------------------------------------------
 Atom  Sphere_radius  Integrated_density
    1        2.00000          0.88832202
    2        2.00000          0.89107435
    3        2.00000          0.88832202

---OUTPUT-----------------------------------------------------------------------

 Cartesian coordinates (xcart) [bohr]
  0.00000000000000E+00  0.00000000000000E+00 -8.93154732302309E-02
  3.75279545000000E+00 -2.74452183202101E-17  3.75279545000000E+00
  0.00000000000000E+00  0.00000000000000E+00  7.59490637323024E+00
 Reduced coordinates (xred)
  0.00000000000000E+00  0.00000000000000E+00 -5.94992948724602E-03
  5.00000000000000E-01  5.00000000000000E-01  2.50000000000000E-01
  0.00000000000000E+00  0.00000000000000E+00  5.05949929487247E-01
 Cartesian forces (fcart) [Ha/bohr]; max,rms= 5.20881E-05 2.45546E-05 (free atoms)
 -0.00000000000000E+00 -0.00000000000000E+00 -5.20880777975024E-05
 -0.00000000000000E+00 -0.00000000000000E+00 -0.00000000000000E+00
 -0.00000000000000E+00 -0.00000000000000E+00  5.20880777975024E-05
 Reduced forces (fred)
  0.00000000000000E+00  0.00000000000000E+00  7.81903605430853E-04
  0.00000000000000E+00  0.00000000000000E+00  0.00000000000000E+00
  0.00000000000000E+00  0.00000000000000E+00 -7.81903605430853E-04
 Total energy (etotal) [Ha]= -6.26222507262863E+00

 Difference of energy with previous step (new-old):
           Absolute (Ha)=-2.35956E-04
           Relative     =-3.76799E-05

 At Broyd/MD step   3, gradients are converged : 
  max grad (force/stress) = 5.2088E-05 < tolmxf= 5.0000E-04 ha/bohr (free atoms)

================================================================================

 ----iterations are completed or convergence reached----

 Mean square residual over all n,k,spin=   5.4881E-12; max=  3.9039E-11
- nxfh > 0 in outwf is deprecated and will be removed in ABINIT8
 reduced coordinates (array xred) for    3 atoms
       0.000000000000      0.000000000000     -0.005949929487
       0.500000000000      0.500000000000      0.250000000000
       0.000000000000      0.000000000000      0.505949929487
 rms dE/dt=  3.6859E-04; max dE/dt=  7.8190E-04; dE/dt below (all hartree)
    1       0.000000000000      0.000000000000      0.000781903605
    2       0.000000000000      0.000000000000      0.000000000000
    3       0.000000000000      0.000000000000     -0.000781903605

 cartesian coordinates (angstrom) at end:
    1      0.00000000000000     0.00000000000000    -0.04726371280787
    2      1.98589382064025    -0.00000000000000     1.98589382064025
    3      0.00000000000000     0.00000000000000     4.01905135408838

 cartesian forces (hartree/bohr) at end:
    1     -0.00000000000000    -0.00000000000000    -0.00005208807780
    2     -0.00000000000000    -0.00000000000000    -0.00000000000000
    3     -0.00000000000000    -0.00000000000000     0.00005208807780
 frms,max,avg= 2.4554555E-05 5.2088078E-05   0.000E+00  0.000E+00  0.000E+00 h/b

 cartesian forces (eV/Angstrom) at end:
    1     -0.00000000000000    -0.00000000000000    -0.00267847642806
    2     -0.00000000000000    -0.00000000000000    -0.00000000000000
    3     -0.00000000000000    -0.00000000000000     0.00267847642806
 frms,max,avg= 1.2626459E-03 2.6784764E-03   0.000E+00  0.000E+00  0.000E+00 e/A
 length scales=  7.505590900000  7.505590900000  7.505590900000 bohr
              =  3.971787641281  3.971787641281  3.971787641281 angstroms
 prteigrs : about to open file tbase4_5o_EIG
 Fermi (or HOMO) energy (hartree) =   0.18898   Average Vxc (hartree)=  -0.31193
 Eigenvalues (hartree) for nkpt=   6  k points:
 kpt#   1, nband=  7, wtk=  0.12500, kpt= -0.1250  0.0000  0.0000 (reduced coord)
  -0.19299   -0.10479   -0.00963    0.16538    0.23944    0.29526    0.37433
      occupation numbers for kpt#   1
   2.00000    2.00000    2.00000    1.79687    0.00013    0.00067    0.00000
 prteigrs : prtvol=0 or 1, do not print more k-points.


--------------------------------------------------------------------------------
 Components of total free energy (in Hartree) :

    Kinetic energy  =  2.41542775852760E+00
    Hartree energy  =  9.16766302349243E-01
    XC energy       = -2.32254151520953E+00
    Ewald energy    = -6.45275888587112E+00
    PspCore energy  =  8.70408728454554E-02
    Loc. psp. energy= -2.26832676682087E+00
    NL   psp  energy=  1.36366221775760E+00
    >>>>> Internal E= -6.26073001642162E+00

    -kT*entropy     = -1.49505620700832E-03
    >>>>>>>>> Etotal= -6.26222507262863E+00

 Other information on the energy :
    Total energy(eV)= -1.70403810269014E+02 ; Band energy (Ha)=   3.1895591511E-01
--------------------------------------------------------------------------------
 rms coord change=  2.8048E-03   atom, delta coord (reduced):
     1        0.000000000000      0.000000000000     -0.005949929487
     2        0.000000000000      0.000000000000      0.000000000000
     3        0.000000000000      0.000000000000      0.005949929487

 Cartesian components of stress tensor (hartree/bohr^3)
  sigma(1 1)=  5.87254725E-05  sigma(3 2)=  0.00000000E+00
  sigma(2 2)=  5.87254725E-05  sigma(3 1)=  0.00000000E+00
  sigma(3 3)=  3.11557837E-04  sigma(2 1)=  0.00000000E+00

-Cartesian components of stress tensor (GPa)         [Pressure= -4.2073E+00 GPa]
- sigma(1 1)=  1.72776276E+00  sigma(3 2)=  0.00000000E+00
- sigma(2 2)=  1.72776276E+00  sigma(3 1)=  0.00000000E+00
- sigma(3 3)=  9.16634648E+00  sigma(2 1)=  0.00000000E+00

== END DATASET(S) ==============================================================
================================================================================
  
 -outvars: echo values of variables after computation  --------
            acell      7.5055909000E+00  7.5055909000E+00  7.5055909000E+00 Bohr
              amu      2.69815390E+01
             ecut      6.00000000E+00 Hartree
           etotal     -6.2622250726E+00
            fcart     -0.0000000000E+00 -0.0000000000E+00 -5.2088077798E-05
                      -0.0000000000E+00 -0.0000000000E+00 -0.0000000000E+00
                      -0.0000000000E+00 -0.0000000000E+00  5.2088077798E-05
-          fftalg         312
           ionmov           2
              kpt     -1.25000000E-01  0.00000000E+00  0.00000000E+00
                      -3.75000000E-01  0.00000000E+00  0.00000000E+00
                      -2.50000000E-01  1.25000000E-01  0.00000000E+00
                       5.00000000E-01  1.25000000E-01  0.00000000E+00
                      -3.75000000E-01  2.50000000E-01  0.00000000E+00
                       5.00000000E-01  3.75000000E-01  0.00000000E+00
         kptrlatt        4    4    0     -4    4    0      0    0    1
          kptrlen      1.50111818E+01
P           mkmem           6
            natom           3
            nband           7
            ngfft          12      12      36
             nkpt           6
            nstep          10
             nsym          16
            ntime          10
           ntypat           1
              occ      2.000000  2.000000  2.000000  1.796869  0.000126  0.000675
                       0.000000
                       2.000000  2.000000  2.000100  2.000875  2.140542  0.000032
                       0.001420
                       2.000000  2.000000  2.000001  1.412306  0.307382  0.005258
                       0.002554
                       2.000000  2.000000  2.000170  2.000177  2.141302  1.437214
                       0.000202
                       2.000000  2.000000  2.012020  2.051362  1.251342  0.004830
                       0.003147
                       2.000052  2.000111  2.141288  2.141552  0.061363  0.033330
                       0.002194
           occopt           4
        optforces           1
            rprim      5.0000000000E-01 -5.0000000000E-01  0.0000000000E+00
                       5.0000000000E-01  5.0000000000E-01  0.0000000000E+00
                       0.0000000000E+00  0.0000000000E+00  2.0000000000E+00
           shiftk      5.00000000E-01  5.00000000E-01  0.00000000E+00
          spgroup         123
           strten      5.8725472470E-05  5.8725472470E-05  3.1155783666E-04
                       0.0000000000E+00  0.0000000000E+00  0.0000000000E+00
           symrel      1  0  0   0  1  0   0  0  1      -1  0  0   0 -1  0   0  0 -1
                      -1  0  0   0  1  0   0  0 -1       1  0  0   0 -1  0   0  0  1
                      -1  0  0   0 -1  0   0  0  1       1  0  0   0  1  0   0  0 -1
                       1  0  0   0 -1  0   0  0 -1      -1  0  0   0  1  0   0  0  1
                       0  1  0   1  0  0   0  0  1       0 -1  0  -1  0  0   0  0 -1
                       0 -1  0   1  0  0   0  0 -1       0  1  0  -1  0  0   0  0  1
                       0 -1  0  -1  0  0   0  0  1       0  1  0   1  0  0   0  0 -1
                       0  1  0  -1  0  0   0  0 -1       0 -1  0   1  0  0   0  0  1
            tnons      0.0000000  0.0000000  0.0000000     0.0000000  0.0000000  0.5000000
                       0.0000000  0.0000000  0.5000000     0.0000000  0.0000000  0.0000000
                       0.0000000  0.0000000  0.0000000     0.0000000  0.0000000  0.5000000
                       0.0000000  0.0000000  0.5000000     0.0000000  0.0000000  0.0000000
                       0.0000000  0.0000000  0.0000000     0.0000000  0.0000000  0.5000000
                       0.0000000  0.0000000  0.5000000     0.0000000  0.0000000  0.0000000
                       0.0000000  0.0000000  0.0000000     0.0000000  0.0000000  0.5000000
                       0.0000000  0.0000000  0.5000000     0.0000000  0.0000000  0.0000000
           toldff      5.00000000E-05
           tolmxf      5.00000000E-04
           tsmear      4.00000000E-02 Hartree
            typat      1  1  1
              wtk        0.12500    0.12500    0.25000    0.12500    0.25000    0.12500
           xangst      0.0000000000E+00  0.0000000000E+00 -4.7263712808E-02
                       1.9858938206E+00 -1.4523384020E-17  1.9858938206E+00
                       0.0000000000E+00  0.0000000000E+00  4.0190513541E+00
            xcart      0.0000000000E+00  0.0000000000E+00 -8.9315473230E-02
                       3.7527954500E+00 -2.7445218320E-17  3.7527954500E+00
                       0.0000000000E+00  0.0000000000E+00  7.5949063732E+00
             xred      0.0000000000E+00  0.0000000000E+00 -5.9499294872E-03
                       5.0000000000E-01  5.0000000000E-01  2.5000000000E-01
                       0.0000000000E+00  0.0000000000E+00  5.0594992949E-01
            znucl       13.00000

================================================================================


- Timing analysis has been suppressed with timopt=0



================================================================================

 Suggested references for the acknowledgment of ABINIT usage.

 The users of ABINIT have little formal obligations with respect to the ABINIT group
 (those specified in the GNU General Public License, http://www.gnu.org/copyleft/gpl.txt).
 However, it is common practice in the scientific literature,
 to acknowledge the efforts of people that have made the research possible.
 In this spirit, please find below suggested citations of work written by ABINIT developers,
 corresponding to implementations inside of ABINIT that you have used in the present run.
 Note also that it will be of great value to readers of publications presenting these results,
 to read papers enabling them to understand the theoretical formalism and details
 of the ABINIT implementation.
 For information on why they are suggested, see also https://www.abinit.org/about/?text=acknowledgments.
-
- [1] Ab initio pseudopotentials for electronic structure calculations of poly-atomic systems, 
- using density-functional theory.
- M. Fuchs, M. Scheffler, Comput. Phys. Commun. 119, 67 (1999).
- Comment : Some pseudopotential generated using the FHI code were used.
-
- [2] ABINIT : First-principles approach of materials and nanosystem properties.
- X. Gonze, B. Amadon, P.-M. Anglade, J.-M. Beuken, F. Bottin, P. Boulanger, F. Bruneval,
- D. Caliste, R. Caracas, M. Cote, T. Deutsch, L. Genovese, Ph. Ghosez, M. Giantomassi
- S. Goedecker, D.R. Hamann, P. Hermet, F. Jollet, G. Jomard, S. Leroux, M. Mancini, S. Mazevet,
- M.J.T. Oliveira, G. Onida, Y. Pouillon, T. Rangel, G.-M. Rignanese, D. Sangalli, R. Shaltaf,
- M. Torrent, M.J. Verstraete, G. Zerah, J.W. Zwanziger
- Computer Phys. Comm. 180, 2582-2615 (2009).
- Comment : the third generic paper describing the ABINIT project.
- Note that a version of this paper, that is not formatted for Computer Phys. Comm. 
- is available at https://www.abinit.org/about/ABINIT_CPC_v10.pdf .
- The licence allows the authors to put it on the Web.
-
- [3] A brief introduction to the ABINIT software package.
- X. Gonze, G.-M. Rignanese, M. Verstraete, J.-M. Beuken, Y. Pouillon, R. Caracas, F. Jollet,
- M. Torrent, G. Zerah, M. Mikami, Ph. Ghosez, M. Veithen, J.-Y. Raty, V. Olevano, F. Bruneval,
- L. Reining, R. Godby, G. Onida, D.R. Hamann, and D.C. Allan.
- Z. Kristallogr. 220, 558-562 (2005).
- Comment : the second generic paper describing the ABINIT project. Note that this paper
- should be cited especially if you are using the GW part of ABINIT, as several authors
- of this part are not in the list of authors of the first or third paper.
- The .pdf of the latter paper is available at https://www.abinit.org/about/zfk_0505-06_558-562.pdf.
- Note that it should not redistributed (Copyright by Oldenburg Wissenshaftverlag,
- the licence allows the authors to put it on the Web).
-
- And optionally:
-
- [4] First-principles computation of material properties : the ABINIT software project. 
- X. Gonze, J.-M. Beuken, R. Caracas, F. Detraux, M. Fuchs, G.-M. Rignanese, L. Sindic,
- M. Verstraete, G. Zerah, F. Jollet, M. Torrent, A. Roy, M. Mikami, Ph. Ghosez, J.-Y. Raty, D.C. Allan.
- Computational Materials Science 25, 478-492 (2002). http://dx.doi.org/10.1016/S0927-0256(02)00325-7
- Comment : the original paper describing the ABINIT project.
-
- [5] Fast radix 2, 3, 4 and 5 kernels for Fast Fourier Transformations
- on computers with overlapping multiply-add instructions.
- S. Goedecker, SIAM J. on Scientific Computing 18, 1605 (1997).
-
- Proc.   0 individual time (sec): cpu=          9.6  wall=          1.8

================================================================================

 Calculation completed.
.Delivered   1 WARNINGs and   1 COMMENTs to log file.
+Overall time at end (sec) : cpu=          9.6  wall=          1.8
