
.Version 9.3.1 of ABINIT 
.(MPI version, prepared for a x86_64_linux_gnu9.3 computer) 

.Copyright (C) 1998-2020 ABINIT group . 
 ABINIT comes with ABSOLUTELY NO WARRANTY.
 It is free software, and you are welcome to redistribute it
 under certain conditions (GNU General Public License,
 see ~abinit/COPYING or http://www.gnu.org/copyleft/gpl.txt).

 ABINIT is a project of the Universite Catholique de Louvain,
 Corning Inc. and other collaborators, see ~abinit/doc/developers/contributors.txt .
 Please read https://docs.abinit.org/theory/acknowledgments for suggested
 acknowledgments of the ABINIT effort.
 For more information, see https://www.abinit.org .

.Starting date : Tue 10 Nov 2020.
- ( at 22h21 )
  
- input  file    -> /home/buildbot/ABINIT/alps_gnu_9.3_openmpi/trunk_rel2dev/tests/TestBot_MPI1/tutorial_tbase1_4/tbase1_4.in
- output file    -> tbase1_4.out
- root for input  files -> tbase1_4i
- root for output files -> tbase1_4o


 Symmetries : space group P4/m m m (#123); Bravais tP (primitive tetrag.)
================================================================================
 Values of the parameters that define the memory need of the present run
     intxc =       0    ionmov =       0      iscf =       7    lmnmax =       1
     lnmax =       1     mgfft =      30  mpssoang =       1    mqgrid =    3001
     natom =       2  nloc_mem =       1    nspden =       1   nspinor =       1
    nsppol =       1      nsym =      16    n1xccc =       0    ntypat =       1
    occopt =       1   xclevel =       1
-    mband =           2        mffmem =           1         mkmem =           1
       mpw =         752          nfft =       27000          nkpt =           1
================================================================================
P This job should need less than                       7.808 Mbytes of memory.
  Rough estimation (10% accuracy) of disk space for files :
_ WF disk file :      0.025 Mbytes ; DEN or POT disk file :      0.208 Mbytes.
================================================================================

--------------------------------------------------------------------------------
------------- Echo of variables that govern the present computation ------------
--------------------------------------------------------------------------------
-
- outvars: echo of selected default values                                      
-   iomode0 =  0 , fftalg0 =312 , wfoptalg0 =  0
-
- outvars: echo of global parameters not present in the input file              
-  max_nthreads =    0
-
 -outvars: echo values of preprocessed input variables --------
            acell      1.0000000000E+01  1.0000000000E+01  1.0000000000E+01 Bohr
              amu      1.00794000E+00
           diemac      2.00000000E+00
             ecut      1.00000000E+01 Hartree
-          fftalg         312
           istwfk        2
           kptopt           0
P           mkmem           1
            natom           2
            nband           2
            ngfft          30      30      30
             nkpt           1
            nstep          10
             nsym          16
           ntypat           1
              occ      2.000000  0.000000
          spgroup         123
           symrel      1  0  0   0  1  0   0  0  1      -1  0  0   0 -1  0   0  0 -1
                      -1  0  0   0  1  0   0  0 -1       1  0  0   0 -1  0   0  0  1
                      -1  0  0   0 -1  0   0  0  1       1  0  0   0  1  0   0  0 -1
                       1  0  0   0 -1  0   0  0 -1      -1  0  0   0  1  0   0  0  1
                       1  0  0   0  0  1   0  1  0      -1  0  0   0  0 -1   0 -1  0
                      -1  0  0   0  0  1   0 -1  0       1  0  0   0  0 -1   0  1  0
                      -1  0  0   0  0 -1   0  1  0       1  0  0   0  0  1   0 -1  0
                       1  0  0   0  0 -1   0 -1  0      -1  0  0   0  0  1   0  1  0
           toldfe      1.00000000E-06 Hartree
            typat      1  1
           xangst     -4.0270385574E-01  0.0000000000E+00  0.0000000000E+00
                       4.0270385574E-01  0.0000000000E+00  0.0000000000E+00
            xcart     -7.6100000000E-01  0.0000000000E+00  0.0000000000E+00
                       7.6100000000E-01  0.0000000000E+00  0.0000000000E+00
             xred     -7.6100000000E-02  0.0000000000E+00  0.0000000000E+00
                       7.6100000000E-02  0.0000000000E+00  0.0000000000E+00
            znucl        1.00000

================================================================================

 chkinp: Checking input parameters for consistency.

================================================================================
== DATASET  1 ==================================================================
-   mpi_nproc: 1, omp_nthreads: -1 (-1 if OMP is not activated)


--- !DatasetInfo
iteration_state: {dtset: 1, }
dimensions: {natom: 2, nkpt: 1, mband: 2, nsppol: 1, nspinor: 1, nspden: 1, mpw: 752, }
cutoff_energies: {ecut:  10.0, pawecutdg:  -1.0, }
electrons: {nelect:   2.00000000E+00, charge:   0.00000000E+00, occopt:   1.00000000E+00, tsmear:   1.00000000E-02, }
meta: {optdriver: 0, ionmov: 0, optcell: 0, iscf: 7, paral_kgb: 0, }
...

 Exchange-correlation functional for the present dataset will be:
  LDA: new Teter (4/93) with spin-polarized option - ixc=1
 Citation for XC functional:
  S. Goedecker, M. Teter, J. Huetter, PRB 54, 1703 (1996)

 Real(R)+Recip(G) space primitive vectors, cartesian coordinates (Bohr,Bohr^-1):
 R(1)= 10.0000000  0.0000000  0.0000000  G(1)=  0.1000000  0.0000000  0.0000000
 R(2)=  0.0000000 10.0000000  0.0000000  G(2)=  0.0000000  0.1000000  0.0000000
 R(3)=  0.0000000  0.0000000 10.0000000  G(3)=  0.0000000  0.0000000  0.1000000
 Unit cell volume ucvol=  1.0000000E+03 bohr^3
 Angles (23,13,12)=  9.00000000E+01  9.00000000E+01  9.00000000E+01 degrees

 getcut: wavevector=  0.0000  0.0000  0.0000  ngfft=  30  30  30
         ecut(hartree)=     10.000   => boxcut(ratio)=   2.10744

--- Pseudopotential description ------------------------------------------------
- pspini: atom type   1  psp file is /home/buildbot/ABINIT/alps_gnu_9.3_openmpi/trunk_rel2dev/tests/Psps_for_tests/PseudosGTH_pwteter/01h.pspgth
- pspatm: opening atomic psp file    /home/buildbot/ABINIT/alps_gnu_9.3_openmpi/trunk_rel2dev/tests/Psps_for_tests/PseudosGTH_pwteter/01h.pspgth
- Goedecker-Teter-Hutter  Wed May  8 14:27:44 EDT 1996
-  1.00000   1.00000    960508                znucl, zion, pspdat
    2    1    0    0      2001   0.00000      pspcod,pspxc,lmax,lloc,mmax,r2well
 rloc=   0.2000000
  cc1=  -4.0663326; cc2=   0.6778322; cc3=   0.0000000; cc4=   0.0000000
  rrs=   0.0000000; h1s=   0.0000000; h2s=   0.0000000
  rrp=   0.0000000; h1p=   0.0000000
-  Local part computed in reciprocal space.

 pspatm : COMMENT -
  the projectors are not normalized,
  so that the KB energies are not consistent with 
  definition in PRB44, 8503 (1991). 
  However, this does not influence the results obtained hereafter.
  pspatm : epsatm=   -0.00480358
         --- l  ekb(1:nproj) -->
 pspatm: atomic psp has been read  and splines computed

  -1.92143215E-02                                ecore*ucvol(ha*bohr**3)
--------------------------------------------------------------------------------

_setup2: Arith. and geom. avg. npw (full set) are    1503.000    1503.000

================================================================================

--- !BeginCycle
iteration_state: {dtset: 1, }
solver: {iscf: 7, nstep: 10, nline: 4, wfoptalg: 0, }
tolerances: {toldfe: 1.00E-06, }
...

     iter   Etot(hartree)      deltaE(h)  residm     vres2
 ETOT  1  -1.1040741886596    -1.104E+00 7.168E-04 7.368E+00
 ETOT  2  -1.1058162302137    -1.742E-03 2.144E-08 2.773E-01
 ETOT  3  -1.1058326612037    -1.643E-05 2.746E-08 1.087E-02
 ETOT  4  -1.1058359727176    -3.312E-06 2.632E-07 2.518E-04
 ETOT  5  -1.1058360273953    -5.468E-08 3.364E-09 3.940E-06
 ETOT  6  -1.1058360274535    -5.822E-11 1.401E-13 2.264E-07

 At SCF step    6, etot is converged : 
  for the second time, diff in etot=  5.822E-11 < toldfe=  1.000E-06

 Cartesian components of stress tensor (hartree/bohr^3)
  sigma(1 1)=  4.24802949E-05  sigma(3 2)=  0.00000000E+00
  sigma(2 2)=  3.45816818E-05  sigma(3 1)=  0.00000000E+00
  sigma(3 3)=  3.45816818E-05  sigma(2 1)=  0.00000000E+00


--- !ResultsGS
iteration_state: {dtset: 1, }
comment   : Summary of ground state results
lattice_vectors:
- [ 10.0000000,   0.0000000,   0.0000000, ]
- [  0.0000000,  10.0000000,   0.0000000, ]
- [  0.0000000,   0.0000000,  10.0000000, ]
lattice_lengths: [  10.00000,   10.00000,   10.00000, ]
lattice_angles: [ 90.000,  90.000,  90.000, ] # degrees, (23, 13, 12)
lattice_volume:   1.0000000E+03
convergence: {deltae: -5.822E-11, res2:  2.264E-07, residm:  1.401E-13, diffor: null, }
etotal    :  -1.10583603E+00
entropy   :   0.00000000E+00
fermie    :  -3.55157571E-01
cartesian_stress_tensor: # hartree/bohr^3
- [  4.24802949E-05,   0.00000000E+00,   0.00000000E+00, ]
- [  0.00000000E+00,   3.45816818E-05,   0.00000000E+00, ]
- [  0.00000000E+00,   0.00000000E+00,   3.45816818E-05, ]
pressure_GPa:  -1.0949E+00
xred      :
- [ -7.6100E-02,   0.0000E+00,   0.0000E+00,  H]
- [  7.6100E-02,   0.0000E+00,   0.0000E+00,  H]
cartesian_forces: # hartree/bohr
- [  2.26773225E-04,  -0.00000000E+00,  -0.00000000E+00, ]
- [ -2.26773225E-04,  -0.00000000E+00,  -0.00000000E+00, ]
force_length_stats: {min:   2.26773225E-04, max:   2.26773225E-04, mean:   2.26773225E-04, }
...

 Integrated electronic density in atomic spheres:
 ------------------------------------------------
 Atom  Sphere_radius  Integrated_density
    1        2.00000          1.38800273
    2        2.00000          1.38800273
================================================================================

 ----iterations are completed or convergence reached----

 Mean square residual over all n,k,spin=   10.099E-14; max=  14.012E-14
 reduced coordinates (array xred) for    2 atoms
      -0.076100000000      0.000000000000      0.000000000000
       0.076100000000      0.000000000000      0.000000000000
 rms dE/dt=  1.3093E-03; max dE/dt=  2.2677E-03; dE/dt below (all hartree)
    1      -0.002267732254      0.000000000000      0.000000000000
    2       0.002267732254      0.000000000000      0.000000000000

 cartesian coordinates (angstrom) at end:
    1     -0.40270385573699     0.00000000000000     0.00000000000000
    2      0.40270385573699     0.00000000000000     0.00000000000000

 cartesian forces (hartree/bohr) at end:
    1      0.00022677322540    -0.00000000000000    -0.00000000000000
    2     -0.00022677322540    -0.00000000000000    -0.00000000000000
 frms,max,avg= 1.3092758E-04 2.2677323E-04   0.000E+00  0.000E+00  0.000E+00 h/b

 cartesian forces (eV/Angstrom) at end:
    1      0.01166114712705    -0.00000000000000    -0.00000000000000
    2     -0.01166114712705    -0.00000000000000    -0.00000000000000
 frms,max,avg= 6.7325664E-03 1.1661147E-02   0.000E+00  0.000E+00  0.000E+00 e/A
 length scales= 10.000000000000 10.000000000000 10.000000000000 bohr
              =  5.291772085900  5.291772085900  5.291772085900 angstroms
 prteigrs : about to open file tbase1_4o_EIG
 Fermi (or HOMO) energy (hartree) =  -0.35516   Average Vxc (hartree)=  -0.07656
 Eigenvalues (hartree) for nkpt=   1  k points:
 kpt#   1, nband=  2, wtk=  1.00000, kpt=  0.0000  0.0000  0.0000 (reduced coord)
  -0.35516   -0.01383

--- !EnergyTerms
iteration_state     : {dtset: 1, }
comment             : Components of total free energy in Hartree
kinetic             :  9.49789530043816E-01
hartree             :  6.78457634131898E-01
xc                  : -6.16465297243692E-01
Ewald energy        :  9.45899579776973E-02
psp_core            : -1.92143215271889E-05
local_psp           : -2.21218863804169E+00
non_local_psp       :  0.00000000000000E+00
total_energy        : -1.10583602745350E+00
total_energy_eV     : -3.00913286292547E+01
band_energy         : -7.10315141317023E-01
...


 Cartesian components of stress tensor (hartree/bohr^3)
  sigma(1 1)=  4.24802949E-05  sigma(3 2)=  0.00000000E+00
  sigma(2 2)=  3.45816818E-05  sigma(3 1)=  0.00000000E+00
  sigma(3 3)=  3.45816818E-05  sigma(2 1)=  0.00000000E+00

-Cartesian components of stress tensor (GPa)         [Pressure= -1.0949E+00 GPa]
- sigma(1 1)=  1.24981321E+00  sigma(3 2)=  0.00000000E+00
- sigma(2 2)=  1.01742803E+00  sigma(3 1)=  0.00000000E+00
- sigma(3 3)=  1.01742803E+00  sigma(2 1)=  0.00000000E+00

== END DATASET(S) ==============================================================
================================================================================
  
 -outvars: echo values of variables after computation  --------
            acell      1.0000000000E+01  1.0000000000E+01  1.0000000000E+01 Bohr
              amu      1.00794000E+00
           diemac      2.00000000E+00
             ecut      1.00000000E+01 Hartree
           etotal     -1.1058360275E+00
            fcart      2.2677322540E-04 -0.0000000000E+00 -0.0000000000E+00
                      -2.2677322540E-04 -0.0000000000E+00 -0.0000000000E+00
-          fftalg         312
           istwfk        2
           kptopt           0
P           mkmem           1
            natom           2
            nband           2
            ngfft          30      30      30
             nkpt           1
            nstep          10
             nsym          16
           ntypat           1
              occ      2.000000  0.000000
          spgroup         123
           strten      4.2480294887E-05  3.4581681826E-05  3.4581681826E-05
                       0.0000000000E+00  0.0000000000E+00  0.0000000000E+00
           symrel      1  0  0   0  1  0   0  0  1      -1  0  0   0 -1  0   0  0 -1
                      -1  0  0   0  1  0   0  0 -1       1  0  0   0 -1  0   0  0  1
                      -1  0  0   0 -1  0   0  0  1       1  0  0   0  1  0   0  0 -1
                       1  0  0   0 -1  0   0  0 -1      -1  0  0   0  1  0   0  0  1
                       1  0  0   0  0  1   0  1  0      -1  0  0   0  0 -1   0 -1  0
                      -1  0  0   0  0  1   0 -1  0       1  0  0   0  0 -1   0  1  0
                      -1  0  0   0  0 -1   0  1  0       1  0  0   0  0  1   0 -1  0
                       1  0  0   0  0 -1   0 -1  0      -1  0  0   0  0  1   0  1  0
           toldfe      1.00000000E-06 Hartree
            typat      1  1
           xangst     -4.0270385574E-01  0.0000000000E+00  0.0000000000E+00
                       4.0270385574E-01  0.0000000000E+00  0.0000000000E+00
            xcart     -7.6100000000E-01  0.0000000000E+00  0.0000000000E+00
                       7.6100000000E-01  0.0000000000E+00  0.0000000000E+00
             xred     -7.6100000000E-02  0.0000000000E+00  0.0000000000E+00
                       7.6100000000E-02  0.0000000000E+00  0.0000000000E+00
            znucl        1.00000

================================================================================


- Timing analysis has been suppressed with timopt=0



================================================================================

 Suggested references for the acknowledgment of ABINIT usage.

 The users of ABINIT have little formal obligations with respect to the ABINIT group
 (those specified in the GNU General Public License, http://www.gnu.org/copyleft/gpl.txt).
 However, it is common practice in the scientific literature,
 to acknowledge the efforts of people that have made the research possible.
 In this spirit, please find below suggested citations of work written by ABINIT developers,
 corresponding to implementations inside of ABINIT that you have used in the present run.
 Note also that it will be of great value to readers of publications presenting these results,
 to read papers enabling them to understand the theoretical formalism and details
 of the ABINIT implementation.
 For information on why they are suggested, see also https://docs.abinit.org/theory/acknowledgments.
-
- [1] The Abinit project: Impact, environment and recent developments.
- Computer Phys. Comm. 248, 107042 (2020).
- X.Gonze, B. Amadon, G. Antonius, F.Arnardi, L.Baguet, J.-M.Beuken,
- J.Bieder, F.Bottin, J.Bouchet, E.Bousquet, N.Brouwer, F.Bruneval,
- G.Brunin, T.Cavignac, J.-B. Charraud, Wei Chen, M.Cote, S.Cottenier,
- J.Denier, G.Geneste, Ph.Ghosez, M.Giantomassi, Y.Gillet, O.Gingras,
- D.R.Hamann, G.Hautier, Xu He, N.Helbig, N.Holzwarth, Y.Jia, F.Jollet,
- W.Lafargue-Dit-Hauret, K.Lejaeghere, M.A.L.Marques, A.Martin, C.Martins,
- H.P.C. Miranda, F.Naccarato, K. Persson, G.Petretto, V.Planes, Y.Pouillon,
- S.Prokhorenko, F.Ricci, G.-M.Rignanese, A.H.Romero, M.M.Schmitt, M.Torrent,
- M.J.van Setten, B.Van Troeye, M.J.Verstraete, G.Zerah and J.W.Zwanzig
- Comment: the fifth generic paper describing the ABINIT project.
- Note that a version of this paper, that is not formatted for Computer Phys. Comm. 
- is available at https://www.abinit.org/sites/default/files/ABINIT20.pdf .
- The licence allows the authors to put it on the Web.
- DOI and bibtex: see https://docs.abinit.org/theory/bibliography/#gonze2020
-
- [2] ABINIT: Overview, and focus on selected capabilities
- J. Chem. Phys. 152, 124102 (2020).
- A. Romero, D.C. Allan, B. Amadon, G. Antonius, T. Applencourt, L.Baguet,
- J.Bieder, F.Bottin, J.Bouchet, E.Bousquet, F.Bruneval,
- G.Brunin, D.Caliste, M.Cote,
- J.Denier, C. Dreyer, Ph.Ghosez, M.Giantomassi, Y.Gillet, O.Gingras,
- D.R.Hamann, G.Hautier, F.Jollet, G. Jomard,
- A.Martin, 
- H.P.C. Miranda, F.Naccarato, G.Petretto, N.A. Pike, V.Planes,
- S.Prokhorenko, T. Rangel, F.Ricci, G.-M.Rignanese, M.Royo, M.Stengel, M.Torrent,
- M.J.van Setten, B.Van Troeye, M.J.Verstraete, J.Wiktor, J.W.Zwanziger, and X.Gonze.
- Comment: a global overview of ABINIT, with focus on selected capabilities .
- Note that a version of this paper, that is not formatted for J. Chem. Phys 
- is available at https://www.abinit.org/sites/default/files/ABINIT20_JPC.pdf .
- The licence allows the authors to put it on the Web.
- DOI and bibtex: see https://docs.abinit.org/theory/bibliography/#romero2020
-
- [3] Recent developments in the ABINIT software package.
- Computer Phys. Comm. 205, 106 (2016).
- X.Gonze, F.Jollet, F.Abreu Araujo, D.Adams, B.Amadon, T.Applencourt,
- C.Audouze, J.-M.Beuken, J.Bieder, A.Bokhanchuk, E.Bousquet, F.Bruneval
- D.Caliste, M.Cote, F.Dahm, F.Da Pieve, M.Delaveau, M.Di Gennaro,
- B.Dorado, C.Espejo, G.Geneste, L.Genovese, A.Gerossier, M.Giantomassi,
- Y.Gillet, D.R.Hamann, L.He, G.Jomard, J.Laflamme Janssen, S.Le Roux,
- A.Levitt, A.Lherbier, F.Liu, I.Lukacevic, A.Martin, C.Martins,
- M.J.T.Oliveira, S.Ponce, Y.Pouillon, T.Rangel, G.-M.Rignanese,
- A.H.Romero, B.Rousseau, O.Rubel, A.A.Shukri, M.Stankovski, M.Torrent,
- M.J.Van Setten, B.Van Troeye, M.J.Verstraete, D.Waroquier, J.Wiktor,
- B.Xu, A.Zhou, J.W.Zwanziger.
- Comment: the fourth generic paper describing the ABINIT project.
- Note that a version of this paper, that is not formatted for Computer Phys. Comm. 
- is available at https://www.abinit.org/sites/default/files/ABINIT16.pdf .
- The licence allows the authors to put it on the Web.
- DOI and bibtex: see https://docs.abinit.org/theory/bibliography/#gonze2016
-
- And optionally:
-
- [4] ABINIT: First-principles approach of materials and nanosystem properties.
- Computer Phys. Comm. 180, 2582-2615 (2009).
- X. Gonze, B. Amadon, P.-M. Anglade, J.-M. Beuken, F. Bottin, P. Boulanger, F. Bruneval,
- D. Caliste, R. Caracas, M. Cote, T. Deutsch, L. Genovese, Ph. Ghosez, M. Giantomassi
- S. Goedecker, D.R. Hamann, P. Hermet, F. Jollet, G. Jomard, S. Leroux, M. Mancini, S. Mazevet,
- M.J.T. Oliveira, G. Onida, Y. Pouillon, T. Rangel, G.-M. Rignanese, D. Sangalli, R. Shaltaf,
- M. Torrent, M.J. Verstraete, G. Zerah, J.W. Zwanziger
- Comment: the third generic paper describing the ABINIT project.
- Note that a version of this paper, that is not formatted for Computer Phys. Comm. 
- is available at https://www.abinit.org/sites/default/files/ABINIT_CPC_v10.pdf .
- The licence allows the authors to put it on the Web.
- DOI and bibtex: see https://docs.abinit.org/theory/bibliography/#gonze2009
-
- Proc.   0 individual time (sec): cpu=          0.4  wall=          0.4

================================================================================

 Calculation completed.
.Delivered   2 WARNINGs and   5 COMMENTs to log file.
+Overall time at end (sec) : cpu=          0.4  wall=          0.4
